01-10 18:26:02.904   856   856 W PackageManager: Destroying /data/user/0/PhoneInfoTest due to: com.android.server.pm.PackageManagerException: Package PhoneInfoTest is unknown
01-10 18:26:02.906   415   466 E         : Couldn't opendir /data/data/PhoneInfoTest: No such file or directory
01-10 18:26:02.906   415   466 E installd: Failed to delete /data/data/PhoneInfoTest: No such file or directory
01-10 18:26:02.906   856   856 W PackageManager: Failed to destroy: com.android.server.pm.Installer$InstallerException: android.os.ServiceSpecificException: Failed to delete /data/data/PhoneInfoTest (code 2)
01-10 18:26:02.913   415   466 I SELinux : SELinux: Loaded file_contexts
01-10 18:26:02.973   412  1112 W CamPvdr@2.4-external: deviceAdded device /dev/video32 does not support VIDEO_CAPTURE
01-10 18:26:02.974   412  1112 E CamPvdr@2.4-external: deviceAdded open v4l2 device /dev/video0 failed:Device or resource busy
01-10 18:26:02.974   412  1112 W CamPvdr@2.4-external: deviceAdded device /dev/video33 does not support VIDEO_CAPTURE
01-10 18:26:02.976   412  1112 I CamPvdr@2.4-external: threadLoop start monitoring new V4L2 devices
01-10 18:26:02.999   429  1088 I ServiceManager: Waiting for service sensorservice...
01-10 18:26:03.041   406   460 E QC-time-services: Daemon:genoff_wlan_qmi_service_request: qmi_client_get_service_list returned -2num_services 0
01-10 18:26:03.040   406   406 I time_daemon: type=1400 audit(0.0:660): avc: denied { ioctl } for path="socket:[14731]" dev="sockfs" ino=14731 ioctlcmd=c302 scontext=u:r:init:s0 tcontext=u:r:init:s0 tclass=socket permissive=1
01-10 18:26:03.099   856   856 V PackageManager: reconcileAppsData finished 21 packages
01-10 18:26:03.100   856  1184 D SystemServerInitThreadPool: Started executing prepareAppData
01-10 18:26:03.171   415  1183 W installd: Ignoring /data/data/com.android.webview/lib with unexpected GID 0 instead of 10042
01-10 18:26:03.192   856   856 E PackageManager: There should probably be a verifier, but, none were found
01-10 18:26:03.195   856   856 D PackageManager: Ephemeral resolver NOT found; no matching intent filters
01-10 18:26:03.195   856   856 D PackageManager: Instant App installer not found with android.intent.action.INSTALL_INSTANT_APP_PACKAGE
01-10 18:26:03.195   856   856 D PackageManager: Clear ephemeral installer activity
01-10 18:26:03.200   429   840 I ServiceManager: Waiting for service sensorservice...
01-10 18:26:03.238   856  1184 D SystemServerTimingAsync: AppDataFixup took to complete: 138ms
01-10 18:26:03.249   429  1127 I ServiceManager: Waiting for service sensorservice...
01-10 18:26:03.279   856   856 I system_server: Explicit concurrent copying GC freed 69149(3MB) AllocSpace objects, 26(824KB) LOS objects, 60% free, 3MB/9MB, paused 83us total 74.834ms
01-10 18:26:03.282   856   856 D SystemServerTiming: StartPackageManagerService took to complete: 1476ms
01-10 18:26:03.283   856   856 I SystemServer: StartOtaDexOptService
01-10 18:26:03.284   856   856 D OTADexopt: No upgrade, skipping A/B artifacts check.
01-10 18:26:03.285   856   856 D SystemServerTiming: StartOtaDexOptService took to complete: 1ms
01-10 18:26:03.285   856   856 I SystemServer: StartUserManagerService
01-10 18:26:03.285   856   856 I SystemServiceManager: Starting com.android.server.pm.UserManagerService$LifeCycle
01-10 18:26:03.286   856   856 D SystemServerTiming: StartUserManagerService took to complete: 2ms
01-10 18:26:03.286   856   856 I SystemServer: InitAttributerCache
01-10 18:26:03.287   856   856 D SystemServerTiming: InitAttributerCache took to complete: 1ms
01-10 18:26:03.287   856   856 I SystemServer: SetSystemProcess
01-10 18:26:03.306   392   392 I lowmemorykiller: lmkd data connection established
01-10 18:26:03.307   856   856 D SystemServerTiming: SetSystemProcess took to complete: 20ms
01-10 18:26:03.309   856   856 I SystemServer: StartOverlayManagerService
01-10 18:26:03.311   362   867 I sound_trigger_hw: stdev_get_properties
01-10 18:26:03.312   391   391 I SoundTriggerHalHidl: getProperties res implementor QUALCOMM Technologies, Inc
01-10 18:26:03.312   391   391 I SoundTriggerHalHidl: getProperties ret 0
01-10 18:26:03.312   391   391 I SoundTriggerHwService: loaded default module Sound Trigger HAL, handle 1
01-10 18:26:03.312   856   856 I SystemServer: StartSubstratumService
01-10 18:26:03.312   856  1189 D SystemServerInitThreadPool: Started executing Init OverlayManagerService
01-10 18:26:03.314   856   856 D SystemServerTiming: StartSubstratumService took to complete: 3ms
01-10 18:26:03.315   856   856 I SystemServer: StartBatteryService
01-10 18:26:03.315   856   856 I SystemServiceManager: Starting com.android.server.BatteryService
01-10 18:26:03.316   856  1191 D SystemServerInitThreadPool: Started executing StartSensorService
01-10 18:26:03.316   856  1191 D SensorService: nuSensorService starting...
01-10 18:26:03.324   856  1191 I ServiceManagement: getService: Trying again for android.hardware.sensors@1.0::ISensors/default...
01-10 18:26:03.330   856   856 I android_os_HwBinder: HwBinder: Starting thread pool for default::android.hardware.health@2.0::IHealth
01-10 18:26:03.338   856  1012 E BluetoothAdapter: Bluetooth binder is null
01-10 18:26:03.336   856   856 I HwBinder:856_1: type=1400 audit(0.0:661): avc: denied { call } for scontext=u:r:system_server:s0 tcontext=u:r:init:s0 tclass=binder permissive=1
01-10 18:26:03.338   856  1012 E BatteryExternalStatsWorker: no controller energy info supplied for telephony
01-10 18:26:03.341   856   856 I android_os_HwBinder: HwBinder: Starting thread pool for default::android.hidl.manager@1.0::IServiceManager
01-10 18:26:03.343   856   856 I HealthServiceWrapper: health: HealthServiceWrapper listening to instance default
01-10 18:26:03.343   856   856 I BatteryService: health: Waited 0ms and received the update.
01-10 18:26:03.346   856   856 D SystemServerTiming: StartBatteryService took to complete: 31ms
01-10 18:26:03.346   856   856 I SystemServer: StartUsageService
01-10 18:26:03.346   856   856 I SystemServiceManager: Starting com.android.server.usage.UsageStatsService
01-10 18:26:03.354   856  1197 I android_os_HwBinder: HwBinder: Starting thread pool for default::android.hardware.health@2.0::IHealth
01-10 18:26:03.365   856   856 I UsageStatsService: User[0] Rollover scheduled @ 1970-01-11 18:26:03(905163354)
01-10 18:26:03.365   856   856 D SystemServerTiming: StartUsageService took to complete: 19ms
01-10 18:26:03.365   856   856 I SystemServer: StartWebViewUpdateService
01-10 18:26:03.365   856   856 I SystemServiceManager: Starting com.android.server.webkit.WebViewUpdateService
01-10 18:26:03.370   856   856 D SystemServerTiming: StartWebViewUpdateService took to complete: 5ms
01-10 18:26:03.370   856   856 I SystemServer: StartBinderCallsStatsService
01-10 18:26:03.371   856   856 D SystemServerTiming: StartBinderCallsStatsService took to complete: 1ms
01-10 18:26:03.372   856   856 I SystemServer: StartKeyAttestationApplicationIdProviderService
01-10 18:26:03.372   856   979 D SystemServerInitThreadPool: Started executing SecondaryZygotePreload
01-10 18:26:03.372   856   979 I SystemServer: SecondaryZygotePreload
01-10 18:26:03.373   856   856 D SystemServerTiming: StartKeyAttestationApplicationIdProviderService took to complete: 1ms
01-10 18:26:03.373   856   856 I SystemServer: StartKeyChainSystemService
01-10 18:26:03.373   856   856 I SystemServiceManager: Starting com.android.server.security.KeyChainSystemService
01-10 18:26:03.374   856   856 D SystemServerTiming: StartKeyChainSystemService took to complete: 0ms
01-10 18:26:03.374   856   856 I SystemServer: StartSchedulingPolicyService
01-10 18:26:03.375   856   856 D SystemServerTiming: StartSchedulingPolicyService took to complete: 2ms
01-10 18:26:03.375   856   856 I SystemServer: StartTelecomLoaderService
01-10 18:26:03.375   856   856 I SystemServiceManager: Starting com.android.server.telecom.TelecomLoaderService
01-10 18:26:03.376   856   856 D SystemServerTiming: StartTelecomLoaderService took to complete: 0ms
01-10 18:26:03.376   856   856 I SystemServer: StartTelephonyRegistry
01-10 18:26:03.377   856   856 D SystemServerTiming: StartTelephonyRegistry took to complete: 2ms
01-10 18:26:03.378   856   856 I SystemServer: StartEntropyMixer
01-10 18:26:03.380   856   856 W EntropyMixer: Failed to add HW RNG output to entropy pool
01-10 18:26:03.380   856   856 W EntropyMixer: java.io.FileNotFoundException: /dev/hw_random (Permission denied)
01-10 18:26:03.380   856   856 W EntropyMixer: 	at java.io.FileInputStream.open0(Native Method)
01-10 18:26:03.380   856   856 W EntropyMixer: 	at java.io.FileInputStream.open(FileInputStream.java:231)
01-10 18:26:03.380   856   856 W EntropyMixer: 	at java.io.FileInputStream.<init>(FileInputStream.java:165)
01-10 18:26:03.380   856   856 W EntropyMixer: 	at java.io.FileInputStream.<init>(FileInputStream.java:112)
01-10 18:26:03.380   856   856 W EntropyMixer: 	at com.android.server.RandomBlock.fromFile(RandomBlock.java:45)
01-10 18:26:03.380   856   856 W EntropyMixer: 	at com.android.server.EntropyMixer.addHwRandomEntropy(EntropyMixer.java:205)
01-10 18:26:03.380   856   856 W EntropyMixer: 	at com.android.server.EntropyMixer.<init>(EntropyMixer.java:115)
01-10 18:26:03.380   856   856 W EntropyMixer: 	at com.android.server.EntropyMixer.<init>(EntropyMixer.java:97)
01-10 18:26:03.380   856   856 W EntropyMixer: 	at com.android.server.SystemServer.startOtherServices(SystemServer.java:830)
01-10 18:26:03.380   856   856 W EntropyMixer: 	at com.android.server.SystemServer.run(SystemServer.java:440)
01-10 18:26:03.380   856   856 W EntropyMixer: 	at com.android.server.SystemServer.main(SystemServer.java:299)
01-10 18:26:03.380   856   856 W EntropyMixer: 	at java.lang.reflect.Method.invoke(Native Method)
01-10 18:26:03.380   856   856 W EntropyMixer: 	at com.android.internal.os.RuntimeInit$MethodAndArgsCaller.run(RuntimeInit.java:495)
01-10 18:26:03.380   856   856 W EntropyMixer: 	at com.android.internal.os.ZygoteInit.main(ZygoteInit.java:838)
01-10 18:26:03.380   856   856 I EntropyMixer: Writing entropy...
01-10 18:26:03.383   856   979 I Zygote  : Process: zygote socket RESERVED/zygote opened, supported ABIS: arm64-v8a
01-10 18:26:03.388   856   856 D SystemServerTiming: StartEntropyMixer took to complete: 10ms
01-10 18:26:03.388   856   856 I SystemServer: StartAccountManagerService
01-10 18:26:03.388   856   856 I SystemServiceManager: Starting com.android.server.accounts.AccountManagerService$Lifecycle
01-10 18:26:03.394   856   856 D SystemServerTiming: StartAccountManagerService took to complete: 6ms
01-10 18:26:03.394   856   856 I SystemServer: StartContentService
01-10 18:26:03.396   856   856 I SystemServiceManager: Starting com.android.server.content.ContentService$Lifecycle
01-10 18:26:03.399   856   856 D SystemServerTiming: StartContentService took to complete: 5ms
01-10 18:26:03.399   856   856 I SystemServer: InstallSystemProviders
01-10 18:26:03.404   856   979 I Zygote  : Process: zygote socket RESERVED/zygote_secondary opened, supported ABIS: armeabi-v7a,armeabi
01-10 18:26:03.414   856   856 I system_server: The ClassLoaderContext is a special shared library.
01-10 18:26:03.415   357   357 I Zygote  : Lazily preloading resources.
01-10 18:26:03.415   357   357 D Zygote  : begin preload
01-10 18:26:03.415   357   357 I Zygote  : Installing ICU cache reference pinning...
01-10 18:26:03.415   357   357 I Zygote  : Preloading ICU data...
01-10 18:26:03.427   357   357 D ZygoteInitTiming_lazy: BeginIcuCachePinning took to complete: 12ms
01-10 18:26:03.427   357   357 I Zygote  : Preloading classes...
01-10 18:26:03.428   429  1156 I ServiceManager: Waiting for service sensorservice...
01-10 18:26:03.436   856   856 I SettingsState: No settings state /data/system/users/0/settings_ssaid.xml
01-10 18:26:03.443   856  1189 D SystemServerInitThreadPool: Finished executing Init OverlayManagerService
01-10 18:26:03.444   856  1189 D SystemServerInitThreadPool: Started executing SchedulingPolicyService.<init>
01-10 18:26:03.445   429   993 I ServiceManager: Waiting for service sensorservice...
01-10 18:26:03.449   856   856 V RescueParty: Disabled because of manual property
01-10 18:26:03.449   856   856 D SystemServerTiming: InstallSystemProviders took to complete: 50ms
01-10 18:26:03.449   856   856 I SystemServer: StartDropBoxManager
01-10 18:26:03.450   856   856 I SystemServiceManager: Starting com.android.server.DropBoxManagerService
01-10 18:26:03.453   856   856 D SystemServerTiming: StartDropBoxManager took to complete: 4ms
01-10 18:26:03.453   856   856 I SystemServer: StartVibratorService
01-10 18:26:03.463   856   856 D SystemServerTiming: StartVibratorService took to complete: 10ms
01-10 18:26:03.463   856  1189 I SchedulingPolicyService: Moving 424 back to group default
01-10 18:26:03.463   856   856 I SystemServer: StartConsumerIrService
01-10 18:26:03.464   856  1189 D SystemServerInitThreadPool: Finished executing SchedulingPolicyService.<init>
01-10 18:26:03.467   856   856 D SystemServerTiming: StartConsumerIrService took to complete: 3ms
01-10 18:26:03.467   856   856 I SystemServer: StartAlarmManagerService
01-10 18:26:03.467   856   856 I SystemServiceManager: Starting com.android.server.AlarmManagerService
01-10 18:26:03.470   856   856 D AlarmManagerService: Kernel timezone updated to -420 minutes west of GMT
01-10 18:26:03.471   856   856 I AlarmManager: Current time only 818763471, advancing to build time 1556312107000
01-10 18:26:03.471   856   856 D AlarmManagerService: Setting time of day to sec=1556312107
04-27 03:55:07.000   856   856 W AlarmManagerService: Unable to set rtc to 1556312107: Invalid argument
04-27 03:55:07.003   357   357 I PackageBackwardCompatibility: Loaded android.content.pm.OrgApacheHttpLegacyUpdater
04-27 03:55:07.003   357   357 I PackageBackwardCompatibility: Could not find android.content.pm.AndroidTestBaseUpdater, ignoring
04-27 03:55:07.006   856   856 D SystemServerTiming: StartAlarmManagerService took to complete: 11ms
04-27 03:55:07.006   856   856 I SystemServer: InitWatchdog
04-27 03:55:07.006   856   856 D SystemServerTiming: InitWatchdog took to complete: 0ms
04-27 03:55:07.006   856   856 I SystemServer: StartInputManagerService
04-27 03:55:07.007   856   856 I InputManager: Initializing input manager, mUseDevInputEventForAudioJack=true
04-27 03:55:07.008   856   856 D SystemServerTiming: StartInputManagerService took to complete: 2ms
04-27 03:55:07.008   856   856 I SystemServer: StartWindowManagerService
04-27 03:55:07.082   410   647 E /vendor/bin/adsprpcd: vendor/qcom/proprietary/adsprpc/src/apps_std_imp.c:693:Error 45: fopen failed for .//lowi//lowi_lp.conf. (No such file or directory)
04-27 03:55:07.112   429   900 I ServiceManager: Waiting for service sensorservice...
04-27 03:55:07.138   429  1038 I ServiceManager: Waiting for service sensorservice...
04-27 03:55:07.320   429   788 I ServiceManager: Waiting for service sensorservice...
04-27 03:55:07.409   357   357 E ActivityRecognitionHardware: activity_recognition HAL is deprecated. class_init is effectively a no-op
04-27 03:55:07.412   856  1184 D SystemServerTimingAsync: AppDataPrepare took to complete: 645ms
04-27 03:55:07.412   856  1184 I PackageManager: Deferred reconcileAppsData finished 72 packages
04-27 03:55:07.412   856  1184 D SystemServerInitThreadPool: Finished executing prepareAppData
04-27 03:55:07.518   357   357 I zygote  : Thread[1,tid=357,Native,Thread*=0xf06c9000,peer=0x13080000,"main"] recursive attempt to load library "/system/lib/libmedia_jni.so"
04-27 03:55:07.519   357   357 D MtpDeviceJNI: register_android_mtp_MtpDevice
04-27 03:55:07.519   357   357 I zygote  : Thread[1,tid=357,Native,Thread*=0xf06c9000,peer=0x13080000,"main"] recursive attempt to load library "/system/lib/libmedia_jni.so"
04-27 03:55:07.519   357   357 I zygote  : Thread[1,tid=357,Native,Thread*=0xf06c9000,peer=0x13080000,"main"] recursive attempt to load library "/system/lib/libmedia_jni.so"
04-27 03:55:07.531   429  1088 I ServiceManager: Waiting for service sensorservice...
04-27 03:55:07.732   429   840 I ServiceManager: Waiting for service sensorservice...
04-27 03:55:07.782   429  1127 I ServiceManager: Waiting for service sensorservice...
04-27 03:55:07.804   357   357 I Zygote  : ...preloaded 6535 classes in 848ms.
04-27 03:55:07.804   357   357 I zygote  : VMRuntime.preloadDexCaches starting
04-27 03:55:07.852   856  1191 W ServiceManagement: Waited one second for android.hardware.sensors@1.0::ISensors/default. Waiting another...
04-27 03:55:07.873   357   357 I zygote  : VMRuntime.preloadDexCaches strings total=342740 before=12344 after=12344
04-27 03:55:07.874   357   357 I zygote  : VMRuntime.preloadDexCaches types total=31551 before=7836 after=7838
04-27 03:55:07.874   357   357 I zygote  : VMRuntime.preloadDexCaches fields total=142399 before=9202 after=9202
04-27 03:55:07.874   357   357 I zygote  : VMRuntime.preloadDexCaches methods total=249465 before=12800 after=12800
04-27 03:55:07.874   357   357 I zygote  : VMRuntime.preloadDexCaches finished
04-27 03:55:07.874   357   357 D ZygoteInitTiming_lazy: PreloadClasses took to complete: 918ms
04-27 03:55:07.886   372   372 I health@2.0-serv: type=1400 audit(0.0:662): avc: denied { read } for name="present" dev="sysfs" ino=30515 scontext=u:r:hal_health_default:s0 tcontext=u:object_r:sysfs:s0 tclass=file permissive=1
04-27 03:55:07.959   429  1156 I ServiceManager: Waiting for service sensorservice...
04-27 03:55:07.977   429   993 I ServiceManager: Waiting for service sensorservice...
04-27 03:55:07.983   357   357 I Zygote  : Preloading resources...
04-27 03:55:07.998   357   357 W Resources: Preloaded drawable resource #0x1080265 (android:drawable/dialog_background_material) that varies with configuration!!
04-27 03:55:08.035   357   357 I Zygote  : ...preloaded 64 resources in 51ms.
04-27 03:55:08.045   357   357 I Zygote  : ...preloaded 41 resources in 10ms.
04-27 03:55:08.045   357   357 D ZygoteInitTiming_lazy: PreloadResources took to complete: 171ms
04-27 03:55:08.046   357   357 D vndksupport: Loading /vendor/lib/hw/android.hardware.graphics.mapper@2.0-impl.so from current namespace instead of sphal namespace.
04-27 03:55:08.053   357   357 D vndksupport: Loading /vendor/lib/egl/libEGL_adreno.so from current namespace instead of sphal namespace.
04-27 03:55:08.056   357   357 D libEGL  : loaded /vendor/lib/egl/libEGL_adreno.so
04-27 03:55:08.053   357   357 I main    : type=1400 audit(0.0:668): avc: denied { read } for name="soc_id" dev="sysfs" ino=29674 scontext=u:r:zygote:s0 tcontext=u:object_r:sysfs:s0 tclass=file permissive=1
04-27 03:55:08.053   357   357 I main    : type=1400 audit(0.0:669): avc: denied { open } for path="/sys/devices/soc0/soc_id" dev="sysfs" ino=29674 scontext=u:r:zygote:s0 tcontext=u:object_r:sysfs:s0 tclass=file permissive=1
04-27 03:55:08.114   429   900 I ServiceManager: Waiting for service sensorservice...
04-27 03:55:08.141   429  1038 I ServiceManager: Waiting for service sensorservice...
04-27 03:55:08.162   357   357 D vndksupport: Loading /vendor/lib/egl/libGLESv1_CM_adreno.so from current namespace instead of sphal namespace.
04-27 03:55:08.165   357   357 D libEGL  : loaded /vendor/lib/egl/libGLESv1_CM_adreno.so
04-27 03:55:08.195   357   357 D vndksupport: Loading /vendor/lib/egl/libGLESv2_adreno.so from current namespace instead of sphal namespace.
04-27 03:55:08.197   357   357 D libEGL  : loaded /vendor/lib/egl/libGLESv2_adreno.so
04-27 03:55:08.221   357   357 I Zygote  : Preloading shared libraries...
04-27 03:55:08.230   357   357 I Zygote  : Uninstalled ICU cache reference pinning...
04-27 03:55:08.231   357   357 I Zygote  : Installed AndroidKeyStoreProvider in 1ms.
04-27 03:55:08.244   357   357 I Zygote  : Warmed up JCA providers in 13ms.
04-27 03:55:08.245   357   357 D Zygote  : end preload
04-27 03:55:08.245   856   979 D SystemServerTimingAsync: SecondaryZygotePreload took to complete: 1344ms
04-27 03:55:08.245   856   979 D SystemServerInitThreadPool: Finished executing SecondaryZygotePreload
04-27 03:55:08.322   429   788 I ServiceManager: Waiting for service sensorservice...
04-27 03:55:08.423   429   788 W ServiceManager: Service sensorservice didn't start. Returning NULL
04-27 03:55:08.534   429  1088 I ServiceManager: Waiting for service sensorservice...
04-27 03:55:08.570   406   460 E QC-time-services: Daemon:genoff_wlan_qmi_service_request: qmi_client_get_service_list returned -2num_services 0
04-27 03:55:08.675   377   377 E libsensor1: wait_for_service: Service 0 is not available (8000 ms)
04-27 03:55:08.676   377   377 E qti_sensors_hal: SensorsContext: sensor1_open failed, retrying...5
04-27 03:55:08.734   429   840 I ServiceManager: Waiting for service sensorservice...
04-27 03:55:08.784   429  1127 I ServiceManager: Waiting for service sensorservice...
04-27 03:55:08.835   429   840 W ServiceManager: Service sensorservice didn't start. Returning NULL
04-27 03:55:08.853   856  1191 W ServiceManagement: Waited one second for android.hardware.sensors@1.0::ISensors/default. Waiting another...
04-27 03:55:08.961   429  1156 I ServiceManager: Waiting for service sensorservice...
04-27 03:55:08.979   429   993 I ServiceManager: Waiting for service sensorservice...
04-27 03:55:09.117   429   900 I ServiceManager: Waiting for service sensorservice...
04-27 03:55:09.143   429  1038 I ServiceManager: Waiting for service sensorservice...
04-27 03:55:09.217   429   900 W ServiceManager: Service sensorservice didn't start. Returning NULL
04-27 03:55:09.471   938   938 I imsrcsd : getAndroidPropValue[1]
04-27 03:55:09.471   938   938 I imsrcsd : Uce Service HAL  detected modemVersion[1]
04-27 03:55:09.471   938   938 I imsrcsd : Uce Service HAL  loading lib-uceservice
04-27 03:55:09.530   938   938 I imsrcsd : type=1400 audit(0.0:675): avc: denied { read } for name="name" dev="sysfs" ino=20854 scontext=u:r:init:s0 tcontext=u:object_r:sysfs:s0 tclass=file permissive=1
04-27 03:55:09.530   938   938 I imsrcsd : type=1400 audit(0.0:676): avc: denied { open } for path="/sys/devices/soc/1de0000.qcom,venus/subsys0/name" dev="sysfs" ino=20854 scontext=u:r:init:s0 tcontext=u:object_r:sysfs:s0 tclass=file permissive=1
04-27 03:55:09.535   938   938 E Diag_Lib: DPL : gIsQXDMDisabled 0, gIsADBDisabled 1, gIsDebugDisabled 0, gIsIMSLogsDisabled 0 gIsDebugDataPathDisabled = 0
04-27 03:55:09.536   429  1088 I ServiceManager: Waiting for service sensorservice...
04-27 03:55:09.533   938   938 I imsrcsd : type=1400 audit(0.0:677): avc: denied { write } for name="ims_qmid" dev="tmpfs" ino=13057 scontext=u:r:init:s0 tcontext=u:object_r:socket_device:s0 tclass=sock_file permissive=1
04-27 03:55:09.786   429  1127 I ServiceManager: Waiting for service sensorservice...
04-27 03:55:09.853   856  1191 W ServiceManagement: Waited one second for android.hardware.sensors@1.0::ISensors/default. Waiting another...
04-27 03:55:09.964   429  1156 I ServiceManager: Waiting for service sensorservice...
04-27 03:55:09.981   429   993 I ServiceManager: Waiting for service sensorservice...
04-27 03:55:10.081   429   993 W ServiceManager: Service sensorservice didn't start. Returning NULL
04-27 03:55:10.145   429  1038 I ServiceManager: Waiting for service sensorservice...
04-27 03:55:10.245   429  1038 W ServiceManager: Service sensorservice didn't start. Returning NULL
04-27 03:55:10.325   429   788 I ServiceManager: Waiting for service sensorservice...
04-27 03:55:10.538   429  1088 I ServiceManager: Waiting for service sensorservice...
04-27 03:55:10.571   406   460 E QC-time-services: Daemon:genoff_wlan_qmi_service_request: qmi_client_get_service_list returned -2num_services 0
04-27 03:55:10.571   406   460 E QC-time-services: Daemon:genoff_wlan_qmi_service_request:retry count exceeds limitQMI init failed continuing withoutserver
04-27 03:55:10.638   429  1088 W ServiceManager: Service sensorservice didn't start. Returning NULL
04-27 03:55:10.737   429   840 I ServiceManager: Waiting for service sensorservice...
04-27 03:55:10.788   429  1127 I ServiceManager: Waiting for service sensorservice...
04-27 03:55:10.853   856  1191 W ServiceManagement: Waited one second for android.hardware.sensors@1.0::ISensors/default. Waiting another...
04-27 03:55:10.888   429  1127 W ServiceManager: Service sensorservice didn't start. Returning NULL
04-27 03:55:10.966   429  1156 I ServiceManager: Waiting for service sensorservice...
04-27 03:55:11.066   429  1156 W ServiceManager: Service sensorservice didn't start. Returning NULL
04-27 03:55:11.119   429   900 I ServiceManager: Waiting for service sensorservice...
04-27 03:55:11.328   429   788 I ServiceManager: Waiting for service sensorservice...
04-27 03:55:11.739   429   840 I ServiceManager: Waiting for service sensorservice...
04-27 03:55:11.853   856  1191 W ServiceManagement: Waited one second for android.hardware.sensors@1.0::ISensors/default. Waiting another...
04-27 03:55:11.984   429   993 I ServiceManager: Waiting for service sensorservice...
04-27 03:55:12.122   429   900 I ServiceManager: Waiting for service sensorservice...
04-27 03:55:12.147   429  1038 I ServiceManager: Waiting for service sensorservice...
04-27 03:55:12.331   429   788 I ServiceManager: Waiting for service sensorservice...
04-27 03:55:12.541   429  1088 I ServiceManager: Waiting for service sensorservice...
04-27 03:55:12.742   429   840 I ServiceManager: Waiting for service sensorservice...
04-27 03:55:12.790   429  1127 I ServiceManager: Waiting for service sensorservice...
04-27 03:55:12.853   856  1191 W ServiceManagement: Waited one second for android.hardware.sensors@1.0::ISensors/default. Waiting another...
04-27 03:55:12.968   429  1156 I ServiceManager: Waiting for service sensorservice...
04-27 03:55:12.986   429   993 I ServiceManager: Waiting for service sensorservice...
04-27 03:55:13.124   429   900 I ServiceManager: Waiting for service sensorservice...
04-27 03:55:13.149   429  1038 I ServiceManager: Waiting for service sensorservice...
04-27 03:55:13.334   429   788 I ServiceManager: Waiting for service sensorservice...
04-27 03:55:13.544   429  1088 I ServiceManager: Waiting for service sensorservice...
04-27 03:55:13.744   429   840 I ServiceManager: Waiting for service sensorservice...
04-27 03:55:13.792   429  1127 I ServiceManager: Waiting for service sensorservice...
04-27 03:55:13.853   856  1191 W ServiceManagement: Waited one second for android.hardware.sensors@1.0::ISensors/default. Waiting another...
04-27 03:55:13.970   429  1156 I ServiceManager: Waiting for service sensorservice...
04-27 03:55:13.988   429   993 I ServiceManager: Waiting for service sensorservice...
04-27 03:55:14.126   429   900 I ServiceManager: Waiting for service sensorservice...
04-27 03:55:14.151   429  1038 I ServiceManager: Waiting for service sensorservice...
04-27 03:55:14.337   429   788 I ServiceManager: Waiting for service sensorservice...
04-27 03:55:14.437   429   788 W ServiceManager: Service sensorservice didn't start. Returning NULL
04-27 03:55:14.546   429  1088 I ServiceManager: Waiting for service sensorservice...
04-27 03:55:14.747   429   840 I ServiceManager: Waiting for service sensorservice...
04-27 03:55:14.793   429  1127 I ServiceManager: Waiting for service sensorservice...
04-27 03:55:14.847   429   840 W ServiceManager: Service sensorservice didn't start. Returning NULL
04-27 03:55:14.854   856  1191 W ServiceManagement: Waited one second for android.hardware.sensors@1.0::ISensors/default. Waiting another...
04-27 03:55:14.973   429  1156 I ServiceManager: Waiting for service sensorservice...
04-27 03:55:14.990   429   993 I ServiceManager: Waiting for service sensorservice...
04-27 03:55:15.128   429   900 I ServiceManager: Waiting for service sensorservice...
04-27 03:55:15.153   429  1038 I ServiceManager: Waiting for service sensorservice...
04-27 03:55:15.229   429   900 W ServiceManager: Service sensorservice didn't start. Returning NULL
04-27 03:55:15.549   429  1088 I ServiceManager: Waiting for service sensorservice...
04-27 03:55:15.795   429  1127 I ServiceManager: Waiting for service sensorservice...
04-27 03:55:15.854   856  1191 W ServiceManagement: Waited one second for android.hardware.sensors@1.0::ISensors/default. Waiting another...
04-27 03:55:15.975   429  1156 I ServiceManager: Waiting for service sensorservice...
04-27 03:55:15.992   429   993 I ServiceManager: Waiting for service sensorservice...
04-27 03:55:16.092   429   993 W ServiceManager: Service sensorservice didn't start. Returning NULL
04-27 03:55:16.156   429  1038 I ServiceManager: Waiting for service sensorservice...
04-27 03:55:16.256   429  1038 W ServiceManager: Service sensorservice didn't start. Returning NULL
04-27 03:55:16.339   429   788 I ServiceManager: Waiting for service sensorservice...
04-27 03:55:16.551   429  1088 I ServiceManager: Waiting for service sensorservice...
04-27 03:55:16.651   429  1088 W ServiceManager: Service sensorservice didn't start. Returning NULL
04-27 03:55:16.749   429   840 I ServiceManager: Waiting for service sensorservice...
04-27 03:55:16.797   429  1127 I ServiceManager: Waiting for service sensorservice...
04-27 03:55:16.854   856  1191 W ServiceManagement: Waited one second for android.hardware.sensors@1.0::ISensors/default. Waiting another...
04-27 03:55:16.897   429  1127 W ServiceManager: Service sensorservice didn't start. Returning NULL
04-27 03:55:16.977   429  1156 I ServiceManager: Waiting for service sensorservice...
04-27 03:55:17.077   429  1156 W ServiceManager: Service sensorservice didn't start. Returning NULL
04-27 03:55:17.131   429   900 I ServiceManager: Waiting for service sensorservice...
04-27 03:55:17.176   377   377 E libsensor1: wait_for_service: Service 0 is not available (8000 ms)
04-27 03:55:17.176   377   377 E qti_sensors_hal: SensorsContext: sensor1_open failed, retrying...4
04-27 03:55:17.342   429   788 I ServiceManager: Waiting for service sensorservice...
04-27 03:55:17.751   429   840 I ServiceManager: Waiting for service sensorservice...
04-27 03:55:17.854   856  1191 W ServiceManagement: Waited one second for android.hardware.sensors@1.0::ISensors/default. Waiting another...
04-27 03:55:17.995   429   993 I ServiceManager: Waiting for service sensorservice...
04-27 03:55:18.134   429   900 I ServiceManager: Waiting for service sensorservice...
04-27 03:55:18.158   429  1038 I ServiceManager: Waiting for service sensorservice...
04-27 03:55:18.344   429   788 I ServiceManager: Waiting for service sensorservice...
04-27 03:55:18.553   429  1088 I ServiceManager: Waiting for service sensorservice...
04-27 03:55:18.753   429   840 I ServiceManager: Waiting for service sensorservice...
04-27 03:55:18.799   429  1127 I ServiceManager: Waiting for service sensorservice...
04-27 03:55:18.854   856  1191 W ServiceManagement: Waited one second for android.hardware.sensors@1.0::ISensors/default. Waiting another...
04-27 03:55:18.980   429  1156 I ServiceManager: Waiting for service sensorservice...
04-27 03:55:18.997   429   993 I ServiceManager: Waiting for service sensorservice...
04-27 03:55:19.137   429   900 I ServiceManager: Waiting for service sensorservice...
04-27 03:55:19.160   429  1038 I ServiceManager: Waiting for service sensorservice...
04-27 03:55:19.347   429   788 I ServiceManager: Waiting for service sensorservice...
04-27 03:55:19.555   429  1088 I ServiceManager: Waiting for service sensorservice...
04-27 03:55:19.755   429   840 I ServiceManager: Waiting for service sensorservice...
04-27 03:55:19.801   429  1127 I ServiceManager: Waiting for service sensorservice...
04-27 03:55:19.854   856  1191 W ServiceManagement: Waited one second for android.hardware.sensors@1.0::ISensors/default. Waiting another...
04-27 03:55:19.982   429  1156 I ServiceManager: Waiting for service sensorservice...
04-27 03:55:19.999   429   993 I ServiceManager: Waiting for service sensorservice...
04-27 03:55:20.139   429   900 I ServiceManager: Waiting for service sensorservice...
04-27 03:55:20.162   429  1038 I ServiceManager: Waiting for service sensorservice...
04-27 03:55:20.349   429   788 I ServiceManager: Waiting for service sensorservice...
04-27 03:55:20.450   429   788 W ServiceManager: Service sensorservice didn't start. Returning NULL
04-27 03:55:20.557   429  1088 I ServiceManager: Waiting for service sensorservice...
04-27 03:55:20.758   429   840 I ServiceManager: Waiting for service sensorservice...
04-27 03:55:20.803   429  1127 I ServiceManager: Waiting for service sensorservice...
04-27 03:55:20.855   856  1191 W ServiceManagement: Waited one second for android.hardware.sensors@1.0::ISensors/default. Waiting another...
04-27 03:55:20.858   429   840 W ServiceManager: Service sensorservice didn't start. Returning NULL
04-27 03:55:20.985   429  1156 I ServiceManager: Waiting for service sensorservice...
04-27 03:55:21.002   429   993 I ServiceManager: Waiting for service sensorservice...
04-27 03:55:21.142   429   900 I ServiceManager: Waiting for service sensorservice...
04-27 03:55:21.163   429  1038 I ServiceManager: Waiting for service sensorservice...
04-27 03:55:21.242   429   900 W ServiceManager: Service sensorservice didn't start. Returning NULL
04-27 03:55:21.560   429  1088 I ServiceManager: Waiting for service sensorservice...
04-27 03:55:21.804   429  1127 I ServiceManager: Waiting for service sensorservice...
04-27 03:55:21.855   856  1191 W ServiceManagement: Waited one second for android.hardware.sensors@1.0::ISensors/default. Waiting another...
04-27 03:55:21.987   429  1156 I ServiceManager: Waiting for service sensorservice...
04-27 03:55:22.004   429   993 I ServiceManager: Waiting for service sensorservice...
04-27 03:55:22.104   429   993 W ServiceManager: Service sensorservice didn't start. Returning NULL
04-27 03:55:22.166   429  1038 I ServiceManager: Waiting for service sensorservice...
04-27 03:55:22.266   429  1038 W ServiceManager: Service sensorservice didn't start. Returning NULL
04-27 03:55:22.352   429   788 I ServiceManager: Waiting for service sensorservice...
04-27 03:55:22.561   429  1088 I ServiceManager: Waiting for service sensorservice...
04-27 03:55:22.662   429  1088 W ServiceManager: Service sensorservice didn't start. Returning NULL
04-27 03:55:22.761   429   840 I ServiceManager: Waiting for service sensorservice...
04-27 03:55:22.807   429  1127 I ServiceManager: Waiting for service sensorservice...
04-27 03:55:22.855   856  1191 W ServiceManagement: Waited one second for android.hardware.sensors@1.0::ISensors/default. Waiting another...
04-27 03:55:22.907   429  1127 W ServiceManager: Service sensorservice didn't start. Returning NULL
04-27 03:55:22.989   429  1156 I ServiceManager: Waiting for service sensorservice...
04-27 03:55:23.090   429  1156 W ServiceManager: Service sensorservice didn't start. Returning NULL
04-27 03:55:23.144   429   900 I ServiceManager: Waiting for service sensorservice...
04-27 03:55:23.354   429   788 I ServiceManager: Waiting for service sensorservice...
04-27 03:55:23.763   429   840 I ServiceManager: Waiting for service sensorservice...
04-27 03:55:23.855   856  1191 W ServiceManagement: Waited one second for android.hardware.sensors@1.0::ISensors/default. Waiting another...
04-27 03:55:24.007   429   993 I ServiceManager: Waiting for service sensorservice...
04-27 03:55:24.147   429   900 I ServiceManager: Waiting for service sensorservice...
04-27 03:55:24.168   429  1038 I ServiceManager: Waiting for service sensorservice...
04-27 03:55:24.356   429   788 I ServiceManager: Waiting for service sensorservice...
04-27 03:55:24.564   429  1088 I ServiceManager: Waiting for service sensorservice...
04-27 03:55:24.766   429   840 I ServiceManager: Waiting for service sensorservice...
04-27 03:55:24.809   429  1127 I ServiceManager: Waiting for service sensorservice...
04-27 03:55:24.855   856  1191 W ServiceManagement: Waited one second for android.hardware.sensors@1.0::ISensors/default. Waiting another...
04-27 03:55:24.864   938  1204 E Diag_Lib: [IMS_FATAL]| 1204 |qpDataDaemonGetNetId : datad_select_fd Failed
04-27 03:55:24.864   938  1204 F libc    : Fatal signal 11 (SIGSEGV), code 1 (SEGV_MAPERR), fault addr 0x0 in tid 1204 (imsrcsd), pid 938 (imsrcsd)
04-27 03:55:24.886  1209  1209 I crash_dump64: type=1400 audit(0.0:681): avc: denied { ptrace } for scontext=u:r:crash_dump:s0 tcontext=u:r:init:s0 tclass=process permissive=1
04-27 03:55:24.896  1209  1209 I crash_dump64: obtaining output fd from tombstoned, type: kDebuggerdTombstone
04-27 03:55:24.896   433   433 I /system/bin/tombstoned: received crash request for pid 1204
04-27 03:55:24.897  1209  1209 I crash_dump64: performing dump of process 938 (target tid = 1204)
04-27 03:55:24.900  1209  1209 F DEBUG   : *** *** *** *** *** *** *** *** *** *** *** *** *** *** *** ***
04-27 03:55:24.900  1209  1209 F DEBUG   : Build fingerprint: 'Xiaomi/rolex/rolex:7.1.2/N2G47H/V9.2.6.0.NCCMIEK:user/release-keys'
04-27 03:55:24.900  1209  1209 F DEBUG   : Revision: '0'
04-27 03:55:24.900  1209  1209 F DEBUG   : ABI: 'arm64'
04-27 03:55:24.900  1209  1209 F DEBUG   : pid: 938, tid: 1204, name: imsrcsd  >>> /vendor/bin/imsrcsd <<<
04-27 03:55:24.900  1209  1209 F DEBUG   : signal 11 (SIGSEGV), code 1 (SEGV_MAPERR), fault addr 0x0
04-27 03:55:24.900  1209  1209 F DEBUG   : Cause: null pointer dereference
04-27 03:55:24.900  1209  1209 F DEBUG   :     x0  0000007724c6bfa8  x1  0000007724c6bfa8  x2  000000000000000c  x3  000000000000000c
04-27 03:55:24.900  1209  1209 F DEBUG   :     x4  0000000000004000  x5  0000000000000000  x6  0000000000000000  x7  7f7f7f7f7f7f7f7f
04-27 03:55:24.900  1209  1209 F DEBUG   :     x8  0000000000000002  x9  00000077256e9134  x10 0000000000000005  x11 0000000000000003
04-27 03:55:24.900  1209  1209 F DEBUG   :     x12 00000000000017c1  x13 7265746e45203a20  x14 00000000ffffffff  x15 0000007724c6b7f8
04-27 03:55:24.900  1209  1209 F DEBUG   :     x16 00000077256d6e70  x17 00000077263e0cb0  x18 0000000000000004  x19 0000000000000000
04-27 03:55:24.900  1209  1209 F DEBUG   :     x20 0000007725e7ab78  x21 0000000000000005  x22 00000000000017a4  x23 0000007725e152c0
04-27 03:55:24.900  1209  1209 F DEBUG   :     x24 0000007724c6c570  x25 0000007724b6f000  x26 0000007726abe5e0  x27 0000007725653e28
04-27 03:55:24.900  1209  1209 F DEBUG   :     x28 0000000000000000  x29 0000007724c6bfd0
04-27 03:55:24.900  1209  1209 F DEBUG   :     sp  0000007724c6bfa0  lr  00000077256467cc  pc  0000007725646804
04-27 03:55:24.902  1209  1209 F DEBUG   : 
04-27 03:55:24.902  1209  1209 F DEBUG   : backtrace:
04-27 03:55:24.903  1209  1209 F DEBUG   :     #00 pc 0000000000029804  /vendor/lib64/lib-imsdpl.so (qpWaitForModemLL+156)
04-27 03:55:24.903  1209  1209 F DEBUG   :     #01 pc 0000000000036124  /vendor/lib64/lib-imsdpl.so (Initialize+2192)
04-27 03:55:24.903  1209  1209 F DEBUG   :     #02 pc 0000000000036ee0  /vendor/lib64/lib-imsdpl.so (qpDplMainLoop+184)
04-27 03:55:24.903  1209  1209 F DEBUG   :     #03 pc 000000000008305c  /system/lib64/libc.so (__pthread_start(void*)+36)
04-27 03:55:24.903  1209  1209 F DEBUG   :     #04 pc 0000000000023304  /system/lib64/libc.so (__start_thread+68)
04-27 03:55:24.910   377   377 I android.hardwar: type=1400 audit(0.0:682): avc: denied { read } for scontext=u:r:hal_sensors_default:s0 tcontext=u:r:hal_sensors_default:s0 tclass=socket permissive=1
04-27 03:55:24.913  1212  1212 I init    : type=1400 audit(0.0:684): avc: denied { create } for name="ims_datad" scontext=u:r:init:s0 tcontext=u:object_r:socket_device:s0 tclass=sock_file permissive=1
04-27 03:55:24.913  1212  1212 I init    : type=1400 audit(0.0:685): avc: denied { setattr } for name="ims_datad" dev="tmpfs" ino=22079 scontext=u:r:init:s0 tcontext=u:object_r:socket_device:s0 tclass=sock_file permissive=1
04-27 03:55:24.948  1209  1209 E crash_dump64: unable to connect to activity manager: Connection refused
04-27 03:55:24.949   433   433 E /system/bin/tombstoned: Tombstone written to: /data/tombstones/tombstone_00
04-27 03:55:24.967  1212  1212 E Diag_Lib: qpLogDiagInit <== result : 1
04-27 03:55:24.967  1212  1212 E Diag_Lib: DATAD : gIsQXDMDisabled 0, gIsADBDisabled 1, gIsDebugDisabled 0, gIsIMSLogsDisabled 0
04-27 03:55:24.967  1212  1212 E Diag_Lib: [IMS_DataD] imsdatad.c | 5800 | | 1212 |DATAD#$$#0#DATAD STARTED
04-27 03:55:24.977  1218  1218 I imsrcsd : Uce Service HAL  is starting up...
04-27 03:55:24.981  1212  1212 E QMI_FW  : QMUXD: WARNING qmi_qmux_if_pwr_up_init failed! rc=-6
04-27 03:55:24.992   429  1156 I ServiceManager: Waiting for service sensorservice...
04-27 03:55:25.009   429   993 I ServiceManager: Waiting for service sensorservice...
04-27 03:55:25.150   429   900 I ServiceManager: Waiting for service sensorservice...
04-27 03:55:25.169   429  1038 I ServiceManager: Waiting for service sensorservice...
04-27 03:55:25.204  1213  1213 E RTPServiceImpl: qpLogDiagInit <== result : 1; log_write_mutex is Initialized
04-27 03:55:25.204  1213  1213 E RTPServiceImpl: [IMS_AP_RTP]"RTP Daemon bLogRTPMsgs 1, bLogRTPDataMsgs 1, bLogAdbMsgs 0"
04-27 03:55:25.204  1213  1213 E RTPServiceImpl: [IMS_AP_RTP]"RTP Daemon main entry : 3e9"
04-27 03:55:25.204  1213  1213 E Diag_Lib: [IMS_AP_RTP]"qvp_rtp_task_init"
04-27 03:55:25.204  1213  1213 E RTPServiceImpl: [IMS_AP_RTP]"ims-rtp-daemon listen done"
04-27 03:55:25.204  1213  1213 E RTPServiceImpl: [IMS_AP_RTP]"ims-rtp-daemon qmi_rtp_register_service >"
04-27 03:55:25.204  1213  1230 E Diag_Lib: DPL : gIsQXDMDisabled 0, gIsADBDisabled 1, gIsDebugDisabled 0, gIsIMSLogsDisabled 0 gIsDebugDataPathDisabled = 0
04-27 03:55:25.204  1213  1230 E Diag_Lib: [IMS_FATAL]| 1230 |qpNetSetReadFds - DataD IPC socket not available
04-27 03:55:25.204  1213  1230 E Diag_Lib: [IMS_FATAL]| 1230 |qpCheckSockEventsOnNetConnProfiles : pNetConnProfileArray NULL
04-27 03:55:25.205  1213  1213 E RTPServiceImpl: [IMS_AP_RTP]"ims-rtp-daemon qmi_rtp_register_service rc : 0"
04-27 03:55:25.205  1213  1213 E RTPServiceImpl: [IMS_AP_RTP]"ims-rtp-daemon qmi_rtp_register_service service_cookie.service_handle : 0x1"
04-27 03:55:25.206  1213  1213 E RTPServiceImpl: [IMS_AP_RTP]"HIDL Service is starting."
04-27 03:55:25.206  1213  1213 E Diag_Lib: bLogRTPMSgs =1,rtpdata=1,adblog=0
04-27 03:55:25.206  1213  1213 E RTPServiceImpl: [IMS_AP_RTP]"RTPService callback Registraton"
04-27 03:55:25.206  1213  1231 E RTPServiceImpl: [IMS_AP_RTP]"ms-rtp-daemon ims_rtp_qmi_handler_thread_func >"
04-27 03:55:25.206  1213  1230 E Diag_Lib: qvp_rtp_h264_profile_init rateadaptEnabled =15
04-27 03:55:25.208  1213  1213 E RTPServiceImpl: [IMS_AP_RTP]"[ION_RTP]Device open success"
04-27 03:55:25.216  1213  1233 E RTPServiceImpl: [IMS_AP_RTP]"QmiOttLoop : ims_rtp_qmi_ott_init failed....."
04-27 03:55:25.216  1213  1230 E Diag_Lib: [IMS_FATAL]| 1230 |qpCheckSockEventsOnNetConnProfiles : pNetConnProfileArray NULL
04-27 03:55:25.358   429   788 I ServiceManager: Waiting for service sensorservice...
04-27 03:55:25.566   429  1088 I ServiceManager: Waiting for service sensorservice...
04-27 03:55:25.676   377   377 E libsensor1: wait_for_service: Service 0 is not available (8000 ms)
04-27 03:55:25.677   377   377 E qti_sensors_hal: SensorsContext: sensor1_open failed, retrying...3
04-27 03:55:25.768   429   840 I ServiceManager: Waiting for service sensorservice...
04-27 03:55:25.811   429  1127 I ServiceManager: Waiting for service sensorservice...
04-27 03:55:25.856   856  1191 W ServiceManagement: Waited one second for android.hardware.sensors@1.0::ISensors/default. Waiting another...
04-27 03:55:25.994   429  1156 I ServiceManager: Waiting for service sensorservice...
04-27 03:55:26.011   429   993 I ServiceManager: Waiting for service sensorservice...
04-27 03:55:26.152   429   900 I ServiceManager: Waiting for service sensorservice...
04-27 03:55:26.171   429  1038 I ServiceManager: Waiting for service sensorservice...
04-27 03:55:26.360   429   788 I ServiceManager: Waiting for service sensorservice...
04-27 03:55:26.460   429   788 W ServiceManager: Service sensorservice didn't start. Returning NULL
04-27 03:55:26.568   429  1088 I ServiceManager: Waiting for service sensorservice...
04-27 03:55:26.770   429   840 I ServiceManager: Waiting for service sensorservice...
04-27 03:55:26.813   429  1127 I ServiceManager: Waiting for service sensorservice...
04-27 03:55:26.856   856  1191 W ServiceManagement: Waited one second for android.hardware.sensors@1.0::ISensors/default. Waiting another...
04-27 03:55:26.870   429   840 W ServiceManager: Service sensorservice didn't start. Returning NULL
04-27 03:55:26.997   429  1156 I ServiceManager: Waiting for service sensorservice...
04-27 03:55:27.014   429   993 I ServiceManager: Waiting for service sensorservice...
04-27 03:55:27.154   429   900 I ServiceManager: Waiting for service sensorservice...
04-27 03:55:27.173   429  1038 I ServiceManager: Waiting for service sensorservice...
04-27 03:55:27.255   429   900 W ServiceManager: Service sensorservice didn't start. Returning NULL
04-27 03:55:27.570   429  1088 I ServiceManager: Waiting for service sensorservice...
04-27 03:55:27.816   429  1127 I ServiceManager: Waiting for service sensorservice...
04-27 03:55:27.856   856  1191 W ServiceManagement: Waited one second for android.hardware.sensors@1.0::ISensors/default. Waiting another...
04-27 03:55:28.000   429  1156 I ServiceManager: Waiting for service sensorservice...
04-27 03:55:28.017   429   993 I ServiceManager: Waiting for service sensorservice...
04-27 03:55:28.117   429   993 W ServiceManager: Service sensorservice didn't start. Returning NULL
04-27 03:55:28.174   429  1038 I ServiceManager: Waiting for service sensorservice...
04-27 03:55:28.274   429  1038 W ServiceManager: Service sensorservice didn't start. Returning NULL
04-27 03:55:28.363   429   788 I ServiceManager: Waiting for service sensorservice...
04-27 03:55:28.572   429  1088 I ServiceManager: Waiting for service sensorservice...
04-27 03:55:28.672   429  1088 W ServiceManager: Service sensorservice didn't start. Returning NULL
04-27 03:55:28.772   429   840 I ServiceManager: Waiting for service sensorservice...
04-27 03:55:28.818   429  1127 I ServiceManager: Waiting for service sensorservice...
04-27 03:55:28.856   856  1191 W ServiceManagement: Waited one second for android.hardware.sensors@1.0::ISensors/default. Waiting another...
04-27 03:55:28.918   429  1127 W ServiceManager: Service sensorservice didn't start. Returning NULL
04-27 03:55:29.002   429  1156 I ServiceManager: Waiting for service sensorservice...
04-27 03:55:29.102   429  1156 W ServiceManager: Service sensorservice didn't start. Returning NULL
04-27 03:55:29.157   429   900 I ServiceManager: Waiting for service sensorservice...
04-27 03:55:29.365   429   788 I ServiceManager: Waiting for service sensorservice...
04-27 03:55:29.774   429   840 I ServiceManager: Waiting for service sensorservice...
04-27 03:55:29.856   856  1191 W ServiceManagement: Waited one second for android.hardware.sensors@1.0::ISensors/default. Waiting another...
04-27 03:55:29.978  1218  1218 I imsrcsd : getAndroidPropValue[1]
04-27 03:55:29.978  1218  1218 I imsrcsd : Uce Service HAL  detected modemVersion[1]
04-27 03:55:29.978  1218  1218 I imsrcsd : Uce Service HAL  loading lib-uceservice
04-27 03:55:30.018  1218  1218 E Diag_Lib: DPL : gIsQXDMDisabled 0, gIsADBDisabled 1, gIsDebugDisabled 0, gIsIMSLogsDisabled 0 gIsDebugDataPathDisabled = 0
04-27 03:55:30.019   429   993 I ServiceManager: Waiting for service sensorservice...
04-27 03:55:30.159   429   900 I ServiceManager: Waiting for service sensorservice...
04-27 03:55:30.176   429  1038 I ServiceManager: Waiting for service sensorservice...
04-27 03:55:30.367   429   788 I ServiceManager: Waiting for service sensorservice...
04-27 03:55:30.575   429  1088 I ServiceManager: Waiting for service sensorservice...
04-27 03:55:30.776   429   840 I ServiceManager: Waiting for service sensorservice...
04-27 03:55:30.821   429  1127 I ServiceManager: Waiting for service sensorservice...
04-27 03:55:30.857   856  1191 W ServiceManagement: Waited one second for android.hardware.sensors@1.0::ISensors/default. Waiting another...
04-27 03:55:31.004   429  1156 I ServiceManager: Waiting for service sensorservice...
04-27 03:55:31.022   429   993 I ServiceManager: Waiting for service sensorservice...
04-27 03:55:31.162   429   900 I ServiceManager: Waiting for service sensorservice...
04-27 03:55:31.178   429  1038 I ServiceManager: Waiting for service sensorservice...
04-27 03:55:31.369   429   788 I ServiceManager: Waiting for service sensorservice...
04-27 03:55:31.578   429  1088 I ServiceManager: Waiting for service sensorservice...
04-27 03:55:31.778   429   840 I ServiceManager: Waiting for service sensorservice...
04-27 03:55:31.824   429  1127 I ServiceManager: Waiting for service sensorservice...
04-27 03:55:31.857   856  1191 W ServiceManagement: Waited one second for android.hardware.sensors@1.0::ISensors/default. Waiting another...
04-27 03:55:32.007   429  1156 I ServiceManager: Waiting for service sensorservice...
04-27 03:55:32.024   429   993 I ServiceManager: Waiting for service sensorservice...
04-27 03:55:32.164   429   900 I ServiceManager: Waiting for service sensorservice...
04-27 03:55:32.179   429  1038 I ServiceManager: Waiting for service sensorservice...
04-27 03:55:32.371   429   788 I ServiceManager: Waiting for service sensorservice...
04-27 03:55:32.471   429   788 W ServiceManager: Service sensorservice didn't start. Returning NULL
04-27 03:55:32.580   429  1088 I ServiceManager: Waiting for service sensorservice...
04-27 03:55:32.781   429   840 I ServiceManager: Waiting for service sensorservice...
