01-10 18:25:58.155   410   410 D /vendor/bin/adsprpcd: vendor/qcom/proprietary/adsprpc/src/fastrpc_apps_user.c:1124: Error 57: apps_dev_init failed. domain 0, errno Operation not permitted
01-10 18:25:58.155   410   410 D /vendor/bin/adsprpcd: vendor/qcom/proprietary/adsprpc/src/fastrpc_apps_user.c:1207: Error 57: open dev -1 for domain 0 failed
01-10 18:25:58.155   410   410 D /vendor/bin/adsprpcd: vendor/qcom/proprietary/adsprpc/src/fastrpc_apps_user.c:651: Error 3b: remote handle invoke failed. domain 0, handle ffffffff, sc 0, pra 0x0
01-10 18:25:58.155   410   410 E /vendor/bin/adsprpcd: vendor/qcom/proprietary/adsprpc/src/adsprpcd.c:43:adsp daemon will restart after 25ms...
01-10 18:25:58.155   393   393 I Adreno-EGL: <qeglDrvAPI_eglInitialize:379>: QUALCOMM Build: 10/04/18, d916c72, I7663a5f222
01-10 18:25:58.162   393   393 D vndksupport: Loading /vendor/lib64/hw/gralloc.msm8937.so from current namespace instead of sphal namespace.
01-10 18:25:58.167   393   393 I ConfigStore: android::hardware::configstore::V1_0::ISurfaceFlingerConfigs::hasWideColorDisplay retrieved: 0
01-10 18:25:58.167   393   393 I ConfigStore: android::hardware::configstore::V1_0::ISurfaceFlingerConfigs::hasHDRDisplay retrieved: 0
01-10 18:25:58.184   410   410 D /vendor/bin/adsprpcd: vendor/qcom/proprietary/adsprpc/src/fastrpc_apps_user.c:1124: Error 57: apps_dev_init failed. domain 0, errno Operation not permitted
01-10 18:25:58.184   410   410 D /vendor/bin/adsprpcd: vendor/qcom/proprietary/adsprpc/src/fastrpc_apps_user.c:1207: Error 57: open dev -1 for domain 0 failed
01-10 18:25:58.185   410   410 D /vendor/bin/adsprpcd: vendor/qcom/proprietary/adsprpc/src/fastrpc_apps_user.c:1124: Error 57: apps_dev_init failed. domain 0, errno Operation not permitted
01-10 18:25:58.185   410   410 D /vendor/bin/adsprpcd: vendor/qcom/proprietary/adsprpc/src/fastrpc_apps_user.c:1207: Error 57: open dev -1 for domain 0 failed
01-10 18:25:58.185   410   410 D /vendor/bin/adsprpcd: vendor/qcom/proprietary/adsprpc/src/fastrpc_apps_user.c:651: Error 3b: remote handle invoke failed. domain 0, handle ffffffff, sc 0, pra 0x0
01-10 18:25:58.185   410   410 E /vendor/bin/adsprpcd: vendor/qcom/proprietary/adsprpc/src/adsprpcd.c:43:adsp daemon will restart after 25ms...
01-10 18:25:58.187   393   393 I SurfaceFlinger: EGL information:
01-10 18:25:58.187   393   393 I SurfaceFlinger: vendor    : Android
01-10 18:25:58.187   393   393 I SurfaceFlinger: version   : 1.4 Android META-EGL
01-10 18:25:58.187   393   393 I SurfaceFlinger: extensions: EGL_KHR_get_all_proc_addresses EGL_ANDROID_presentation_time EGL_KHR_swap_buffers_with_damage EGL_ANDROID_get_native_client_buffer EGL_ANDROID_front_buffer_auto_refresh EGL_ANDROID_get_frame_timestamps EGL_EXT_surface_SMPTE2086_metadata EGL_EXT_surface_CTA861_3_metadata EGL_KHR_image EGL_KHR_image_base EGL_KHR_lock_surface EGL_KHR_gl_texture_2D_image EGL_KHR_gl_texture_3D_image EGL_KHR_gl_texture_cubemap_image EGL_KHR_gl_renderbuffer_image EGL_KHR_fence_sync EGL_KHR_create_context EGL_EXT_create_context_robustness EGL_ANDROID_image_native_buffer EGL_KHR_wait_sync EGL_ANDROID_recordable EGL_KHR_partial_update EGL_IMG_context_priority 
01-10 18:25:58.187   393   393 I SurfaceFlinger: Client API: OpenGL_ES
01-10 18:25:58.187   393   393 I SurfaceFlinger: EGLSurface: 8-8-8-8, config=0x5
01-10 18:25:58.187   393   393 W Adreno-EGL: <qeglDrvAPI_eglGetConfigAttrib:612>: EGL_BAD_ATTRIBUTE
01-10 18:25:58.188   614   614 I start   : *  *  *   *  * *  *  * *  * *   *  *  *  *   *
01-10 18:25:58.189   393   393 I SurfaceFlinger: OpenGL ES informations:
01-10 18:25:58.189   393   393 I SurfaceFlinger: vendor    : Qualcomm
01-10 18:25:58.189   393   393 I SurfaceFlinger: renderer  : Adreno (TM) 308
01-10 18:25:58.189   393   393 I SurfaceFlinger: version   : OpenGL ES 3.0 V@269.0 AU@ (GIT@I57531a636c)
01-10 18:25:58.189   393   393 I SurfaceFlinger: extensions: GL_AMD_compressed_ATC_texture GL_AMD_performance_monitor GL_AMD_program_binary_Z400 GL_EXT_debug_label GL_EXT_debug_marker GL_EXT_discard_framebuffer GL_EXT_robustness GL_EXT_texture_format_BGRA8888 GL_EXT_texture_type_2_10_10_10_REV GL_NV_fence GL_OES_compressed_ETC1_RGB8_texture GL_OES_depth_texture GL_OES_depth24 GL_OES_EGL_image GL_OES_EGL_sync GL_OES_EGL_image_external GL_OES_element_index_uint GL_OES_fbo_render_mipmap GL_OES_fragment_precision_high GL_OES_get_program_binary GL_OES_packed_depth_stencil GL_OES_depth_texture_cube_map GL_OES_rgb8_rgba8 GL_OES_standard_derivatives GL_OES_texture_3D GL_OES_texture_float GL_OES_texture_half_float GL_OES_texture_half_float_linear GL_OES_texture_npot GL_OES_vertex_half_float GL_OES_vertex_type_10_10_10_2 GL_OES_vertex_array_object GL_QCOM_alpha_test GL_QCOM_binning_control GL_QCOM_driver_control GL_QCOM_perfmon_global_mode GL_QCOM_extended_get GL_QCOM_extended_get2 GL_QCOM_tiled_rendering GL_QCOM_writeonly_rendering GL_EXT_sRGB GL_EXT_sRGB_write_con
01-10 18:25:58.189   393   393 I SurfaceFlinger: GL_MAX_TEXTURE_SIZE = 4096
01-10 18:25:58.189   393   393 I SurfaceFlinger: GL_MAX_VIEWPORT_DIMS = 4096
01-10 18:25:58.195   371   371 D vndksupport: Loading /vendor/lib64/hw/android.hardware.graphics.mapper@2.0-impl.so from current namespace instead of sphal namespace.
01-10 18:25:58.206   371   371 D vndksupport: Loading /vendor/lib64/hw/gralloc.msm8937.so from current namespace instead of sphal namespace.
01-10 18:25:58.208   371   371 D SDM     : HWCSession::RegisterCallback: Registering callback: Hotplug
01-10 18:25:58.210   371   371 I SDM     : HWCDisplay::GetHdrCapabilities: HDR is not supported
01-10 18:25:58.210   371   371 I SDM     : HWCDisplay::GetHdrCapabilities: HDR is not supported
01-10 18:25:58.212   393   393 E HWComposer: getSupportedPerFrameMetadata: getSupportedPerFrameMetadata failed for display 0: Unsupported (8)
01-10 18:25:58.213   393   393 W Adreno-EGL: <qeglDrvAPI_eglGetConfigAttrib:612>: EGL_BAD_ATTRIBUTE
01-10 18:25:58.212   410   410 D /vendor/bin/adsprpcd: vendor/qcom/proprietary/adsprpc/src/fastrpc_apps_user.c:1124: Error 57: apps_dev_init failed. domain 0, errno Operation not permitted
01-10 18:25:58.213   410   410 D /vendor/bin/adsprpcd: vendor/qcom/proprietary/adsprpc/src/fastrpc_apps_user.c:1207: Error 57: open dev -1 for domain 0 failed
01-10 18:25:58.213   410   410 D /vendor/bin/adsprpcd: vendor/qcom/proprietary/adsprpc/src/fastrpc_apps_user.c:1124: Error 57: apps_dev_init failed. domain 0, errno Operation not permitted
01-10 18:25:58.213   410   410 D /vendor/bin/adsprpcd: vendor/qcom/proprietary/adsprpc/src/fastrpc_apps_user.c:1207: Error 57: open dev -1 for domain 0 failed
01-10 18:25:58.213   410   410 D /vendor/bin/adsprpcd: vendor/qcom/proprietary/adsprpc/src/fastrpc_apps_user.c:651: Error 3b: remote handle invoke failed. domain 0, handle ffffffff, sc 0, pra 0x0
01-10 18:25:58.214   393   393 D vndksupport: Loading /vendor/lib64/hw/gralloc.msm8937.so from current namespace instead of sphal namespace.
01-10 18:25:58.215   371   371 D SDM     : HWCSession::RegisterCallback: Registering callback: Refresh
01-10 18:25:58.215   371   371 D SDM     : HWCSession::RegisterCallback: Registering callback: Vsync
01-10 18:25:58.223   410   410 E /vendor/bin/adsprpcd: vendor/qcom/proprietary/adsprpc/src/adsprpcd.c:43:adsp daemon will restart after 25ms...
01-10 18:25:58.251   410   410 D /vendor/bin/adsprpcd: vendor/qcom/proprietary/adsprpc/src/fastrpc_apps_user.c:1124: Error 57: apps_dev_init failed. domain 0, errno Operation not permitted
01-10 18:25:58.251   410   410 D /vendor/bin/adsprpcd: vendor/qcom/proprietary/adsprpc/src/fastrpc_apps_user.c:1207: Error 57: open dev -1 for domain 0 failed
01-10 18:25:58.251   410   410 D /vendor/bin/adsprpcd: vendor/qcom/proprietary/adsprpc/src/fastrpc_apps_user.c:1124: Error 57: apps_dev_init failed. domain 0, errno Operation not permitted
01-10 18:25:58.251   410   410 D /vendor/bin/adsprpcd: vendor/qcom/proprietary/adsprpc/src/fastrpc_apps_user.c:1207: Error 57: open dev -1 for domain 0 failed
01-10 18:25:58.251   410   410 D /vendor/bin/adsprpcd: vendor/qcom/proprietary/adsprpc/src/fastrpc_apps_user.c:651: Error 3b: remote handle invoke failed. domain 0, handle ffffffff, sc 0, pra 0x0
01-10 18:25:58.252   410   410 E /vendor/bin/adsprpcd: vendor/qcom/proprietary/adsprpc/src/adsprpcd.c:43:adsp daemon will restart after 25ms...
01-10 18:25:58.286   620   620 I start   : *  * ***  *  * *  **** **** *** *  *  **** ***
01-10 18:25:58.328   420   420 I mediaserver: ServiceManager: 0xe6c901c0
01-10 18:25:58.336   410   410 D /vendor/bin/adsprpcd: vendor/qcom/proprietary/adsprpc/src/fastrpc_apps_user.c:1124: Error 57: apps_dev_init failed. domain 0, errno Operation not permitted
01-10 18:25:58.336   410   410 D /vendor/bin/adsprpcd: vendor/qcom/proprietary/adsprpc/src/fastrpc_apps_user.c:1207: Error 57: open dev -1 for domain 0 failed
01-10 18:25:58.336   420   420 W BatteryNotifier: batterystats service unavailable!
01-10 18:25:58.338   410   410 D /vendor/bin/adsprpcd: vendor/qcom/proprietary/adsprpc/src/fastrpc_apps_user.c:1124: Error 57: apps_dev_init failed. domain 0, errno Operation not permitted
01-10 18:25:58.338   410   410 D /vendor/bin/adsprpcd: vendor/qcom/proprietary/adsprpc/src/fastrpc_apps_user.c:1207: Error 57: open dev -1 for domain 0 failed
01-10 18:25:58.338   410   410 D /vendor/bin/adsprpcd: vendor/qcom/proprietary/adsprpc/src/fastrpc_apps_user.c:651: Error 3b: remote handle invoke failed. domain 0, handle ffffffff, sc 0, pra 0x0
01-10 18:25:58.339   410   410 E /vendor/bin/adsprpcd: vendor/qcom/proprietary/adsprpc/src/adsprpcd.c:43:adsp daemon will restart after 25ms...
01-10 18:25:58.353   419   419 I mediametrics: ServiceManager: 0x7ab4425740
01-10 18:25:58.353   419   419 D MediaAnalyticsService: MediaAnalyticsService created
01-10 18:25:58.356   426   426 D LocSvc_LBSProxy: checkIfLocationExtendedClientExists] File Exists
01-10 18:25:58.365   410   410 D /vendor/bin/adsprpcd: vendor/qcom/proprietary/adsprpc/src/fastrpc_apps_user.c:1124: Error 57: apps_dev_init failed. domain 0, errno Operation not permitted
01-10 18:25:58.365   410   410 D /vendor/bin/adsprpcd: vendor/qcom/proprietary/adsprpc/src/fastrpc_apps_user.c:1207: Error 57: open dev -1 for domain 0 failed
01-10 18:25:58.366   410   410 D /vendor/bin/adsprpcd: vendor/qcom/proprietary/adsprpc/src/fastrpc_apps_user.c:1124: Error 57: apps_dev_init failed. domain 0, errno Operation not permitted
01-10 18:25:58.366   410   410 D /vendor/bin/adsprpcd: vendor/qcom/proprietary/adsprpc/src/fastrpc_apps_user.c:1207: Error 57: open dev -1 for domain 0 failed
01-10 18:25:58.366   410   410 D /vendor/bin/adsprpcd: vendor/qcom/proprietary/adsprpc/src/fastrpc_apps_user.c:651: Error 3b: remote handle invoke failed. domain 0, handle ffffffff, sc 0, pra 0x0
01-10 18:25:58.366   410   410 E /vendor/bin/adsprpcd: vendor/qcom/proprietary/adsprpc/src/adsprpcd.c:43:adsp daemon will restart after 25ms...
01-10 18:25:58.371   426   426 I ServiceManagement: Removing namespace from process name vendor.qti.gnss@1.0-service to gnss@1.0-service.
01-10 18:25:58.381   426   426 I LocSvc_HIDL_vendor.qti.gnss@1.0-service: Registration complete for vendor.qti.gnss@1.0::ILocHidlGnss/gnss_vendor.
01-10 18:25:58.393   410   410 D /vendor/bin/adsprpcd: vendor/qcom/proprietary/adsprpc/src/fastrpc_apps_user.c:1124: Error 57: apps_dev_init failed. domain 0, errno Operation not permitted
01-10 18:25:58.393   410   410 D /vendor/bin/adsprpcd: vendor/qcom/proprietary/adsprpc/src/fastrpc_apps_user.c:1207: Error 57: open dev -1 for domain 0 failed
01-10 18:25:58.394   410   410 D /vendor/bin/adsprpcd: vendor/qcom/proprietary/adsprpc/src/fastrpc_apps_user.c:1124: Error 57: apps_dev_init failed. domain 0, errno Operation not permitted
01-10 18:25:58.394   410   410 D /vendor/bin/adsprpcd: vendor/qcom/proprietary/adsprpc/src/fastrpc_apps_user.c:1207: Error 57: open dev -1 for domain 0 failed
01-10 18:25:58.394   410   410 D /vendor/bin/adsprpcd: vendor/qcom/proprietary/adsprpc/src/fastrpc_apps_user.c:651: Error 3b: remote handle invoke failed. domain 0, handle ffffffff, sc 0, pra 0x0
01-10 18:25:58.394   410   410 E /vendor/bin/adsprpcd: vendor/qcom/proprietary/adsprpc/src/adsprpcd.c:43:adsp daemon will restart after 25ms...
01-10 18:25:58.408   356   356 D Zygote  : begin preload
01-10 18:25:58.408   356   356 I Zygote  : Installing ICU cache reference pinning...
01-10 18:25:58.408   356   356 I Zygote  : Preloading ICU data...
01-10 18:25:58.409   632   632 I start   : * By xyyx ******************** Android 9.0.0 *
01-10 18:25:58.421   410   410 D /vendor/bin/adsprpcd: vendor/qcom/proprietary/adsprpc/src/fastrpc_apps_user.c:1124: Error 57: apps_dev_init failed. domain 0, errno Operation not permitted
01-10 18:25:58.421   410   410 D /vendor/bin/adsprpcd: vendor/qcom/proprietary/adsprpc/src/fastrpc_apps_user.c:1207: Error 57: open dev -1 for domain 0 failed
01-10 18:25:58.421   410   410 D /vendor/bin/adsprpcd: vendor/qcom/proprietary/adsprpc/src/fastrpc_apps_user.c:1124: Error 57: apps_dev_init failed. domain 0, errno Operation not permitted
01-10 18:25:58.421   410   410 D /vendor/bin/adsprpcd: vendor/qcom/proprietary/adsprpc/src/fastrpc_apps_user.c:1207: Error 57: open dev -1 for domain 0 failed
01-10 18:25:58.421   410   410 D /vendor/bin/adsprpcd: vendor/qcom/proprietary/adsprpc/src/fastrpc_apps_user.c:651: Error 3b: remote handle invoke failed. domain 0, handle ffffffff, sc 0, pra 0x0
01-10 18:25:58.422   410   410 E /vendor/bin/adsprpcd: vendor/qcom/proprietary/adsprpc/src/adsprpcd.c:43:adsp daemon will restart after 25ms...
01-10 18:25:58.433   357   357 I zygote  : Explicit concurrent copying GC freed 865(57KB) AllocSpace objects, 0(0B) LOS objects, 99% free, 54KB/6MB, paused 125us total 13.679ms
01-10 18:25:58.436   356   356 D Zygote64Timing: BeginIcuCachePinning took to complete: 27ms
01-10 18:25:58.436   356   356 I Zygote  : Preloading classes...
01-10 18:25:58.448   410   410 D /vendor/bin/adsprpcd: vendor/qcom/proprietary/adsprpc/src/fastrpc_apps_user.c:1124: Error 57: apps_dev_init failed. domain 0, errno Operation not permitted
01-10 18:25:58.448   410   410 D /vendor/bin/adsprpcd: vendor/qcom/proprietary/adsprpc/src/fastrpc_apps_user.c:1207: Error 57: open dev -1 for domain 0 failed
01-10 18:25:58.450   410   410 D /vendor/bin/adsprpcd: vendor/qcom/proprietary/adsprpc/src/fastrpc_apps_user.c:1124: Error 57: apps_dev_init failed. domain 0, errno Operation not permitted
01-10 18:25:58.450   410   410 D /vendor/bin/adsprpcd: vendor/qcom/proprietary/adsprpc/src/fastrpc_apps_user.c:1207: Error 57: open dev -1 for domain 0 failed
01-10 18:25:58.450   410   410 D /vendor/bin/adsprpcd: vendor/qcom/proprietary/adsprpc/src/fastrpc_apps_user.c:651: Error 3b: remote handle invoke failed. domain 0, handle ffffffff, sc 0, pra 0x0
01-10 18:25:58.450   410   410 E /vendor/bin/adsprpcd: vendor/qcom/proprietary/adsprpc/src/adsprpcd.c:43:adsp daemon will restart after 25ms...
01-10 18:25:58.472   356   356 I PackageBackwardCompatibility: Loaded android.content.pm.OrgApacheHttpLegacyUpdater
01-10 18:25:58.472   356   356 I PackageBackwardCompatibility: Could not find android.content.pm.AndroidTestBaseUpdater, ignoring
01-10 18:25:58.475   357   357 I zygote  : Explicit concurrent copying GC freed 9(32KB) AllocSpace objects, 0(0B) LOS objects, 99% free, 38KB/6MB, paused 64us total 31.276ms
01-10 18:25:58.475   357   357 D Zygote32Timing: PostZygoteInitGC took to complete: 59ms
01-10 18:25:58.475   357   357 D Zygote32Timing: ZygoteInit took to complete: 61ms
01-10 18:25:58.477   410   410 D /vendor/bin/adsprpcd: vendor/qcom/proprietary/adsprpc/src/fastrpc_apps_user.c:1124: Error 57: apps_dev_init failed. domain 0, errno Operation not permitted
01-10 18:25:58.477   410   410 D /vendor/bin/adsprpcd: vendor/qcom/proprietary/adsprpc/src/fastrpc_apps_user.c:1207: Error 57: open dev -1 for domain 0 failed
01-10 18:25:58.478   410   410 D /vendor/bin/adsprpcd: vendor/qcom/proprietary/adsprpc/src/fastrpc_apps_user.c:1124: Error 57: apps_dev_init failed. domain 0, errno Operation not permitted
01-10 18:25:58.478   410   410 D /vendor/bin/adsprpcd: vendor/qcom/proprietary/adsprpc/src/fastrpc_apps_user.c:1207: Error 57: open dev -1 for domain 0 failed
01-10 18:25:58.478   410   410 D /vendor/bin/adsprpcd: vendor/qcom/proprietary/adsprpc/src/fastrpc_apps_user.c:651: Error 3b: remote handle invoke failed. domain 0, handle ffffffff, sc 0, pra 0x0
01-10 18:25:58.478   410   410 E /vendor/bin/adsprpcd: vendor/qcom/proprietary/adsprpc/src/adsprpcd.c:43:adsp daemon will restart after 25ms...
01-10 18:25:58.480   357   357 I Zygote  : Accepting command socket connections
01-10 18:25:58.504   422   639 I storaged: storaged: Start
01-10 18:25:58.505   410   410 D /vendor/bin/adsprpcd: vendor/qcom/proprietary/adsprpc/src/fastrpc_apps_user.c:1124: Error 57: apps_dev_init failed. domain 0, errno Operation not permitted
01-10 18:25:58.505   410   410 D /vendor/bin/adsprpcd: vendor/qcom/proprietary/adsprpc/src/fastrpc_apps_user.c:1207: Error 57: open dev -1 for domain 0 failed
01-10 18:25:58.505   410   410 D /vendor/bin/adsprpcd: vendor/qcom/proprietary/adsprpc/src/fastrpc_apps_user.c:1124: Error 57: apps_dev_init failed. domain 0, errno Operation not permitted
01-10 18:25:58.505   410   410 D /vendor/bin/adsprpcd: vendor/qcom/proprietary/adsprpc/src/fastrpc_apps_user.c:1207: Error 57: open dev -1 for domain 0 failed
01-10 18:25:58.505   410   410 D /vendor/bin/adsprpcd: vendor/qcom/proprietary/adsprpc/src/fastrpc_apps_user.c:651: Error 3b: remote handle invoke failed. domain 0, handle ffffffff, sc 0, pra 0x0
01-10 18:25:58.506   410   410 E /vendor/bin/adsprpcd: vendor/qcom/proprietary/adsprpc/src/adsprpcd.c:43:adsp daemon will restart after 25ms...
01-10 18:25:58.532   410   410 D /vendor/bin/adsprpcd: vendor/qcom/proprietary/adsprpc/src/fastrpc_apps_user.c:1124: Error 57: apps_dev_init failed. domain 0, errno Operation not permitted
01-10 18:25:58.532   410   410 D /vendor/bin/adsprpcd: vendor/qcom/proprietary/adsprpc/src/fastrpc_apps_user.c:1207: Error 57: open dev -1 for domain 0 failed
01-10 18:25:58.532   410   410 D /vendor/bin/adsprpcd: vendor/qcom/proprietary/adsprpc/src/fastrpc_apps_user.c:1124: Error 57: apps_dev_init failed. domain 0, errno Operation not permitted
01-10 18:25:58.532   410   410 D /vendor/bin/adsprpcd: vendor/qcom/proprietary/adsprpc/src/fastrpc_apps_user.c:1207: Error 57: open dev -1 for domain 0 failed
01-10 18:25:58.532   410   410 D /vendor/bin/adsprpcd: vendor/qcom/proprietary/adsprpc/src/fastrpc_apps_user.c:651: Error 3b: remote handle invoke failed. domain 0, handle ffffffff, sc 0, pra 0x0
01-10 18:25:58.533   410   410 E /vendor/bin/adsprpcd: vendor/qcom/proprietary/adsprpc/src/adsprpcd.c:43:adsp daemon will restart after 25ms...
01-10 18:25:58.578   410   647 E /vendor/bin/adsprpcd: vendor/qcom/proprietary/adsprpc/src/apps_std_imp.c:693:Error 45: fopen failed for remote_heap_config.so. (No such file or directory)
01-10 18:25:58.578   410   647 E /vendor/bin/adsprpcd: vendor/qcom/proprietary/adsprpc/src/apps_std_imp.c:693:Error 45: fopen failed for oemconfig.so. (No such file or directory)
01-10 18:25:58.580   410   647 E /vendor/bin/adsprpcd: vendor/qcom/proprietary/adsprpc/src/apps_std_imp.c:693:Error 45: fopen failed for adsp_avs_config.acdb. (No such file or directory)
01-10 18:25:58.580   410   647 E /vendor/bin/adsprpcd: vendor/qcom/proprietary/adsprpc/src/apps_std_imp.c:693:Error 45: fopen failed for testsig-0x19f66b0c.so. (No such file or directory)
01-10 18:25:58.580   410   647 E /vendor/bin/adsprpcd: vendor/qcom/proprietary/adsprpc/src/apps_std_imp.c:693:Error 45: fopen failed for testsig.so. (No such file or directory)
01-10 18:25:58.581   410   647 V /vendor/bin/adsprpcd: vendor/qcom/proprietary/adsprpc/src/apps_std_imp.c:194: fopen success: /dsp/fluence_voiceplus_module.so.1
01-10 18:25:58.581   410   647 V /vendor/bin/adsprpcd: vendor/qcom/proprietary/adsprpc/src/apps_std_imp.c:194: fopen success: /dsp/mmecns_module.so.1
01-10 18:25:58.585   412   412 I cameraserver: ServiceManager: 0xec990100
01-10 18:25:58.585   412   412 I CameraService: CameraService started (pid=412)
01-10 18:25:58.585   412   412 I CameraService: CameraService process starting
01-10 18:25:58.592   412   412 W BatteryNotifier: batterystats service unavailable!
01-10 18:25:58.596   412   412 W BatteryNotifier: batterystats service unavailable!
01-10 18:25:58.614   412   412 I ServiceManagement: getService: Trying again for android.hardware.camera.provider@2.4::ICameraProvider/legacy/0...
01-10 18:25:58.620   410   647 E /vendor/bin/adsprpcd: vendor/qcom/proprietary/adsprpc/src/apps_std_imp.c:693:Error 45: fopen failed for custom_sm_ecns_1.so.1. (No such file or directory)
01-10 18:25:58.621   410   647 E /vendor/bin/adsprpcd: vendor/qcom/proprietary/adsprpc/src/apps_std_imp.c:693:Error 45: fopen failed for custom_sm_ecns_2.so.1. (No such file or directory)
01-10 18:25:58.622   410   647 E /vendor/bin/adsprpcd: vendor/qcom/proprietary/adsprpc/src/apps_std_imp.c:693:Error 45: fopen failed for custom_dm_ecns_1.so.1. (No such file or directory)
01-10 18:25:58.622   410   647 E /vendor/bin/adsprpcd: vendor/qcom/proprietary/adsprpc/src/apps_std_imp.c:693:Error 45: fopen failed for custom_dm_ecns_2.so.1. (No such file or directory)
01-10 18:25:58.623   410   647 E /vendor/bin/adsprpcd: vendor/qcom/proprietary/adsprpc/src/apps_std_imp.c:693:Error 45: fopen failed for custom_qm_ecns_1.so.1. (No such file or directory)
01-10 18:25:58.624   410   647 E /vendor/bin/adsprpcd: vendor/qcom/proprietary/adsprpc/src/apps_std_imp.c:693:Error 45: fopen failed for custom_qm_ecns_2.so.1. (No such file or directory)
01-10 18:25:58.626   410   647 E /vendor/bin/adsprpcd: vendor/qcom/proprietary/adsprpc/src/apps_std_imp.c:693:Error 45: fopen failed for voiceproc_tx.so. (No such file or directory)
01-10 18:25:58.627   410   647 E /vendor/bin/adsprpcd: vendor/qcom/proprietary/adsprpc/src/apps_std_imp.c:693:Error 45: fopen failed for voiceproc_rx.so. (No such file or directory)
01-10 18:25:58.683   391   391 I FastMixerState: sMaxFastTracks = 8
01-10 18:25:58.685   418   418 V MediaUtils: physMem: 1918550016
01-10 18:25:58.685   418   418 V MediaUtils: requested limit: 383710000
01-10 18:25:58.686   418   418 V MediaUtils: cfi shadow size: 2147483648
01-10 18:25:58.686   418   418 V MediaUtils: actual limit: 2531193648
01-10 18:25:58.686   418   418 V MediaUtils: original limits: -1/-1
01-10 18:25:58.686   418   418 V MediaUtils: new limits: 2531193648/-1
01-10 18:25:58.686   418   418 D vndksupport: Loading libutils.so from current namespace instead of sphal namespace.
01-10 18:25:58.690   418   418 W mediaextractor: libminijail[418]: failed to get path of fd 4: No such file or directory
01-10 18:25:58.690   418   418 W mediaextractor: libminijail[418]: allowing syscall: connect
01-10 18:25:58.690   418   418 W mediaextractor: libminijail[418]: allowing syscall: fcntl
01-10 18:25:58.690   418   418 W mediaextractor: libminijail[418]: allowing syscall: sendto
01-10 18:25:58.690   418   418 W mediaextractor: libminijail[418]: allowing syscall: socket
01-10 18:25:58.690   418   418 W mediaextractor: libminijail[418]: allowing syscall: writev
01-10 18:25:58.698   418   418 W mediaextractor: libminijail[418]: logging seccomp filter failures
01-10 18:25:58.700   391   391 V MediaUtils: physMem: 1918550016
01-10 18:25:58.700   391   391 V MediaUtils: requested limit: 383710000
01-10 18:25:58.700   391   391 V MediaUtils: actual limit: 383710000
01-10 18:25:58.702   391   391 V MediaUtils: original limits: 4294967295/4294967295
01-10 18:25:58.702   391   391 V MediaUtils: new limits: 383710000/4294967295
01-10 18:25:58.704   391   391 I audioserver: ServiceManager: 0xe9f10100
01-10 18:25:58.704   391   391 W BatteryNotifier: batterystats service unavailable!
01-10 18:25:58.706   337   337 W hwservicemanager: getTransport: Cannot find entry android.hardware.audio@4.0::IDevicesFactory/default in either framework or device manifest.
01-10 18:25:58.714   425   425 E Diag_Lib:  Diag_LSM_Init: Failed to open handle to diag driver, error = 13
01-10 18:25:58.752   338   338 E SELinux : avc:  denied  { find } for service=vendor.qcom.PeripheralManager pid=425 uid=1001 scontext=u:r:rild:s0 tcontext=u:object_r:default_android_vndservice:s0 tclass=service_manager permissive=1
01-10 18:25:58.753   390   540 D PerMgrSrv: modem state: is off-line, add client QCRIL
01-10 18:25:58.754   390   540 D PerMgrSrv: QCRIL registered
01-10 18:25:58.755   425   425 D PerMgrLib: QCRIL successfully registered for modem
01-10 18:25:58.781   393   393 D SurfaceFlinger: shader cache generated - 24 shaders in 563.965759 ms
01-10 18:25:58.786   393   393 D SurfaceFlinger: Set power mode=2, type=0 flinger=0x7a29e3d000
01-10 18:25:58.786   371   371 I SDM     : DisplayBase::SetDisplayState: Set state = 1, display 0
01-10 18:25:58.786   393   393 D SurfaceFlinger: Finished set power mode=2, type=0
01-10 18:25:58.816   425   425 I rild    : type=1400 audit(0.0:484): avc: denied { read } for name="radio" dev="mmcblk0p49" ino=147477 scontext=u:r:rild:s0 tcontext=u:object_r:vendor_data_file:s0 tclass=dir permissive=1
01-10 18:25:58.823   425   425 I rild    : type=1400 audit(0.0:486): avc: denied { write } for name="radio" dev="mmcblk0p49" ino=147477 scontext=u:r:rild:s0 tcontext=u:object_r:vendor_data_file:s0 tclass=dir permissive=1
01-10 18:25:58.936   404   404 E QMI_FW  : QMUXD: WARNING qmi_qmux_if_pwr_up_init failed! rc=-6
01-10 18:25:58.964   337   337 E SELinux : avc:  denied  { add } for interface=vendor.qti.hardware.radio.am::IQcRilAudio sid=u:r:rild:s0 pid=425 scontext=u:r:rild:s0 tcontext=u:object_r:default_android_hwservice:s0 tclass=hwservice_manager permissive=1
01-10 18:25:58.986   425   656 D PerMgrLib: QCRIL voting for modem
01-10 18:25:58.986   390   540 D PerMgrSrv: QCRIL voting for modem
01-10 18:25:58.986   390   540 D PerMgrSrv: modem new state: going on-line
01-10 18:25:58.987   390   540 D PerMgrSrv: modem num voters is 1
01-10 18:25:58.988   425   656 E QMI_FW  : QMUXD: WARNING qmi_qmux_if_pwr_up_init failed! rc=-6
01-10 18:25:59.041   406   461 E QC-time-services: Daemon:genoff_modem_qmi_service_request: qmi_client_get_service_list returned -2num_services 0
01-10 18:25:59.041   406   460 E QC-time-services: Daemon:genoff_wlan_qmi_service_request: qmi_client_get_service_list returned -2num_services 0
01-10 18:25:59.216   356   356 E ActivityRecognitionHardware: activity_recognition HAL is deprecated. class_init is effectively a no-op
01-10 18:25:59.248   362   362 D audio_hw_utils: audio_extn_utils_open_snd_mixer: snd_card_name: msm8917-sku5-snd-card
01-10 18:25:59.248   362   362 D audio_hw_utils: audio_extn_utils_open_snd_mixer: Opened sound card:0
01-10 18:25:59.327   356   356 I zygote64: Thread[1,tid=356,Native,Thread*=0x779000dc00,peer=0x12c01df0,"main"] recursive attempt to load library "/system/lib64/libmedia_jni.so"
01-10 18:25:59.327   356   356 D MtpDeviceJNI: register_android_mtp_MtpDevice
01-10 18:25:59.327   356   356 I zygote64: Thread[1,tid=356,Native,Thread*=0x779000dc00,peer=0x12c01df0,"main"] recursive attempt to load library "/system/lib64/libmedia_jni.so"
01-10 18:25:59.328   356   356 I zygote64: Thread[1,tid=356,Native,Thread*=0x779000dc00,peer=0x12c01df0,"main"] recursive attempt to load library "/system/lib64/libmedia_jni.so"
01-10 18:25:59.415   671   691 D vndksupport: Loading /vendor/lib64/egl/libEGL_adreno.so from current namespace instead of sphal namespace.
01-10 18:25:59.418   671   691 D libEGL  : loaded /vendor/lib64/egl/libEGL_adreno.so
01-10 18:25:59.446   671   691 D vndksupport: Loading /vendor/lib64/egl/libGLESv1_CM_adreno.so from current namespace instead of sphal namespace.
01-10 18:25:59.447   671   691 D libEGL  : loaded /vendor/lib64/egl/libGLESv1_CM_adreno.so
01-10 18:25:59.470   671   691 D vndksupport: Loading /vendor/lib64/egl/libGLESv2_adreno.so from current namespace instead of sphal namespace.
01-10 18:25:59.471   671   691 D libEGL  : loaded /vendor/lib64/egl/libGLESv2_adreno.so
01-10 18:25:59.491   671   691 I Adreno-EGL: <qeglDrvAPI_eglInitialize:379>: QUALCOMM Build: 10/04/18, d916c72, I7663a5f222
01-10 18:25:59.493   671   691 D vndksupport: Loading /vendor/lib64/hw/gralloc.msm8937.so from current namespace instead of sphal namespace.
01-10 18:25:59.500   671   691 I ConfigStore: android::hardware::configstore::V1_0::ISurfaceFlingerConfigs::hasWideColorDisplay retrieved: 0
01-10 18:25:59.500   671   691 I ConfigStore: android::hardware::configstore::V1_0::ISurfaceFlingerConfigs::hasHDRDisplay retrieved: 0
01-10 18:25:59.502   671   691 W Adreno-EGL: <qeglDrvAPI_eglGetConfigAttrib:612>: EGL_BAD_ATTRIBUTE
01-10 18:25:59.504   671   691 D vndksupport: Loading /vendor/lib64/hw/gralloc.msm8937.so from current namespace instead of sphal namespace.
01-10 18:25:59.617   412   412 W ServiceManagement: Waited one second for android.hardware.camera.provider@2.4::ICameraProvider/legacy/0. Waiting another...
01-10 18:25:59.661   356   356 I Zygote  : ...preloaded 6535 classes in 1224ms.
01-10 18:25:59.661   356   356 I zygote64: VMRuntime.preloadDexCaches starting
01-10 18:25:59.738   356   356 I zygote64: VMRuntime.preloadDexCaches strings total=342740 before=12344 after=12344
01-10 18:25:59.738   356   356 I zygote64: VMRuntime.preloadDexCaches types total=31551 before=7836 after=7838
01-10 18:25:59.738   356   356 I zygote64: VMRuntime.preloadDexCaches fields total=142399 before=9202 after=9202
01-10 18:25:59.738   356   356 I zygote64: VMRuntime.preloadDexCaches methods total=249465 before=12800 after=12800
01-10 18:25:59.738   356   356 I zygote64: VMRuntime.preloadDexCaches finished
01-10 18:25:59.738   356   356 D Zygote64Timing: PreloadClasses took to complete: 1303ms
01-10 18:25:59.739   362   362 E audio_route: Control 'LSM1 MUX' doesn't exist - skipping
01-10 18:25:59.739   362   362 E audio_route: Control 'LSM2 MUX' doesn't exist - skipping
01-10 18:25:59.740   362   362 E audio_route: Control 'LSM3 MUX' doesn't exist - skipping
01-10 18:25:59.740   362   362 E audio_route: Control 'LSM4 MUX' doesn't exist - skipping
01-10 18:25:59.740   362   362 E audio_route: Control 'LSM5 MUX' doesn't exist - skipping
01-10 18:25:59.740   362   362 E audio_route: Control 'LSM6 MUX' doesn't exist - skipping
01-10 18:25:59.740   362   362 E audio_route: Control 'LSM7 MUX' doesn't exist - skipping
01-10 18:25:59.740   362   362 E audio_route: Control 'LSM8 MUX' doesn't exist - skipping
01-10 18:25:59.741   362   362 E audio_route: Control 'LSM1 MUX' doesn't exist - skipping
01-10 18:25:59.741   362   362 E audio_route: Control 'LSM2 MUX' doesn't exist - skipping
01-10 18:25:59.741   362   362 E audio_route: Control 'LSM3 MUX' doesn't exist - skipping
01-10 18:25:59.742   362   362 E audio_route: Control 'LSM4 MUX' doesn't exist - skipping
01-10 18:25:59.742   362   362 E audio_route: Control 'LSM5 MUX' doesn't exist - skipping
01-10 18:25:59.742   362   362 E audio_route: Control 'LSM6 MUX' doesn't exist - skipping
01-10 18:25:59.743   362   362 E audio_route: Control 'LSM7 MUX' doesn't exist - skipping
01-10 18:25:59.743   362   362 E audio_route: Control 'LSM8 MUX' doesn't exist - skipping
01-10 18:25:59.762   671   691 D BootAnimation: BootAnimationShownTiming start time: 12258ms
01-10 18:25:59.764   362   362 D sound_trigger_platform: call audio_hw_acdb_init 
01-10 18:25:59.772   362   362 E platform_info: param tag only supported with CONFIG_PARAMS section
01-10 18:25:59.772   362   362 I chatty  : uid=1041(audioserver) audio@2.0-servi identical 1 line
01-10 18:25:59.772   362   362 E platform_info: param tag only supported with CONFIG_PARAMS section
01-10 18:25:59.773   362   362 E audio_hw_acdb: acdb_init_v2: dlsym error undefined symbol: acdb_loader_init_v4 for acdb_loader_init_v4
01-10 18:25:59.774   362   362 D ACDB-LOADER: ACDB -> No .acdb files found in /vendor/etc/acdbdata!
01-10 18:25:59.775   362   362 D ACDB-LOADER: ACDB -> found 0 form factor & soundcard independant files
01-10 18:25:59.781   362   362 D ACDB-LOADER: ACDB -> Load file: /vendor/etc/acdbdata/MTP/MTP_Headset_cal.acdb
01-10 18:25:59.781   362   362 D ACDB-LOADER: ACDB -> Load file: /vendor/etc/acdbdata/MTP/MTP_General_cal.acdb
01-10 18:25:59.781   362   362 D ACDB-LOADER: ACDB -> Load file: /vendor/etc/acdbdata/MTP/MTPBluetooth_cal.acdb
01-10 18:25:59.781   362   362 D ACDB-LOADER: ACDB -> Load file: /vendor/etc/acdbdata/MTP/MTP_Handset_cal.acdb
01-10 18:25:59.781   362   362 D ACDB-LOADER: ACDB -> Load file: /vendor/etc/acdbdata/MTP/MTP_Global_cal.acdb
01-10 18:25:59.781   362   362 D ACDB-LOADER: ACDB -> Load file: /vendor/etc/acdbdata/MTP/MTP_Hdmi_cal.acdb
01-10 18:25:59.781   362   362 D ACDB-LOADER: ACDB -> Load file: /vendor/etc/acdbdata/MTP/MTP_Speaker_cal.acdb
01-10 18:25:59.783   362   362 D ACDB-LOADER: ACDB -> ACDB_CMD_INITIALIZE_V2
01-10 18:25:59.788   362   362 D         : [ACDB Command]->SW Minor/Major/Revision version info for /vendor/etc/acdbdata/MTP/MTP_Headset_cal.acdb
01-10 18:25:59.788   362   362 D         : [ACDB Command]->ACDB Sw Major = 9, ACDB Sw Minor = 0, ACDB Sw Revision = 4, ACDB Sw Cpl Number = 0
01-10 18:25:59.788   362   362 D         : [ACDB Command]->ACDB File Major = 8, ACDB File Minor = 0, ACDB File Revision = 0, ACDB File Cpl Number = 0
01-10 18:25:59.796   362   362 D         : [ACDB Command]->SW Minor/Major/Revision version info for /vendor/etc/acdbdata/MTP/MTP_General_cal.acdb
01-10 18:25:59.796   362   362 D         : [ACDB Command]->ACDB Sw Major = 9, ACDB Sw Minor = 0, ACDB Sw Revision = 4, ACDB Sw Cpl Number = 0
01-10 18:25:59.796   362   362 D         : [ACDB Command]->ACDB File Major = 8, ACDB File Minor = 0, ACDB File Revision = 0, ACDB File Cpl Number = 0
01-10 18:25:59.797   362   362 D         : [ACDB Command]->SW Minor/Major/Revision version info for /vendor/etc/acdbdata/MTP/MTPBluetooth_cal.acdb
01-10 18:25:59.797   362   362 D         : [ACDB Command]->ACDB Sw Major = 9, ACDB Sw Minor = 0, ACDB Sw Revision = 4, ACDB Sw Cpl Number = 0
01-10 18:25:59.797   362   362 D         : [ACDB Command]->ACDB File Major = 8, ACDB File Minor = 0, ACDB File Revision = 0, ACDB File Cpl Number = 0
01-10 18:25:59.799   393   600 D vndksupport: Loading /vendor/lib64/hw/android.hardware.graphics.mapper@2.0-impl.so from current namespace instead of sphal namespace.
01-10 18:25:59.801   393   600 D vndksupport: Loading /vendor/lib64/hw/gralloc.msm8937.so from current namespace instead of sphal namespace.
01-10 18:25:59.804   362   362 D         : [ACDB Command]->SW Minor/Major/Revision version info for /vendor/etc/acdbdata/MTP/MTP_Handset_cal.acdb
01-10 18:25:59.804   362   362 D         : [ACDB Command]->ACDB Sw Major = 9, ACDB Sw Minor = 0, ACDB Sw Revision = 4, ACDB Sw Cpl Number = 0
01-10 18:25:59.804   362   362 D         : [ACDB Command]->ACDB File Major = 8, ACDB File Minor = 0, ACDB File Revision = 0, ACDB File Cpl Number = 0
01-10 18:25:59.804   393   600 I Gralloc2: Adding additional valid usage bits: 0x2000000
01-10 18:25:59.805   362   362 D         : [ACDB Command]->SW Minor/Major/Revision version info for /vendor/etc/acdbdata/MTP/MTP_Global_cal.acdb
01-10 18:25:59.805   362   362 D         : [ACDB Command]->ACDB Sw Major = 9, ACDB Sw Minor = 0, ACDB Sw Revision = 4, ACDB Sw Cpl Number = 0
01-10 18:25:59.805   362   362 D         : [ACDB Command]->ACDB File Major = 8, ACDB File Minor = 0, ACDB File Revision = 0, ACDB File Cpl Number = 0
01-10 18:25:59.806   362   362 D         : [ACDB Command]->SW Minor/Major/Revision version info for /vendor/etc/acdbdata/MTP/MTP_Hdmi_cal.acdb
01-10 18:25:59.806   362   362 D         : [ACDB Command]->ACDB Sw Major = 9, ACDB Sw Minor = 0, ACDB Sw Revision = 4, ACDB Sw Cpl Number = 0
01-10 18:25:59.806   362   362 D         : [ACDB Command]->ACDB File Major = 8, ACDB File Minor = 0, ACDB File Revision = 0, ACDB File Cpl Number = 0
01-10 18:25:59.810   362   362 D         : [ACDB Command]->SW Minor/Major/Revision version info for /vendor/etc/acdbdata/MTP/MTP_Speaker_cal.acdb
01-10 18:25:59.810   362   362 D         : [ACDB Command]->ACDB Sw Major = 9, ACDB Sw Minor = 0, ACDB Sw Revision = 4, ACDB Sw Cpl Number = 0
01-10 18:25:59.810   362   362 D         : [ACDB Command]->ACDB File Major = 8, ACDB File Minor = 0, ACDB File Revision = 0, ACDB File Cpl Number = 0
01-10 18:25:59.811   362   362 D ACDB-LOADER: ACDB -> ACPH INIT
01-10 18:25:59.811   362   362 D         : [ACPH]->Online service registered with ACPH
01-10 18:25:59.811   362   362 E Diag_Lib:  Diag_LSM_Init: Failed to open handle to diag driver, error = 13
01-10 18:25:59.811   362   362 E Diag_Lib: diag: In diagpkt_tbl_reg, service not initialized.
01-10 18:25:59.811   362   362 D         : [ACPH]->ACPH init success
01-10 18:25:59.811   362   362 D ACDB-LOADER: ACDB -> RTAC INIT
01-10 18:25:59.811   362   362 D         : [ACPH]->DSP RTC service registered with ACPH
01-10 18:25:59.811   362   362 D ACDB-LOADER: ACDB -> MCS, FTS INIT
01-10 18:25:59.811   362   362 D         : [ACPH]->MCS RTC service registered with ACPH
01-10 18:25:59.811   362   362 D         : [ACPH]->FTS RTC service registered with ACPH
01-10 18:25:59.811   362   362 D ACDB-LOADER: ACDB -> ADIE RTAC INIT
01-10 18:25:59.812   362   362 D         : [ACPH]->ADIE RTC service registered with ACPH
01-10 18:25:59.812   362   362 D ACDB-LOADER: ACDB -> ACDB_CMD_GET_VOC_PROC_DYNAMIC_TABLE_SIZE
01-10 18:25:59.812   671   691 D vndksupport: Loading /vendor/lib64/hw/android.hardware.graphics.mapper@2.0-impl.so from current namespace instead of sphal namespace.
01-10 18:25:59.813   671   691 D vndksupport: Loading /vendor/lib64/hw/gralloc.msm8937.so from current namespace instead of sphal namespace.
01-10 18:25:59.827   393   393 I SurfaceFlinger: Enter boot animation
01-10 18:25:59.833   371   622 D qdutils : DEBUG_CALC_FPS: 0
01-10 18:25:59.833   371   622 D qdutils : period: 10
01-10 18:25:59.833   371   622 D qdutils : ignorethresh_us: 500000
01-10 18:25:59.830   371   371 I HwBinder:371_2: type=1400 audit(0.0:543): avc: denied { read } for name="caps" dev="sysfs" ino=20329 scontext=u:r:hal_graphics_composer_default:s0 tcontext=u:object_r:sysfs:s0 tclass=file permissive=1
01-10 18:25:59.843   362   362 D ACDB-LOADER: ACDB -> send_common_custom_topology
01-10 18:25:59.843   362   362 D ACDB-LOADER: ACDB -> ACDB_CMD_GET_AVCS_CUSTOM_TOPO_INFO_SIZE
01-10 18:25:59.843   362   362 D ACDB-LOADER: ACDB -> ACDB_CMD_GET_AVCS_CUSTOM_TOPO_INFO
01-10 18:25:59.843   362   362 D ACDB-LOADER: ACDB -> ACDB_CMD_GET_AVCS_CUSTOM_TOPO_INFO: size:0xb0 ret=0 
01-10 18:25:59.843   362   362 D ACDB-LOADER: ACDB -> CORE_CUSTOM_TOPOLOGIES
01-10 18:25:59.840   393   393 I surfaceflinger: type=1400 audit(0.0:546): avc: denied { ioctl } for path="/dev/kgsl-3d0" dev="tmpfs" ino=4648 ioctlcmd=916 scontext=u:r:surfaceflinger:s0 tcontext=u:object_r:device:s0 tclass=chr_file permissive=1
01-10 18:25:59.847   362   362 D ACDB-LOADER: ACDB -> acdb_loader_send_common_custom_topology: Common custom topology in use
01-10 18:25:59.847   362   362 D ACDB-LOADER: ACDB -> init done!
01-10 18:25:59.847   362   362 D audio_hw_acdb: acdb_init_v2: ACDB Instance ID support after ACDB init:0
01-10 18:25:59.848   362   362 D sound_trigger_platform: platform_stdev_init Opening device /dev/snd/hwC0D1000
01-10 18:25:59.848   362   362 D sound_trigger_platform: get_codec_version: codec version 
01-10 18:25:59.848   362   362 I SoundTriggerHalImpl: onFirstRef() mModuleName primary mHwDevice 0xf17ae300
01-10 18:25:59.850   362   362 I audiohalservice: Registration complete for android.hardware.soundtrigger@2.0::ISoundTriggerHw/default.
01-10 18:25:59.851   337   337 W hwservicemanager: getTransport: Cannot find entry android.hardware.bluetooth.a2dp@1.0::IBluetoothAudioOffload/default in either framework or device manifest.
01-10 18:25:59.852   362   362 E audiohalservice: Could not get passthrough implementation for android.hardware.bluetooth.a2dp@1.0::IBluetoothAudioOffload/default.
01-10 18:25:59.852   362   362 W audiohalservice: Could not register Bluetooth audio offload 1.0
01-10 18:25:59.852   364   364 I CamProvider@2.4-impl: Loaded "QCamera Module" camera module
01-10 18:25:59.856   337   337 W hwservicemanager: getTransport: Cannot find entry android.hardware.audio@2.0::IDevicesFactory/msd in either framework or device manifest.
01-10 18:25:59.857   391   391 D vndksupport: Loading /vendor/lib/hw/android.hardware.audio@2.0-impl.so from current namespace instead of sphal namespace.
01-10 18:25:59.850   429   429 I mm-qcamera-daem: type=1400 audit(0.0:547): avc: denied { ioctl } for path="/dev/video0" dev="tmpfs" ino=179 ioctlcmd=565a scontext=u:r:init:s0 tcontext=u:object_r:video_device:s0 tclass=chr_file permissive=1
01-10 18:25:59.874   337   337 W hwservicemanager: getTransport: Cannot find entry android.hardware.audio.effect@4.0::IEffectsFactory/default in either framework or device manifest.
01-10 18:25:59.882   391   391 I AudioFlinger: Using default 3000 mSec as standby time.
01-10 18:25:59.884   391   391 E APM::Serializer: deserialize: Could not parse /odm/etc/audio_policy_configuration.xml document.
01-10 18:25:59.884   391   391 E APM::Serializer: deserialize: Could not parse /vendor/etc/audio/audio_policy_configuration.xml document.
01-10 18:25:59.884   391   391 E APM::Serializer: deserialize: Could not parse /vendor/etc/audio_policy_configuration.xml document.
01-10 18:25:59.902   391   391 E APM::Serializer: deserialize: libxml failed to resolve XIncludes on /system/etc/audio_policy_configuration.xml document.
01-10 18:25:59.903   429   429 I chatty  : uid=1006(camera) mm-qcamera-daem identical 3 lines
01-10 18:25:59.919   362   773 D vndksupport: Loading /vendor/lib/hw/audio.primary.msm8937.so from current namespace instead of sphal namespace.
01-10 18:25:59.919   362   773 D audio_hw_primary: adev_open: enter
01-10 18:25:59.922   362   773 D audio_hw_utils: audio_extn_utils_open_snd_mixer: snd_card_name: msm8917-sku5-snd-card
01-10 18:25:59.922   362   773 D audio_hw_utils: audio_extn_utils_open_snd_mixer: Opened sound card:0
01-10 18:25:59.922   362   773 D msm8916_platform: platform_init: Opened sound card:0
01-10 18:25:59.922   362   773 D msm8916_platform: platform_init: snd_card_name: msm8917-sku5-snd-card
01-10 18:25:59.922   362   773 D msm8916_platform: platform_init: mixer path file is /vendor/etc/mixer_paths_qrd_sku2.xml
01-10 18:25:59.976   390   540 D PerMgrSrv: modem new state: is on-line
01-10 18:26:00.014   356   356 I Zygote  : Preloading resources...
01-10 18:26:00.041   356   356 W Resources: Preloaded drawable resource #0x1080265 (android:drawable/dialog_background_material) that varies with configuration!!
01-10 18:26:00.076   387   387 I rmt_storage: rmt_storage_connect_cb: clnt_h=0x1 conn_h=0x7368e19010
01-10 18:26:00.076   387   387 I rmt_storage: rmt_storage_open_cb: /boot/modem_fs1: req_h=0x1 msg_id=1: Client found
01-10 18:26:00.076   387   387 I rmt_storage: rmt_storage_open_cb: /boot/modem_fs1: req_h=0x1 msg_id=1: Send response: res=0 err=0
01-10 18:26:00.077   387   814 I rmt_storage: rmt_storage_client_thread: /boot/modem_fs1: Worker thread started
01-10 18:26:00.077   387   814 I rmt_storage: wake lock name: rmt_storage_495686284528, name creation success: 24
01-10 18:26:00.079   387   387 I rmt_storage: rmt_storage_disconnect_cb: clnt_h=0x1 conn_h=0x7368e19010
01-10 18:26:00.080   387   387 I rmt_storage: rmt_storage_connect_cb: clnt_h=0x2 conn_h=0x7368e19010
01-10 18:26:00.080   387   387 I rmt_storage: rmt_storage_open_cb: /boot/modem_fs2: req_h=0x2 msg_id=1: Client found
01-10 18:26:00.080   387   387 I rmt_storage: rmt_storage_open_cb: /boot/modem_fs2: req_h=0x2 msg_id=1: Send response: res=0 err=0
01-10 18:26:00.081   387   815 I rmt_storage: rmt_storage_client_thread: /boot/modem_fs2: Worker thread started
01-10 18:26:00.081   387   815 I rmt_storage: wake lock name: rmt_storage_495679173872, name creation success: 24
01-10 18:26:00.081   387   387 I rmt_storage: rmt_storage_connect_cb: clnt_h=0x3 conn_h=0x7368e19020
01-10 18:26:00.082   387   387 I rmt_storage: rmt_storage_open_cb: /boot/modem_fsg: req_h=0x3 msg_id=1: Client found
01-10 18:26:00.082   387   387 I rmt_storage: rmt_storage_open_cb: /boot/modem_fsg: req_h=0x3 msg_id=1: Send response: res=0 err=0
01-10 18:26:00.082   387   387 I rmt_storage: rmt_storage_disconnect_cb: clnt_h=0x2 conn_h=0x7368e19010
01-10 18:26:00.082   387   387 I rmt_storage: rmt_storage_disconnect_cb: clnt_h=0x3 conn_h=0x7368e19020
01-10 18:26:00.082   387   387 I rmt_storage: rmt_storage_connect_cb: clnt_h=0x4 conn_h=0x7368e19010
01-10 18:26:00.083   387   387 I rmt_storage: rmt_storage_open_cb: /boot/modem_fsc: req_h=0x4 msg_id=1: Client found
01-10 18:26:00.083   387   387 I rmt_storage: rmt_storage_open_cb: /boot/modem_fsc: req_h=0x4 msg_id=1: Send response: res=0 err=0
01-10 18:26:00.083   387   387 I rmt_storage: rmt_storage_disconnect_cb: clnt_h=0x4 conn_h=0x7368e19010
01-10 18:26:00.084   387   387 I rmt_storage: rmt_storage_connect_cb: clnt_h=0x5 conn_h=0x7368e19010
01-10 18:26:00.084   387   387 I rmt_storage: rmt_storage_alloc_buff_cb: /boot/modem_fs1: req_h=0x5 msg_id=4: Alloc request received: Size: 0
01-10 18:26:00.084   387   387 I rmt_storage: rmt_storage_alloc_buff_cb: /boot/modem_fs1: req_h=0x5 msg_id=4: New client making a dummy request with buffer req size 0
01-10 18:26:00.084   387   387 I rmt_storage: rmt_storage_alloc_buff_cb: /boot/modem_fs1: req_h=0x5 msg_id=4: Send response: res=0 err=0
01-10 18:26:00.084   387   387 I rmt_storage: rmt_storage_disconnect_cb: clnt_h=0x5 conn_h=0x7368e19010
01-10 18:26:00.085   387   387 I rmt_storage: rmt_storage_connect_cb: clnt_h=0x6 conn_h=0x7368e19010
01-10 18:26:00.085   387   387 I rmt_storage: rmt_storage_rw_iovec_cb: /boot/modem_fs1: req_h=0x6 msg_id=3: R/W request received
01-10 18:26:00.085   387   817 I rmt_storage: rmt_storage_client_thread: /boot/modem_fsc: Worker thread started
01-10 18:26:00.085   387   817 I rmt_storage: wake lock name: rmt_storage_495677093104, name creation success: 24
01-10 18:26:00.085   387   387 I rmt_storage: wakelock acquired: 1, error no: 42
01-10 18:26:00.085   387   814 I rmt_storage: rmt_storage_client_thread: /boot/modem_fs1: Unblock worker thread (th_id: 495686284528)
01-10 18:26:00.085   387   816 I rmt_storage: rmt_storage_client_thread: /boot/modem_fsg: Worker thread started
01-10 18:26:00.085   387   816 I rmt_storage: wake lock name: rmt_storage_495678133488, name creation success: 24
01-10 18:26:00.086   387   814 I rmt_storage: rmt_storage_client_thread: /boot/modem_fs1: req_h=0x6 msg_id=3: Bytes read = 512
01-10 18:26:00.086   387   814 I rmt_storage: rmt_storage_client_thread: /boot/modem_fs1: req_h=0x6 msg_id=3: Send response: res=0 err=0
01-10 18:26:00.086   387   814 I rmt_storage: rmt_storage_client_thread: /boot/modem_fs1: About to block rmt_storage client thread (th_id: 495686284528) wakelock released: 1, error no: 0
01-10 18:26:00.086   387   814 I rmt_storage: 
01-10 18:26:00.086   387   387 I rmt_storage: rmt_storage_disconnect_cb: clnt_h=0x6 conn_h=0x7368e19010
01-10 18:26:00.086   387   387 I rmt_storage: rmt_storage_connect_cb: clnt_h=0x7 conn_h=0x7368e19010
01-10 18:26:00.086   387   387 I rmt_storage: rmt_storage_rw_iovec_cb: /boot/modem_fs2: req_h=0x7 msg_id=3: R/W request received
01-10 18:26:00.086   387   387 I rmt_storage: wakelock acquired: 1, error no: 42
01-10 18:26:00.087   387   815 I rmt_storage: rmt_storage_client_thread: /boot/modem_fs2: Unblock worker thread (th_id: 495679173872)
01-10 18:26:00.087   387   815 I rmt_storage: rmt_storage_client_thread: /boot/modem_fs2: req_h=0x7 msg_id=3: Bytes read = 512
01-10 18:26:00.087   387   815 I rmt_storage: rmt_storage_client_thread: /boot/modem_fs2: req_h=0x7 msg_id=3: Send response: res=0 err=0
01-10 18:26:00.087   387   815 I rmt_storage: rmt_storage_client_thread: /boot/modem_fs2: About to block rmt_storage client thread (th_id: 495679173872) wakelock released: 1, error no: 0
01-10 18:26:00.087   387   815 I rmt_storage: 
01-10 18:26:00.088   387   387 I rmt_storage: rmt_storage_disconnect_cb: clnt_h=0x7 conn_h=0x7368e19010
01-10 18:26:00.089   387   387 I rmt_storage: rmt_storage_connect_cb: clnt_h=0x8 conn_h=0x7368e19010
01-10 18:26:00.089   387   387 I rmt_storage: rmt_storage_rw_iovec_cb: /boot/modem_fs2: req_h=0x8 msg_id=3: R/W request received
01-10 18:26:00.089   387   387 I rmt_storage: wakelock acquired: 1, error no: 42
01-10 18:26:00.089   387   815 I rmt_storage: rmt_storage_client_thread: /boot/modem_fs2: Unblock worker thread (th_id: 495679173872)
01-10 18:26:00.097   387   815 I rmt_storage: rmt_storage_client_thread: /boot/modem_fs2: req_h=0x8 msg_id=3: Bytes read = 1571840
01-10 18:26:00.097   387   815 I rmt_storage: rmt_storage_client_thread: /boot/modem_fs2: req_h=0x8 msg_id=3: Send response: res=0 err=0
01-10 18:26:00.098   387   815 I rmt_storage: rmt_storage_client_thread: /boot/modem_fs2: About to block rmt_storage client thread (th_id: 495679173872) wakelock released: 1, error no: 0
01-10 18:26:00.098   387   815 I rmt_storage: 
01-10 18:26:00.098   387   387 I rmt_storage: rmt_storage_disconnect_cb: clnt_h=0x8 conn_h=0x7368e19010
01-10 18:26:00.099   356   356 I Zygote  : ...preloaded 64 resources in 85ms.
01-10 18:26:00.118   356   356 I Zygote  : ...preloaded 41 resources in 19ms.
01-10 18:26:00.118   356   356 D Zygote64Timing: PreloadResources took to complete: 380ms
01-10 18:26:00.118   356   356 D vndksupport: Loading /vendor/lib64/hw/android.hardware.graphics.mapper@2.0-impl.so from current namespace instead of sphal namespace.
01-10 18:26:00.120   356   356 D vndksupport: Loading /vendor/lib64/egl/libEGL_adreno.so from current namespace instead of sphal namespace.
01-10 18:26:00.122   356   356 D libEGL  : loaded /vendor/lib64/egl/libEGL_adreno.so
