--------- beginning of main
01-10 18:25:56.870   336   336 I SELinux : SELinux: Loaded service_contexts from:
01-10 18:25:56.873   336   336 I SELinux :     /plat_service_contexts
01-10 18:25:56.873   336   336 I SELinux :     /vendor_service_contexts
01-10 18:25:56.877   338   338 I SELinux : SELinux: Loaded service_contexts from:
01-10 18:25:56.879   338   338 I SELinux :     /vndservice_contexts
01-10 18:25:49.277   335   335 W auditd  : type=2000 audit(0.0:1): initialized
01-10 18:25:56.123   335   335 I auditd  : type=1403 audit(0.0:2): policy loaded auid=4294967295 ses=4294967295
01-10 18:25:56.223   305   305 I init    : type=1400 audit(0.0:3): avc: denied { write } for name="/" dev="rootfs" ino=2 scontext=u:r:vendor_init:s0 tcontext=u:object_r:rootfs:s0 tclass=dir permissive=1
01-10 18:25:56.223   305   305 I init    : type=1400 audit(0.0:4): avc: denied { add_name } for name="firmware" scontext=u:r:vendor_init:s0 tcontext=u:object_r:rootfs:s0 tclass=dir permissive=1
01-10 18:25:56.223   305   305 I init    : type=1400 audit(0.0:5): avc: denied { create } for name="firmware" scontext=u:r:vendor_init:s0 tcontext=u:object_r:rootfs:s0 tclass=dir permissive=1
01-10 18:25:56.223   305   305 I init    : type=1400 audit(0.0:6): avc: denied { setattr } for name="firmware" dev="rootfs" ino=152 scontext=u:r:vendor_init:s0 tcontext=u:object_r:rootfs:s0 tclass=dir permissive=1
01-10 18:25:56.223     1     1 I init    : type=1400 audit(0.0:7): avc: denied { mounton } for path="/sys/kernel/debug" dev="debugfs" ino=1 scontext=u:r:init:s0 tcontext=u:object_r:debugfs:s0 tclass=dir permissive=1
01-10 18:25:56.536     1     1 I init    : type=1400 audit(0.0:8): avc: denied { create } for name="sdcard" scontext=u:r:init:s0 tcontext=u:object_r:tmpfs:s0 tclass=lnk_file permissive=1
01-10 18:25:56.640   313   313 I fsck.f2fs: type=1400 audit(0.0:9): avc: denied { read } for name="mmcblk0p49" dev="tmpfs" ino=11516 scontext=u:r:fsck:s0 tcontext=u:object_r:block_device:s0 tclass=blk_file permissive=1
01-10 18:25:56.640   313   313 I fsck.f2fs: type=1400 audit(0.0:10): avc: denied { open } for path="/dev/block/mmcblk0p49" dev="tmpfs" ino=11516 scontext=u:r:fsck:s0 tcontext=u:object_r:block_device:s0 tclass=blk_file permissive=1
01-10 18:25:56.640   313   313 I fsck.f2fs: type=1400 audit(0.0:11): avc: denied { write } for name="mmcblk0p49" dev="tmpfs" ino=11516 scontext=u:r:fsck:s0 tcontext=u:object_r:block_device:s0 tclass=blk_file permissive=1
01-10 18:25:56.937   337   337 I hwservicemanager: hwservicemanager is ready now.
01-10 18:25:56.970   339   339 D vndksupport: Loading /vendor/lib64/hw/android.hardware.keymaster@3.0-impl.so from current namespace instead of sphal namespace.
--------- beginning of system
01-10 18:25:56.992   340   340 I vold    : Vold 3.0 (the awakening) firing up
01-10 18:25:56.992   339   339 I android.hardware.keymaster@3.0-impl: Fetching keymaster device name default
01-10 18:25:56.993   339   339 D vndksupport: Loading /vendor/lib64/hw/keystore.msm8937.so from current namespace instead of sphal namespace.
01-10 18:25:56.993   340   340 V vold    : Detected support for: exfat ext4 f2fs ntfs vfat
01-10 18:25:56.997   340   340 W vold    : Failed to LOOP_GET_STATUS64 /dev/block/loop7: No such device or address
01-10 18:25:56.997   340   340 W vold    : Failed to LOOP_GET_STATUS64 /dev/block/loop3: No such device or address
01-10 18:25:56.997   340   340 W vold    : Failed to LOOP_GET_STATUS64 /dev/block/loop6: No such device or address
01-10 18:25:56.997   340   340 W vold    : Failed to LOOP_GET_STATUS64 /dev/block/loop2: No such device or address
01-10 18:25:56.997   340   340 W vold    : Failed to LOOP_GET_STATUS64 /dev/block/loop4: No such device or address
01-10 18:25:56.998   340   340 W vold    : Failed to LOOP_GET_STATUS64 /dev/block/loop0: No such device or address
01-10 18:25:56.998   340   340 W vold    : Failed to LOOP_GET_STATUS64 /dev/block/loop5: No such device or address
01-10 18:25:56.998   340   340 W vold    : Failed to LOOP_GET_STATUS64 /dev/block/loop1: No such device or address
01-10 18:25:57.001   340   340 D vold    : VoldNativeService::start() completed OK
01-10 18:25:57.002   340   350 D vold    : e4crypt_init_user0
01-10 18:25:57.002   340   350 D vold    : e4crypt_prepare_user_storage for volume null, user 0, serial 0, flags 1
01-10 18:25:57.002   340   350 D vold    : Preparing: /data/system/users/0
01-10 18:25:57.002   340   350 D vold    : Preparing: /data/misc/profiles/cur/0
01-10 18:25:57.003   340   350 D vold    : Preparing: /data/system_de/0
01-10 18:25:57.003   340   350 D vold    : Preparing: /data/misc_de/0
01-10 18:25:57.004   340   350 D vold    : Preparing: /data/vendor_de/0
01-10 18:25:57.004   340   350 D vold    : Preparing: /data/user_de/0
01-10 18:25:57.005   340   350 V vold    : /system/bin/vold_prepare_subdirs
01-10 18:25:57.005   340   350 V vold    :     prepare
01-10 18:25:57.005   340   350 V vold    :     
01-10 18:25:57.005   340   350 V vold    :     0
01-10 18:25:57.005   340   350 V vold    :     1
01-10 18:25:57.028   340   350 I vold_prepare_subdirs: SELinux: Loaded file_contexts
01-10 18:25:57.031   352   352 D vold_prepare_subdirs: Setting up mode 700 uid 0 gid 0 context u:object_r:vold_data_file:s0 on path: /data/misc_de/0/vold
01-10 18:25:57.032   352   352 D vold_prepare_subdirs: Setting up mode 700 uid 0 gid 0 context u:object_r:storaged_data_file:s0 on path: /data/misc_de/0/storaged
01-10 18:25:57.032   352   352 D vold_prepare_subdirs: Setting up mode 700 uid 1000 gid 1000 context u:object_r:fingerprint_vendor_data_file:s0 on path: /data/vendor_de/0/fpdata
01-10 18:25:57.034   340   350 D vold    : e4crypt_unlock_user_key 0 serial=0 token_present=0
01-10 18:25:57.037   340   351 I vold    : Found disk at /devices/soc/7864900.sdhci/mmc_host/mmc1/mmc1:e624/block/mmcblk1 but delaying scan due to secure keyguard
01-10 18:25:57.050     1     1 I init    : type=1400 audit(0.0:24): avc: denied { setattr } for name="file" dev="sysfs" ino=30219 scontext=u:r:init:s0 tcontext=u:object_r:sysfs:s0 tclass=file permissive=1
01-10 18:25:57.051   354   354 I /system/bin/tzdatacheck: timezone distro dir /data/misc/zoneinfo/current does not exist. No action required.
01-10 18:25:57.063   305   305 I init    : type=1400 audit(0.0:25): avc: denied { setattr } for name="qsee" dev="mmcblk0p49" ino=589874 scontext=u:r:vendor_init:s0 tcontext=u:object_r:system_data_file:s0 tclass=dir permissive=1
01-10 18:25:57.063   305   305 I init    : type=1400 audit(0.0:26): avc: denied { write } for name="misc" dev="mmcblk0p49" ino=589825 scontext=u:r:vendor_init:s0 tcontext=u:object_r:system_data_file:s0 tclass=dir permissive=1
01-10 18:25:57.063   305   305 I init    : type=1400 audit(0.0:27): avc: denied { add_name } for name="qvop" scontext=u:r:vendor_init:s0 tcontext=u:object_r:system_data_file:s0 tclass=dir permissive=1
01-10 18:25:57.063   305   305 I init    : type=1400 audit(0.0:28): avc: denied { create } for name="qvop" scontext=u:r:vendor_init:s0 tcontext=u:object_r:system_data_file:s0 tclass=dir permissive=1
01-10 18:25:57.063   305   305 I init    : type=1400 audit(0.0:29): avc: denied { setattr } for name="camera" dev="mmcblk0p49" ino=589875 scontext=u:r:vendor_init:s0 tcontext=u:object_r:camera_data_file:s0 tclass=dir permissive=1
01-10 18:25:57.066   305   305 I init    : type=1400 audit(0.0:30): avc: denied { setattr } for name="media" dev="mmcblk0p49" ino=106497 scontext=u:r:vendor_init:s0 tcontext=u:object_r:media_rw_data_file:s0 tclass=dir permissive=1
01-10 18:25:57.073   305   305 I init    : type=1400 audit(0.0:31): avc: denied { setattr } for name="wifi" dev="mmcblk0p49" ino=589847 scontext=u:r:vendor_init:s0 tcontext=u:object_r:wifi_data_file:s0 tclass=dir permissive=1
01-10 18:25:57.076   305   305 I init    : type=1400 audit(0.0:32): avc: denied { setattr } for name="dhcp" dev="mmcblk0p49" ino=589851 scontext=u:r:vendor_init:s0 tcontext=u:object_r:dhcp_data_file:s0 tclass=dir permissive=1
01-10 18:25:57.278   367   367 D android.hardware.drm@1.0-service: android.hardware.drm@1.0-service starting...
01-10 18:25:57.278   387   387 I rmt_storage: Shared memory initialised successfully.
01-10 18:25:57.278   387   387 I rmt_storage: Registering modemst1: 0x4a /boot/modem_fs1
01-10 18:25:57.279   387   387 I rmt_storage: Registering modemst2: 0x4b /boot/modem_fs2
01-10 18:25:57.279   387   387 I rmt_storage: Registering fsc: 0xff /boot/modem_fsc
01-10 18:25:57.279   387   387 I rmt_storage: Registering fsg: 0x58 /boot/modem_fsg
01-10 18:25:57.279   387   387 I rmt_storage: 4 GPT partitions found
01-10 18:25:57.279   387   387 I rmt_storage: Capset success!
01-10 18:25:57.281   367   367 D vndksupport: Loading /vendor/lib64/hw/android.hardware.drm@1.0-impl.so from current namespace instead of sphal namespace.
01-10 18:25:57.332   364   364 I android.hardware.camera.provider@2.4-service: Camera provider Service is starting.
01-10 18:25:57.337   360   360 I ServiceManagement: Removing namespace from process name android.hidl.allocator@1.0-service to allocator@1.0-service.
01-10 18:25:57.341   368   368 D android.hardware.drm@1.0-service.widevine: android.hardware.drm@1.0-service.widevine starting...
01-10 18:25:57.341   368   368 I ServiceManagement: Removing namespace from process name android.hardware.drm@1.0-service.widevine to drm@1.0-service.widevine.
01-10 18:25:57.344   337   337 E SELinux : avc:  denied  { add } for interface=android.hardware.drm::IDrmFactory sid=u:r:init:s0 pid=368 scontext=u:r:init:s0 tcontext=u:object_r:hal_drm_hwservice:s0 tclass=hwservice_manager permissive=1
01-10 18:25:57.344   337   337 E SELinux : avc:  denied  { add } for interface=android.hidl.base::IBase sid=u:r:init:s0 pid=368 scontext=u:r:init:s0 tcontext=u:object_r:hidl_base_hwservice:s0 tclass=hwservice_manager permissive=1
01-10 18:25:57.346   368   368 I ServiceManagement: Removing namespace from process name android.hardware.drm@1.0-service.widevine to drm@1.0-service.widevine.
01-10 18:25:57.346   364   364 D vndksupport: Loading /vendor/lib/hw/android.hardware.camera.provider@2.4-impl.so from current namespace instead of sphal namespace.
01-10 18:25:57.351   365   365 D android.hardware.cas@1.0-service: android.hardware.cas@1.0-service starting...
01-10 18:25:57.351   365   365 I ServiceManagement: Removing namespace from process name android.hardware.cas@1.0-service to cas@1.0-service.
01-10 18:25:57.358   367   367 I ServiceManagement: Removing namespace from process name android.hardware.drm@1.0-service to drm@1.0-service.
01-10 18:25:57.360   367   367 I android.hardware.drm@1.0-service: Registration complete for android.hardware.drm@1.0::IDrmFactory/default.
01-10 18:25:57.361   367   367 D vndksupport: Loading /vendor/lib64/hw/android.hardware.drm@1.0-impl.so from current namespace instead of sphal namespace.
01-10 18:25:57.363   367   367 I ServiceManagement: Removing namespace from process name android.hardware.drm@1.0-service to drm@1.0-service.
01-10 18:25:57.364   367   367 I android.hardware.drm@1.0-service: Registration complete for android.hardware.drm@1.0::ICryptoFactory/default.
01-10 18:25:57.385   355   355 I Netd    : Netd 1.0 starting
01-10 18:25:57.389   355   355 D TetherController: Setting IP forward enable = 0
01-10 18:25:57.391   355   355 E         : Cannot determine initial API level of the device
01-10 18:25:57.433   337   337 W hwservicemanager: getTransport: Cannot find entry android.hardware.audio@4.0::IDevicesFactory/default in either framework or device manifest.
01-10 18:25:57.439   386   386 I irsc_util: Starting irsc tool
01-10 18:25:57.442   364   364 D vndksupport: Loading /vendor/lib/hw/camera.msm8937.so from current namespace instead of sphal namespace.
01-10 18:25:57.443   362   362 E audiohalservice: Could not get passthrough implementation for android.hardware.audio@4.0::IDevicesFactory/default.
01-10 18:25:57.444   362   362 D vndksupport: Loading /vendor/lib/hw/android.hardware.audio@2.0-impl.so from current namespace instead of sphal namespace.
01-10 18:25:57.457   362   362 I ServiceManagement: Removing namespace from process name android.hardware.audio@2.0-service to audio@2.0-service.
01-10 18:25:57.459   362   362 I audiohalservice: Registration complete for android.hardware.audio@2.0::IDevicesFactory/default.
01-10 18:25:57.460   337   337 W hwservicemanager: getTransport: Cannot find entry android.hardware.audio.effect@4.0::IEffectsFactory/default in either framework or device manifest.
01-10 18:25:57.461   362   362 E audiohalservice: Could not get passthrough implementation for android.hardware.audio.effect@4.0::IEffectsFactory/default.
01-10 18:25:57.463   362   362 D vndksupport: Loading /vendor/lib/hw/android.hardware.audio.effect@2.0-impl.so from current namespace instead of sphal namespace.
01-10 18:25:57.483   362   362 I audiohalservice: Registration complete for android.hardware.audio.effect@2.0::IEffectsFactory/default.
01-10 18:25:57.484   337   337 W hwservicemanager: getTransport: Cannot find entry android.hardware.soundtrigger@2.1::ISoundTriggerHw/default in either framework or device manifest.
01-10 18:25:57.485   362   362 E audiohalservice: Could not get passthrough implementation for android.hardware.soundtrigger@2.1::ISoundTriggerHw/default.
01-10 18:25:57.486   362   362 D vndksupport: Loading /vendor/lib/hw/android.hardware.soundtrigger@2.0-impl.so from current namespace instead of sphal namespace.
01-10 18:25:57.492   362   362 D vndksupport: Loading /vendor/lib/hw/sound_trigger.primary.msm8937.so from current namespace instead of sphal namespace.
01-10 18:25:57.509   362   362 D sound_trigger_hw: stdev_open: Enter
01-10 18:25:57.527   362   362 I sound_trigger_platform: platform_stdev_init: Enter
01-10 18:25:57.603   386   386 I irsc_util: Num of entries:292
01-10 18:25:57.606   386   386 I irsc_util: Ending irsc tool
01-10 18:25:57.667   369   369 D vndksupport: Loading /vendor/lib64/hw/android.hardware.gatekeeper@1.0-impl.so from current namespace instead of sphal namespace.
01-10 18:25:57.676   392   392 I lowmemorykiller: Using in-kernel low memory killer interface
01-10 18:25:57.693   417   417 I mediaserver: ServiceManager: 0x7137225480
01-10 18:25:57.705   388   388 I tftp_server: Starting...
01-10 18:25:57.763   369   369 D vndksupport: Loading /vendor/lib64/hw/gatekeeper.msm8937.so from current namespace instead of sphal namespace.
01-10 18:25:57.815   389   389 D QSEECOMD: : qseecom listener services process entry PPID = 1
01-10 18:25:57.815   389   389 E QSEECOMD: : Listener: index = 0, hierarchy = 0
01-10 18:25:57.839   410   410 E /vendor/bin/adsprpcd: vendor/qcom/proprietary/adsprpc/src/adsprpcd.c:29:adsp daemon starting
01-10 18:25:57.850   369   369 D gatekeeper_device: HwGkOpen called
01-10 18:25:57.896   433   433 I /system/bin/tombstoned: tombstoned successfully initialized
01-10 18:25:57.923   406   406 D QC-time-services: Daemon:genoff_pre_init::Base = 0
01-10 18:25:57.924   406   406 D QC-time-services: Daemon:ats_rtc_init: Time read from RTC -- year = 70, month = 0,day = 10
01-10 18:25:57.944   389   389 D QSEECOMD: : Init dlopen(librpmb.so, RTLD_NOW) succeeds
01-10 18:25:57.944   389   389 D QSEECOMD: : Init::Init dlsym(g_FSHandle rpmb_init_service) succeeds
01-10 18:25:57.944   389   389 I rpmb_emmc: RPMB Mult (512-bytes sector) = 8192, Rel_sec_cnt = 32
01-10 18:25:57.944   389   389 E DrmLibRpmb: rpmb_init succeeded! with ret = 0
01-10 18:25:57.944   389   389 D QSEECOMD: : Init rpmb_init_service ret = 0
01-10 18:25:57.944   389   389 D QSEECOMD: : RPMB system services: init (Listener ID = 8192)
01-10 18:25:57.944   389   389 E QSEECOMD: : Listener: index = 1, hierarchy = 0
01-10 18:25:57.961   389   389 D QSEECOMD: : Init dlopen(libssd.so, RTLD_NOW) succeeds
01-10 18:25:57.961   389   389 D QSEECOMD: : Init::Init dlsym(g_FSHandle ssd_init_service) succeeds
01-10 18:25:57.961   389   389 E SSD     : ssd_init_service succeeded!
01-10 18:25:57.961   389   389 D QSEECOMD: : Init ssd_init_service ret = 0
01-10 18:25:57.961   389   389 D QSEECOMD: : SSD system services: init (Listener ID = 12288)
01-10 18:25:57.961   389   389 E QSEECOMD: : Listener: index = 2, hierarchy = 0
01-10 18:25:57.986   388   388 I tftp_server: pid=388 tid=388 tftp-server : INF :[tftp_os_la.c, 121] mkdir failed: [17] [/data/vendor/tombstones/rfs/modem] [File exists]
01-10 18:25:57.986   388   388 I tftp_server: pid=388 tid=388 tftp-server : INF :[tftp_os_la.c, 141] chown failed: [1] [/data/vendor/tombstones/rfs/modem] [Operation not permitted]
01-10 18:25:57.986   388   388 I tftp_server: pid=388 tid=388 tftp-server : INF :[tftp_os_la.c, 141] chown failed: [1] [/data/vendor/tombstones/rfs/modem] [Operation not permitted]
01-10 18:25:57.986   388   388 I tftp_server: pid=388 tid=388 tftp-server : INF :[tftp_os_la.c, 121] mkdir failed: [17] [/data/vendor/tombstones/rfs/modem/] [File exists]
01-10 18:25:57.986   388   388 I tftp_server: pid=388 tid=388 tftp-server : INF :[tftp_os_la.c, 141] chown failed: [1] [/data/vendor/tombstones/rfs/modem/] [Operation not permitted]
01-10 18:25:57.987   388   388 I tftp_server: pid=388 tid=388 tftp-server : INF :[tftp_os_la.c, 121] mkdir failed: [17] [/data/vendor/tombstones/rfs/lpass] [File exists]
01-10 18:25:57.987   388   388 I tftp_server: pid=388 tid=388 tftp-server : INF :[tftp_os_la.c, 141] chown failed: [1] [/data/vendor/tombstones/rfs/lpass] [Operation not permitted]
01-10 18:25:57.987   388   388 I tftp_server: pid=388 tid=388 tftp-server : INF :[tftp_os_la.c, 141] chown failed: [1] [/data/vendor/tombstones/rfs/lpass] [Operation not permitted]
01-10 18:25:57.987   388   388 I tftp_server: pid=388 tid=388 tftp-server : INF :[tftp_os_la.c, 121] mkdir failed: [17] [/data/vendor/tombstones/rfs/lpass/] [File exists]
01-10 18:25:57.987   388   388 I tftp_server: pid=388 tid=388 tftp-server : INF :[tftp_os_la.c, 141] chown failed: [1] [/data/vendor/tombstones/rfs/lpass/] [Operation not permitted]
01-10 18:25:57.987   388   388 I tftp_server: pid=388 tid=388 tftp-server : INF :[tftp_os_la.c, 121] mkdir failed: [17] [/data/vendor/tombstones/rfs/tn] [File exists]
01-10 18:25:57.987   388   388 I tftp_server: pid=388 tid=388 tftp-server : INF :[tftp_os_la.c, 141] chown failed: [1] [/data/vendor/tombstones/rfs/tn] [Operation not permitted]
01-10 18:25:57.987   388   388 I tftp_server: pid=388 tid=388 tftp-server : INF :[tftp_os_la.c, 141] chown failed: [1] [/data/vendor/tombstones/rfs/tn] [Operation not permitted]
01-10 18:25:57.987   388   388 I tftp_server: pid=388 tid=388 tftp-server : INF :[tftp_os_la.c, 121] mkdir failed: [17] [/data/vendor/tombstones/rfs/tn/] [File exists]
01-10 18:25:57.987   388   388 I tftp_server: pid=388 tid=388 tftp-server : INF :[tftp_os_la.c, 141] chown failed: [1] [/data/vendor/tombstones/rfs/tn/] [Operation not permitted]
01-10 18:25:57.987   388   388 I tftp_server: pid=388 tid=388 tftp-server : INF :[tftp_os_la.c, 121] mkdir failed: [17] [/data/vendor/tombstones/rfs/slpi] [File exists]
01-10 18:25:57.987   388   388 I tftp_server: pid=388 tid=388 tftp-server : INF :[tftp_os_la.c, 141] chown failed: [1] [/data/vendor/tombstones/rfs/slpi] [Operation not permitted]
01-10 18:25:57.987   388   388 I tftp_server: pid=388 tid=388 tftp-server : INF :[tftp_os_la.c, 141] chown failed: [1] [/data/vendor/tombstones/rfs/slpi] [Operation not permitted]
01-10 18:25:57.987   388   388 I tftp_server: pid=388 tid=388 tftp-server : INF :[tftp_os_la.c, 121] mkdir failed: [17] [/data/vendor/tombstones/rfs/slpi/] [File exists]
01-10 18:25:57.987   388   388 I tftp_server: pid=388 tid=388 tftp-server : INF :[tftp_os_la.c, 141] chown failed: [1] [/data/vendor/tombstones/rfs/slpi/] [Operation not permitted]
01-10 18:25:57.987   388   388 I tftp_server: pid=388 tid=388 tftp-server : INF :[tftp_os_la.c, 121] mkdir failed: [17] [/persist/rfs/shared] [File exists]
01-10 18:25:57.987   388   388 I tftp_server: pid=388 tid=388 tftp-server : INF :[tftp_os_la.c, 121] mkdir failed: [17] [/persist/rfs/shared/] [File exists]
01-10 18:25:58.070   410   410 W adsprpcd: type=1400 audit(0.0:144): avc: granted { read } for name="ion" dev="tmpfs" ino=12731 scontext=u:r:init:s0 tcontext=u:object_r:ion_device:s0 tclass=chr_file
01-10 18:25:58.070   410   410 W adsprpcd: type=1400 audit(0.0:145): avc: granted { read open } for path="/dev/ion" dev="tmpfs" ino=12731 scontext=u:r:init:s0 tcontext=u:object_r:ion_device:s0 tclass=chr_file
01-10 18:25:58.090   388   388 I tftp_server: type=1400 audit(0.0:146): avc: denied { create } for scontext=u:r:init:s0 tcontext=u:r:init:s0 tclass=socket permissive=1
01-10 18:25:58.090   388   388 I tftp_server: type=1400 audit(0.0:147): avc: denied { bind } for scontext=u:r:init:s0 tcontext=u:r:init:s0 tclass=socket permissive=1
01-10 18:25:58.090   430   430 I wcnss_service: type=1400 audit(0.0:148): avc: denied { read } for scontext=u:r:init:s0 tcontext=u:r:init:s0 tclass=socket permissive=1
01-10 18:25:57.987   388   388 I tftp_server: pid=388 tid=388 tftp-server : INF :[tftp_os_la.c, 121] mkdir failed: [17] [/persist/rfs/msm/mpss] [File exists]
01-10 18:25:57.987   388   388 I tftp_server: pid=388 tid=388 tftp-server : INF :[tftp_os_la.c, 121] mkdir failed: [17] [/persist/rfs/msm/mpss/] [File exists]
01-10 18:25:57.987   388   388 I tftp_server: pid=388 tid=388 tftp-server : INF :[tftp_os_la.c, 121] mkdir failed: [17] [/persist/rfs/msm/adsp] [File exists]
01-10 18:25:57.987   388   388 I tftp_server: pid=388 tid=388 tftp-server : INF :[tftp_os_la.c, 121] mkdir failed: [17] [/persist/rfs/msm/adsp/] [File exists]
01-10 18:25:57.987   388   388 I tftp_server: pid=388 tid=388 tftp-server : INF :[tftp_os_la.c, 121] mkdir failed: [17] [/persist/rfs/msm/slpi] [File exists]
01-10 18:25:57.987   388   388 I tftp_server: pid=388 tid=388 tftp-server : INF :[tftp_os_la.c, 121] mkdir failed: [17] [/persist/rfs/msm/slpi/] [File exists]
01-10 18:25:57.987   388   388 I tftp_server: pid=388 tid=388 tftp-server : INF :[tftp_os_la.c, 121] mkdir failed: [17] [/persist/rfs/mdm/mpss] [File exists]
01-10 18:25:57.987   388   388 I tftp_server: pid=388 tid=388 tftp-server : INF :[tftp_os_la.c, 121] mkdir failed: [17] [/persist/rfs/mdm/mpss/] [File exists]
01-10 18:25:57.987   388   388 I tftp_server: pid=388 tid=388 tftp-server : INF :[tftp_os_la.c, 121] mkdir failed: [17] [/persist/rfs/mdm/adsp] [File exists]
01-10 18:25:57.987   388   388 I tftp_server: pid=388 tid=388 tftp-server : INF :[tftp_os_la.c, 121] mkdir failed: [17] [/persist/rfs/mdm/adsp/] [File exists]
01-10 18:25:57.988   388   388 I tftp_server: pid=388 tid=388 tftp-server : INF :[tftp_os_la.c, 121] mkdir failed: [17] [/persist/rfs/mdm/slpi] [File exists]
01-10 18:25:57.988   388   388 I tftp_server: pid=388 tid=388 tftp-server : INF :[tftp_os_la.c, 121] mkdir failed: [17] [/persist/rfs/mdm/slpi/] [File exists]
01-10 18:25:57.988   388   388 I tftp_server: pid=388 tid=388 tftp-server : INF :[tftp_os_la.c, 121] mkdir failed: [17] [/persist/rfs/mdm/tn] [File exists]
01-10 18:25:57.988   388   388 I tftp_server: pid=388 tid=388 tftp-server : INF :[tftp_os_la.c, 121] mkdir failed: [17] [/persist/rfs/mdm/tn/] [File exists]
01-10 18:25:57.988   388   388 I tftp_server: pid=388 tid=388 tftp-server : INF :[tftp_os_la.c, 121] mkdir failed: [17] [/persist/rfs/apq/gnss] [File exists]
01-10 18:25:57.988   388   388 I tftp_server: pid=388 tid=388 tftp-server : INF :[tftp_os_la.c, 121] mkdir failed: [17] [/persist/rfs/apq/gnss/] [File exists]
01-10 18:25:57.988   388   388 I tftp_server: pid=388 tid=388 tftp-server : INF :[tftp_os_la.c, 121] mkdir failed: [17] [/persist/hlos_rfs/shared] [File exists]
01-10 18:25:57.988   388   388 I tftp_server: pid=388 tid=388 tftp-server : INF :[tftp_os_la.c, 121] mkdir failed: [17] [/persist/hlos_rfs/shared/] [File exists]
01-10 18:25:57.998   402   436 I adbd    : initializing functionfs
01-10 18:25:57.998   402   436 I adbd    : opening control endpoint /dev/usb-ffs/adb/ep0
01-10 18:25:58.004   430   430 E wcnss_service: wcnss_service: num_modems = 1
01-10 18:25:58.004   430   430 E wcnss_qmi: wcnss_init_qmi: Initialize wcnss QMI Interface
01-10 18:25:58.005   430   430 E QMI_FW  : QMUXD: WARNING qmi_qmux_if_pwr_up_init failed! rc=-6
01-10 18:25:58.012   410   410 D /vendor/bin/adsprpcd: vendor/qcom/proprietary/adsprpc/src/fastrpc_apps_user.c:1124: Error 57: apps_dev_init failed. domain 0, errno Operation not permitted
01-10 18:25:58.012   410   410 D /vendor/bin/adsprpcd: vendor/qcom/proprietary/adsprpc/src/fastrpc_apps_user.c:1207: Error 57: open dev -1 for domain 0 failed
01-10 18:25:58.012   410   410 D /vendor/bin/adsprpcd: vendor/qcom/proprietary/adsprpc/src/fastrpc_apps_user.c:1124: Error 57: apps_dev_init failed. domain 0, errno Operation not permitted
01-10 18:25:58.012   410   410 D /vendor/bin/adsprpcd: vendor/qcom/proprietary/adsprpc/src/fastrpc_apps_user.c:1207: Error 57: open dev -1 for domain 0 failed
01-10 18:25:58.012   410   410 D /vendor/bin/adsprpcd: vendor/qcom/proprietary/adsprpc/src/fastrpc_apps_user.c:651: Error 3b: remote handle invoke failed. domain 0, handle ffffffff, sc 0, pra 0x0
01-10 18:25:58.012   410   410 E /vendor/bin/adsprpcd: vendor/qcom/proprietary/adsprpc/src/adsprpcd.c:43:adsp daemon will restart after 25ms...
01-10 18:25:58.042   410   410 D /vendor/bin/adsprpcd: vendor/qcom/proprietary/adsprpc/src/fastrpc_apps_user.c:1124: Error 57: apps_dev_init failed. domain 0, errno Operation not permitted
01-10 18:25:58.042   410   410 D /vendor/bin/adsprpcd: vendor/qcom/proprietary/adsprpc/src/fastrpc_apps_user.c:1207: Error 57: open dev -1 for domain 0 failed
01-10 18:25:58.042   410   410 D /vendor/bin/adsprpcd: vendor/qcom/proprietary/adsprpc/src/fastrpc_apps_user.c:1124: Error 57: apps_dev_init failed. domain 0, errno Operation not permitted
01-10 18:25:58.042   410   410 D /vendor/bin/adsprpcd: vendor/qcom/proprietary/adsprpc/src/fastrpc_apps_user.c:1207: Error 57: open dev -1 for domain 0 failed
01-10 18:25:58.042   410   410 D /vendor/bin/adsprpcd: vendor/qcom/proprietary/adsprpc/src/fastrpc_apps_user.c:651: Error 3b: remote handle invoke failed. domain 0, handle ffffffff, sc 0, pra 0x0
01-10 18:25:58.042   410   410 E /vendor/bin/adsprpcd: vendor/qcom/proprietary/adsprpc/src/adsprpcd.c:43:adsp daemon will restart after 25ms...
01-10 18:25:58.050   372   372 I health@2.0/: health@2.0/default: Hal starting main loop...
01-10 18:25:58.051   372   372 I health@2.0/: health@2.0/default Hal is starting up...
01-10 18:25:58.053   372   372 I ServiceManagement: Removing namespace from process name android.hardware.health@2.0-service to health@2.0-service.
01-10 18:25:58.055   366   366 W /vendor/bin/hw/android.hardware.configstore@1.1-service: libminijail[366]: allowing syscall: connect
01-10 18:25:58.055   366   366 W /vendor/bin/hw/android.hardware.configstore@1.1-service: libminijail[366]: allowing syscall: fcntl
01-10 18:25:58.055   366   366 W /vendor/bin/hw/android.hardware.configstore@1.1-service: libminijail[366]: allowing syscall: sendto
01-10 18:25:58.055   366   366 W /vendor/bin/hw/android.hardware.configstore@1.1-service: libminijail[366]: allowing syscall: socket
01-10 18:25:58.055   366   366 W /vendor/bin/hw/android.hardware.configstore@1.1-service: libminijail[366]: allowing syscall: writev
01-10 18:25:58.062   366   366 W /vendor/bin/hw/android.hardware.configstore@1.1-service: libminijail[366]: logging seccomp filter failures
01-10 18:25:58.062   376   376 D vndksupport: Loading /vendor/lib64/hw/android.hardware.power@1.0-impl.so from current namespace instead of sphal namespace.
01-10 18:25:58.062   366   366 I ServiceManagement: Removing namespace from process name android.hardware.configstore@1.1-service to configstore@1.1-service.
01-10 18:25:58.072   410   410 D /vendor/bin/adsprpcd: vendor/qcom/proprietary/adsprpc/src/fastrpc_apps_user.c:1124: Error 57: apps_dev_init failed. domain 0, errno Operation not permitted
01-10 18:25:58.072   410   410 D /vendor/bin/adsprpcd: vendor/qcom/proprietary/adsprpc/src/fastrpc_apps_user.c:1207: Error 57: open dev -1 for domain 0 failed
01-10 18:25:58.072   410   410 D /vendor/bin/adsprpcd: vendor/qcom/proprietary/adsprpc/src/fastrpc_apps_user.c:1124: Error 57: apps_dev_init failed. domain 0, errno Operation not permitted
01-10 18:25:58.072   410   410 D /vendor/bin/adsprpcd: vendor/qcom/proprietary/adsprpc/src/fastrpc_apps_user.c:1207: Error 57: open dev -1 for domain 0 failed
01-10 18:25:58.072   410   410 D /vendor/bin/adsprpcd: vendor/qcom/proprietary/adsprpc/src/fastrpc_apps_user.c:651: Error 3b: remote handle invoke failed. domain 0, handle ffffffff, sc 0, pra 0x0
01-10 18:25:58.072   410   410 E /vendor/bin/adsprpcd: vendor/qcom/proprietary/adsprpc/src/adsprpcd.c:43:adsp daemon will restart after 25ms...
01-10 18:25:58.081   427   443 D QCALOG  : [location-mq] SRV Socket-Opend
01-10 18:25:58.094   382   382 I ServiceManagement: Removing namespace from process name vendor.qti.hardware.perf@1.0-service to perf@1.0-service.
01-10 18:25:58.103   376   376 D vndksupport: Loading /vendor/lib64/hw/power.qcom.so from current namespace instead of sphal namespace.
01-10 18:25:58.112   410   410 D /vendor/bin/adsprpcd: vendor/qcom/proprietary/adsprpc/src/fastrpc_apps_user.c:1124: Error 57: apps_dev_init failed. domain 0, errno Operation not permitted
01-10 18:25:58.112   410   410 D /vendor/bin/adsprpcd: vendor/qcom/proprietary/adsprpc/src/fastrpc_apps_user.c:1207: Error 57: open dev -1 for domain 0 failed
01-10 18:25:58.112   410   410 D /vendor/bin/adsprpcd: vendor/qcom/proprietary/adsprpc/src/fastrpc_apps_user.c:1124: Error 57: apps_dev_init failed. domain 0, errno Operation not permitted
01-10 18:25:58.112   410   410 D /vendor/bin/adsprpcd: vendor/qcom/proprietary/adsprpc/src/fastrpc_apps_user.c:1207: Error 57: open dev -1 for domain 0 failed
01-10 18:25:58.112   410   410 D /vendor/bin/adsprpcd: vendor/qcom/proprietary/adsprpc/src/fastrpc_apps_user.c:651: Error 3b: remote handle invoke failed. domain 0, handle ffffffff, sc 0, pra 0x0
01-10 18:25:58.113   410   410 E /vendor/bin/adsprpcd: vendor/qcom/proprietary/adsprpc/src/adsprpcd.c:43:adsp daemon will restart after 25ms...
01-10 18:25:58.117   355   355 I Netd    : Creating child chains: 720.9ms
01-10 18:25:58.117   355   355 I Netd    : Setting up OEM hooks: 0.2ms
01-10 18:25:58.138   355   355 I Netd    : Setting up FirewallController hooks: 20.4ms
01-10 18:25:58.143   355   355 I Netd    : Setting up TetherController hooks: 5.3ms
01-10 18:25:58.151   410   410 D /vendor/bin/adsprpcd: vendor/qcom/proprietary/adsprpc/src/fastrpc_apps_user.c:1124: Error 57: apps_dev_init failed. domain 0, errno Operation not permitted
01-10 18:25:58.151   410   410 D /vendor/bin/adsprpcd: vendor/qcom/proprietary/adsprpc/src/fastrpc_apps_user.c:1207: Error 57: open dev -1 for domain 0 failed
01-10 18:25:58.151   402   436 I adbd    : functionfs successfully initialized
01-10 18:25:58.151   402   436 I adbd    : registering usb transport
01-10 18:25:58.151   410   410 D /vendor/bin/adsprpcd: vendor/qcom/proprietary/adsprpc/src/fastrpc_apps_user.c:1124: Error 57: apps_dev_init failed. domain 0, errno Operation not permitted
01-10 18:25:58.151   410   410 D /vendor/bin/adsprpcd: vendor/qcom/proprietary/adsprpc/src/fastrpc_apps_user.c:1207: Error 57: open dev -1 for domain 0 failed
01-10 18:25:58.152   410   410 D /vendor/bin/adsprpcd: vendor/qcom/proprietary/adsprpc/src/fastrpc_apps_user.c:651: Error 3b: remote handle invoke failed. domain 0, handle ffffffff, sc 0, pra 0x0
01-10 18:25:58.152   410   410 E /vendor/bin/adsprpcd: vendor/qcom/proprietary/adsprpc/src/adsprpcd.c:43:adsp daemon will restart after 25ms...
01-10 18:25:58.165   355   355 I Netd    : Setting up BandwidthController hooks: 22.4ms
01-10 18:25:58.166   355   355 I Netd    : Setting up IdletimerController hooks: 0.1ms
01-10 18:25:58.166   355   355 I Netd    : initializing traffic control: 0.0ms
01-10 18:25:58.179   357   357 D AndroidRuntime: >>>>>> START com.android.internal.os.ZygoteInit uid 0 <<<<<<
01-10 18:25:58.179   374   374 I ServiceManagement: Removing namespace from process name android.hardware.light@2.0-service.aw2013.rolex to light@2.0-service.aw2013.rolex.
01-10 18:25:58.189   376   376 E QTI PowerHAL: Unable to get perf_hint function handle.
01-10 18:25:58.189   376   376 I QTI PowerHAL: QTI power HAL initing.
01-10 18:25:58.190   406   406 D QC-time-services: Daemon ats_rtc_init: seconds = 818757
01-10 18:25:58.190   406   406 D QC-time-services: Daemon:Value read from RTC seconds = 818757000
01-10 18:25:58.190   406   406 D QC-time-services: Daemon:genoff_init_config: ATS_RTC initialized with rc: 0
01-10 18:25:58.190   406   406 D QC-time-services: Daemon:genoff_pre_init::Base = 1
01-10 18:25:58.190   406   406 D QC-time-services: Daemon: Storage Name: ats_1 
01-10 18:25:58.190   406   406 D QC-time-services: Daemon:Opening File: /persist/time/ats_1 /data/time/ats_1
01-10 18:25:58.191   406   406 D QC-time-services: Daemon:time_persistent_memory_opr:Genoff Read operation 
01-10 18:25:58.193   409   409 E Diag_Lib: qpLogDiagInit <== result : 1
01-10 18:25:58.193   337   337 E SELinux : avc:  denied  { add } for interface=vendor.qti.hardware.perf::IPerf sid=u:r:init:s0 pid=382 scontext=u:r:init:s0 tcontext=u:object_r:default_android_hwservice:s0 tclass=hwservice_manager permissive=1
01-10 18:25:58.193   409   409 E Diag_Lib: QMID : gIsQXDMDisabled 0, gIsADBDisabled 1, gIsDebugDisabled 0, gIsIMSLogsDisabled 0
01-10 18:25:58.193   409   409 E Diag_Lib: [IMS_QMID] |imsqmiserver.c | 541 | QMID#$$#0#QMI DAEMON STARTED
01-10 18:25:58.195   372   372 I health@2.0/: health@2.0/default: Hal init done
01-10 18:25:58.202   410   410 D /vendor/bin/adsprpcd: vendor/qcom/proprietary/adsprpc/src/fastrpc_apps_user.c:1124: Error 57: apps_dev_init failed. domain 0, errno Operation not permitted
01-10 18:25:58.202   410   410 D /vendor/bin/adsprpcd: vendor/qcom/proprietary/adsprpc/src/fastrpc_apps_user.c:1207: Error 57: open dev -1 for domain 0 failed
01-10 18:25:58.203   337   337 E SELinux : avc:  denied  { add } for interface=android.hardware.light::ILight sid=u:r:init:s0 pid=374 scontext=u:r:init:s0 tcontext=u:object_r:hal_light_hwservice:s0 tclass=hwservice_manager permissive=1
01-10 18:25:58.203   382   382 E vendor.qti.hardware.perf@1.0-service: Registered IPerf HAL service success!
01-10 18:25:58.209   337   337 E SELinux : avc:  denied  { find } for interface=vendor.qti.hardware.iop::IIop sid=u:r:init:s0 pid=381 scontext=u:r:init:s0 tcontext=u:object_r:default_android_hwservice:s0 tclass=hwservice_manager permissive=1
01-10 18:25:58.210   374   374 I android.hardware.light@2.0-service.aw2013.rolex: Light HAL Ready.
01-10 18:25:58.211   381   381 D vndksupport: Loading /vendor/lib64/hw/vendor.qti.hardware.iop@1.0-impl.so from current namespace instead of sphal namespace.
01-10 18:25:58.211   375   375 D vndksupport: Loading /vendor/lib64/hw/android.hardware.memtrack@1.0-impl.so from current namespace instead of sphal namespace.
01-10 18:25:58.217   406   406 D QC-time-services: Daemon:Open File: /data/time/ats_1
01-10 18:25:58.217   406   406 D QC-time-services: Daemon:Unable to open filefor read
01-10 18:25:58.217   406   406 D QC-time-services: Daemon:genoff_post_init:Error in accessing storage
01-10 18:25:58.217   406   406 D QC-time-services: Daemon:genoff_pre_init::Base = 2
01-10 18:25:58.217   406   406 D QC-time-services: Daemon: Storage Name: ats_2 
01-10 18:25:58.217   406   406 D QC-time-services: Daemon:Opening File: /persist/time/ats_2 /data/time/ats_2
01-10 18:25:58.217   406   406 D QC-time-services: Daemon:time_persistent_memory_opr:Genoff Read operation 
01-10 18:25:58.217   406   406 D QC-time-services: Daemon:Open File: /data/time/ats_2
01-10 18:25:58.217   406   406 D QC-time-services: Daemon:Unable to open filefor read
01-10 18:25:58.217   406   406 D QC-time-services: Daemon:genoff_post_init:Error in accessing storage
01-10 18:25:58.217   406   406 D QC-time-services: Daemon:genoff_pre_init::Base = 3
01-10 18:25:58.217   406   406 D QC-time-services: Daemon: Storage Name: ats_3 
01-10 18:25:58.217   406   406 D QC-time-services: Daemon:Opening File: /persist/time/ats_3 /data/time/ats_3
01-10 18:25:58.217   406   406 D QC-time-services: Daemon:time_persistent_memory_opr:Genoff Read operation 
01-10 18:25:58.217   406   406 D QC-time-services: Daemon:Open File: /data/time/ats_3
01-10 18:25:58.217   406   406 D QC-time-services: Daemon:Unable to open filefor read
01-10 18:25:58.217   406   406 D QC-time-services: Daemon:genoff_post_init:Error in accessing storage
01-10 18:25:58.217   406   406 D QC-time-services: Daemon:genoff_pre_init::Base = 4
01-10 18:25:58.218   406   406 D QC-time-services: Daemon: Storage Name: ats_4 
01-10 18:25:58.218   406   406 D QC-time-services: Daemon:Opening File: /persist/time/ats_4 /data/time/ats_4
01-10 18:25:58.218   406   406 D QC-time-services: Daemon:time_persistent_memory_opr:Genoff Read operation 
01-10 18:25:58.218   389   389 D QSEECOMD: : Init dlopen(libsecureui.so, RTLD_NOW) succeeds
01-10 18:25:58.218   406   406 D QC-time-services: Daemon:Open File: /data/time/ats_4
01-10 18:25:58.218   389   389 D QSEECOMD: : Init::Init dlsym(g_FSHandle secure_ui_init) succeeds
01-10 18:25:58.218   406   406 D QC-time-services: Daemon:Unable to open filefor read
01-10 18:25:58.218   406   406 D QC-time-services: Daemon:genoff_post_init:Error in accessing storage
01-10 18:25:58.218   389   389 D QSEECOMD: : Init secure_ui_init ret = 0
01-10 18:25:58.218   406   406 D QC-time-services: Daemon:genoff_pre_init::Base = 5
01-10 18:25:58.218   389   389 D QSEECOMD: : secure UI services: init (Listener ID = 16384)
01-10 18:25:58.218   406   406 D QC-time-services: Daemon: Storage Name: ats_5 
01-10 18:25:58.218   406   406 D QC-time-services: Daemon:Opening File: /persist/time/ats_5 /data/time/ats_5
01-10 18:25:58.218   406   406 D QC-time-services: Daemon:time_persistent_memory_opr:Genoff Read operation 
01-10 18:25:58.218   406   406 D QC-time-services: Daemon:Open File: /data/time/ats_5
01-10 18:25:58.218   406   406 D QC-time-services: Daemon:Unable to open filefor read
01-10 18:25:58.218   406   406 D QC-time-services: Daemon:genoff_post_init:Error in accessing storage
01-10 18:25:58.218   406   406 D QC-time-services: Daemon:genoff_pre_init::Base = 6
01-10 18:25:58.218   406   406 D QC-time-services: Daemon: Storage Name: ats_6 
01-10 18:25:58.218   406   406 D QC-time-services: Daemon:Opening File: /persist/time/ats_6 /data/time/ats_6
01-10 18:25:58.218   406   406 D QC-time-services: Daemon:time_persistent_memory_opr:Genoff Read operation 
01-10 18:25:58.218   406   406 D QC-time-services: Daemon:Open File: /data/time/ats_6
01-10 18:25:58.218   406   406 D QC-time-services: Daemon:Unable to open filefor read
01-10 18:25:58.218   406   406 D QC-time-services: Daemon:genoff_post_init:Error in accessing storage
01-10 18:25:58.218   406   406 D QC-time-services: Daemon:genoff_pre_init::Base = 7
01-10 18:25:58.218   406   406 D QC-time-services: Daemon: Storage Name: ats_7 
01-10 18:25:58.218   406   406 D QC-time-services: Daemon:Opening File: /persist/time/ats_7 /data/time/ats_7
01-10 18:25:58.218   406   406 D QC-time-services: Daemon:time_persistent_memory_opr:Genoff Read operation 
01-10 18:25:58.218   406   406 D QC-time-services: Daemon:Open File: /data/time/ats_7
01-10 18:25:58.218   406   406 D QC-time-services: Daemon:Unable to open filefor read
01-10 18:25:58.218   406   406 D QC-time-services: Daemon:genoff_post_init:Error in accessing storage
01-10 18:25:58.218   406   406 D QC-time-services: Daemon:genoff_pre_init::Base = 8
01-10 18:25:58.218   406   406 D QC-time-services: Daemon: Storage Name: ats_8 
01-10 18:25:58.218   406   406 D QC-time-services: Daemon:Opening File: /persist/time/ats_8 /data/time/ats_8
01-10 18:25:58.218   406   406 D QC-time-services: Daemon:time_persistent_memory_opr:Genoff Read operation 
01-10 18:25:58.218   406   406 D QC-time-services: Daemon:Open File: /data/time/ats_8
01-10 18:25:58.218   406   406 D QC-time-services: Daemon:Unable to open filefor read
01-10 18:25:58.218   406   406 D QC-time-services: Daemon:genoff_post_init:Error in accessing storage
01-10 18:25:58.218   406   406 D QC-time-services: Daemon:genoff_pre_init::Base = 9
01-10 18:25:58.218   406   406 D QC-time-services: Daemon: Storage Name: ats_9 
01-10 18:25:58.218   406   406 D QC-time-services: Daemon:Opening File: /persist/time/ats_9 /data/time/ats_9
01-10 18:25:58.218   406   406 D QC-time-services: Daemon:time_persistent_memory_opr:Genoff Read operation 
01-10 18:25:58.218   406   406 D QC-time-services: Daemon:Open File: /data/time/ats_9
01-10 18:25:58.218   406   406 D QC-time-services: Daemon:Unable to open filefor read
01-10 18:25:58.218   406   406 D QC-time-services: Daemon:genoff_post_init:Error in accessing storage
01-10 18:25:58.218   406   406 D QC-time-services: Daemon:genoff_pre_init::Base = 10
01-10 18:25:58.218   406   406 D QC-time-services: Daemon: Storage Name: ats_10 
01-10 18:25:58.218   406   406 D QC-time-services: Daemon:Opening File: /persist/time/ats_10 /data/time/ats_10
01-10 18:25:58.218   406   406 D QC-time-services: Daemon:time_persistent_memory_opr:Genoff Read operation 
01-10 18:25:58.218   406   406 D QC-time-services: Daemon:Open File: /data/time/ats_10
01-10 18:25:58.218   406   406 D QC-time-services: Daemon:Unable to open filefor read
01-10 18:25:58.218   406   406 D QC-time-services: Daemon:genoff_post_init:Error in accessing storage
01-10 18:25:58.218   406   406 D QC-time-services: Daemon:genoff_pre_init::Base = 11
01-10 18:25:58.218   406   406 D QC-time-services: Daemon: Storage Name: ats_11 
01-10 18:25:58.218   406   406 D QC-time-services: Daemon:Opening File: /persist/time/ats_11 /data/time/ats_11
01-10 18:25:58.218   406   406 D QC-time-services: Daemon:time_persistent_memory_opr:Genoff Read operation 
01-10 18:25:58.218   406   406 D QC-time-services: Daemon:Open File: /data/time/ats_11
01-10 18:25:58.218   406   406 D QC-time-services: Daemon:Unable to open filefor read
01-10 18:25:58.218   406   406 D QC-time-services: Daemon:genoff_post_init:Error in accessing storage
01-10 18:25:58.218   406   406 D QC-time-services: Daemon:genoff_pre_init::Base = 12
01-10 18:25:58.218   406   406 D QC-time-services: Daemon: Storage Name: ats_12 
01-10 18:25:58.218   406   406 D QC-time-services: Daemon:Opening File: /persist/time/ats_12 /data/time/ats_12
01-10 18:25:58.218   406   406 D QC-time-services: Daemon:time_persistent_memory_opr:Genoff Read operation 
01-10 18:25:58.218   406   406 D QC-time-services: Daemon:Open File: /data/time/ats_12
01-10 18:25:58.219   377   377 D vndksupport: Loading /vendor/lib64/hw/android.hardware.sensors@1.0-impl.so from current namespace instead of sphal namespace.
01-10 18:25:58.223   375   375 D vndksupport: Loading /vendor/lib64/hw/memtrack.msm8937.so from current namespace instead of sphal namespace.
01-10 18:25:58.225   410   410 D /vendor/bin/adsprpcd: vendor/qcom/proprietary/adsprpc/src/fastrpc_apps_user.c:1124: Error 57: apps_dev_init failed. domain 0, errno Operation not permitted
01-10 18:25:58.225   410   410 D /vendor/bin/adsprpcd: vendor/qcom/proprietary/adsprpc/src/fastrpc_apps_user.c:1207: Error 57: open dev -1 for domain 0 failed
01-10 18:25:58.225   410   410 D /vendor/bin/adsprpcd: vendor/qcom/proprietary/adsprpc/src/fastrpc_apps_user.c:651: Error 3b: remote handle invoke failed. domain 0, handle ffffffff, sc 0, pra 0x0
01-10 18:25:58.225   410   410 E /vendor/bin/adsprpcd: vendor/qcom/proprietary/adsprpc/src/adsprpcd.c:43:adsp daemon will restart after 25ms...
01-10 18:25:58.229   357   357 I zygote  : option[0]=-Xzygote
01-10 18:25:58.229   357   357 I zygote  : option[1]=-Xusetombstonedtraces
01-10 18:25:58.229   357   357 I zygote  : option[2]=exit
01-10 18:25:58.229   357   357 I zygote  : option[3]=vfprintf
01-10 18:25:58.229   357   357 I zygote  : option[4]=sensitiveThread
01-10 18:25:58.229   357   357 I zygote  : option[5]=-verbose:gc
01-10 18:25:58.229   357   357 I zygote  : option[6]=-Xms16m
01-10 18:25:58.229   357   357 I zygote  : option[7]=-Xmx512m
01-10 18:25:58.229   357   357 I zygote  : option[8]=-XX:HeapGrowthLimit=192m
01-10 18:25:58.229   357   357 I zygote  : option[9]=-XX:HeapMinFree=2m
01-10 18:25:58.229   357   357 I zygote  : option[10]=-XX:HeapMaxFree=8m
01-10 18:25:58.229   357   357 I zygote  : option[11]=-XX:HeapTargetUtilization=0.75
01-10 18:25:58.229   357   357 I zygote  : option[12]=-Xusejit:true
01-10 18:25:58.229   357   357 I zygote  : option[13]=-Xjitsaveprofilinginfo
01-10 18:25:58.229   357   357 I zygote  : option[14]=-XjdwpOptions:suspend=n,server=y
01-10 18:25:58.229   357   357 I zygote  : option[15]=-XjdwpProvider:default
01-10 18:25:58.229   357   357 I zygote  : option[16]=-Xlockprofthreshold:500
01-10 18:25:58.229   357   357 I zygote  : option[17]=-Ximage-compiler-option
01-10 18:25:58.229   357   357 I zygote  : option[18]=--runtime-arg
01-10 18:25:58.229   357   357 I zygote  : option[19]=-Ximage-compiler-option
01-10 18:25:58.229   357   357 I zygote  : option[20]=-Xms64m
01-10 18:25:58.229   357   357 I zygote  : option[21]=-Ximage-compiler-option
01-10 18:25:58.229   357   357 I zygote  : option[22]=--runtime-arg
01-10 18:25:58.230   357   357 I zygote  : option[23]=-Ximage-compiler-option
01-10 18:25:58.230   357   357 I zygote  : option[24]=-Xmx64m
01-10 18:25:58.230   357   357 I zygote  : option[25]=-Ximage-compiler-option
01-10 18:25:58.230   357   357 I zygote  : option[26]=--profile-file=/system/etc/boot-image.prof
01-10 18:25:58.230   357   357 I zygote  : option[27]=-Ximage-compiler-option
01-10 18:25:58.230   357   357 I zygote  : option[28]=--compiler-filter=speed-profile
01-10 18:25:58.230   357   357 I zygote  : option[29]=-Xcompiler-option
01-10 18:25:58.230   357   357 I zygote  : option[30]=--runtime-arg
01-10 18:25:58.230   357   357 I zygote  : option[31]=-Xcompiler-option
01-10 18:25:58.230   357   357 I zygote  : option[32]=-Xms64m
01-10 18:25:58.230   357   357 I zygote  : option[33]=-Xcompiler-option
01-10 18:25:58.230   357   357 I zygote  : option[34]=--runtime-arg
01-10 18:25:58.230   357   357 I zygote  : option[35]=-Xcompiler-option
01-10 18:25:58.230   357   357 I zygote  : option[36]=-Xmx512m
01-10 18:25:58.230   357   357 I zygote  : option[37]=-Ximage-compiler-option
01-10 18:25:58.230   357   357 I zygote  : option[38]=--instruction-set-variant=cortex-a53
01-10 18:25:58.230   357   357 I zygote  : option[39]=-Xcompiler-option
01-10 18:25:58.230   357   357 I zygote  : option[40]=--instruction-set-variant=cortex-a53
01-10 18:25:58.230   357   357 I zygote  : option[41]=-Ximage-compiler-option
01-10 18:25:58.230   357   357 I zygote  : option[42]=--instruction-set-features=default
01-10 18:25:58.230   357   357 I zygote  : option[43]=-Xcompiler-option
01-10 18:25:58.230   357   357 I zygote  : option[44]=--instruction-set-features=default
01-10 18:25:58.230   357   357 I zygote  : option[45]=-Duser.locale=en-US
01-10 18:25:58.230   357   357 I zygote  : option[46]=--cpu-abilist=armeabi-v7a,armeabi
01-10 18:25:58.230   357   357 I zygote  : option[47]=-Xfingerprint:Xiaomi/rolex/rolex:7.1.2/N2G47H/V9.2.6.0.NCCMIEK:user/release-keys
01-10 18:25:58.235   373   373 D vndksupport: Loading /vendor/lib64/hw/android.hardware.ir@1.0-impl.so from current namespace instead of sphal namespace.
01-10 18:25:58.237   373   373 D vndksupport: Loading /vendor/lib64/hw/consumerir.default.so from current namespace instead of sphal namespace.
01-10 18:25:58.244   381   381 E         : IOP-HAL: inside HIDL_FETCH_IIop
01-10 18:25:58.244   381   381 E         : IOP-HAL: boot Address of iop object
01-10 18:25:58.248   361   361 I health@2.0/: health@2.0/backup: Hal starting main loop...
01-10 18:25:58.248   361   361 I health@2.0/: health@2.0/backup Hal is starting up...
01-10 18:25:58.249   376   376 I ServiceManagement: Removing namespace from process name android.hardware.power@1.0-service to power@1.0-service.
01-10 18:25:58.250   337   337 W hwservicemanager: getTransport: Cannot find entry android.hardware.health@1.0::IHealth/default in either framework or device manifest.
01-10 18:25:58.250   406   406 D QC-time-services: Daemon:genoff_pre_init::Base = 13
01-10 18:25:58.250   406   406 D QC-time-services: Daemon: Storage Name: ats_13 
01-10 18:25:58.250   406   406 D QC-time-services: Daemon:Opening File: /persist/time/ats_13 /data/time/ats_13
01-10 18:25:58.250   406   406 D QC-time-services: Daemon:time_persistent_memory_opr:Genoff Read operation 
01-10 18:25:58.251   406   406 D QC-time-services: Daemon:Open File: /data/time/ats_13
01-10 18:25:58.252   410   410 D /vendor/bin/adsprpcd: vendor/qcom/proprietary/adsprpc/src/fastrpc_apps_user.c:1124: Error 57: apps_dev_init failed. domain 0, errno Operation not permitted
01-10 18:25:58.252   410   410 D /vendor/bin/adsprpcd: vendor/qcom/proprietary/adsprpc/src/fastrpc_apps_user.c:1207: Error 57: open dev -1 for domain 0 failed
01-10 18:25:58.252   410   410 D /vendor/bin/adsprpcd: vendor/qcom/proprietary/adsprpc/src/fastrpc_apps_user.c:1124: Error 57: apps_dev_init failed. domain 0, errno Operation not permitted
01-10 18:25:58.252   410   410 D /vendor/bin/adsprpcd: vendor/qcom/proprietary/adsprpc/src/fastrpc_apps_user.c:1207: Error 57: open dev -1 for domain 0 failed
01-10 18:25:58.252   410   410 D /vendor/bin/adsprpcd: vendor/qcom/proprietary/adsprpc/src/fastrpc_apps_user.c:651: Error 3b: remote handle invoke failed. domain 0, handle ffffffff, sc 0, pra 0x0
01-10 18:25:58.253   410   410 E /vendor/bin/adsprpcd: vendor/qcom/proprietary/adsprpc/src/adsprpcd.c:43:adsp daemon will restart after 25ms...
01-10 18:25:58.255   357   357 I zygote  : VerifyImage: /system/bin/patchoat --input-image-location=/system/framework/boot.art --output-image-directory=/data/dalvik-cache/arm --instruction-set=arm --verify
