01-13 20:45:43.689   360   360 D r_submix: adev_close_input_stream()
01-13 20:45:43.689   360   360 D r_submix: submix_audio_device_release_pipe_l(idx=9) addr=0
01-13 20:45:43.689   360   360 D r_submix: submix_audio_device_destroy_pipe_l(): pipe destroyed
01-13 20:45:43.689   391   391 D AudioPolicyManagerCustom: USE_XML_AUDIO_POLICY_CONF is TRUE
01-13 20:45:43.691   391   391 I         : Waiting for activity service
01-13 20:45:43.698   752  1007 E BluetoothAdapter: Bluetooth binder is null
01-13 20:45:43.700   752  1007 E BatteryExternalStatsWorker: no controller energy info supplied for telephony
01-13 20:45:43.701   752  1007 I KernelUidCpuFreqTimeReader: mPerClusterTimesAvailable=false
01-13 20:45:43.702   752  1007 E KernelUidCpuTimeReader: Failed to read uid_cputime: /proc/uid_cputime/show_uid_stat (No such file or directory)
01-13 20:45:43.705   558   885 I ServiceManager: Waiting for service 'sensorservice' on '/dev/binder'...
01-13 20:45:43.709   558   845 I ServiceManager: Waiting for service 'sensorservice' on '/dev/binder'...
01-13 20:45:43.709   752  1007 W KernelCpuProcReader: File not exist: /proc/uid_cpupower/time_in_state
01-13 20:45:43.709   752  1007 W KernelCpuProcReader: File not exist: /proc/uid_cpupower/concurrent_active_time
01-13 20:45:43.710   752  1007 W KernelCpuProcReader: File not exist: /proc/uid_cpupower/concurrent_policy_time
01-13 20:45:43.714   752  1007 W KernelMemoryBandwidthStats: No kernel memory bandwidth stats available
01-13 20:45:43.717   558   803 I ServiceManager: Waiting for service 'sensorservice' on '/dev/binder'...
01-13 20:45:43.718   752  1007 I PowerManagerService-JNI: Loaded power HAL 1.0 service
01-13 20:45:43.745   558   994 I ServiceManager: Waiting for service 'sensorservice' on '/dev/binder'...
01-13 20:45:43.764   558   981 E mm-camera: s5k5e8_ofilm_riva wingtech_get_calibration_items,419
01-13 20:45:43.764   558   981 E mm-camera: wingtech_get_calibration_items,458
01-13 20:45:43.764   558   981 E mm-camera: wingtech_get_raw_data,1002
01-13 20:45:43.764   558   981 E mm-camera: wingtech_get_raw_data,1009
01-13 20:45:43.765   558   558 I mm-camera: <IFACE >< INFO> 671: iface_unreserve_sink_port: stream_id f mode 0 
01-13 20:45:43.765   558   558 I mm-camera: <ISP   >< INFO> 890: isp_port_check_caps_unreserve: ide 2000f port 0xe93e7cc0
01-13 20:45:43.767   558   558 I mm-camera: <MCT   >< INFO> 3975: mct_pipeline_process_set: Stream 0x2000f and stream type=10, successfully deleted
01-13 20:45:43.767   558  1008 I mm-camera: <MCT   >< INFO> 4439: mct_pipeline_stop_session_thread: Stop module name: sensor - E
01-13 20:45:43.768   558  1009 I mm-camera: <MCT   >< INFO> 4439: mct_pipeline_stop_session_thread: Stop module name: iface - E
01-13 20:45:43.768   558  1009 I mm-camera: <MCT   >< INFO> 4447: mct_pipeline_stop_session_thread: Stop module name: iface - X
01-13 20:45:43.769   558  1010 I mm-camera: <MCT   >< INFO> 4439: mct_pipeline_stop_session_thread: Stop module name: isp - E
01-13 20:45:43.769   558  1010 I mm-camera: <ISP   >< INFO> 491: isp_module_stop_session: session id 2
01-13 20:45:43.769   558  1010 I mm-camera: <ISP   >< INFO> 532: isp_module_stop_session: warning: ISP resource is not freed on time!
01-13 20:45:43.769   558  1011 I mm-camera: <MCT   >< INFO> 4439: mct_pipeline_stop_session_thread: Stop module name: stats - E
01-13 20:45:43.770   558  1012 I mm-camera: <MCT   >< INFO> 4439: mct_pipeline_stop_session_thread: Stop module name: pproc - E
01-13 20:45:43.771   558   558 I mm-camera: <MCT   >< INFO> 4727: mct_pipeline_stop_session: Modules left: 5
01-13 20:45:43.771   558  1013 I mm-camera: <MCT   >< INFO> 4439: mct_pipeline_stop_session_thread: Stop module name: imglib - E
01-13 20:45:43.772   558  1013 I mm-camera: <MCT   >< INFO> 4447: mct_pipeline_stop_session_thread: Stop module name: imglib - X
01-13 20:45:43.772   558   558 I mm-camera: <MCT   >< INFO> 4727: mct_pipeline_stop_session: Modules left: 4
01-13 20:45:43.772   558  1012 I mm-camera: <MCT   >< INFO> 4447: mct_pipeline_stop_session_thread: Stop module name: pproc - X
01-13 20:45:43.772   558   558 I mm-camera: <MCT   >< INFO> 4727: mct_pipeline_stop_session: Modules left: 3
01-13 20:45:43.773   558  1010 I mm-camera: <MCT   >< INFO> 4447: mct_pipeline_stop_session_thread: Stop module name: isp - X
01-13 20:45:43.773   558   558 I mm-camera: <MCT   >< INFO> 4727: mct_pipeline_stop_session: Modules left: 2
01-13 20:45:43.775   558  1008 I mm-camera: <MCT   >< INFO> 4447: mct_pipeline_stop_session_thread: Stop module name: sensor - X
01-13 20:45:43.775   558   558 I mm-camera: <MCT   >< INFO> 4727: mct_pipeline_stop_session: Modules left: 1
01-13 20:45:43.775   558  1011 I mm-camera: <MCT   >< INFO> 4447: mct_pipeline_stop_session_thread: Stop module name: stats - X
01-13 20:45:43.775   558   558 I mm-camera: <MCT   >< INFO> 4727: mct_pipeline_stop_session: Modules left: 0
01-13 20:45:43.775   558   558 I mm-camera: <MCT   >< INFO> 4736: mct_pipeline_stop_session: Stopped session 2 successfully
01-13 20:45:43.775   558   558 I mm-camera: <MCT   >< INFO> 5013: mct_pipeline_destroy: E: session:2
01-13 20:45:43.775   558   558 I mm-camera: <MCT   >< INFO> 5086: mct_pipeline_destroy: X: Pipeline destroyed successfully session =2
01-13 20:45:43.776   558   558 I mm-camera: <MCT   >< INFO> 282: mct_controller_destroy: X Successfully closed mct_controller session 2
01-13 20:45:43.776   362   362 I QCamera : <HAL><INFO> closeCamera: 2302: [KPI Perf]: X PROFILE_CLOSE_CAMERA camera id 1, rc: 0
01-13 20:45:43.776   362   362 I QCamera : <HAL><INFO> close_camera_device: 1497: [KPI Perf]: X
01-13 20:45:43.777   362   362 I ServiceManagement: Removing namespace from process name android.hardware.camera.provider@2.4-service to provider@2.4-service.
01-13 20:45:43.779   362   362 I android.hardware.camera.provider@2.4-service: Registration complete for android.hardware.camera.provider@2.4::ICameraProvider/legacy/0.
01-13 20:45:43.780   455   455 I CameraProviderManager: Connecting to new camera provider: legacy/0, isRemote? 1
01-13 20:45:43.782   455   455 I CameraProviderManager: Enumerating new camera device: device@1.0/legacy/0
01-13 20:45:43.785   362   362 I CamDev@1.0-impl: Opening camera 0
01-13 20:45:43.785   362   362 I QCamera : <HAL><INFO> openLegacy: 500: openLegacy halVersion: 256
01-13 20:45:43.791   362   362 I QCamera : <HAL><INFO> openCamera: 1827: [KPI Perf]: E PROFILE_OPEN_CAMERA camera id 0
01-13 20:45:43.791   362   362 E QCamera : <HAL><ERROR> lock_acq_timed: 315: failed to acquire lock
01-13 20:45:43.791   455   455 W CameraProviderManager: Camera provider legacy/0 says an unknown camera device@1.0/legacy/0 now has torch status 0. Curious.
01-13 20:45:43.791   455   455 W CameraProviderManager: Camera provider legacy/0 says an unknown camera device@3.3/legacy/0 now has torch status 0. Curious.
01-13 20:45:43.792   558   558 I mm-camera: < INFO> 395: void enable_memleak_trace(int): start memleak tracking.
01-13 20:45:43.798   558   558 I mm-camera: <MCT   >< INFO> 63: mct_controller_new: Creating new mct_controller with session-id 1
01-13 20:45:43.798   558  1019 I mm-camera: <MCT   >< INFO> 4627: mct_pipeline_start_session_thread: E sensor
01-13 20:45:43.799   558  1020 I mm-camera: <MCT   >< INFO> 4627: mct_pipeline_start_session_thread: E iface
01-13 20:45:43.799   558  1020 I mm-camera: <MCT   >< INFO> 4634: mct_pipeline_start_session_thread: Calling start_session on Module iface
01-13 20:45:43.799   558  1021 I mm-camera: <MCT   >< INFO> 4627: mct_pipeline_start_session_thread: E isp
01-13 20:45:43.800   558  1021 I mm-camera: <MCT   >< INFO> 4634: mct_pipeline_start_session_thread: Calling start_session on Module isp
01-13 20:45:43.800   558  1021 I mm-camera: <ISP   >< INFO> 205: isp_module_start_session: session id 1
01-13 20:45:43.801   558  1020 I mm-camera: <MCT   >< INFO> 4637: mct_pipeline_start_session_thread: Module iface start_session rc = 1
01-13 20:45:43.801   558  1020 I mm-camera: <MCT   >< INFO> 4645: mct_pipeline_start_session_thread: started_num = 1, success = 1
01-13 20:45:43.801   558  1020 I mm-camera: <MCT   >< INFO> 4652: mct_pipeline_start_session_thread: X iface
01-13 20:45:43.801   558  1019 I mm-camera: <MCT   >< INFO> 4634: mct_pipeline_start_session_thread: Calling start_session on Module sensor
01-13 20:45:43.801   558  1022 I mm-camera: <MCT   >< INFO> 4627: mct_pipeline_start_session_thread: E stats
01-13 20:45:43.802   558  1022 I mm-camera: <MCT   >< INFO> 4634: mct_pipeline_start_session_thread: Calling start_session on Module stats
01-13 20:45:43.803   558  1024 I mm-camera: <MCT   >< INFO> 4627: mct_pipeline_start_session_thread: E pproc
01-13 20:45:43.803   558  1024 I mm-camera: <MCT   >< INFO> 4634: mct_pipeline_start_session_thread: Calling start_session on Module pproc
01-13 20:45:43.803   558  1026 I mm-camera: <MCT   >< INFO> 4627: mct_pipeline_start_session_thread: E imglib
01-13 20:45:43.804   558  1026 I mm-camera: <MCT   >< INFO> 4634: mct_pipeline_start_session_thread: Calling start_session on Module imglib
01-13 20:45:43.806   558   885 I ServiceManager: Waiting for service 'sensorservice' on '/dev/binder'...
01-13 20:45:43.806   558  1026 I mm-camera: <MCT   >< INFO> 4637: mct_pipeline_start_session_thread: Module imglib start_session rc = 1
01-13 20:45:43.806   558  1026 I mm-camera: <MCT   >< INFO> 4645: mct_pipeline_start_session_thread: started_num = 2, success = 2
01-13 20:45:43.806   558  1026 I mm-camera: <MCT   >< INFO> 4652: mct_pipeline_start_session_thread: X imglib
01-13 20:45:43.807   558  1024 I mm-camera: <MCT   >< INFO> 4637: mct_pipeline_start_session_thread: Module pproc start_session rc = 1
01-13 20:45:43.807   558  1024 I mm-camera: <MCT   >< INFO> 4645: mct_pipeline_start_session_thread: started_num = 3, success = 3
01-13 20:45:43.807   558  1024 I mm-camera: <MCT   >< INFO> 4652: mct_pipeline_start_session_thread: X pproc
01-13 20:45:43.809   558   845 I ServiceManager: Waiting for service 'sensorservice' on '/dev/binder'...
01-13 20:45:43.811   558  1019 I mm-camera: <MCT   >< INFO> 4637: mct_pipeline_start_session_thread: Module sensor start_session rc = 1
01-13 20:45:43.811   558  1019 I mm-camera: <MCT   >< INFO> 4645: mct_pipeline_start_session_thread: started_num = 4, success = 4
01-13 20:45:43.811   558  1019 I mm-camera: <MCT   >< INFO> 4652: mct_pipeline_start_session_thread: X sensor
01-13 20:45:43.812   558  1031 I ServiceManager: Waiting for service 'sensorservice' on '/dev/binder'...
01-13 20:45:43.813   558  1022 I mm-camera: <MCT   >< INFO> 4637: mct_pipeline_start_session_thread: Module stats start_session rc = 1
01-13 20:45:43.813   558  1022 I mm-camera: <MCT   >< INFO> 4645: mct_pipeline_start_session_thread: started_num = 5, success = 5
01-13 20:45:43.813   558  1022 I mm-camera: <MCT   >< INFO> 4652: mct_pipeline_start_session_thread: X stats
01-13 20:45:43.813   558  1021 I mm-camera: <MCT   >< INFO> 4637: mct_pipeline_start_session_thread: Module isp start_session rc = 1
01-13 20:45:43.813   558  1021 I mm-camera: <MCT   >< INFO> 4645: mct_pipeline_start_session_thread: started_num = 6, success = 6
01-13 20:45:43.813   558  1021 I mm-camera: <MCT   >< INFO> 4652: mct_pipeline_start_session_thread: X isp
01-13 20:45:43.816   752   752 I IntentFirewall: Read new rules (A:0 B:0 S:0)
01-13 20:45:43.819   558   803 I ServiceManager: Waiting for service 'sensorservice' on '/dev/binder'...
01-13 20:45:43.823   558   558 I mm-camera: <MCT   >< INFO> 4548: mct_pipeline_start_stream_internal: Adding session stream streamid= 0xf for session=1
01-13 20:45:43.823   558   558 I mm-camera: <MCT   >< INFO> 4596: mct_pipeline_start_stream_internal: Linking session stream for session 1
01-13 20:45:43.823   558   558 I mm-camera: <MCT   >< INFO> 510: mct_stream_start_link: Start linking Session-stream 0x1000f
01-13 20:45:43.823   558   558 I mm-camera: <IFACE >< INFO> 338: iface_util_find_primary_cid: iface_util_find_primary_cid:338 error cannot find primary sensor format cids 1
01-13 20:45:43.823   558   558 I mm-camera: <ISP   >< INFO> 801: isp_port_check_caps_reserve: port 0xe93e7cc0 ide 1000f type 10 dim 0 0
01-13 20:45:43.823   558   558 I mm-camera: <PPROC >< INFO> 446: pproc_port_add_modules_to_stream: in identity 1000f stream 10 int_link = 0xe9356440
01-13 20:45:43.824   558   558 I mm-camera: <PPROC >< INFO> 458: pproc_port_add_modules_to_stream: :LINK linking mods tmod and c2d for identity 1000f
01-13 20:45:43.824   558   558 I mm-camera: <C2D   >< INFO> 1490: c2d_module_notify_add_stream: width 0, height 0, stride 0, scanline 0, is_type 0
01-13 20:45:43.824   558   558 I mm-camera: <PPROC >< INFO> 458: pproc_port_add_modules_to_stream: :LINK linking mods c2d and cpp for identity 1000f
01-13 20:45:43.824   558   558 I mm-camera: <CPP   >< INFO> 2154: cpp_module_notify_add_stream: :width 0, height 0, stride 0, scanline 0, framelen 0
01-13 20:45:43.824   558   558 I mm-camera: <CPP   >< INFO> 2319: cpp_module_notify_add_stream: : stream 10, fmt 1, asf_mode 0, sharpness_level 0.000000,asf mask 0, denoise 0, denoise_mask 0, dsdn mask 0,dsdn enable 0, tnr mask 0, tnr enable 0, ds_mask 0
01-13 20:45:43.824   558   558 I mm-camera: <PPROC >< INFO> 458: pproc_port_add_modules_to_stream: :LINK linking mods cpp and paaf for identity 1000f
01-13 20:45:43.824   558   558 I mm-camera: <PPROC >< INFO> 458: pproc_port_add_modules_to_stream: :LINK linking mods paaf and ezt for identity 1000f
01-13 20:45:43.824   558   558 E mm-camera: <STATS ><ERROR> 2822: stats_port_check_caps_reserve: Invalid Port capability type!
01-13 20:45:43.824   558   558 I chatty  : uid=1006(camera) mm-qcamera-daem identical 3 lines
01-13 20:45:43.824   558   558 E mm-camera: <STATS ><ERROR> 2822: stats_port_check_caps_reserve: Invalid Port capability type!
01-13 20:45:43.825   752   752 W libprocessgroup: Failed to remove /acct/uid_0/pid_305: Device or resource busy
01-13 20:45:43.825   752   752 W libprocessgroup: Failed to remove /acct/uid_0/pid_335: Device or resource busy
01-13 20:45:43.825   752   752 W libprocessgroup: Failed to remove /acct/uid_0/pid_351: Device or resource busy
01-13 20:45:43.825   752   752 W libprocessgroup: Failed to remove /acct/uid_0/pid_352: Device or resource busy
01-13 20:45:43.825   752   752 W libprocessgroup: Failed to remove /acct/uid_0/pid_353: Device or resource busy
01-13 20:45:43.825   752   752 W libprocessgroup: Failed to remove /acct/uid_0/pid_358: Device or resource busy
01-13 20:45:43.825   752   752 W libprocessgroup: Failed to remove /acct/uid_0/pid_382: Device or resource busy
01-13 20:45:43.825   752   752 W libprocessgroup: Failed to remove /acct/uid_0/pid_383: Device or resource busy
01-13 20:45:43.825   558   558 I mm-camera: <MCT   >< INFO> 4605: mct_pipeline_start_stream_internal: Session stream linked successfully session 1
01-13 20:45:43.825   752   752 W libprocessgroup: Failed to remove /acct/uid_0/pid_387: Device or resource busy
01-13 20:45:43.825   752   752 W libprocessgroup: Failed to remove /acct/uid_0/pid_388: Device or resource busy
01-13 20:45:43.825   752   752 W libprocessgroup: Failed to remove /acct/uid_0/pid_389: Device or resource busy
01-13 20:45:43.825   752   752 W libprocessgroup: Failed to remove /acct/uid_0/pid_392: Device or resource busy
01-13 20:45:43.826   752   752 W libprocessgroup: Failed to remove /acct/uid_0/pid_440: Device or resource busy
01-13 20:45:43.826   752   752 W libprocessgroup: Failed to remove /acct/uid_0/pid_442: Device or resource busy
01-13 20:45:43.826   752   752 W libprocessgroup: Failed to remove /acct/uid_0/pid_443: Device or resource busy
01-13 20:45:43.826   752   752 W libprocessgroup: Failed to remove /acct/uid_0/pid_454: Device or resource busy
01-13 20:45:43.826   752   752 W libprocessgroup: Failed to remove /acct/uid_0/pid_462: Device or resource busy
01-13 20:45:43.826   752   752 W libprocessgroup: Failed to remove /acct/uid_0/pid_493: Device or resource busy
01-13 20:45:43.826   752   752 W libprocessgroup: Failed to remove /acct/uid_0/pid_551: Device or resource busy
01-13 20:45:43.826   752   752 W libprocessgroup: Failed to remove /acct/uid_0/pid_564: Device or resource busy
01-13 20:45:43.826   752   752 W libprocessgroup: Failed to remove /acct/uid_0: Permission denied
01-13 20:45:43.826   752   752 W libprocessgroup: Failed to remove /acct/uid_1000/pid_331: Device or resource busy
01-13 20:45:43.826   752   752 W libprocessgroup: Failed to remove /acct/uid_1000/pid_332: Device or resource busy
01-13 20:45:43.826   752   752 W libprocessgroup: Failed to remove /acct/uid_1000/pid_333: Device or resource busy
01-13 20:45:43.826   752   752 W libprocessgroup: Failed to remove /acct/uid_1000/pid_334: Device or resource busy
01-13 20:45:43.826   752   752 W libprocessgroup: Failed to remove /acct/uid_1000/pid_357: Device or resource busy
01-13 20:45:43.826   752   752 W libprocessgroup: Failed to remove /acct/uid_1000/pid_364: Device or resource busy
01-13 20:45:43.826   752   752 W libprocessgroup: Failed to remove /acct/uid_1000/pid_367: Device or resource busy
01-13 20:45:43.826   752   752 W libprocessgroup: Failed to remove /acct/uid_1000/pid_368: Device or resource busy
01-13 20:45:43.827   752   752 W libprocessgroup: Failed to remove /acct/uid_1000/pid_369: Device or resource busy
01-13 20:45:43.827   752   752 W libprocessgroup: Failed to remove /acct/uid_1000/pid_370: Device or resource busy
01-13 20:45:43.827   752   752 W libprocessgroup: Failed to remove /acct/uid_1000/pid_371: Device or resource busy
01-13 20:45:43.827   752   752 W libprocessgroup: Failed to remove /acct/uid_1000/pid_372: Device or resource busy
01-13 20:45:43.827   752   752 W libprocessgroup: Failed to remove /acct/uid_1000/pid_373: Device or resource busy
01-13 20:45:43.827   752   752 W libprocessgroup: Failed to remove /acct/uid_1000/pid_375: Device or resource busy
01-13 20:45:43.827   752   752 W libprocessgroup: Failed to remove /acct/uid_1000/pid_376: Device or resource busy
01-13 20:45:43.827   752   752 W libprocessgroup: Failed to remove /acct/uid_1000/pid_377: Device or resource busy
01-13 20:45:43.827   752   752 W libprocessgroup: Failed to remove /acct/uid_1000/pid_378: Device or resource busy
01-13 20:45:43.827   752   752 W libprocessgroup: Failed to remove /acct/uid_1000/pid_381: Device or resource busy
01-13 20:45:43.827   752   752 W libprocessgroup: Failed to remove /acct/uid_1000/pid_384: Device or resource busy
01-13 20:45:43.827   752   752 W libprocessgroup: Failed to remove /acct/uid_1000/pid_385: Device or resource busy
01-13 20:45:43.827   752   752 W libprocessgroup: Failed to remove /acct/uid_1000/pid_390: Device or resource busy
01-13 20:45:43.827   752   752 W libprocessgroup: Failed to remove /acct/uid_1000/pid_394: Device or resource busy
01-13 20:45:43.827   752   752 W libprocessgroup: Failed to remove /acct/uid_1000/pid_395: Device or resource busy
01-13 20:45:43.827   752   752 W libprocessgroup: Failed to remove /acct/uid_1000/pid_433: Device or resource busy
01-13 20:45:43.827   362   362 I Thermal-Lib: Thermal-Lib-Client: Registraion successful for camera with handle:1
01-13 20:45:43.827   362   362 I Thermal-Lib: Thermal-Lib-Client: Registraion successful for camcorder with handle:2
01-13 20:45:43.827   752   752 W libprocessgroup: Failed to remove /acct/uid_1000/pid_434: Device or resource busy
01-13 20:45:43.827   362   362 I QCamera : <HAL><INFO> openCamera: 1840: [KPI Perf]: X PROFILE_OPEN_CAMERA camera id 0, rc: 0
01-13 20:45:43.827   752   752 W libprocessgroup: Failed to remove /acct/uid_1000/pid_435: Device or resource busy
01-13 20:45:43.827   752   752 W libprocessgroup: Failed to remove /acct/uid_1000/pid_448: Device or resource busy
01-13 20:45:43.827   752   752 W libprocessgroup: Failed to remove /acct/uid_1000/pid_562: Device or resource busy
01-13 20:45:43.827   752   752 W libprocessgroup: Failed to remove /acct/uid_1000/pid_563: Device or resource busy
01-13 20:45:43.827   752   752 W libprocessgroup: Failed to remove /acct/uid_1000/pid_568: Device or resource busy
01-13 20:45:43.828   752   752 W libprocessgroup: Failed to remove /acct/uid_1000/pid_589: Device or resource busy
01-13 20:45:43.828   752   752 W libprocessgroup: Failed to remove /acct/uid_1000/pid_926: Device or resource busy
01-13 20:45:43.828   752   752 W libprocessgroup: Failed to remove /acct/uid_1000/pid_929: Device or resource busy
01-13 20:45:43.828   752   752 W libprocessgroup: Failed to remove /acct/uid_1000: Permission denied
01-13 20:45:43.828   752   752 W libprocessgroup: Failed to remove /acct/uid_1001/pid_536: Device or resource busy
01-13 20:45:43.828   443   538 I ThermalEngine: Thermal-Server: Adding thermal event listener on fd 46
01-13 20:45:43.828   752   752 W libprocessgroup: Failed to remove /acct/uid_1001: Permission denied
01-13 20:45:43.828   752   752 W libprocessgroup: Failed to remove /acct/uid_1002/pid_361: Device or resource busy
01-13 20:45:43.828   752   752 W libprocessgroup: Failed to remove /acct/uid_1002: Permission denied
01-13 20:45:43.828   362  1048 I Thermal-Lib: Thermal-Lib-Client: Client received msg camera 0
01-13 20:45:43.828   362  1048 I Thermal-Lib: Thermal-Lib-Client: Client received msg camcorder 0
01-13 20:45:43.828   752   752 W libprocessgroup: Failed to remove /acct/uid_1003/pid_596: Device or resource busy
01-13 20:45:43.828   752   752 W libprocessgroup: Failed to remove /acct/uid_1003: Permission denied
01-13 20:45:43.828   752   752 W libprocessgroup: Failed to remove /acct/uid_1006/pid_558: Device or resource busy
01-13 20:45:43.828   752   752 W libprocessgroup: Failed to remove /acct/uid_1006: Permission denied
01-13 20:45:43.828   752   752 W libprocessgroup: Failed to remove /acct/uid_1010/pid_380: Device or resource busy
01-13 20:45:43.828   752   752 W libprocessgroup: Failed to remove /acct/uid_1010/pid_534: Device or resource busy
01-13 20:45:43.828   752   752 W libprocessgroup: Failed to remove /acct/uid_1010: Permission denied
01-13 20:45:43.828   752   752 W libprocessgroup: Failed to remove /acct/uid_1013/pid_363: Device or resource busy
01-13 20:45:43.828   752   752 W libprocessgroup: Failed to remove /acct/uid_1013/pid_365: Device or resource busy
01-13 20:45:43.828   752   752 W libprocessgroup: Failed to remove /acct/uid_1013/pid_366: Device or resource busy
01-13 20:45:43.828   752   752 W libprocessgroup: Failed to remove /acct/uid_1013/pid_449: Device or resource busy
01-13 20:45:43.828   752   752 W libprocessgroup: Failed to remove /acct/uid_1013/pid_464: Device or resource busy
01-13 20:45:43.829   752   752 W libprocessgroup: Failed to remove /acct/uid_1013/pid_468: Device or resource busy
01-13 20:45:43.829   752   752 W libprocessgroup: Failed to remove /acct/uid_1013/pid_491: Device or resource busy
01-13 20:45:43.829   752   752 W libprocessgroup: Failed to remove /acct/uid_1013: Permission denied
01-13 20:45:43.829   752   752 W libprocessgroup: Failed to remove /acct/uid_1017/pid_463: Device or resource busy
01-13 20:45:43.829   752   752 W libprocessgroup: Failed to remove /acct/uid_1017: Permission denied
01-13 20:45:43.829   752   752 W libprocessgroup: Failed to remove /acct/uid_1019/pid_457: Device or resource busy
01-13 20:45:43.829   752   752 W libprocessgroup: Failed to remove /acct/uid_1019: Permission denied
01-13 20:45:43.829   752   752 W libprocessgroup: Failed to remove /acct/uid_1021/pid_548: Device or resource busy
01-13 20:45:43.829   752   752 W libprocessgroup: Failed to remove /acct/uid_1021: Permission denied
01-13 20:45:43.829   752   752 W libprocessgroup: Failed to remove /acct/uid_1036/pid_330: Device or resource busy
01-13 20:45:43.829   752   752 W libprocessgroup: Failed to remove /acct/uid_1036: Permission denied
01-13 20:45:43.829   752   752 W libprocessgroup: Failed to remove /acct/uid_1040/pid_467: Device or resource busy
01-13 20:45:43.829   752   752 W libprocessgroup: Failed to remove /acct/uid_1040: Permission denied
01-13 20:45:43.829   752   752 W libprocessgroup: Failed to remove /acct/uid_1041/pid_360: Device or resource busy
01-13 20:45:43.829   752   752 W libprocessgroup: Failed to remove /acct/uid_1041/pid_391: Device or resource busy
01-13 20:45:43.829   752   752 W libprocessgroup: Failed to remove /acct/uid_1041: Permission denied
01-13 20:45:43.829   752   752 W libprocessgroup: Failed to remove /acct/uid_1046/pid_535: Device or resource busy
01-13 20:45:43.829   752   752 W libprocessgroup: Failed to remove /acct/uid_1046: Permission denied
01-13 20:45:43.829   752   752 W libprocessgroup: Failed to remove /acct/uid_1047/pid_362: Device or resource busy
01-13 20:45:43.830   752   752 W libprocessgroup: Failed to remove /acct/uid_1047/pid_455: Device or resource busy
01-13 20:45:43.830   752   752 W libprocessgroup: Failed to remove /acct/uid_1047: Permission denied
01-13 20:45:43.830   752   752 W libprocessgroup: Failed to remove /acct/uid_1058/pid_565: Device or resource busy
01-13 20:45:43.830   752   752 W libprocessgroup: Failed to remove /acct/uid_1058: Permission denied
01-13 20:45:43.830   752   752 W libprocessgroup: Failed to remove /acct/uid_1066/pid_492: Device or resource busy
01-13 20:45:43.830   752   752 W libprocessgroup: Failed to remove /acct/uid_1066: Permission denied
01-13 20:45:43.830   752   752 W libprocessgroup: Failed to remove /acct/uid_1067/pid_458: Device or resource busy
01-13 20:45:43.830   752   752 W libprocessgroup: Failed to remove /acct/uid_1067: Permission denied
01-13 20:45:43.832   752   752 D AppOps  : AppOpsService published
01-13 20:45:43.832   752   752 D SystemServerTiming: StartActivityManager took to complete: 1177ms
01-13 20:45:43.832   752   752 I SystemServer: StartPowerManager
01-13 20:45:43.832   752   752 I SystemServiceManager: Starting com.android.server.power.PowerManagerService
01-13 20:45:43.833   558  1043 E mm-camera: <MCT   ><ERROR> 1106: mct_pipeline_decide_hw_wakeup: Couldn't find meta stream
01-13 20:45:43.835   558  1043 I chatty  : uid=1006(camera) CAM_MctServ identical 1 line
01-13 20:45:43.836   558  1043 E mm-camera: <MCT   ><ERROR> 1106: mct_pipeline_decide_hw_wakeup: Couldn't find meta stream
01-13 20:45:43.837   362   362 I CamDev@1.0-impl: Closing camera 0
01-13 20:45:43.837   362   362 I QCamera : <HAL><INFO> close_camera_device: 1495: [KPI Perf]: E camera id 0
01-13 20:45:43.839   362   362 E QCamera : <HAL><ERROR> lock_acq: 364: failed to acquire lock
01-13 20:45:43.839   362   362 I QCamera : <HAL><INFO> closeCamera: 2226: E
01-13 20:45:43.839   362   362 I QCamera : <HAL><INFO> closeCamera: 2231: [KPI Perf]: E PROFILE_CLOSE_CAMERA camera id 0
01-13 20:45:43.840   558   732 E mm-camera: <IMGLIB><ERROR> 303: static int32_t QCameraPAAF::AllocateBuffers(img_base_ops_t *, bool): Invalid dimensions 0x0
01-13 20:45:43.840   558  1043 I mm-camera: <ISP   >< INFO> 6629: isp_util_print_meta_stream_info: Deallocate resources
01-13 20:45:43.840   558   732 E mm-camera: <IMGLIB><ERROR> 203: int img_algo_preload(img_base_ops_t *): Preload: Failed to allocate buffer, rc -4
01-13 20:45:43.840   558   732 E mm-camera: <IMGLIB><ERROR> 119: module_imgbase_client_preload_exec: IMG_CORE_PRELOAD failed -4
01-13 20:45:43.841   558  1043 I mm-camera: <ISP   >< INFO> 2537: isp_resource_allocate: INFO: ISP resource acquired: session 1 num_isp 2
01-13 20:45:43.842   558  1043 I mm-camera: <ISP   >< INFO> 2539: isp_resource_allocate: INFO: ISP resource acquired: hw_id 0
01-13 20:45:43.842   558  1043 I mm-camera: <ISP   >< INFO> 2539: isp_resource_allocate: INFO: ISP resource acquired: hw_id 1
01-13 20:45:43.842   558  1043 I mm-camera: <ISP   >< INFO> 6479: isp_util_decide_stream_mapping: stream_port_map num streams 0
01-13 20:45:43.844   558  1043 E mm-camera: <MCT   ><ERROR> 1106: mct_pipeline_decide_hw_wakeup: Couldn't find meta stream
01-13 20:45:43.845   558   994 I ServiceManager: Waiting for service 'sensorservice' on '/dev/binder'...
01-13 20:45:43.846   362   362 I Thermal-Lib: Thermal-Lib-Client: Unregisteration is successfull for handle:1
01-13 20:45:43.847   443   538 I ThermalEngine: Thermal-Server: removing client on fd 46
01-13 20:45:43.847   362   362 I Thermal-Lib: Thermal-Lib-Client: Unregisteration is successfull for handle:2
01-13 20:45:43.848   558   558 I mm-camera: <MCT   >< INFO> 216: mct_controller_destroy: Initiating destroy sequence for session = 1
01-13 20:45:43.850   558   558 I mm-camera: <MCT   >< INFO> 234: mct_controller_destroy: serv_thread closed
01-13 20:45:43.851   558   558 I mm-camera: <MCT   >< INFO> 249: mct_controller_destroy: bus_handler thread closed
01-13 20:45:43.851   375   375 I QTI PowerHAL: Got set_interactive hint
01-13 20:45:43.851   558   558 I mm-camera: <MCT   >< INFO> 4705: mct_pipeline_stop_session: Initiating stop_session on session 1
01-13 20:45:43.851   558   558 I mm-camera: <MCT   >< INFO> 3746: mct_pipeline_process_set: command=800000b
01-13 20:45:43.851   558   558 I mm-camera: <MCT   >< INFO> 3964: mct_pipeline_process_set: Issuing DEL_STREAM on stream 0x1000f and stream type=10
01-13 20:45:43.851   375   375 I QTI PowerHAL: Got set_interactive hint on= 1, count= 1
01-13 20:45:43.851   375   375 E QTI PowerHAL: Error opening /sys/kernel/hbtp/display_pwr: No such file or directory
01-13 20:45:43.853   752   752 D SystemServerTiming: StartPowerManager took to complete: 21ms
01-13 20:45:43.854   752   752 I SystemServer: InitPowerManagement
01-13 20:45:43.855   752   752 D SystemServerTiming: InitPowerManagement took to complete: 2ms
01-13 20:45:43.855   752   752 I SystemServer: StartRecoverySystemService
01-13 20:45:43.855   752   752 I SystemServiceManager: Starting com.android.server.RecoverySystemService
01-13 20:45:43.856   752   752 D SystemServerTiming: StartRecoverySystemService took to complete: 1ms
01-13 20:45:43.860   752   752 W RescueParty: Noticed 1 events for UID 0 in last 10 sec
01-13 20:45:43.860   752   752 I SystemServer: StartLightsService
01-13 20:45:43.860   752   752 I SystemServiceManager: Starting com.android.server.lights.LightsService
01-13 20:45:43.860   752   752 D SystemServerTiming: StartLightsService took to complete: 1ms
01-13 20:45:43.860   752   752 I SystemServer: StartSidekickService
01-13 20:45:43.860   752   752 D SystemServerTiming: StartSidekickService took to complete: 0ms
01-13 20:45:43.860   752   752 I SystemServer: StartDisplayManager
01-13 20:45:43.860   752   752 I SystemServiceManager: Starting com.android.server.display.DisplayManagerService
01-13 20:45:43.868   752   752 D SystemServerTiming: StartDisplayManager took to complete: 7ms
01-13 20:45:43.868   752   752 I SystemServer: WaitForDisplay
01-13 20:45:43.868   752   752 I SystemServiceManager: Starting phase 100
01-13 20:45:43.869   369   554 I SDM     : HWCDisplay::GetColorModeCount: Supported color mode count = 1
01-13 20:45:43.869   369   554 I SDM     : HWCDisplay::GetColorModes: Supports color mode[0] = 0
01-13 20:45:43.879   752  1037 I DisplayManagerService: Display device added: DisplayDeviceInfo{"Layar Built-In": uniqueId="local:0", 720 x 1280, modeId 1, defaultModeId 1, supportedModes [{id=1, width=720, height=1280, fps=60.000004}], colorMode 0, supportedColorModes [0], HdrCapabilities android.view.Display$HdrCapabilities@40f16308, density 320, 294.967 x 295.563 dpi, appVsyncOff 1000000, presDeadline 16666666, touch INTERNAL, rotation 0, type BUILT_IN, state UNKNOWN, FLAG_DEFAULT_DISPLAY, FLAG_ROTATES_WITH_CONTENT, FLAG_SECURE, FLAG_SUPPORTS_PROTECTED_BUFFERS}
01-13 20:45:43.880   394   394 D SurfaceFlinger: Set power mode=2, type=0 flinger=0x74eb63d000
01-13 20:45:43.883   752   752 D SystemServerTiming: WaitForDisplay took to complete: 16ms
01-13 20:45:43.883   752  1037 I DisplayManagerService: Display device changed state: "Layar Built-In", ON
01-13 20:45:43.883   752   752 I SystemServer: StartPackageManagerService
01-13 20:45:43.906   558   885 I ServiceManager: Waiting for service 'sensorservice' on '/dev/binder'...
01-13 20:45:43.910   558   845 I ServiceManager: Waiting for service 'sensorservice' on '/dev/binder'...
01-13 20:45:43.911   558   558 I mm-camera: <IFACE >< INFO> 671: iface_unreserve_sink_port: stream_id f mode 0 
01-13 20:45:43.911   558   558 I mm-camera: <ISP   >< INFO> 890: isp_port_check_caps_unreserve: ide 1000f port 0xe93e7cc0
01-13 20:45:43.912   558  1031 I ServiceManager: Waiting for service 'sensorservice' on '/dev/binder'...
01-13 20:45:43.913   558   558 I mm-camera: <MCT   >< INFO> 3975: mct_pipeline_process_set: Stream 0x1000f and stream type=10, successfully deleted
01-13 20:45:43.914   558  1053 I mm-camera: <MCT   >< INFO> 4439: mct_pipeline_stop_session_thread: Stop module name: sensor - E
01-13 20:45:43.914   558  1054 I mm-camera: <MCT   >< INFO> 4439: mct_pipeline_stop_session_thread: Stop module name: iface - E
01-13 20:45:43.916   558  1054 I mm-camera: <MCT   >< INFO> 4447: mct_pipeline_stop_session_thread: Stop module name: iface - X
01-13 20:45:43.917   558  1055 I mm-camera: <MCT   >< INFO> 4439: mct_pipeline_stop_session_thread: Stop module name: isp - E
01-13 20:45:43.917   558  1055 I mm-camera: <ISP   >< INFO> 491: isp_module_stop_session: session id 1
01-13 20:45:43.917   558  1055 I mm-camera: <ISP   >< INFO> 532: isp_module_stop_session: warning: ISP resource is not freed on time!
01-13 20:45:43.918   558  1056 I mm-camera: <MCT   >< INFO> 4439: mct_pipeline_stop_session_thread: Stop module name: stats - E
01-13 20:45:43.920   558   803 I ServiceManager: Waiting for service 'sensorservice' on '/dev/binder'...
01-13 20:45:43.923   558  1056 I mm-camera: <MCT   >< INFO> 4447: mct_pipeline_stop_session_thread: Stop module name: stats - X
01-13 20:45:43.925   558  1057 I mm-camera: <MCT   >< INFO> 4439: mct_pipeline_stop_session_thread: Stop module name: pproc - E
01-13 20:45:43.925   558  1055 I mm-camera: <MCT   >< INFO> 4447: mct_pipeline_stop_session_thread: Stop module name: isp - X
01-13 20:45:43.926   558   558 I mm-camera: <MCT   >< INFO> 4727: mct_pipeline_stop_session: Modules left: 5
01-13 20:45:43.926   558   558 I mm-camera: <MCT   >< INFO> 4727: mct_pipeline_stop_session: Modules left: 4
01-13 20:45:43.926   558   558 I mm-camera: <MCT   >< INFO> 4727: mct_pipeline_stop_session: Modules left: 3
01-13 20:45:43.926   558  1058 I mm-camera: <MCT   >< INFO> 4439: mct_pipeline_stop_session_thread: Stop module name: imglib - E
01-13 20:45:43.927   558  1058 I mm-camera: <MCT   >< INFO> 4447: mct_pipeline_stop_session_thread: Stop module name: imglib - X
01-13 20:45:43.927   558  1057 I mm-camera: <MCT   >< INFO> 4447: mct_pipeline_stop_session_thread: Stop module name: pproc - X
01-13 20:45:43.927   558   558 I mm-camera: <MCT   >< INFO> 4727: mct_pipeline_stop_session: Modules left: 2
01-13 20:45:43.927   558   558 I mm-camera: <MCT   >< INFO> 4727: mct_pipeline_stop_session: Modules left: 1
01-13 20:45:43.946   558   994 I ServiceManager: Waiting for service 'sensorservice' on '/dev/binder'...
01-13 20:45:43.983   558  1053 I mm-camera: <MCT   >< INFO> 4447: mct_pipeline_stop_session_thread: Stop module name: sensor - X
01-13 20:45:43.983   558   558 I mm-camera: <MCT   >< INFO> 4727: mct_pipeline_stop_session: Modules left: 0
01-13 20:45:43.983   558   558 I mm-camera: <MCT   >< INFO> 4736: mct_pipeline_stop_session: Stopped session 1 successfully
01-13 20:45:43.983   558   558 I mm-camera: <MCT   >< INFO> 5013: mct_pipeline_destroy: E: session:1
01-13 20:45:43.983   558   558 I mm-camera: <MCT   >< INFO> 5086: mct_pipeline_destroy: X: Pipeline destroyed successfully session =1
01-13 20:45:43.983   558   558 I mm-camera: <MCT   >< INFO> 282: mct_controller_destroy: X Successfully closed mct_controller session 1
01-13 20:45:43.980   558   558 I mm-qcamera-daem: type=1400 audit(0.0:642): avc: denied { ioctl } for path="/dev/video0" dev="tmpfs" ino=11626 ioctlcmd=56e0 scontext=u:r:init:s0 tcontext=u:object_r:video_device:s0 tclass=chr_file permissive=1
01-13 20:45:43.984   455   455 W CameraProviderManager: Camera provider legacy/0 says an unknown camera device@1.0/legacy/0 now has torch status 1. Curious.
01-13 20:45:43.984   455   455 W CameraProviderManager: Camera provider legacy/0 says an unknown camera device@3.3/legacy/0 now has torch status 1. Curious.
01-13 20:45:43.984   362   362 I QCamera : <HAL><INFO> closeCamera: 2302: [KPI Perf]: X PROFILE_CLOSE_CAMERA camera id 0, rc: 0
01-13 20:45:43.985   362   362 I QCamera : <HAL><INFO> close_camera_device: 1497: [KPI Perf]: X
01-13 20:45:43.985   455   455 I CameraProviderManager: Enumerating new camera device: device@3.3/legacy/0
01-13 20:45:43.986   455   455 I CameraProviderManager: Enumerating new camera device: device@1.0/legacy/1
01-13 20:45:43.989   362   362 I CamDev@1.0-impl: Opening camera 1
01-13 20:45:43.989   362   362 I QCamera : <HAL><INFO> openLegacy: 500: openLegacy halVersion: 256
01-13 20:45:43.994   362   362 I QCamera : <HAL><INFO> openCamera: 1827: [KPI Perf]: E PROFILE_OPEN_CAMERA camera id 1
01-13 20:45:43.995   362   362 E QCamera : <HAL><ERROR> lock_acq_timed: 315: failed to acquire lock
01-13 20:45:43.995   558   558 I mm-camera: < INFO> 395: void enable_memleak_trace(int): start memleak tracking.
01-13 20:45:44.000   558   558 I mm-camera: <MCT   >< INFO> 63: mct_controller_new: Creating new mct_controller with session-id 2
01-13 20:45:44.000   558  1061 I mm-camera: <MCT   >< INFO> 4627: mct_pipeline_start_session_thread: E sensor
01-13 20:45:44.000   558  1061 I mm-camera: <MCT   >< INFO> 4634: mct_pipeline_start_session_thread: Calling start_session on Module sensor
01-13 20:45:44.000   558   558 W CAM_startiface: type=1400 audit(0.0:643): avc: granted { read } for name="ion" dev="tmpfs" ino=11684 scontext=u:r:init:s0 tcontext=u:object_r:ion_device:s0 tclass=chr_file
01-13 20:45:44.001   558  1062 I mm-camera: <MCT   >< INFO> 4627: mct_pipeline_start_session_thread: E iface
01-13 20:45:44.001   558  1062 I mm-camera: <MCT   >< INFO> 4634: mct_pipeline_start_session_thread: Calling start_session on Module iface
01-13 20:45:44.002   558  1064 I mm-camera: <MCT   >< INFO> 4627: mct_pipeline_start_session_thread: E isp
01-13 20:45:44.000   558   558 W CAM_startiface: type=1400 audit(0.0:644): avc: granted { read open } for path="/dev/ion" dev="tmpfs" ino=11684 scontext=u:r:init:s0 tcontext=u:object_r:ion_device:s0 tclass=chr_file
01-13 20:45:44.000   558   558 W CAM_startiface: type=1400 audit(0.0:645): avc: granted { read } for name="ion" dev="tmpfs" ino=11684 scontext=u:r:init:s0 tcontext=u:object_r:ion_device:s0 tclass=chr_file
01-13 20:45:44.000   558   558 W CAM_startiface: type=1400 audit(0.0:646): avc: granted { read open } for path="/dev/ion" dev="tmpfs" ino=11684 scontext=u:r:init:s0 tcontext=u:object_r:ion_device:s0 tclass=chr_file
01-13 20:45:44.002   558  1064 I mm-camera: <MCT   >< INFO> 4634: mct_pipeline_start_session_thread: Calling start_session on Module isp
01-13 20:45:44.002   558  1064 I mm-camera: <ISP   >< INFO> 205: isp_module_start_session: session id 2
01-13 20:45:44.005   558  1065 I mm-camera: <MCT   >< INFO> 4627: mct_pipeline_start_session_thread: E stats
01-13 20:45:44.005   558  1065 I mm-camera: <MCT   >< INFO> 4634: mct_pipeline_start_session_thread: Calling start_session on Module stats
01-13 20:45:44.006   558  1062 I mm-camera: <MCT   >< INFO> 4637: mct_pipeline_start_session_thread: Module iface start_session rc = 1
01-13 20:45:44.007   558  1062 I mm-camera: <MCT   >< INFO> 4645: mct_pipeline_start_session_thread: started_num = 1, success = 1
01-13 20:45:44.007   558  1062 I mm-camera: <MCT   >< INFO> 4652: mct_pipeline_start_session_thread: X iface
01-13 20:45:44.007   558   885 I ServiceManager: Waiting for service 'sensorservice' on '/dev/binder'...
01-13 20:45:44.007   558  1067 I mm-camera: <MCT   >< INFO> 4627: mct_pipeline_start_session_thread: E pproc
01-13 20:45:44.007   558  1067 I mm-camera: <MCT   >< INFO> 4634: mct_pipeline_start_session_thread: Calling start_session on Module pproc
01-13 20:45:44.008   558  1068 I mm-camera: <MCT   >< INFO> 4627: mct_pipeline_start_session_thread: E imglib
01-13 20:45:44.008   558  1068 I mm-camera: <MCT   >< INFO> 4634: mct_pipeline_start_session_thread: Calling start_session on Module imglib
01-13 20:45:44.009   558  1067 I mm-camera: <MCT   >< INFO> 4637: mct_pipeline_start_session_thread: Module pproc start_session rc = 1
01-13 20:45:44.009   558  1067 I mm-camera: <MCT   >< INFO> 4645: mct_pipeline_start_session_thread: started_num = 2, success = 2
01-13 20:45:44.009   558  1067 I mm-camera: <MCT   >< INFO> 4652: mct_pipeline_start_session_thread: X pproc
01-13 20:45:44.010   558   845 I ServiceManager: Waiting for service 'sensorservice' on '/dev/binder'...
01-13 20:45:44.010   558  1068 I mm-camera: <MCT   >< INFO> 4637: mct_pipeline_start_session_thread: Module imglib start_session rc = 1
01-13 20:45:44.010   558  1068 I mm-camera: <MCT   >< INFO> 4645: mct_pipeline_start_session_thread: started_num = 3, success = 3
01-13 20:45:44.010   558  1068 I mm-camera: <MCT   >< INFO> 4652: mct_pipeline_start_session_thread: X imglib
01-13 20:45:44.012   558  1064 I mm-camera: <MCT   >< INFO> 4637: mct_pipeline_start_session_thread: Module isp start_session rc = 1
01-13 20:45:44.012   558  1064 I mm-camera: <MCT   >< INFO> 4645: mct_pipeline_start_session_thread: started_num = 4, success = 4
01-13 20:45:44.012   558  1064 I mm-camera: <MCT   >< INFO> 4652: mct_pipeline_start_session_thread: X isp
01-13 20:45:44.014   558  1031 I ServiceManager: Waiting for service 'sensorservice' on '/dev/binder'...
01-13 20:45:44.016   558  1075 I ServiceManager: Waiting for service 'sensorservice' on '/dev/binder'...
01-13 20:45:44.017   558  1061 I mm-camera: <MCT   >< INFO> 4637: mct_pipeline_start_session_thread: Module sensor start_session rc = 1
01-13 20:45:44.017   558  1061 I mm-camera: <MCT   >< INFO> 4645: mct_pipeline_start_session_thread: started_num = 5, success = 5
01-13 20:45:44.017   558  1065 I mm-camera: <MCT   >< INFO> 4637: mct_pipeline_start_session_thread: Module stats start_session rc = 1
01-13 20:45:44.017   558  1061 I mm-camera: <MCT   >< INFO> 4652: mct_pipeline_start_session_thread: X sensor
01-13 20:45:44.017   558  1065 I mm-camera: <MCT   >< INFO> 4645: mct_pipeline_start_session_thread: started_num = 6, success = 6
01-13 20:45:44.017   558  1065 I mm-camera: <MCT   >< INFO> 4652: mct_pipeline_start_session_thread: X stats
01-13 20:45:44.021   558   803 I ServiceManager: Waiting for service 'sensorservice' on '/dev/binder'...
01-13 20:45:44.026   558   558 I mm-camera: <MCT   >< INFO> 4548: mct_pipeline_start_stream_internal: Adding session stream streamid= 0xf for session=2
01-13 20:45:44.026   558   558 I mm-camera: <MCT   >< INFO> 4596: mct_pipeline_start_stream_internal: Linking session stream for session 2
01-13 20:45:44.026   558   558 I mm-camera: <MCT   >< INFO> 510: mct_stream_start_link: Start linking Session-stream 0x2000f
01-13 20:45:44.026   558   558 I mm-camera: <IFACE >< INFO> 338: iface_util_find_primary_cid: iface_util_find_primary_cid:338 error cannot find primary sensor format cids 1
01-13 20:45:44.026   558   558 I mm-camera: <ISP   >< INFO> 801: isp_port_check_caps_reserve: port 0xe93e7cc0 ide 2000f type 10 dim 0 0
01-13 20:45:44.027   558   558 I mm-camera: <PPROC >< INFO> 446: pproc_port_add_modules_to_stream: in identity 2000f stream 10 int_link = 0xe9356440
01-13 20:45:44.027   558   558 I mm-camera: <PPROC >< INFO> 458: pproc_port_add_modules_to_stream: :LINK linking mods tmod and c2d for identity 2000f
01-13 20:45:44.027   558   558 I mm-camera: <C2D   >< INFO> 1490: c2d_module_notify_add_stream: width 0, height 0, stride 0, scanline 0, is_type 0
01-13 20:45:44.027   558   558 I mm-camera: <PPROC >< INFO> 458: pproc_port_add_modules_to_stream: :LINK linking mods c2d and cpp for identity 2000f
01-13 20:45:44.027   558   558 I mm-camera: <CPP   >< INFO> 2154: cpp_module_notify_add_stream: :width 0, height 0, stride 0, scanline 0, framelen 0
01-13 20:45:44.027   558   558 I mm-camera: <CPP   >< INFO> 2319: cpp_module_notify_add_stream: : stream 10, fmt 1, asf_mode 0, sharpness_level 0.000000,asf mask 0, denoise 0, denoise_mask 0, dsdn mask 0,dsdn enable 0, tnr mask 0, tnr enable 0, ds_mask 0
01-13 20:45:44.027   558   558 I mm-camera: <PPROC >< INFO> 458: pproc_port_add_modules_to_stream: :LINK linking mods cpp and paaf for identity 2000f
01-13 20:45:44.027   558   558 I mm-camera: <PPROC >< INFO> 458: pproc_port_add_modules_to_stream: :LINK linking mods paaf and ezt for identity 2000f
01-13 20:45:44.027   558   558 E mm-camera: <STATS ><ERROR> 2822: stats_port_check_caps_reserve: Invalid Port capability type!
01-13 20:45:44.027   558   558 I chatty  : uid=1006(camera) mm-qcamera-daem identical 3 lines
01-13 20:45:44.028   558   558 E mm-camera: <STATS ><ERROR> 2822: stats_port_check_caps_reserve: Invalid Port capability type!
01-13 20:45:44.028   558   558 I mm-camera: <MCT   >< INFO> 4605: mct_pipeline_start_stream_internal: Session stream linked successfully session 2
01-13 20:45:44.031   362   362 I Thermal-Lib: Thermal-Lib-Client: Registraion successful for camera with handle:1
01-13 20:45:44.031   362   362 I Thermal-Lib: Thermal-Lib-Client: Registraion successful for camcorder with handle:2
01-13 20:45:44.031   362   362 I QCamera : <HAL><INFO> openCamera: 1840: [KPI Perf]: X PROFILE_OPEN_CAMERA camera id 1, rc: 0
01-13 20:45:44.031   443   538 I ThermalEngine: Thermal-Server: Adding thermal event listener on fd 46
01-13 20:45:44.032   362  1086 I Thermal-Lib: Thermal-Lib-Client: Client received msg camera 0
01-13 20:45:44.032   362  1086 I Thermal-Lib: Thermal-Lib-Client: Client received msg camcorder 0
01-13 20:45:44.034   558  1081 E mm-camera: <MCT   ><ERROR> 1106: mct_pipeline_decide_hw_wakeup: Couldn't find meta stream
01-13 20:45:44.036   558  1081 I chatty  : uid=1006(camera) CAM_MctServ identical 1 line
01-13 20:45:44.036   558  1081 E mm-camera: <MCT   ><ERROR> 1106: mct_pipeline_decide_hw_wakeup: Couldn't find meta stream
01-13 20:45:44.038   362   362 I CamDev@1.0-impl: Closing camera 1
01-13 20:45:44.039   362   362 I QCamera : <HAL><INFO> close_camera_device: 1495: [KPI Perf]: E camera id 1
01-13 20:45:44.040   362   362 E QCamera : <HAL><ERROR> lock_acq: 364: failed to acquire lock
01-13 20:45:44.040   362   362 I QCamera : <HAL><INFO> closeCamera: 2226: E
01-13 20:45:44.040   362   362 I QCamera : <HAL><INFO> closeCamera: 2231: [KPI Perf]: E PROFILE_CLOSE_CAMERA camera id 1
01-13 20:45:44.041   558   732 E mm-camera: <IMGLIB><ERROR> 303: static int32_t QCameraPAAF::AllocateBuffers(img_base_ops_t *, bool): Invalid dimensions 0x0
01-13 20:45:44.041   558  1081 I mm-camera: <ISP   >< INFO> 6629: isp_util_print_meta_stream_info: Deallocate resources
01-13 20:45:44.041   558   732 E mm-camera: <IMGLIB><ERROR> 203: int img_algo_preload(img_base_ops_t *): Preload: Failed to allocate buffer, rc -4
01-13 20:45:44.041   558   732 E mm-camera: <IMGLIB><ERROR> 119: module_imgbase_client_preload_exec: IMG_CORE_PRELOAD failed -4
01-13 20:45:44.042   558  1081 I mm-camera: <ISP   >< INFO> 2537: isp_resource_allocate: INFO: ISP resource acquired: session 2 num_isp 1
01-13 20:45:44.042   558  1081 I mm-camera: <ISP   >< INFO> 2539: isp_resource_allocate: INFO: ISP resource acquired: hw_id 1
01-13 20:45:44.042   558  1081 I mm-camera: <ISP   >< INFO> 6479: isp_util_decide_stream_mapping: stream_port_map num streams 0
01-13 20:45:44.044   558  1081 E mm-camera: <MCT   ><ERROR> 1106: mct_pipeline_decide_hw_wakeup: Couldn't find meta stream
01-13 20:45:44.045   362   362 I Thermal-Lib: Thermal-Lib-Client: Unregisteration is successfull for handle:1
01-13 20:45:44.046   362   362 I Thermal-Lib: Thermal-Lib-Client: Unregisteration is successfull for handle:2
01-13 20:45:44.046   443   538 I ThermalEngine: Thermal-Server: removing client on fd 46
01-13 20:45:44.046   558   994 I ServiceManager: Waiting for service 'sensorservice' on '/dev/binder'...
01-13 20:45:44.046   558   558 I mm-camera: <MCT   >< INFO> 216: mct_controller_destroy: Initiating destroy sequence for session = 2
01-13 20:45:44.047   558   558 I mm-camera: <MCT   >< INFO> 234: mct_controller_destroy: serv_thread closed
01-13 20:45:44.047   558   558 I mm-camera: <MCT   >< INFO> 249: mct_controller_destroy: bus_handler thread closed
01-13 20:45:44.047   558   558 I mm-camera: <MCT   >< INFO> 4705: mct_pipeline_stop_session: Initiating stop_session on session 2
01-13 20:45:44.047   558   558 I mm-camera: <MCT   >< INFO> 3746: mct_pipeline_process_set: command=800000b
01-13 20:45:44.047   558   558 I mm-camera: <MCT   >< INFO> 3964: mct_pipeline_process_set: Issuing DEL_STREAM on stream 0x2000f and stream type=10
01-13 20:45:44.107   558   885 I ServiceManager: Waiting for service 'sensorservice' on '/dev/binder'...
01-13 20:45:44.110   558   845 I ServiceManager: Waiting for service 'sensorservice' on '/dev/binder'...
01-13 20:45:44.114   558  1031 I ServiceManager: Waiting for service 'sensorservice' on '/dev/binder'...
01-13 20:45:44.118   558  1075 I ServiceManager: Waiting for service 'sensorservice' on '/dev/binder'...
01-13 20:45:44.121   558   803 I ServiceManager: Waiting for service 'sensorservice' on '/dev/binder'...
01-13 20:45:44.131   752   752 D SELinuxMMAC: Using policy file /system/etc/selinux/plat_mac_permissions.xml
01-13 20:45:44.134   558  1063 E mm-camera: s5k5e8_ofilm_riva wingtech_get_calibration_items,419
01-13 20:45:44.134   558  1063 E mm-camera: wingtech_get_calibration_items,458
01-13 20:45:44.134   558  1063 E mm-camera: wingtech_get_raw_data,1002
01-13 20:45:44.134   752   752 D SELinuxMMAC: Using policy file /vendor/etc/selinux/vendor_mac_permissions.xml
01-13 20:45:44.134   558  1063 E mm-camera: wingtech_get_raw_data,1009
01-13 20:45:44.135   558   558 I mm-camera: <IFACE >< INFO> 671: iface_unreserve_sink_port: stream_id f mode 0 
