--------- beginning of main
01-13 20:45:34.591   330   330 W auditd  : type=2000 audit(0.0:1): initialized
01-13 20:45:36.780   330   330 I auditd  : type=1403 audit(0.0:2): policy loaded auid=4294967295 ses=4294967295
01-13 20:45:36.883   303   303 I init    : type=1400 audit(0.0:3): avc: denied { write } for name="/" dev="rootfs" ino=2 scontext=u:r:vendor_init:s0 tcontext=u:object_r:rootfs:s0 tclass=dir permissive=1
01-13 20:45:36.883   303   303 I init    : type=1400 audit(0.0:4): avc: denied { add_name } for name="firmware" scontext=u:r:vendor_init:s0 tcontext=u:object_r:rootfs:s0 tclass=dir permissive=1
01-13 20:45:36.883   303   303 I init    : type=1400 audit(0.0:5): avc: denied { create } for name="firmware" scontext=u:r:vendor_init:s0 tcontext=u:object_r:rootfs:s0 tclass=dir permissive=1
01-13 20:45:36.883   303   303 I init    : type=1400 audit(0.0:6): avc: denied { setattr } for name="firmware" dev="rootfs" ino=316 scontext=u:r:vendor_init:s0 tcontext=u:object_r:rootfs:s0 tclass=dir permissive=1
01-13 20:45:37.196     1     1 I init    : type=1400 audit(0.0:7): avc: denied { create } for name="sdcard" scontext=u:r:init:s0 tcontext=u:object_r:tmpfs:s0 tclass=lnk_file permissive=1
01-13 20:45:37.320   314   314 I e2fsck  : type=1400 audit(0.0:8): avc: denied { read } for name="mmcblk0p49" dev="tmpfs" ino=344 scontext=u:r:fsck:s0 tcontext=u:object_r:block_device:s0 tclass=blk_file permissive=1
01-13 20:45:37.320   314   314 I e2fsck  : type=1400 audit(0.0:9): avc: denied { open } for path="/dev/block/mmcblk0p49" dev="tmpfs" ino=344 scontext=u:r:fsck:s0 tcontext=u:object_r:block_device:s0 tclass=blk_file permissive=1
01-13 20:45:37.320   314   314 I e2fsck  : type=1400 audit(0.0:10): avc: denied { write } for name="mmcblk0p49" dev="tmpfs" ino=344 scontext=u:r:fsck:s0 tcontext=u:object_r:block_device:s0 tclass=blk_file permissive=1
01-13 20:45:38.353   331   331 I SELinux : SELinux: Loaded service_contexts from:
01-13 20:45:38.355   331   331 I SELinux :     /plat_service_contexts
01-13 20:45:38.355   331   331 I SELinux :     /vendor_service_contexts
01-13 20:45:38.356   333   333 I SELinux : SELinux: Loaded service_contexts from:
01-13 20:45:38.358   333   333 I SELinux :     /vndservice_contexts
01-13 20:45:38.425   332   332 I hwservicemanager: hwservicemanager is ready now.
--------- beginning of system
01-13 20:45:38.442   335   335 I vold    : Vold 3.0 (the awakening) firing up
01-13 20:45:38.443   335   335 V vold    : Detected support for: exfat ext4 f2fs ntfs vfat
01-13 20:45:38.446   335   335 W vold    : Failed to LOOP_GET_STATUS64 /dev/block/loop6: No such device or address
01-13 20:45:38.447   335   335 W vold    : Failed to LOOP_GET_STATUS64 /dev/block/loop2: No such device or address
01-13 20:45:38.447   335   335 W vold    : Failed to LOOP_GET_STATUS64 /dev/block/loop5: No such device or address
01-13 20:45:38.447   335   335 W vold    : Failed to LOOP_GET_STATUS64 /dev/block/loop1: No such device or address
01-13 20:45:38.447   335   335 W vold    : Failed to LOOP_GET_STATUS64 /dev/block/loop7: No such device or address
01-13 20:45:38.447   335   335 W vold    : Failed to LOOP_GET_STATUS64 /dev/block/loop3: No such device or address
01-13 20:45:38.447   335   335 W vold    : Failed to LOOP_GET_STATUS64 /dev/block/loop4: No such device or address
01-13 20:45:38.447   335   335 W vold    : Failed to LOOP_GET_STATUS64 /dev/block/loop0: No such device or address
01-13 20:45:38.450   335   335 D vold    : VoldNativeService::start() completed OK
01-13 20:45:38.452   335   345 D vold    : e4crypt_init_user0
01-13 20:45:38.452   335   345 D vold    : e4crypt_prepare_user_storage for volume null, user 0, serial 0, flags 1
01-13 20:45:38.452   335   345 D vold    : Preparing: /data/system/users/0
01-13 20:45:38.453   335   345 D vold    : Preparing: /data/misc/profiles/cur/0
01-13 20:45:38.453   335   345 D vold    : Preparing: /data/system_de/0
01-13 20:45:38.454   335   345 D vold    : Preparing: /data/misc_de/0
01-13 20:45:38.454   335   345 D vold    : Preparing: /data/vendor_de/0
01-13 20:45:38.455   335   345 D vold    : Preparing: /data/user_de/0
01-13 20:45:38.456   335   345 V vold    : /system/bin/vold_prepare_subdirs
01-13 20:45:38.456   335   345 V vold    :     prepare
01-13 20:45:38.456   335   345 V vold    :     
01-13 20:45:38.456   335   345 V vold    :     0
01-13 20:45:38.456   335   345 V vold    :     1
01-13 20:45:38.458   334   334 D vndksupport: Loading /vendor/lib64/hw/android.hardware.keymaster@3.0-impl.so from current namespace instead of sphal namespace.
01-13 20:45:38.481   335   345 I vold_prepare_subdirs: SELinux: Loaded file_contexts
01-13 20:45:38.481   334   334 I android.hardware.keymaster@3.0-impl: Fetching keymaster device name default
01-13 20:45:38.482   334   334 D vndksupport: Loading /vendor/lib64/hw/keystore.msm8937.so from current namespace instead of sphal namespace.
01-13 20:45:38.484   347   347 D vold_prepare_subdirs: Setting up mode 700 uid 0 gid 0 context u:object_r:vold_data_file:s0 on path: /data/misc_de/0/vold
01-13 20:45:38.485   347   347 D vold_prepare_subdirs: Setting up mode 700 uid 0 gid 0 context u:object_r:storaged_data_file:s0 on path: /data/misc_de/0/storaged
01-13 20:45:38.485   347   347 D vold_prepare_subdirs: Setting up mode 700 uid 1000 gid 1000 context u:object_r:fingerprint_vendor_data_file:s0 on path: /data/vendor_de/0/fpdata
01-13 20:45:38.487   335   345 D vold    : e4crypt_unlock_user_key 0 serial=0 token_present=0
01-13 20:45:38.490   335   346 I vold    : Found disk at /devices/soc/7864900.sdhci/mmc_host/mmc1/mmc1:0001/block/mmcblk1 but delaying scan due to secure keyguard
01-13 20:45:38.503     1     1 I init    : type=1400 audit(0.0:23): avc: denied { setattr } for name="file" dev="sysfs" ino=30621 scontext=u:r:init:s0 tcontext=u:object_r:sysfs:s0 tclass=file permissive=1
01-13 20:45:38.504   349   349 I /system/bin/tzdatacheck: timezone distro dir /data/misc/zoneinfo/current does not exist. No action required.
01-13 20:45:38.513   303   303 I init    : type=1400 audit(0.0:24): avc: denied { setattr } for name="qsee" dev="mmcblk0p49" ino=589874 scontext=u:r:vendor_init:s0 tcontext=u:object_r:system_data_file:s0 tclass=dir permissive=1
01-13 20:45:38.516   303   303 I init    : type=1400 audit(0.0:25): avc: denied { write } for name="misc" dev="mmcblk0p49" ino=589825 scontext=u:r:vendor_init:s0 tcontext=u:object_r:system_data_file:s0 tclass=dir permissive=1
01-13 20:45:38.516   303   303 I init    : type=1400 audit(0.0:26): avc: denied { add_name } for name="qvop" scontext=u:r:vendor_init:s0 tcontext=u:object_r:system_data_file:s0 tclass=dir permissive=1
01-13 20:45:38.516   303   303 I init    : type=1400 audit(0.0:27): avc: denied { create } for name="qvop" scontext=u:r:vendor_init:s0 tcontext=u:object_r:system_data_file:s0 tclass=dir permissive=1
01-13 20:45:38.516   303   303 I init    : type=1400 audit(0.0:28): avc: denied { setattr } for name="camera" dev="mmcblk0p49" ino=589875 scontext=u:r:vendor_init:s0 tcontext=u:object_r:camera_data_file:s0 tclass=dir permissive=1
01-13 20:45:38.516   303   303 I init    : type=1400 audit(0.0:29): avc: denied { setattr } for name="media" dev="mmcblk0p49" ino=106497 scontext=u:r:vendor_init:s0 tcontext=u:object_r:media_rw_data_file:s0 tclass=dir permissive=1
01-13 20:45:38.526   303   303 I init    : type=1400 audit(0.0:30): avc: denied { setattr } for name="wifi" dev="mmcblk0p49" ino=589847 scontext=u:r:vendor_init:s0 tcontext=u:object_r:wifi_data_file:s0 tclass=dir permissive=1
01-13 20:45:38.530   303   303 I init    : type=1400 audit(0.0:31): avc: denied { setattr } for name="dhcp" dev="mmcblk0p49" ino=589851 scontext=u:r:vendor_init:s0 tcontext=u:object_r:dhcp_data_file:s0 tclass=dir permissive=1
01-13 20:45:38.638   355   355 I sysinit : Running /system/etc/init.d/00banner
01-13 20:45:38.697   357   357 I ServiceManagement: Removing namespace from process name android.hidl.allocator@1.0-service to allocator@1.0-service.
01-13 20:45:38.711   379   379 I lineage : _ _                                       
01-13 20:45:38.811   351   351 I Netd    : Netd 1.0 starting
01-13 20:45:38.814   386   386 I irsc_util: Starting irsc tool
01-13 20:45:38.824   351   351 D TetherController: Setting IP forward enable = 0
01-13 20:45:38.829   351   351 E         : Cannot determine initial API level of the device
01-13 20:45:38.840   393   393 I lineage : | (_)_ __   ___  __ _  __ _  ___  ___  ___ 
01-13 20:45:38.842   386   386 I irsc_util: Num of entries:292
01-13 20:45:38.844   386   386 I irsc_util: Ending irsc tool
01-13 20:45:38.877   388   388 I tftp_server: Starting...
01-13 20:45:38.878   392   392 I lowmemorykiller: Using in-kernel low memory killer interface
01-13 20:45:38.880   363   363 D android.hardware.cas@1.0-service: android.hardware.cas@1.0-service starting...
01-13 20:45:38.885   363   363 I ServiceManagement: Removing namespace from process name android.hardware.cas@1.0-service to cas@1.0-service.
01-13 20:45:38.894   358   358 I health@2.0/: health@2.0/backup: Hal starting main loop...
01-13 20:45:38.914   377   377 I ServiceManagement: Removing namespace from process name android.hardware.usb@1.0-service.basic to usb@1.0-service.basic.
01-13 20:45:38.915   373   373 D vndksupport: Loading /vendor/lib64/hw/android.hardware.memtrack@1.0-impl.so from current namespace instead of sphal namespace.
01-13 20:45:38.918   358   358 I health@2.0/: health@2.0/backup Hal is starting up...
01-13 20:45:38.919   372   372 I ServiceManagement: Removing namespace from process name android.hardware.light@2.0-service.aw2013.rolex to light@2.0-service.aw2013.rolex.
01-13 20:45:38.922   332   332 W hwservicemanager: getTransport: Cannot find entry android.hardware.health@1.0::IHealth/default in either framework or device manifest.
01-13 20:45:38.923   387   387 I rmt_storage: Shared memory initialised successfully.
01-13 20:45:38.923   387   387 I rmt_storage: Registering modemst1: 0x4a /boot/modem_fs1
01-13 20:45:38.923   387   387 I rmt_storage: Registering modemst2: 0x4b /boot/modem_fs2
01-13 20:45:38.923   387   387 I rmt_storage: Registering fsc: 0xff /boot/modem_fsc
01-13 20:45:38.923   387   387 I rmt_storage: Registering fsg: 0x58 /boot/modem_fsg
01-13 20:45:38.923   387   387 I rmt_storage: 4 GPT partitions found
01-13 20:45:38.924   387   387 I rmt_storage: Capset success!
01-13 20:45:38.933   365   365 D android.hardware.drm@1.0-service: android.hardware.drm@1.0-service starting...
01-13 20:45:38.939   368   368 D vndksupport: Loading /vendor/lib64/hw/android.hardware.graphics.allocator@2.0-impl.so from current namespace instead of sphal namespace.
01-13 20:45:38.942   376   376 D vndksupport: Loading /vendor/lib64/hw/android.hardware.sensors@1.0-impl.so from current namespace instead of sphal namespace.
01-13 20:45:38.943   378   378 D vndksupport: Loading /vendor/lib64/hw/android.hardware.vibrator@1.0-impl.so from current namespace instead of sphal namespace.
01-13 20:45:38.946   365   365 D vndksupport: Loading /vendor/lib64/hw/android.hardware.drm@1.0-impl.so from current namespace instead of sphal namespace.
01-13 20:45:38.950   361   361 I android.hardware.bluetooth@1.0-service: registering BT & FM services
01-13 20:45:38.951   364   364 W /vendor/bin/hw/android.hardware.configstore@1.1-service: libminijail[364]: allowing syscall: connect
01-13 20:45:38.952   364   364 W /vendor/bin/hw/android.hardware.configstore@1.1-service: libminijail[364]: allowing syscall: fcntl
01-13 20:45:38.952   364   364 W /vendor/bin/hw/android.hardware.configstore@1.1-service: libminijail[364]: allowing syscall: sendto
01-13 20:45:38.952   364   364 W /vendor/bin/hw/android.hardware.configstore@1.1-service: libminijail[364]: allowing syscall: socket
01-13 20:45:38.952   364   364 W /vendor/bin/hw/android.hardware.configstore@1.1-service: libminijail[364]: allowing syscall: writev
01-13 20:45:38.952   389   389 D QSEECOMD: : qseecom listener services process entry PPID = 1
01-13 20:45:38.952   389   389 E QSEECOMD: : Listener: index = 0, hierarchy = 0
01-13 20:45:38.955   367   367 D vndksupport: Loading /vendor/lib64/hw/android.hardware.gatekeeper@1.0-impl.so from current namespace instead of sphal namespace.
01-13 20:45:38.957   373   373 D vndksupport: Loading /vendor/lib64/hw/memtrack.msm8937.so from current namespace instead of sphal namespace.
01-13 20:45:38.960   364   364 W /vendor/bin/hw/android.hardware.configstore@1.1-service: libminijail[364]: logging seccomp filter failures
01-13 20:45:38.960   368   368 D vndksupport: Loading /vendor/lib64/hw/gralloc.msm8937.so from current namespace instead of sphal namespace.
01-13 20:45:38.961   364   364 I ServiceManagement: Removing namespace from process name android.hardware.configstore@1.1-service to configstore@1.1-service.
01-13 20:45:38.961   378   378 D vndksupport: Loading /vendor/lib64/hw/vibrator.default.so from current namespace instead of sphal namespace.
01-13 20:45:38.963   377   377 I /vendor/bin/hw/android.hardware.usb@1.0-service.basic: USB HAL Ready.
01-13 20:45:38.964   332   332 E SELinux : avc:  denied  { add } for interface=android.hardware.light::ILight sid=u:r:init:s0 pid=372 scontext=u:r:init:s0 tcontext=u:object_r:hal_light_hwservice:s0 tclass=hwservice_manager permissive=1
01-13 20:45:38.965   332   332 E SELinux : avc:  denied  { add } for interface=android.hidl.base::IBase sid=u:r:init:s0 pid=372 scontext=u:r:init:s0 tcontext=u:object_r:hidl_base_hwservice:s0 tclass=hwservice_manager permissive=1
01-13 20:45:38.966   372   372 I android.hardware.light@2.0-service.aw2013.rolex: Light HAL Ready.
01-13 20:45:38.969   358   358 I health@2.0/: health@2.0/backup: Hal init done
01-13 20:45:38.971   332   332 E SELinux : avc:  denied  { find } for interface=vendor.qti.hardware.iop::IIop sid=u:r:init:s0 pid=382 scontext=u:r:init:s0 tcontext=u:object_r:default_android_hwservice:s0 tclass=hwservice_manager permissive=1
01-13 20:45:38.975   367   367 D vndksupport: Loading /vendor/lib64/hw/gatekeeper.msm8937.so from current namespace instead of sphal namespace.
01-13 20:45:38.976   378   378 D         : Vibrator using timed_output
01-13 20:45:38.982   389   389 D QSEECOMD: : Init dlopen(librpmb.so, RTLD_NOW) succeeds
01-13 20:45:38.983   389   389 D QSEECOMD: : Init::Init dlsym(g_FSHandle rpmb_init_service) succeeds
01-13 20:45:38.983   382   382 D vndksupport: Loading /vendor/lib64/hw/vendor.qti.hardware.iop@1.0-impl.so from current namespace instead of sphal namespace.
01-13 20:45:38.983   389   389 I rpmb_emmc: RPMB Mult (512-bytes sector) = 8192, Rel_sec_cnt = 32
01-13 20:45:38.983   389   389 E DrmLibRpmb: rpmb_init succeeded! with ret = 0
01-13 20:45:38.983   389   389 D QSEECOMD: : Init rpmb_init_service ret = 0
01-13 20:45:38.983   389   389 D QSEECOMD: : RPMB system services: init (Listener ID = 8192)
01-13 20:45:38.983   389   389 E QSEECOMD: : Listener: index = 1, hierarchy = 0
01-13 20:45:38.987   367   367 D gatekeeper_device: HwGkOpen called
01-13 20:45:38.990   389   389 D QSEECOMD: : Init dlopen(libssd.so, RTLD_NOW) succeeds
01-13 20:45:38.990   389   389 D QSEECOMD: : Init::Init dlsym(g_FSHandle ssd_init_service) succeeds
01-13 20:45:38.990   389   389 E SSD     : ssd_init_service succeeded!
01-13 20:45:38.990   389   389 D QSEECOMD: : Init ssd_init_service ret = 0
01-13 20:45:38.990   389   389 D QSEECOMD: : SSD system services: init (Listener ID = 12288)
01-13 20:45:38.990   389   389 E QSEECOMD: : Listener: index = 2, hierarchy = 0
01-13 20:45:38.995   332   332 E SELinux : avc:  denied  { find } for interface=android.hardware.bluetooth::IBluetoothHci sid=u:r:init:s0 pid=361 scontext=u:r:init:s0 tcontext=u:object_r:hal_bluetooth_hwservice:s0 tclass=hwservice_manager permissive=1
01-13 20:45:38.997   361   361 D vndksupport: Loading /vendor/lib64/hw/android.hardware.bluetooth@1.0-impl-qti.so from current namespace instead of sphal namespace.
01-13 20:45:38.999   373   373 I ServiceManagement: Removing namespace from process name android.hardware.memtrack@1.0-service to memtrack@1.0-service.
01-13 20:45:39.004   378   378 I ServiceManagement: Removing namespace from process name android.hardware.vibrator@1.0-service to vibrator@1.0-service.
01-13 20:45:39.008   382   382 E         : IOP-HAL: inside HIDL_FETCH_IIop
01-13 20:45:39.008   382   382 E         : IOP-HAL: boot Address of iop object
01-13 20:45:39.013   373   373 I android.hardware.memtrack@1.0-service: Registration complete for android.hardware.memtrack@1.0::IMemtrack/default.
01-13 20:45:39.022   388   388 I tftp_server: pid=388 tid=388 tftp-server : INF :[tftp_os_la.c, 121] mkdir failed: [17] [/data/vendor/tombstones/rfs/modem] [File exists]
01-13 20:45:39.022   388   388 I tftp_server: pid=388 tid=388 tftp-server : INF :[tftp_os_la.c, 141] chown failed: [1] [/data/vendor/tombstones/rfs/modem] [Operation not permitted]
01-13 20:45:39.022   388   388 I tftp_server: pid=388 tid=388 tftp-server : INF :[tftp_os_la.c, 141] chown failed: [1] [/data/vendor/tombstones/rfs/modem] [Operation not permitted]
01-13 20:45:39.022   388   388 I tftp_server: pid=388 tid=388 tftp-server : INF :[tftp_os_la.c, 121] mkdir failed: [17] [/data/vendor/tombstones/rfs/modem/] [File exists]
01-13 20:45:39.022   388   388 I tftp_server: pid=388 tid=388 tftp-server : INF :[tftp_os_la.c, 141] chown failed: [1] [/data/vendor/tombstones/rfs/modem/] [Operation not permitted]
01-13 20:45:39.023   388   388 I tftp_server: pid=388 tid=388 tftp-server : INF :[tftp_os_la.c, 121] mkdir failed: [17] [/data/vendor/tombstones/rfs/lpass] [File exists]
01-13 20:45:39.023   388   388 I tftp_server: pid=388 tid=388 tftp-server : INF :[tftp_os_la.c, 141] chown failed: [1] [/data/vendor/tombstones/rfs/lpass] [Operation not permitted]
01-13 20:45:39.023   388   388 I tftp_server: pid=388 tid=388 tftp-server : INF :[tftp_os_la.c, 141] chown failed: [1] [/data/vendor/tombstones/rfs/lpass] [Operation not permitted]
01-13 20:45:39.023   388   388 I tftp_server: pid=388 tid=388 tftp-server : INF :[tftp_os_la.c, 121] mkdir failed: [17] [/data/vendor/tombstones/rfs/lpass/] [File exists]
01-13 20:45:39.023   388   388 I tftp_server: pid=388 tid=388 tftp-server : INF :[tftp_os_la.c, 141] chown failed: [1] [/data/vendor/tombstones/rfs/lpass/] [Operation not permitted]
01-13 20:45:39.023   388   388 I tftp_server: pid=388 tid=388 tftp-server : INF :[tftp_os_la.c, 121] mkdir failed: [17] [/data/vendor/tombstones/rfs/tn] [File exists]
01-13 20:45:39.023   388   388 I tftp_server: pid=388 tid=388 tftp-server : INF :[tftp_os_la.c, 141] chown failed: [1] [/data/vendor/tombstones/rfs/tn] [Operation not permitted]
01-13 20:45:39.023   388   388 I tftp_server: pid=388 tid=388 tftp-server : INF :[tftp_os_la.c, 141] chown failed: [1] [/data/vendor/tombstones/rfs/tn] [Operation not permitted]
01-13 20:45:39.023   388   388 I tftp_server: pid=388 tid=388 tftp-server : INF :[tftp_os_la.c, 121] mkdir failed: [17] [/data/vendor/tombstones/rfs/tn/] [File exists]
01-13 20:45:39.023   388   388 I tftp_server: pid=388 tid=388 tftp-server : INF :[tftp_os_la.c, 141] chown failed: [1] [/data/vendor/tombstones/rfs/tn/] [Operation not permitted]
01-13 20:45:39.023   388   388 I tftp_server: pid=388 tid=388 tftp-server : INF :[tftp_os_la.c, 121] mkdir failed: [17] [/data/vendor/tombstones/rfs/slpi] [File exists]
01-13 20:45:39.023   388   388 I tftp_server: pid=388 tid=388 tftp-server : INF :[tftp_os_la.c, 141] chown failed: [1] [/data/vendor/tombstones/rfs/slpi] [Operation not permitted]
01-13 20:45:39.023   388   388 I tftp_server: pid=388 tid=388 tftp-server : INF :[tftp_os_la.c, 141] chown failed: [1] [/data/vendor/tombstones/rfs/slpi] [Operation not permitted]
01-13 20:45:39.023   388   388 I tftp_server: pid=388 tid=388 tftp-server : INF :[tftp_os_la.c, 121] mkdir failed: [17] [/data/vendor/tombstones/rfs/slpi/] [File exists]
01-13 20:45:39.023   388   388 I tftp_server: pid=388 tid=388 tftp-server : INF :[tftp_os_la.c, 141] chown failed: [1] [/data/vendor/tombstones/rfs/slpi/] [Operation not permitted]
01-13 20:45:39.023   388   388 I tftp_server: pid=388 tid=388 tftp-server : INF :[tftp_os_la.c, 121] mkdir failed: [17] [/persist/rfs/shared] [File exists]
01-13 20:45:39.023   388   388 I tftp_server: pid=388 tid=388 tftp-server : INF :[tftp_os_la.c, 121] mkdir failed: [17] [/persist/rfs/shared/] [File exists]
01-13 20:45:39.023   388   388 I tftp_server: pid=388 tid=388 tftp-server : INF :[tftp_os_la.c, 121] mkdir failed: [17] [/persist/rfs/msm/mpss] [File exists]
01-13 20:45:39.023   388   388 I tftp_server: pid=388 tid=388 tftp-server : INF :[tftp_os_la.c, 121] mkdir failed: [17] [/persist/rfs/msm/mpss/] [File exists]
01-13 20:45:39.023   388   388 I tftp_server: pid=388 tid=388 tftp-server : INF :[tftp_os_la.c, 121] mkdir failed: [17] [/persist/rfs/msm/adsp] [File exists]
01-13 20:45:39.023   378   378 I android.hardware.vibrator@1.0-service: Registration complete for android.hardware.vibrator@1.0::IVibrator/default.
01-13 20:45:39.023   388   388 I tftp_server: pid=388 tid=388 tftp-server : INF :[tftp_os_la.c, 121] mkdir failed: [17] [/persist/rfs/msm/adsp/] [File exists]
01-13 20:45:39.023   388   388 I tftp_server: pid=388 tid=388 tftp-server : INF :[tftp_os_la.c, 121] mkdir failed: [17] [/persist/rfs/msm/slpi] [File exists]
01-13 20:45:39.023   388   388 I tftp_server: pid=388 tid=388 tftp-server : INF :[tftp_os_la.c, 121] mkdir failed: [17] [/persist/rfs/msm/slpi/] [File exists]
01-13 20:45:39.023   388   388 I tftp_server: pid=388 tid=388 tftp-server : INF :[tftp_os_la.c, 121] mkdir failed: [17] [/persist/rfs/mdm/mpss] [File exists]
01-13 20:45:39.023   388   388 I tftp_server: pid=388 tid=388 tftp-server : INF :[tftp_os_la.c, 121] mkdir failed: [17] [/persist/rfs/mdm/mpss/] [File exists]
01-13 20:45:39.023   388   388 I tftp_server: pid=388 tid=388 tftp-server : INF :[tftp_os_la.c, 121] mkdir failed: [17] [/persist/rfs/mdm/adsp] [File exists]
01-13 20:45:39.023   388   388 I tftp_server: pid=388 tid=388 tftp-server : INF :[tftp_os_la.c, 121] mkdir failed: [17] [/persist/rfs/mdm/adsp/] [File exists]
01-13 20:45:39.023   388   388 I tftp_server: pid=388 tid=388 tftp-server : INF :[tftp_os_la.c, 121] mkdir failed: [17] [/persist/rfs/mdm/slpi] [File exists]
01-13 20:45:39.023   388   388 I tftp_server: pid=388 tid=388 tftp-server : INF :[tftp_os_la.c, 121] mkdir failed: [17] [/persist/rfs/mdm/slpi/] [File exists]
01-13 20:45:39.023   388   388 I tftp_server: pid=388 tid=388 tftp-server : INF :[tftp_os_la.c, 121] mkdir failed: [17] [/persist/rfs/mdm/tn] [File exists]
01-13 20:45:39.023   388   388 I tftp_server: pid=388 tid=388 tftp-server : INF :[tftp_os_la.c, 121] mkdir failed: [17] [/persist/rfs/mdm/tn/] [File exists]
01-13 20:45:39.024   388   388 I tftp_server: pid=388 tid=388 tftp-server : INF :[tftp_os_la.c, 121] mkdir failed: [17] [/persist/rfs/apq/gnss] [File exists]
01-13 20:45:39.024   388   388 I tftp_server: pid=388 tid=388 tftp-server : INF :[tftp_os_la.c, 121] mkdir failed: [17] [/persist/rfs/apq/gnss/] [File exists]
01-13 20:45:39.024   388   388 I tftp_server: pid=388 tid=388 tftp-server : INF :[tftp_os_la.c, 121] mkdir failed: [17] [/persist/hlos_rfs/shared] [File exists]
01-13 20:45:39.024   388   388 I tftp_server: pid=388 tid=388 tftp-server : INF :[tftp_os_la.c, 121] mkdir failed: [17] [/persist/hlos_rfs/shared/] [File exists]
01-13 20:45:39.031   368   368 I ServiceManagement: Removing namespace from process name android.hardware.graphics.allocator@2.0-service to allocator@2.0-service.
01-13 20:45:39.035   370   370 I health@2.0/: health@2.0/default: Hal starting main loop...
01-13 20:45:39.035   370   370 I health@2.0/: health@2.0/default Hal is starting up...
01-13 20:45:39.035   400   400 I lineage : | | | '_ \ / _ \/ _` |/ _` |/ _ \/ _ \/ __|
01-13 20:45:39.036   351   351 I Netd    : Creating child chains: 199.4ms
01-13 20:45:39.036   351   351 I Netd    : Setting up OEM hooks: 0.2ms
01-13 20:45:39.037   368   368 I android.hardware.graphics.allocator@2.0-service: Registration complete for android.hardware.graphics.allocator@2.0::IAllocator/default.
01-13 20:45:39.038   362   362 I android.hardware.camera.provider@2.4-service: Camera provider Service is starting.
01-13 20:45:39.051   365   365 I ServiceManagement: Removing namespace from process name android.hardware.drm@1.0-service to drm@1.0-service.
01-13 20:45:39.059   376   376 E libsensor1: check_sensors_enabled: Sensors enabled = true
01-13 20:45:39.062   371   371 D vndksupport: Loading /vendor/lib64/hw/android.hardware.ir@1.0-impl.so from current namespace instead of sphal namespace.
01-13 20:45:39.067   351   351 I Netd    : Setting up FirewallController hooks: 30.5ms
01-13 20:45:39.072   371   371 D vndksupport: Loading /vendor/lib64/hw/consumerir.default.so from current namespace instead of sphal namespace.
01-13 20:45:39.073   370   370 I ServiceManagement: Removing namespace from process name android.hardware.health@2.0-service to health@2.0-service.
01-13 20:45:39.079   362   362 D vndksupport: Loading /vendor/lib/hw/android.hardware.camera.provider@2.4-impl.so from current namespace instead of sphal namespace.
01-13 20:45:39.085   351   351 I Netd    : Setting up TetherController hooks: 18.4ms
01-13 20:45:39.090   381   381 I ServiceManagement: Removing namespace from process name vendor.display.color@1.0-service to color@1.0-service.
01-13 20:45:39.096   390   390 I PerMgrSrv: Adding entry for modem : offTimeout : 500 ackTimeout : 200
01-13 20:45:39.098   375   375 D vndksupport: Loading /vendor/lib64/hw/android.hardware.power@1.0-impl.so from current namespace instead of sphal namespace.
01-13 20:45:39.099   365   365 I android.hardware.drm@1.0-service: Registration complete for android.hardware.drm@1.0::IDrmFactory/default.
01-13 20:45:39.100   375   375 D vndksupport: Loading /vendor/lib64/hw/power.qcom.so from current namespace instead of sphal namespace.
01-13 20:45:39.105   383   383 I ServiceManagement: Removing namespace from process name vendor.qti.hardware.perf@1.0-service to perf@1.0-service.
01-13 20:45:39.110   375   375 E QTI PowerHAL: Unable to get perf_hint function handle.
01-13 20:45:39.110   375   375 I QTI PowerHAL: QTI power HAL initing.
01-13 20:45:39.111   389   389 D QSEECOMD: : Init dlopen(libsecureui.so, RTLD_NOW) succeeds
01-13 20:45:39.111   389   389 D QSEECOMD: : Init::Init dlsym(g_FSHandle secure_ui_init) succeeds
01-13 20:45:39.111   389   389 D QSEECOMD: : Init secure_ui_init ret = 0
01-13 20:45:39.111   389   389 D QSEECOMD: : secure UI services: init (Listener ID = 16384)
01-13 20:45:39.112   389   389 D QSEECOMD: : Parent qseecom daemon process paused!! 
01-13 20:45:39.114   385   385 D         : tui_comm: svc service starting :)
01-13 20:45:39.114   385   385 I ServiceManagement: Removing namespace from process name vendor.qti.hardware.tui_comm@1.0-service-qti to tui_comm@1.0-service-qti.
01-13 20:45:39.120   370   370 I health@2.0/: health@2.0/default: Hal init done
01-13 20:45:39.121   408   408 D QSEECOMD: : qseecom listener service threads starting!!! 
01-13 20:45:39.121   408   408 D QSEECOMD: : Total listener services to start = 9
01-13 20:45:39.121   408   408 E QSEECOMD: : Listener: index = 0, hierarchy = 1
01-13 20:45:39.121   371   371 I ServiceManagement: Removing namespace from process name android.hardware.ir@1.0-service to ir@1.0-service.
01-13 20:45:39.122   408   408 D QSEECOMD: : Init dlopen(librpmb.so, RTLD_NOW) succeeds
01-13 20:45:39.122   408   408 D QSEECOMD: : Init::Init dlsym(g_FSHandle rpmb_start) succeeds
01-13 20:45:39.122   408   408 D QSEECOMAPI: QSEECom_register_listener 8192 sb_length = 0x6400
01-13 20:45:39.123   332   332 E SELinux : avc:  denied  { add } for interface=vendor.display.color::IDisplayColor sid=u:r:init:s0 pid=381 scontext=u:r:init:s0 tcontext=u:object_r:default_android_hwservice:s0 tclass=hwservice_manager permissive=1
01-13 20:45:39.125   365   365 D vndksupport: Loading /vendor/lib64/hw/android.hardware.drm@1.0-impl.so from current namespace instead of sphal namespace.
01-13 20:45:39.136   332   332 W hwservicemanager: getTransport: Cannot find entry android.hardware.thermal@1.1::IThermal/default in either framework or device manifest.
01-13 20:45:39.155   361   361 E vendor.qti.bluetooth@1.0-bluetooth_address: CMD result: 0
01-13 20:45:39.155   361   361 E vendor.qti.bluetooth@1.0-bluetooth_address: BD address read for NV_BD_ADDR_I: 7e:20:1f:38:98:0c
01-13 20:45:39.156   333   333 E SELinux : avc:  denied  { add } for service=vendor.qcom.PeripheralManager pid=390 uid=1000 scontext=u:r:init:s0 tcontext=u:object_r:default_android_vndservice:s0 tclass=service_manager permissive=1
01-13 20:45:39.156   390   390 I PerMgrSrv: Peripheral Mananager service start
01-13 20:45:39.156   390   390 I PerMgrSrv: power-off timeout 500,ms; event-ack timeout 200,ms; debug-mode false
01-13 20:45:39.157   390   390 I PerMgrSrv: Statistics for : modem
01-13 20:45:39.157   390   390 I PerMgrSrv: modem: Current State : is off-line
01-13 20:45:39.157   390   390 I PerMgrSrv: modem: Voter/Listener count : 0/0
01-13 20:45:39.157   390   390 I PerMgrSrv: modem: Power on count : 0
01-13 20:45:39.157   390   390 I PerMgrSrv: modem: Power off count: 0
01-13 20:45:39.157   390   390 I PerMgrSrv: modem: Client list:
01-13 20:45:39.157   383   383 E vendor.qti.hardware.perf@1.0-service: Registered IPerf HAL service success!
01-13 20:45:39.157   375   375 I ServiceManagement: Removing namespace from process name android.hardware.power@1.0-service to power@1.0-service.
01-13 20:45:39.161   366   366 D android.hardware.drm@1.0-service.widevine: android.hardware.drm@1.0-service.widevine starting...
01-13 20:45:39.172   408   408 D QSEECOMD: : Init rpmb_start ret = 0
01-13 20:45:39.172   408   408 D QSEECOMD: : RPMB system services: Started (Listener ID = 8192)
01-13 20:45:39.172   408   408 E QSEECOMD: : Listener: index = 1, hierarchy = 1
01-13 20:45:39.172   408   408 D QSEECOMD: : Init dlopen(libssd.so, RTLD_NOW) succeeds
01-13 20:45:39.172   408   408 D QSEECOMD: : Init::Init dlsym(g_FSHandle ssd_start) succeeds
01-13 20:45:39.172   408   408 D QSEECOMAPI: QSEECom_register_listener 12288 sb_length = 0x5000
01-13 20:45:39.172   385   385 E         : Registered ITuiComm HAL service success!
01-13 20:45:39.174   369   369 D vndksupport: Loading /vendor/lib64/hw/android.hardware.graphics.composer@2.1-impl.so from current namespace instead of sphal namespace.
01-13 20:45:39.179   408   408 D QSEECOMD: : Init ssd_start ret = 0
01-13 20:45:39.179   408   408 D QSEECOMD: : SSD system services: Started (Listener ID = 12288)
01-13 20:45:39.179   408   408 E QSEECOMD: : Listener: index = 2, hierarchy = 1
01-13 20:45:39.179   408   408 D QSEECOMD: : Init dlopen(libsecureui.so, RTLD_NOW) succeeds
01-13 20:45:39.179   408   408 D QSEECOMD: : Init::Init dlsym(g_FSHandle secure_ui_start) succeeds
01-13 20:45:39.179   408   408 D QSEECOMAPI: QSEECom_register_listener 16384 sb_length = 0x10a8
01-13 20:45:39.180   390   412 I PerMgrSrv: QMI service start
01-13 20:45:39.182   371   371 I android.hardware.ir@1.0-service: Registration complete for android.hardware.ir@1.0::IConsumerIr/default.
01-13 20:45:39.536   449   449 W adsprpcd: type=1400 audit(0.0:243): avc: granted { read } for name="ion" dev="tmpfs" ino=11684 scontext=u:r:init:s0 tcontext=u:object_r:ion_device:s0 tclass=chr_file
01-13 20:45:39.536   449   449 W adsprpcd: type=1400 audit(0.0:244): avc: granted { read open } for path="/dev/ion" dev="tmpfs" ino=11684 scontext=u:r:init:s0 tcontext=u:object_r:ion_device:s0 tclass=chr_file
01-13 20:45:39.550   442   442 I logcat  : type=1400 audit(0.0:245): avc: denied { dac_override } for capability=1 scontext=u:r:logpersist:s0 tcontext=u:r:logpersist:s0 tclass=capability permissive=1
01-13 20:45:39.553   442   442 I logcat  : type=1400 audit(0.0:246): avc: denied { read } for name="/" dev="mmcblk0p25" ino=2 scontext=u:r:logpersist:s0 tcontext=u:object_r:cache_file:s0 tclass=dir permissive=1
01-13 20:45:39.553   442   442 I logcat  : type=1400 audit(0.0:247): avc: denied { open } for path="/cache" dev="mmcblk0p25" ino=2 scontext=u:r:logpersist:s0 tcontext=u:object_r:cache_file:s0 tclass=dir permissive=1
01-13 20:45:39.183   365   365 I ServiceManagement: Removing namespace from process name android.hardware.drm@1.0-service to drm@1.0-service.
01-13 20:45:39.185   369   369 D vndksupport: Loading /vendor/lib64/hw/hwcomposer.msm8937.so from current namespace instead of sphal namespace.
01-13 20:45:39.185   395   395 W thermalserviced: Unable to get Thermal HAL V1.1, vendor thermal event notification not available
01-13 20:45:39.187   361   361 I ServiceManagement: Removing namespace from process name android.hardware.bluetooth@1.0-service-qti to bluetooth@1.0-service-qti.
01-13 20:45:39.189   408   408 D QSEECOMD: : Init secure_ui_start ret = 0
01-13 20:45:39.189   408   408 D QSEECOMD: : secure UI services: Started (Listener ID = 16384)
01-13 20:45:39.189   408   408 E QSEECOMD: : Listener: index = 3, hierarchy = 1
01-13 20:45:39.192   366   366 I ServiceManagement: Removing namespace from process name android.hardware.drm@1.0-service.widevine to drm@1.0-service.widevine.
01-13 20:45:39.197   408   408 D QSEECOMD: : Init dlopen(libdrmtime.so, RTLD_NOW) succeeds
01-13 20:45:39.197   408   408 D QSEECOMD: : Init::Init dlsym(g_FSHandle atime_start) succeeds
01-13 20:45:39.197   408   408 D DrmLibTime: QSEE Time Listener: atime_start
01-13 20:45:39.197   408   408 D QSEECOMAPI: QSEECom_register_listener 11 sb_length = 0x5000
01-13 20:45:39.203   408   408 D DrmLibTime: registering fs service to QSEECom is done!
01-13 20:45:39.203   408   408 D DrmLibTime: begin to create a thread!
01-13 20:45:39.203   408   408 D DrmLibTime: Creating a pthread in atime_start is done! return 0
01-13 20:45:39.203   408   408 D QSEECOMD: : Init atime_start ret = 0
01-13 20:45:39.203   408   408 D QSEECOMD: : time services: Started (Listener ID = 11)
01-13 20:45:39.203   408   408 E QSEECOMD: : Listener: index = 4, hierarchy = 1
01-13 20:45:39.203   408   408 D QSEECOMD: : Init dlopen(libdrmfs.so, RTLD_NOW) succeeds
01-13 20:45:39.203   408   408 D QSEECOMD: : Init::Init dlsym(g_FSHandle fs_start) succeeds
01-13 20:45:39.203   408   408 D QSEECOMAPI: QSEECom_register_listener 10 sb_length = 0x5000
01-13 20:45:39.205   408   408 D QSEECOMD: : Init fs_start ret = 0
01-13 20:45:39.205   408   408 D QSEECOMD: : file system services: Started (Listener ID = 10)
01-13 20:45:39.205   408   408 E QSEECOMD: : Listener: index = 5, hierarchy = 1
01-13 20:45:39.205   408   408 D QSEECOMD: : Init dlopen(libdrmfs.so, RTLD_NOW) succeeds
01-13 20:45:39.205   408   408 D QSEECOMD: : Init::Init dlsym(g_FSHandle gpfs_start) succeeds
01-13 20:45:39.205   408   408 D QSEECOMAPI: QSEECom_register_listener 28672 sb_length = 0x7e000
01-13 20:45:39.208   408   408 D QSEECOMD: : Init gpfs_start ret = 0
01-13 20:45:39.208   408   408 D QSEECOMD: : gpfile system services: Started (Listener ID = 28672)
01-13 20:45:39.208   408   408 E QSEECOMD: : Listener: index = 6, hierarchy = 1
01-13 20:45:39.212   375   375 I android.hardware.power@1.0-service: Registration complete for android.hardware.power@1.0::IPower/default.
01-13 20:45:39.212   408   408 D QSEECOMD: : Init dlopen(libqisl.so, RTLD_NOW) succeeds
01-13 20:45:39.213   408   408 D QSEECOMD: : Init::Init dlsym(g_FSHandle qisl_start) succeeds
01-13 20:45:39.216   365   365 I android.hardware.drm@1.0-service: Registration complete for android.hardware.drm@1.0::ICryptoFactory/default.
01-13 20:45:39.223   404   404 I lineage : | | | | | |  __/ (_| | (_| |  __/ (_) \__ \
01-13 20:45:39.224   332   332 E SELinux : avc:  denied  { add } for interface=android.hardware.bluetooth::IBluetoothHci sid=u:r:init:s0 pid=361 scontext=u:r:init:s0 tcontext=u:object_r:hal_bluetooth_hwservice:s0 tclass=hwservice_manager permissive=1
01-13 20:45:39.225   361   361 I android.hardware.bluetooth@1.0-service: Registration complete for android.hardware.bluetooth@1.0::IBluetoothHci/default.
01-13 20:45:39.228   332   332 E SELinux : avc:  denied  { add } for interface=android.hardware.drm::IDrmFactory sid=u:r:init:s0 pid=366 scontext=u:r:init:s0 tcontext=u:object_r:hal_drm_hwservice:s0 tclass=hwservice_manager permissive=1
01-13 20:45:39.229   366   366 I ServiceManagement: Removing namespace from process name android.hardware.drm@1.0-service.widevine to drm@1.0-service.widevine.
01-13 20:45:39.232   361   361 D vndksupport: Loading /vendor/lib64/hw/vendor.qti.hardware.fm@1.0-impl.so from current namespace instead of sphal namespace.
01-13 20:45:39.234   382   382 E         : IOP-HAL: loading library is done
01-13 20:45:39.236   380   380 I android.hardware.wifi@1.0-service: Wifi Hal is booting up...
01-13 20:45:39.237   380   380 I ServiceManagement: Removing namespace from process name android.hardware.wifi@1.0-service to wifi@1.0-service.
01-13 20:45:39.246   361   361 I android.hardware.bluetooth@1.0-service: Registration complete for vendor.qti.hardware.fm@1.0::IFmHci/default.
01-13 20:45:39.246   408   424 I QISL    : QSEE Interrupt Service Listener Thread is started
01-13 20:45:39.246   408   424 D QSEECOMAPI: QSEECom_register_listener 36864 sb_length = 0x1f4
01-13 20:45:39.247   408   421 D DrmLibTime: QSEE Time Listener: dispatch
01-13 20:45:39.247   408   421 D DrmLibTime: before calling ioctl to read the next time_cmd
01-13 20:45:39.248   382   382 I ServiceManagement: Removing namespace from process name vendor.qti.hardware.iop@1.0-service to iop@1.0-service.
01-13 20:45:39.260   332   332 W hwservicemanager: getTransport: Cannot find entry com.qualcomm.qti.ant@1.0::IAntHci/default in either framework or device manifest.
01-13 20:45:39.261   382   382 I vendor.qti.hardware.iop@1.0-service: Registration complete for vendor.qti.hardware.iop@1.0::IIop/default.
01-13 20:45:39.261   361   361 E android.hardware.bluetooth@1.0-service: Could not get passthrough implementation for com.qualcomm.qti.ant@1.0::IAntHci/default.
01-13 20:45:39.261   361   361 I android.hardware.bluetooth@1.0-service: Error while registering Ant service: 1
01-13 20:45:39.262   408   424 I QISL    : QSEE Interrupt Service Listener was activated successfully
01-13 20:45:39.262   408   408 D QSEECOMD: : Init qisl_start ret = 0
01-13 20:45:39.262   408   408 D QSEECOMD: : interrupt services: Started (Listener ID = 36864)
01-13 20:45:39.262   408   408 E QSEECOMD: : Listener: index = 7, hierarchy = 1
01-13 20:45:39.262   408   408 E QSEECOMD: : Init dlopen(libspl.so, RLTD_NOW) is failed.... dlopen failed: library "libspl.so" not found
01-13 20:45:39.262   408   408 E QSEECOMD: : Listener: index = 8, hierarchy = 1
01-13 20:45:39.263   333   333 E SELinux : avc:  denied  { add } for service=display.qservice pid=369 uid=1000 scontext=u:r:hal_graphics_composer_default:s0 tcontext=u:object_r:default_android_vndservice:s0 tclass=service_manager permissive=1
01-13 20:45:39.264   333   333 E SELinux : avc:  denied  { find } for service=display.qservice pid=369 uid=1000 scontext=u:r:hal_graphics_composer_default:s0 tcontext=u:object_r:default_android_vndservice:s0 tclass=service_manager permissive=1
01-13 20:45:39.265   408   408 D QSEECOMD: : Init dlopen(libGPreqcancel.so, RTLD_NOW) succeeds
01-13 20:45:39.265   408   408 D QSEECOMD: : Init::Init dlsym(g_FSHandle gp_reqcancel_start) succeeds
01-13 20:45:39.265   408   408 D QSEECOMAPI: QSEECom_register_listener 4352 sb_length = 0x5000
01-13 20:45:39.272   332   332 E SELinux : avc:  denied  { add } for interface=vendor.display.config::IDisplayConfig sid=u:r:hal_graphics_composer_default:s0 pid=369 scontext=u:r:hal_graphics_composer_default:s0 tcontext=u:object_r:default_android_hwservice:s0 tclass=hwservice_manager permissive=1
01-13 20:45:39.273   369   369 I SDM     : HWCSession::StartServices: IDisplayConfig service registration completed.
01-13 20:45:39.273   369   369 D vndksupport: Loading /vendor/lib64/hw/gralloc.msm8937.so from current namespace instead of sphal namespace.
01-13 20:45:39.274   362   362 D vndksupport: Loading /vendor/lib/hw/camera.msm8937.so from current namespace instead of sphal namespace.
01-13 20:45:39.277   408   408 D QSEECOMD: : Init gp_reqcancel_start ret = 0
01-13 20:45:39.277   408   408 D QSEECOMD: : gp request cancellation services: Started (Listener ID = 4352)
01-13 20:45:39.281   369   369 I SDM     : ExtensionInterface::CreateExtensionInterface: 
01-13 20:45:39.281   369   369 I SDM     : SDM-EXTENSION Version: Date: 12/02/18, Commit: 8acd6b6, Change: I71347032eb
01-13 20:45:39.282   369   369 I SDM     : HWInfo::GetHWResourceInfo: SDE Version = 5, SDE Revision = 100f0000, RGB = 2, VIG = 1, DMA = 1, Cursor = 1
01-13 20:45:39.282   369   369 I SDM     : HWInfo::GetHWResourceInfo: Upscale Ratio = 20, Downscale Ratio = 4, Blending Stages = 4
01-13 20:45:39.282   369   369 I SDM     : HWInfo::GetHWResourceInfo: SourceSplit = 0 QSEED3 = 0
01-13 20:45:39.282   369   369 I SDM     : HWInfo::GetHWResourceInfo: BWC = 0, UBWC = 0, Decimation = 1, Tile Format = 0 Concurrent Writeback = 0
01-13 20:45:39.282   369   369 I SDM     : HWInfo::GetHWResourceInfo: MaxLowBw = 1800000 , MaxHighBw = 1800000
01-13 20:45:39.282   369   369 I SDM     : HWInfo::GetHWResourceInfo: MaxPipeBw = 1000000 KBps, MaxSDEClock = 320000000 Hz, ClockFudgeFactor = 1.050000
01-13 20:45:39.282   369   369 I SDM     : HWInfo::GetHWResourceInfo: Prefill factors: Tiled_NV12 = 8, Tiled = 4, Linear = 1, Scale = 1, Fudge_factor = 2
01-13 20:45:39.282   369   369 I SDM     : HWInfo::GetMDSSRotatorInfo: MDSS Rotator: Count = 1, Downscale = 1, Min_downscale = 2.000000
01-13 20:45:39.283   369   369 I SDM     : HWInfo::GetHWResourceInfo: Has Support for multiple bw limits shown below
01-13 20:45:39.283   369   369 I SDM     : HWInfo::GetHWResourceInfo: Mode-index=0  total_bw_limit=3100000 and pipe_bw_limit=1000000
01-13 20:45:39.283   369   369 I SDM     : HWInfo::GetHWResourceInfo: Mode-index=1  total_bw_limit=1700000 and pipe_bw_limit=1000000
01-13 20:45:39.283   369   369 I SDM     : HWInfo::GetHWResourceInfo: Mode-index=2  total_bw_limit=1800000 and pipe_bw_limit=1000000
01-13 20:45:39.283   369   369 I SDM     : HWInfo::GetHWResourceInfo: Mode-index=3  total_bw_limit=1800000 and pipe_bw_limit=1000000
01-13 20:45:39.283   369   369 I SDM     : SessionManager::SessionManager: Allocate buffers synchronously = 0
01-13 20:45:39.290   351   351 I Netd    : Setting up BandwidthController hooks: 205.5ms
01-13 20:45:39.290   351   351 I Netd    : Setting up IdletimerController hooks: 0.1ms
01-13 20:45:39.290   351   351 I Netd    : initializing traffic control: 0.0ms
01-13 20:45:39.293   369   369 I SDM     : CoreInterface::CreateCore: Open interface handle = 0x75b3e44000
01-13 20:45:39.293   369   369 I SDM     : HWCSession::Register: Set uevent listener = 0x75b3e34200
01-13 20:45:39.293   369   369 I SDM     : HWInfo::GetFirstDisplayInterfaceType: First display is internal display
01-13 20:45:39.293   369   369 I SDM     : CPUHint::Init: CPU Hint Pre-enable Window 50
01-13 20:45:39.294   369   369 I SDM     : CPUHint::Init: Successfully Loaded Vendor Extension Library symbols
01-13 20:45:39.294   369   369 I SDM     : HWDevice::GetHWPanelMaxBrightnessFromNode: Max brightness level = 255
01-13 20:45:39.295   369   369 I SDM     : HWDevice::Init: access(/dev/graphics/fb0) successful
01-13 20:45:39.295   369   369 I SDM     : HWDevice::GetHWPanelMaxBrightnessFromNode: Max brightness level = 255
01-13 20:45:39.295   369   369 I SDM     : HWDevice::PopulateHWPanelInfo: Device type = 0, Display Port = 1, Display Mode = 1, Device Node = 0, Is Primary = 1
01-13 20:45:39.295   369   369 I SDM     : HWDevice::PopulateHWPanelInfo: Partial Update = 0, supported roi_count =1, Dynamic FPS = 0
01-13 20:45:39.295   369   369 I SDM     : HWDevice::PopulateHWPanelInfo: Align: left = 0, width = 0, top = 0, height = 0
01-13 20:45:39.295   369   369 I SDM     : HWDevice::PopulateHWPanelInfo: ROI: min_width = 0, min_height = 0, need_merge = 0
01-13 20:45:39.295   369   369 I SDM     : HWDevice::PopulateHWPanelInfo: FPS: min = 0, max =0
01-13 20:45:39.295   369   369 I SDM     : HWDevice::PopulateHWPanelInfo: Ping Pong Split = 0
01-13 20:45:39.295   369   369 I SDM     : HWDevice::PopulateHWPanelInfo: Left Split = 0, Right Split = 0
01-13 20:45:39.308   351   351 I Netd    : Disabling bandwidth control: 17.4ms
01-13 20:45:39.315   408   408 D QSEECOMD: : QSEECOM DAEMON RUNNING 
01-13 20:45:39.322   369   369 I SDM     : HWDevice::GetHWPanelMaxBrightnessFromNode: Max brightness level = 255
01-13 20:45:39.323   369   369 I SDM     : HWDevice::GetHWPanelMaxBrightnessFromNode: Max brightness level = 255
01-13 20:45:39.323   369   369 W SDM     : HWDevice::GetHWPanelInfoByNode: Failed to open msm_fb_panel_info node device node 2
01-13 20:45:39.323   369   369 W SDM     : HWDevice::GetHWPanelInfoByNode: Failed to open msm_fb_panel_info node device node 3
01-13 20:45:39.324   369   369 I SDM     : HWDevice::GetHWPanelMaxBrightnessFromNode: Max brightness level = 255
01-13 20:45:39.324   369   369 I SDM     : HWDevice::GetHWPanelMaxBrightnessFromNode: Max brightness level = 255
01-13 20:45:39.324   369   369 W SDM     : HWDevice::GetHWPanelInfoByNode: Failed to open msm_fb_panel_info node device node 2
01-13 20:45:39.324   369   369 W SDM     : HWDevice::GetHWPanelInfoByNode: Failed to open msm_fb_panel_info node device node 3
01-13 20:45:39.324   369   369 I SDM     : StrategyImpl::SetIdleTimeoutMs: Idle timeout: active = 70, inactive = 520
01-13 20:45:39.325   369   369 W SDM     : ColorManager::CreateColorManagerProxy: PAV2 version is versions = 11, version = 11 
01-13 20:45:39.326   369   369 W SDM     : DisplayBase::Init: InitColorModes failed for display = 0
01-13 20:45:39.326   369   369 W SDM     : HWEvents::InitializePollFd: open failed for display=0 event=idle_power_collapse, error=No such file or directory
01-13 20:45:39.326   369   369 I SDM     : HWCDisplay::Init: Display created with id: 0
01-13 20:45:39.327   369   369 W SDM     : HWCDisplay::PopulateColorModes: GetColorModeCount failed, use native color mode
01-13 20:45:39.327   369   369 I SDM     : DisplayBase::SetFrameBufferConfig: New framebuffer resolution (720x1280)
01-13 20:45:39.363   426   426 I lineage : |_|_|_| |_|\___|\__,_|\__, |\___|\___/|___/
01-13 20:45:39.366   332   332 W hwservicemanager: getTransport: Cannot find entry android.hardware.audio@4.0::IDevicesFactory/default in either framework or device manifest.
01-13 20:45:39.382   360   360 E audiohalservice: Could not get passthrough implementation for android.hardware.audio@4.0::IDevicesFactory/default.
01-13 20:45:39.383   360   360 D vndksupport: Loading /vendor/lib/hw/android.hardware.audio@2.0-impl.so from current namespace instead of sphal namespace.
01-13 20:45:39.390   334   334 D QSEECOMAPI: QSEECom_get_handle sb_length = 0xa000
01-13 20:45:39.390   334   334 D QSEECOMAPI: App is already loaded QSEE and app id = 65537
01-13 20:45:39.391   367   367 D QSEECOMAPI: QSEECom_get_handle sb_length = 0xa000
01-13 20:45:39.391   360   360 I ServiceManagement: Removing namespace from process name android.hardware.audio@2.0-service to audio@2.0-service.
01-13 20:45:39.391   367   367 D QSEECOMAPI: App is already loaded QSEE and app id = 65537
01-13 20:45:39.396   360   360 I audiohalservice: Registration complete for android.hardware.audio@2.0::IDevicesFactory/default.
01-13 20:45:39.397   332   332 W hwservicemanager: getTransport: Cannot find entry android.hardware.audio.effect@4.0::IEffectsFactory/default in either framework or device manifest.
01-13 20:45:39.398   360   360 E audiohalservice: Could not get passthrough implementation for android.hardware.audio.effect@4.0::IEffectsFactory/default.
01-13 20:45:39.402   360   360 D vndksupport: Loading /vendor/lib/hw/android.hardware.audio.effect@2.0-impl.so from current namespace instead of sphal namespace.
01-13 20:45:39.410   334   334 E keymaster1_device: Keymaster Initialized
01-13 20:45:39.410   334   334 E keymaster1_device: TA API Major Verion: 1
01-13 20:45:39.410   334   334 E keymaster1_device: TA API Minor Verion: 0
01-13 20:45:39.410   367   367 E gatekeeper_device: Gatekeeper initialized
01-13 20:45:39.410   334   334 E keymaster1_device: TA Major Verion: 1
01-13 20:45:39.410   334   334 E keymaster1_device: TA Minor Verion: 10
01-13 20:45:39.410   334   334 E keymaster1_device: set_version_req->flags: 1
01-13 20:45:39.411   367   367 I ServiceManagement: Removing namespace from process name android.hardware.gatekeeper@1.0-service to gatekeeper@1.0-service.
01-13 20:45:39.413   367   367 I android.hardware.gatekeeper@1.0-service: Registration complete for android.hardware.gatekeeper@1.0::IGatekeeper/default.
01-13 20:45:39.414   369   369 I SDM     : HWCDisplay::SetFrameBufferResolution: New framebuffer resolution (720x1280)
01-13 20:45:39.415   369   369 I SDM     : HWCColorManager::CreateColorManager: Successfully loaded libsdm-disp-vndapis.so
01-13 20:45:39.416   334   334 I ServiceManagement: Removing namespace from process name android.hardware.keymaster@3.0-service to keymaster@3.0-service.
01-13 20:45:39.421   334   334 I android.hardware.keymaster@3.0-service: Registration complete for android.hardware.keymaster@3.0::IKeymasterDevice/default.
01-13 20:45:39.426   369   369 I SDM     : HWCColorManager::CreateColorManager: Successfully loaded libsdm-disp-vndapis.so and libsdm-diag.so and diag_init'ed
01-13 20:45:39.435   444   444 I lineage :                       |___/
01-13 20:45:39.446   449   449 E /vendor/bin/adsprpcd: vendor/qcom/proprietary/adsprpc/src/adsprpcd.c:29:adsp daemon starting
01-13 20:45:39.447   369   369 I ServiceManagement: Removing namespace from process name android.hardware.graphics.composer@2.1-service to composer@2.1-service.
