01-13 20:45:43.040   360   826 D msm8916_platform: platform_set_snd_device_backend: hw_interface_table[75] = TERT_MI2S_TX
01-13 20:45:43.040   360   826 D msm8916_platform: platform_set_snd_device_backend: backend_tag_table[dmic-endfire]: old = null new = (null)
01-13 20:45:43.040   360   826 D msm8916_platform: platform_set_snd_device_backend: hw_interface_table[76] = TERT_MI2S_TX
01-13 20:45:43.040   360   826 D msm8916_platform: platform_set_snd_device_backend: backend_tag_table[speaker-mic]: old = null new = (null)
01-13 20:45:43.040   360   826 D msm8916_platform: platform_set_snd_device_backend: hw_interface_table[77] = TERT_MI2S_TX
01-13 20:45:43.040   360   826 D msm8916_platform: platform_set_snd_device_backend: backend_tag_table[speaker-mic]: old = null new = (null)
01-13 20:45:43.040   360   826 D msm8916_platform: platform_set_snd_device_backend: hw_interface_table[78] = TERT_MI2S_TX
01-13 20:45:43.040   360   826 D msm8916_platform: platform_set_snd_device_backend: backend_tag_table[speaker-mic]: old = null new = (null)
01-13 20:45:43.040   360   826 D msm8916_platform: platform_set_snd_device_backend: hw_interface_table[79] = TERT_MI2S_TX
01-13 20:45:43.040   360   826 D msm8916_platform: platform_set_snd_device_backend: backend_tag_table[speaker-mic]: old = null new = (null)
01-13 20:45:43.040   360   826 D msm8916_platform: platform_set_snd_device_backend: hw_interface_table[80] = TERT_MI2S_TX
01-13 20:45:43.040   360   826 D msm8916_platform: platform_set_snd_device_backend: backend_tag_table[speaker-dmic-endfire]: old = null new = (null)
01-13 20:45:43.040   360   826 D msm8916_platform: platform_set_snd_device_backend: hw_interface_table[81] = TERT_MI2S_TX
01-13 20:45:43.040   360   826 D msm8916_platform: platform_set_snd_device_backend: backend_tag_table[speaker-dmic-endfire]: old = null new = (null)
01-13 20:45:43.040   360   826 D msm8916_platform: platform_set_snd_device_backend: hw_interface_table[82] = TERT_MI2S_TX
01-13 20:45:43.040   360   826 D msm8916_platform: platform_set_snd_device_backend: backend_tag_table[speaker-dmic-endfire]: old = null new = (null)
01-13 20:45:43.040   360   826 D msm8916_platform: platform_set_snd_device_backend: hw_interface_table[83] = TERT_MI2S_TX
01-13 20:45:43.040   360   826 D msm8916_platform: platform_set_snd_device_backend: backend_tag_table[speaker-dmic-endfire]: old = null new = (null)
01-13 20:45:43.040   360   826 D msm8916_platform: platform_set_snd_device_backend: hw_interface_table[84] = TERT_MI2S_TX
01-13 20:45:43.040   360   826 D msm8916_platform: platform_set_snd_device_backend: backend_tag_table[headset-mic]: old = null new = (null)
01-13 20:45:43.040   360   826 D msm8916_platform: platform_set_snd_device_backend: hw_interface_table[85] = TERT_MI2S_TX
01-13 20:45:43.040   360   826 D msm8916_platform: platform_set_snd_device_backend: backend_tag_table[headset-mic]: old = null new = (null)
01-13 20:45:43.040   360   826 D msm8916_platform: platform_set_snd_device_backend: hw_interface_table[86] = TERT_MI2S_TX
01-13 20:45:43.040   360   826 D msm8916_platform: platform_set_snd_device_backend: backend_tag_table[voice-speaker-mic]: old = null new = (null)
01-13 20:45:43.040   360   826 D msm8916_platform: platform_set_snd_device_backend: hw_interface_table[87] = TERT_MI2S_TX
01-13 20:45:43.041   360   826 D msm8916_platform: platform_set_snd_device_backend: backend_tag_table[voice-headset-mic]: old = null new = (null)
01-13 20:45:43.041   360   826 D msm8916_platform: platform_set_snd_device_backend: hw_interface_table[88] = TERT_MI2S_TX
01-13 20:45:43.041   360   826 D msm8916_platform: platform_set_snd_device_backend: backend_tag_table[camcorder-mic]: old = null new = (null)
01-13 20:45:43.041   360   826 D msm8916_platform: platform_set_snd_device_backend: hw_interface_table[94] = TERT_MI2S_TX
01-13 20:45:43.041   360   826 D msm8916_platform: platform_set_snd_device_backend: backend_tag_table[voice-dmic-ef]: old = null new = (null)
01-13 20:45:43.041   360   826 D msm8916_platform: platform_set_snd_device_backend: hw_interface_table[95] = TERT_MI2S_TX
01-13 20:45:43.041   360   826 D msm8916_platform: platform_set_snd_device_backend: backend_tag_table[voice-speaker-dmic-ef]: old = null new = (null)
01-13 20:45:43.041   360   826 D msm8916_platform: platform_set_snd_device_backend: hw_interface_table[96] = TERT_MI2S_TX
01-13 20:45:43.041   360   826 D msm8916_platform: platform_set_snd_device_backend: backend_tag_table[voice-speaker-qmic]: old = null new = (null)
01-13 20:45:43.041   360   826 D msm8916_platform: platform_set_snd_device_backend: hw_interface_table[98] = TERT_MI2S_TX
01-13 20:45:43.041   360   826 D msm8916_platform: platform_set_snd_device_backend: backend_tag_table[voice-tty-full-headset-mic]: old = null new = (null)
01-13 20:45:43.041   360   826 D msm8916_platform: platform_set_snd_device_backend: hw_interface_table[99] = TERT_MI2S_TX
01-13 20:45:43.041   360   826 D msm8916_platform: platform_set_snd_device_backend: backend_tag_table[voice-tty-vco-handset-mic]: old = null new = (null)
01-13 20:45:43.041   360   826 D msm8916_platform: platform_set_snd_device_backend: hw_interface_table[100] = TERT_MI2S_TX
01-13 20:45:43.041   360   826 D msm8916_platform: platform_set_snd_device_backend: backend_tag_table[voice-tty-hco-headset-mic]: old = null new = (null)
01-13 20:45:43.041   360   826 D msm8916_platform: platform_set_snd_device_backend: hw_interface_table[101] = TERT_MI2S_TX
01-13 20:45:43.041   360   826 D msm8916_platform: platform_set_snd_device_backend: backend_tag_table[voice-rec-mic]: old = null new = (null)
01-13 20:45:43.041   360   826 D msm8916_platform: platform_set_snd_device_backend: hw_interface_table[102] = TERT_MI2S_TX
01-13 20:45:43.041   360   826 D msm8916_platform: platform_set_snd_device_backend: backend_tag_table[voice-rec-mic]: old = null new = (null)
01-13 20:45:43.041   360   826 D msm8916_platform: platform_set_snd_device_backend: hw_interface_table[103] = TERT_MI2S_TX
01-13 20:45:43.041   360   826 D msm8916_platform: platform_set_snd_device_backend: backend_tag_table[voice-rec-dmic-ef]: old = null new = (null)
01-13 20:45:43.041   360   826 D msm8916_platform: platform_set_snd_device_backend: hw_interface_table[104] = TERT_MI2S_TX
01-13 20:45:43.041   360   826 D msm8916_platform: platform_set_snd_device_backend: backend_tag_table[voice-rec-dmic-ef-fluence]: old = null new = (null)
01-13 20:45:43.041   360   826 D msm8916_platform: platform_set_snd_device_backend: hw_interface_table[105] = TERT_MI2S_TX
01-13 20:45:43.041   360   826 D msm8916_platform: platform_set_snd_device_backend: backend_tag_table[aanc-handset-mic]: old = null new = (null)
01-13 20:45:43.041   360   826 D msm8916_platform: platform_set_snd_device_backend: hw_interface_table[113] = TERT_MI2S_TX
01-13 20:45:43.041   360   826 D msm8916_platform: platform_set_snd_device_backend: backend_tag_table[quad-mic]: old = null new = (null)
01-13 20:45:43.041   360   826 D msm8916_platform: platform_set_snd_device_backend: hw_interface_table[114] = TERT_MI2S_TX
01-13 20:45:43.041   360   826 D msm8916_platform: platform_set_snd_device_backend: backend_tag_table[handset-stereo-dmic-ef]: old = null new = (null)
01-13 20:45:43.041   360   826 D msm8916_platform: platform_set_snd_device_backend: hw_interface_table[115] = TERT_MI2S_TX
01-13 20:45:43.041   360   826 D msm8916_platform: platform_set_snd_device_backend: backend_tag_table[speaker-stereo-dmic-ef]: old = null new = (null)
01-13 20:45:43.041   360   826 D msm8916_platform: platform_set_snd_device_backend: hw_interface_table[116] = TERT_MI2S_TX
01-13 20:45:43.041   360   826 D msm8916_platform: platform_set_snd_device_backend: backend_tag_table[vi-feedback]: old = null new = (null)
01-13 20:45:43.041   360   826 D msm8916_platform: platform_set_snd_device_backend: hw_interface_table[117] = SENARY_MI2S_TX
01-13 20:45:43.041   360   826 D msm8916_platform: platform_set_snd_device_backend: backend_tag_table[vi-feedback-mono-1]: old = null new = (null)
01-13 20:45:43.041   360   826 D msm8916_platform: platform_set_snd_device_backend: hw_interface_table[118] = SENARY_MI2S_TX
01-13 20:45:43.041   360   826 D msm8916_platform: platform_set_snd_device_backend: backend_tag_table[vi-feedback-mono-2]: old = null new = (null)
01-13 20:45:43.041   360   826 D msm8916_platform: platform_set_snd_device_backend: hw_interface_table[119] = SENARY_MI2S_TX
01-13 20:45:43.041   360   826 D msm8916_platform: platform_set_snd_device_backend: backend_tag_table[voice-speaker-dmic-broadside]: old = null new = (null)
01-13 20:45:43.041   360   826 D msm8916_platform: platform_set_snd_device_backend: hw_interface_table[120] = TERT_MI2S_TX
01-13 20:45:43.042   360   826 D msm8916_platform: platform_set_snd_device_backend: backend_tag_table[speaker-dmic-broadside]: old = null new = (null)
01-13 20:45:43.042   360   826 D msm8916_platform: platform_set_snd_device_backend: hw_interface_table[121] = TERT_MI2S_TX
01-13 20:45:43.042   360   826 D msm8916_platform: platform_set_snd_device_backend: backend_tag_table[speaker-dmic-broadside]: old = null new = (null)
01-13 20:45:43.042   360   826 D msm8916_platform: platform_set_snd_device_backend: hw_interface_table[122] = TERT_MI2S_TX
01-13 20:45:43.042   360   826 D msm8916_platform: platform_set_snd_device_backend: backend_tag_table[speaker-dmic-broadside]: old = null new = (null)
01-13 20:45:43.042   360   826 D msm8916_platform: platform_set_snd_device_backend: hw_interface_table[123] = TERT_MI2S_TX
01-13 20:45:43.042   360   826 D msm8916_platform: platform_set_snd_device_backend: backend_tag_table[speaker-dmic-broadside]: old = null new = (null)
01-13 20:45:43.042   360   826 D msm8916_platform: platform_set_snd_device_backend: hw_interface_table[124] = TERT_MI2S_TX
01-13 20:45:43.042   360   826 D msm8916_platform: platform_set_snd_device_backend: backend_tag_table[aanc-fluence-dmic-handset]: old = null new = (null)
01-13 20:45:43.042   360   826 D msm8916_platform: platform_set_snd_device_backend: hw_interface_table[125] = TERT_MI2S_TX
01-13 20:45:43.042   360   826 D msm8916_platform: platform_set_snd_device_backend: backend_tag_table[quad-mic]: old = null new = (null)
01-13 20:45:43.042   360   826 D msm8916_platform: platform_set_snd_device_backend: hw_interface_table[126] = TERT_MI2S_TX
01-13 20:45:43.042   360   826 D msm8916_platform: platform_set_snd_device_backend: backend_tag_table[quad-mic]: old = null new = (null)
01-13 20:45:43.042   360   826 D msm8916_platform: platform_set_snd_device_backend: hw_interface_table[127] = TERT_MI2S_TX
01-13 20:45:43.042   360   826 D msm8916_platform: platform_set_snd_device_backend: backend_tag_table[quad-mic]: old = null new = (null)
01-13 20:45:43.042   360   826 D msm8916_platform: platform_set_snd_device_backend: hw_interface_table[128] = TERT_MI2S_TX
01-13 20:45:43.042   360   826 D msm8916_platform: platform_set_snd_device_backend: backend_tag_table[quad-mic]: old = null new = (null)
01-13 20:45:43.042   360   826 D msm8916_platform: platform_set_snd_device_backend: hw_interface_table[129] = TERT_MI2S_TX
01-13 20:45:43.042   360   826 D msm8916_platform: platform_set_snd_device_backend: backend_tag_table[three-mic]: old = null new = (null)
01-13 20:45:43.042   360   826 D msm8916_platform: platform_set_snd_device_backend: hw_interface_table[130] = TERT_MI2S_TX
01-13 20:45:43.042   360   826 D msm8916_platform: platform_set_snd_device_backend: backend_tag_table[three-mic]: old = null new = (null)
01-13 20:45:43.042   360   826 D msm8916_platform: platform_set_snd_device_backend: hw_interface_table[132] = TERT_MI2S_TX
01-13 20:45:43.042   360   826 D msm8916_platform: platform_set_snd_device_backend: backend_tag_table[three-mic]: old = null new = (null)
01-13 20:45:43.042   360   826 D msm8916_platform: platform_set_snd_device_backend: hw_interface_table[136] = TERT_MI2S_TX
01-13 20:45:43.042   360   826 D msm8916_platform: platform_set_snd_device_backend: backend_tag_table[unprocessed-mic]: old = null new = (null)
01-13 20:45:43.042   360   826 D msm8916_platform: platform_set_snd_device_backend: hw_interface_table[137] = TERT_MI2S_TX
01-13 20:45:43.042   360   826 D msm8916_platform: platform_set_snd_device_backend: backend_tag_table[voice-rec-dmic-ef]: old = null new = (null)
01-13 20:45:43.042   360   826 D msm8916_platform: platform_set_snd_device_backend: hw_interface_table[138] = TERT_MI2S_TX
01-13 20:45:43.042   360   826 D msm8916_platform: platform_set_snd_device_backend: backend_tag_table[three-mic]: old = null new = (null)
01-13 20:45:43.042   360   826 D msm8916_platform: platform_set_snd_device_backend: hw_interface_table[139] = TERT_MI2S_TX
01-13 20:45:43.042   360   826 D msm8916_platform: platform_set_snd_device_backend: backend_tag_table[quad-mic]: old = null new = (null)
01-13 20:45:43.042   360   826 D msm8916_platform: platform_set_snd_device_backend: hw_interface_table[140] = TERT_MI2S_TX
01-13 20:45:43.042   360   826 D msm8916_platform: platform_set_snd_device_backend: backend_tag_table[headset-mic]: old = null new = (null)
01-13 20:45:43.042   360   826 D msm8916_platform: platform_set_snd_device_backend: hw_interface_table[141] = TERT_MI2S_TX
01-13 20:45:43.043   360   826 E msm8916_platform: find_index: Could not find index for name = SND_DEVICE_OUT_VOICE_SPEAKER_AND_VOICE_HEADPHONES
01-13 20:45:43.043   360   826 E platform_info: process_backend_name: Device SND_DEVICE_OUT_VOICE_SPEAKER_AND_VOICE_HEADPHONES not found, no ACDB ID set!
01-13 20:45:43.043   360   826 E msm8916_platform: find_index: Could not find index for name = SND_DEVICE_OUT_VOICE_SPEAKER_AND_VOICE_ANC_HEADSET
01-13 20:45:43.043   360   826 E platform_info: process_backend_name: Device SND_DEVICE_OUT_VOICE_SPEAKER_AND_VOICE_ANC_HEADSET not found, no ACDB ID set!
01-13 20:45:43.043   360   826 E msm8916_platform: platform_init: dlsym error undefined symbol: acdb_loader_init_v4 for acdb_loader_init_v4
01-13 20:45:43.043   360   826 E platform_info: param tag only supported with CONFIG_PARAMS section
01-13 20:45:43.044   360   826 I chatty  : uid=1041(audioserver) HwBinder:360_2 identical 1 line
01-13 20:45:43.044   360   826 E platform_info: param tag only supported with CONFIG_PARAMS section
01-13 20:45:43.049   360   826 E audio_hw_acdb: acdb_init_v2: dlsym error undefined symbol: acdb_loader_init_v4 for acdb_loader_init_v4
01-13 20:45:43.049   360   826 D ACDB-LOADER: ACDB -> already initialized, exit
01-13 20:45:43.049   360   826 D audio_hw_acdb: acdb_init_v2: ACDB Instance ID support after ACDB init:0
01-13 20:45:43.049   360   826 D msm8916_platform: ACDB initialized
01-13 20:45:43.049   360   826 D msm8916_platform: hw_util_open Opening device /dev/snd/hwC0D1000
01-13 20:45:43.049   360   826 D msm8916_platform: hw_util_open success
01-13 20:45:43.049   360   826 D ACDB-LOADER: ACDB -> ACDB_CMD_GET_ANC_SETTING
01-13 20:45:43.049   360   826 D         : Failed to fetch the lookup information of the device 0000001A 
01-13 20:45:43.049   360   826 E ACDB-LOADER: Error: ACDB ANC returned = -19
01-13 20:45:43.049   360   826 D ACDB-LOADER: ACDB -> ACDB_CMD_GET_ANC_SETTING
01-13 20:45:43.049   360   826 D         : Failed to fetch the lookup information of the device 0000001A 
01-13 20:45:43.049   360   826 E ACDB-LOADER: Error: ACDB ANC returned = -19
01-13 20:45:43.049   360   826 D ACDB-LOADER: ACDB -> ACDB_CMD_GET_ANC_SETTING
01-13 20:45:43.049   360   826 D         : Failed to fetch the lookup information of the device 0000001A 
01-13 20:45:43.049   360   826 E ACDB-LOADER: Error: ACDB ANC returned = -19
01-13 20:45:43.049   360   826 D ACDB-LOADER: ACDB -> ACDB_CMD_GET_ANC_SETTING
01-13 20:45:43.049   360   826 D         : Failed to fetch the lookup information of the device 0000001B 
01-13 20:45:43.049   360   826 E ACDB-LOADER: Error: ACDB ANC returned = -19
01-13 20:45:43.049   360   826 D ACDB-LOADER: ACDB -> ACDB_CMD_GET_ANC_SETTING
01-13 20:45:43.049   360   826 D         : Failed to fetch the lookup information of the device 0000001B 
01-13 20:45:43.049   360   826 E ACDB-LOADER: Error: ACDB ANC returned = -19
01-13 20:45:43.049   360   826 D ACDB-LOADER: ACDB -> ACDB_CMD_GET_ANC_SETTING
01-13 20:45:43.049   360   826 D         : Failed to fetch the lookup information of the device 0000001B 
01-13 20:45:43.049   360   826 E ACDB-LOADER: Error: ACDB ANC returned = -19
01-13 20:45:43.049   360   826 D ACDB-LOADER: ACDB -> ACDB_CMD_GET_ANC_SETTING
01-13 20:45:43.049   360   826 D         : Failed to fetch the lookup information of the device 0000001C 
01-13 20:45:43.049   360   826 E ACDB-LOADER: Error: ACDB ANC returned = -19
01-13 20:45:43.049   360   826 D ACDB-LOADER: ACDB -> ACDB_CMD_GET_ANC_SETTING
01-13 20:45:43.049   360   826 D         : Failed to fetch the lookup information of the device 0000001C 
01-13 20:45:43.049   360   826 E ACDB-LOADER: Error: ACDB ANC returned = -19
01-13 20:45:43.049   360   826 D ACDB-LOADER: ACDB -> ACDB_CMD_GET_ANC_SETTING
01-13 20:45:43.049   360   826 D         : Failed to fetch the lookup information of the device 0000001C 
01-13 20:45:43.049   360   826 E ACDB-LOADER: Error: ACDB ANC returned = -19
01-13 20:45:43.049   360   826 D ACDB-LOADER: ACDB -> ACDB_CMD_GET_ANC_SETTING
01-13 20:45:43.049   360   826 D         : Failed to fetch the lookup information of the device 0000001D 
01-13 20:45:43.049   360   826 E ACDB-LOADER: Error: ACDB ANC returned = -19
01-13 20:45:43.049   360   826 D ACDB-LOADER: ACDB -> ACDB_CMD_GET_ANC_SETTING
01-13 20:45:43.049   360   826 D         : Failed to fetch the lookup information of the device 0000001D 
01-13 20:45:43.049   360   826 E ACDB-LOADER: Error: ACDB ANC returned = -19
01-13 20:45:43.049   360   826 D ACDB-LOADER: ACDB -> ACDB_CMD_GET_ANC_SETTING
01-13 20:45:43.049   360   826 D         : Failed to fetch the lookup information of the device 0000001D 
01-13 20:45:43.049   360   826 E ACDB-LOADER: Error: ACDB ANC returned = -19
01-13 20:45:43.049   360   826 D ACDB-LOADER: ACDB -> ACDB_CMD_GET_ANC_SETTING
01-13 20:45:43.049   360   826 D         : Failed to fetch the lookup information of the device 0000001E 
01-13 20:45:43.049   360   826 E ACDB-LOADER: Error: ACDB ANC returned = -19
01-13 20:45:43.050   360   826 D ACDB-LOADER: ACDB -> ACDB_CMD_GET_ANC_SETTING
01-13 20:45:43.050   360   826 D         : Failed to fetch the lookup information of the device 0000001E 
01-13 20:45:43.050   360   826 E ACDB-LOADER: Error: ACDB ANC returned = -19
01-13 20:45:43.050   360   826 D ACDB-LOADER: ACDB -> ACDB_CMD_GET_ANC_SETTING
01-13 20:45:43.050   360   826 D         : Failed to fetch the lookup information of the device 0000001E 
01-13 20:45:43.050   360   826 E ACDB-LOADER: Error: ACDB ANC returned = -19
01-13 20:45:43.050   360   826 D ACDB-LOADER: ACDB -> ACDB_CMD_GET_ANC_SETTING
01-13 20:45:43.050   360   826 D         : Failed to fetch the lookup information of the device 0000001F 
01-13 20:45:43.050   360   826 E ACDB-LOADER: Error: ACDB ANC returned = -19
01-13 20:45:43.050   360   826 D ACDB-LOADER: ACDB -> ACDB_CMD_GET_ANC_SETTING
01-13 20:45:43.050   360   826 D         : Failed to fetch the lookup information of the device 0000001F 
01-13 20:45:43.050   360   826 E ACDB-LOADER: Error: ACDB ANC returned = -19
01-13 20:45:43.050   360   826 D ACDB-LOADER: ACDB -> ACDB_CMD_GET_ANC_SETTING
01-13 20:45:43.050   360   826 D         : Failed to fetch the lookup information of the device 0000001F 
01-13 20:45:43.050   360   826 E ACDB-LOADER: Error: ACDB ANC returned = -19
01-13 20:45:43.050   360   826 D ACDB-LOADER: ACDB -> ACDB_CMD_GET_ANC_SETTING
01-13 20:45:43.050   360   826 D         : Failed to fetch the lookup information of the device 00000067 
01-13 20:45:43.050   360   826 E ACDB-LOADER: Error: ACDB ANC returned = -19
01-13 20:45:43.050   360   826 D ACDB-LOADER: ACDB -> ACDB_CMD_GET_ANC_SETTING
01-13 20:45:43.050   360   826 D         : Failed to fetch the lookup information of the device 00000067 
01-13 20:45:43.050   360   826 E ACDB-LOADER: Error: ACDB ANC returned = -19
01-13 20:45:43.050   360   826 D ACDB-LOADER: ACDB -> ACDB_CMD_GET_ANC_SETTING
01-13 20:45:43.050   360   826 D         : Failed to fetch the lookup information of the device 00000067 
01-13 20:45:43.050   360   826 E ACDB-LOADER: Error: ACDB ANC returned = -19
01-13 20:45:43.050   360   826 D ACDB-LOADER: ACDB -> ACDB_CMD_GET_ANC_SETTING
01-13 20:45:43.050   360   826 D         : Failed to fetch the lookup information of the device 00000056 
01-13 20:45:43.050   360   826 E ACDB-LOADER: Error: ACDB ANC returned = -19
01-13 20:45:43.050   360   826 D ACDB-LOADER: ACDB -> ACDB_CMD_GET_ANC_SETTING
01-13 20:45:43.050   360   826 D         : Failed to fetch the lookup information of the device 00000056 
01-13 20:45:43.050   360   826 E ACDB-LOADER: Error: ACDB ANC returned = -19
01-13 20:45:43.050   360   826 D ACDB-LOADER: ACDB -> ACDB_CMD_GET_ANC_SETTING
01-13 20:45:43.050   360   826 D         : Failed to fetch the lookup information of the device 00000056 
01-13 20:45:43.050   360   826 E ACDB-LOADER: Error: ACDB ANC returned = -19
01-13 20:45:43.050   360   826 D ACDB-LOADER: ACDB -> ACDB_CMD_GET_ANC_SETTING
01-13 20:45:43.050   360   826 D         : Failed to fetch the lookup information of the device 00000059 
01-13 20:45:43.056   360   826 D msm8916_platform: platform_get_mixer_control: mixer ctl not obtained
01-13 20:45:43.059   360   826 I chatty  : uid=1041(audioserver) HwBinder:360_2 identical 15 lines
01-13 20:45:43.059   360   826 D msm8916_platform: platform_get_mixer_control: mixer ctl not obtained
01-13 20:45:43.094   387   708 I rmt_storage: rmt_storage_client_thread: /boot/modem_fs2: req_h=0x9 msg_id=3: Bytes written = 1572864
01-13 20:45:43.094   387   708 I rmt_storage: rmt_storage_client_thread: /boot/modem_fs2: req_h=0x9 msg_id=3: Send response: res=0 err=0
01-13 20:45:43.094   387   708 I rmt_storage: rmt_storage_client_thread: /boot/modem_fs2: About to block rmt_storage client thread (th_id: 544518182128) wakelock released: 1, error no: 0
01-13 20:45:43.094   387   708 I rmt_storage: 
01-13 20:45:43.094   360   826 E DAP_HAL : dap_hal_set_hw_info: dmid=0
01-13 20:45:43.094   360   826 E DAP_HAL :  key 00x
01-13 20:45:43.095   387   387 I rmt_storage: rmt_storage_disconnect_cb: clnt_h=0x9 conn_h=0x7ec7e19010
01-13 20:45:43.100   360   826 D audio_hw_dolby: audio_extn_ds2_enable:ds2_enabled 1
01-13 20:45:43.102   360   826 D audio_hw_utils: audio_extn_utils_update_streams_cfg_lists: failed to open io config file(/vendor/etc/audio_io_policy.conf), trying older config file
01-13 20:45:43.102   360   826 I audio_hw_utils: load_cfg_list: could not load input, node is NULL
01-13 20:45:43.104   558   885 I ServiceManager: Waiting for service 'sensorservice' on '/dev/binder'...
01-13 20:45:43.104   360   826 I soundtrigger: audio_extn_sound_trigger_init: Enter
01-13 20:45:43.104   360   826 I soundtrigger: audio_extn_sound_trigger_init: DLOPEN successful for /vendor/lib/hw/sound_trigger.primary.msm8937.so
01-13 20:45:43.104   360   826 W soundtrigger: audio_extn_sound_trigger_init: sthal_prop_api_version not found. undefined symbol: sthal_prop_api_version
01-13 20:45:43.105   455   455 W ServiceManagement: Waited one second for android.hardware.camera.provider@2.4::ICameraProvider/legacy/0. Waiting another...
01-13 20:45:43.105   360   825 W DeviceHAL: Error from HAL Device in function get_master_volume: Function not implemented
01-13 20:45:43.105   360   825 W DeviceHAL: Error from HAL Device in function get_master_mute: Function not implemented
01-13 20:45:43.105   360   825 W DeviceHAL: Error from HAL Device in function set_master_volume: Function not implemented
01-13 20:45:43.105   360   825 W DeviceHAL: Error from HAL Device in function set_master_mute: Function not implemented
01-13 20:45:43.105   391   391 I AudioFlinger: loadHwModule() Loaded primary audio interface, handle 10
01-13 20:45:43.106   391   391 I AudioFlinger: openOutput() this 0xeec3c000, module 10 Device 0x2, SamplingRate 48000, Format 0x000001, Channels 0x3, flags 0x6
01-13 20:45:43.106   360   825 D audio_hw_primary: adev_open_output_stream: enter: format(0x1) sample_rate(48000) channel_mask(0x3) devices(0x2) flags(0x6)        stream_handle(0xf355a000)
01-13 20:45:43.106   360   825 I audio_hw_primary: adev_open_output_stream: dynamic qos voting not enabled for platform
01-13 20:45:43.106   360   825 D audio_hw_primary: adev_open_output_stream: Stream (0xf355a000) picks up usecase (low-latency-playback)
01-13 20:45:43.107   391   391 I AudioFlinger: HAL output buffer size 192 frames, normal sink buffer size 960 frames
01-13 20:45:43.107   558   845 I ServiceManager: Waiting for service 'sensorservice' on '/dev/binder'...
01-13 20:45:43.108   332   332 W hwservicemanager: getTransport: Cannot find entry android.hardware.audio.effect@4.0::IEffectsFactory/default in either framework or device manifest.
01-13 20:45:43.115   558   803 I ServiceManager: Waiting for service 'sensorservice' on '/dev/binder'...
01-13 20:45:43.138   360   825 E EffectsFactoryConfigLoader: Could not find library in effect directories: libvolumelistener.so
01-13 20:45:43.141   360   825 E EffectsFactoryConfigLoader: Could not find library in effect directories: libdirac.so
01-13 20:45:43.143   360   825 E EffectsFactoryConfigLoader: Could not find library volume_listener to load effect music_helper
01-13 20:45:43.143   360   825 E EffectsFactoryConfigLoader: Could not find library volume_listener to load effect ring_helper
01-13 20:45:43.143   360   825 E EffectsFactoryConfigLoader: Could not find library volume_listener to load effect alarm_helper
01-13 20:45:43.143   360   825 E EffectsFactoryConfigLoader: Could not find library volume_listener to load effect voice_helper
01-13 20:45:43.143   360   825 E EffectsFactoryConfigLoader: Could not find library volume_listener to load effect notification_helper
01-13 20:45:43.143   360   825 E EffectsFactoryConfigLoader: Could not find library dirac to load effect dirac
01-13 20:45:43.143   360   825 E EffectsFactoryConfigLoader: 8 errors during loading of configuration: /vendor/etc/audio_effects.xml
01-13 20:45:43.143   360   825 E EffectsFactory: Effect config is partially invalid, skipped 8 elements
01-13 20:45:43.143   391   391 I BufferProvider: found effect "Multichannel Downmix To Stereo" from The Android Open Source Project
01-13 20:45:43.144   391   957 I AudioFlinger: AudioFlinger's thread 0xee483900 tid=957 ready to run
01-13 20:45:43.144   391   957 W AudioFlinger: no wake lock to update, system not ready yet
01-13 20:45:43.144   391   391 I AudioFlinger: Using module 10 as the primary audio interface
01-13 20:45:43.144   360   826 D audio_hw_primary: out_standby: enter: stream (0xf355a000) usecase(1: low-latency-playback)
01-13 20:45:43.144   360   826 D audio_hw_primary: out_standby: exit
01-13 20:45:43.145   391   957 W AudioFlinger: no wake lock to update, system not ready yet
01-13 20:45:43.146   391   391 W AudioFlinger: moveEffects() bad srcOutput 0
01-13 20:45:43.148   360   826 D audio_hw_primary: out_set_parameters: enter: usecase(1: low-latency-playback) kvpairs: routing=2
01-13 20:45:43.148   360   826 D audio_hw_extn: audio_extn_set_anc_parameters: anc_enabled:0
01-13 20:45:43.149   360   826 D audio_hw_spkr_prot: audio_extn_fbsp_set_parameters: Speaker protection disabled
01-13 20:45:43.149   391   391 I AudioFlinger: openOutput() this 0xeec3c000, module 10 Device 0x2, SamplingRate 48000, Format 0x000001, Channels 0x3, flags 0x8
01-13 20:45:43.150   360   826 D audio_hw_primary: adev_open_output_stream: enter: format(0x1) sample_rate(48000) channel_mask(0x3) devices(0x2) flags(0x8)        stream_handle(0xf355c800)
01-13 20:45:43.150   360   826 D audio_hw_primary: adev_open_output_stream: Stream (0xf355c800) picks up usecase (deep-buffer-playback)
01-13 20:45:43.151   391   391 I AudioFlinger: HAL output buffer size 1920 frames, normal sink buffer size 1920 frames
01-13 20:45:43.152   391   958 I AudioFlinger: AudioFlinger's thread 0xedf831c0 tid=958 ready to run
01-13 20:45:43.152   391   958 W AudioFlinger: no wake lock to update, system not ready yet
01-13 20:45:43.152   360   826 D audio_hw_primary: out_standby: enter: stream (0xf355c800) usecase(0: deep-buffer-playback)
01-13 20:45:43.152   360   826 D audio_hw_primary: out_standby: exit
01-13 20:45:43.152   391   958 W AudioFlinger: no wake lock to update, system not ready yet
01-13 20:45:43.153   387   387 I rmt_storage: rmt_storage_connect_cb: clnt_h=0xa conn_h=0x7ec7e19010
01-13 20:45:43.153   387   387 I rmt_storage: rmt_storage_rw_iovec_cb: /boot/modem_fs1: req_h=0xa msg_id=3: R/W request received
01-13 20:45:43.153   387   387 I rmt_storage: wakelock acquired: 1, error no: 42
01-13 20:45:43.153   387   707 I rmt_storage: rmt_storage_client_thread: /boot/modem_fs1: Unblock worker thread (th_id: 544519222512)
01-13 20:45:43.155   360   826 D audio_hw_primary: out_set_parameters: enter: usecase(0: deep-buffer-playback) kvpairs: routing=2
01-13 20:45:43.156   391   391 I AudioFlinger: openOutput() this 0xeec3c000, module 10 Device 0x10000, SamplingRate 48000, Format 0x000001, Channels 0x3, flags 0
01-13 20:45:43.156   360   826 D audio_hw_primary: adev_open_output_stream: enter: format(0x1) sample_rate(48000) channel_mask(0x3) devices(0x10000) flags(0)        stream_handle(0xf3569000)
01-13 20:45:43.156   360   826 D audio_hw_primary: adev_open_output_stream: Stream (0xf3569000) picks up usecase (afe-proxy-playback)
01-13 20:45:43.157   391   391 I AudioFlinger: HAL output buffer size 768 frames, normal sink buffer size 1152 frames
01-13 20:45:43.159   391   960 I AudioFlinger: AudioFlinger's thread 0xede03a40 tid=960 ready to run
01-13 20:45:43.159   391   960 W AudioFlinger: no wake lock to update, system not ready yet
01-13 20:45:43.161   360   826 D audio_hw_primary: out_set_parameters: enter: usecase(49: afe-proxy-playback) kvpairs: routing=65536
01-13 20:45:43.161   360   826 D audio_hw_primary: out_standby: enter: stream (0xf3569000) usecase(49: afe-proxy-playback)
01-13 20:45:43.161   360   826 D audio_hw_primary: out_standby: exit
01-13 20:45:43.162   360   826 D audio_hw_primary: adev_open_input_stream: enter: sample_rate(48000) channel_mask(0xc) devices(0x80000004)        stream_handle(0xf45b7a80) io_handle(14) source(1) format 1
01-13 20:45:43.162   360   826 W audio_hw_utils: audio_extn_utils_update_stream_input_app_type_cfg: App type could not be selected. Falling back to default
01-13 20:45:43.204   387   707 I rmt_storage: rmt_storage_client_thread: /boot/modem_fs1: req_h=0xa msg_id=3: Bytes written = 1572864
01-13 20:45:43.204   387   707 I rmt_storage: rmt_storage_client_thread: /boot/modem_fs1: req_h=0xa msg_id=3: Send response: res=0 err=0
01-13 20:45:43.204   387   707 I rmt_storage: rmt_storage_client_thread: /boot/modem_fs1: About to block rmt_storage client thread (th_id: 544519222512) wakelock released: 1, error no: 0
01-13 20:45:43.204   387   707 I rmt_storage: 
01-13 20:45:43.204   558   885 I ServiceManager: Waiting for service 'sensorservice' on '/dev/binder'...
01-13 20:45:43.205   387   387 I rmt_storage: rmt_storage_disconnect_cb: clnt_h=0xa conn_h=0x7ec7e19010
01-13 20:45:43.207   558   845 I ServiceManager: Waiting for service 'sensorservice' on '/dev/binder'...
01-13 20:45:43.215   558   803 I ServiceManager: Waiting for service 'sensorservice' on '/dev/binder'...
01-13 20:45:43.261   926   926 E RTPServiceImpl: qpLogDiagInit <== result : 1; log_write_mutex is Initialized
01-13 20:45:43.261   926   926 E RTPServiceImpl: [IMS_AP_RTP]"RTP Daemon bLogRTPMsgs 1, bLogRTPDataMsgs 1, bLogAdbMsgs 0"
01-13 20:45:43.261   926   926 E RTPServiceImpl: [IMS_AP_RTP]"RTP Daemon main entry : 3e9"
01-13 20:45:43.261   926   926 E Diag_Lib: [IMS_AP_RTP]"qvp_rtp_task_init"
01-13 20:45:43.261   926   926 E RTPServiceImpl: [IMS_AP_RTP]"ims-rtp-daemon listen done"
01-13 20:45:43.262   926   926 E RTPServiceImpl: [IMS_AP_RTP]"ims-rtp-daemon qmi_rtp_register_service >"
01-13 20:45:43.262   926   963 E Diag_Lib: DPL : gIsQXDMDisabled 0, gIsADBDisabled 1, gIsDebugDisabled 0, gIsIMSLogsDisabled 0 gIsDebugDataPathDisabled = 0
01-13 20:45:43.262   926   963 E Diag_Lib: [IMS_FATAL]| 963 |qpNetSetReadFds - DataD IPC socket not available
01-13 20:45:43.262   926   963 E Diag_Lib: [IMS_FATAL]| 963 |qpCheckSockEventsOnNetConnProfiles : pNetConnProfileArray NULL
01-13 20:45:43.263   926   963 E Diag_Lib: qvp_rtp_h264_profile_init rateadaptEnabled =15
01-13 20:45:43.263   926   926 E RTPServiceImpl: [IMS_AP_RTP]"ims-rtp-daemon qmi_rtp_register_service rc : 0"
01-13 20:45:43.263   926   926 E RTPServiceImpl: [IMS_AP_RTP]"ims-rtp-daemon qmi_rtp_register_service service_cookie.service_handle : 0x1"
01-13 20:45:43.264   926   926 E RTPServiceImpl: [IMS_AP_RTP]"HIDL Service is starting."
01-13 20:45:43.264   926   926 E Diag_Lib: bLogRTPMSgs =1,rtpdata=1,adblog=0
01-13 20:45:43.264   926   926 E RTPServiceImpl: [IMS_AP_RTP]"RTPService callback Registraton"
01-13 20:45:43.264   926   964 E RTPServiceImpl: [IMS_AP_RTP]"ms-rtp-daemon ims_rtp_qmi_handler_thread_func >"
01-13 20:45:43.276   926   965 E RTPServiceImpl: [IMS_AP_RTP]"QmiOttLoop : ims_rtp_qmi_ott_init failed....."
01-13 20:45:43.276   926   963 E Diag_Lib: [IMS_FATAL]| 963 |qpCheckSockEventsOnNetConnProfiles : pNetConnProfileArray NULL
01-13 20:45:43.293   448   448 E QMI_FW  : QMUXD: WARNING qmi_qmux_if_pwr_up_init failed! rc=-6
01-13 20:45:43.304   558   885 I ServiceManager: Waiting for service 'sensorservice' on '/dev/binder'...
01-13 20:45:43.308   558   845 I ServiceManager: Waiting for service 'sensorservice' on '/dev/binder'...
01-13 20:45:43.316   558   803 I ServiceManager: Waiting for service 'sensorservice' on '/dev/binder'...
01-13 20:45:43.404   558   885 I ServiceManager: Waiting for service 'sensorservice' on '/dev/binder'...
01-13 20:45:43.408   558   845 I ServiceManager: Waiting for service 'sensorservice' on '/dev/binder'...
01-13 20:45:43.416   558   803 I ServiceManager: Waiting for service 'sensorservice' on '/dev/binder'...
01-13 20:45:43.505   558   885 I ServiceManager: Waiting for service 'sensorservice' on '/dev/binder'...
01-13 20:45:43.508   558   845 I ServiceManager: Waiting for service 'sensorservice' on '/dev/binder'...
01-13 20:45:43.516   558   803 I ServiceManager: Waiting for service 'sensorservice' on '/dev/binder'...
01-13 20:45:43.605   558   885 I ServiceManager: Waiting for service 'sensorservice' on '/dev/binder'...
01-13 20:45:43.608   558   845 I ServiceManager: Waiting for service 'sensorservice' on '/dev/binder'...
01-13 20:45:43.617   558   803 I ServiceManager: Waiting for service 'sensorservice' on '/dev/binder'...
01-13 20:45:43.620   362   362 I QCamera : <HAL><INFO> openCamera: 1827: [KPI Perf]: E PROFILE_OPEN_CAMERA camera id 1
01-13 20:45:43.620   362   362 E QCamera : <HAL><ERROR> lock_acq_timed: 315: failed to acquire lock
01-13 20:45:43.620   562   562 I wcnss_service: wcnss_read_and_store_cal_data trying to read cal
01-13 20:45:43.621   391   970 I AudioFlinger: AudioFlinger's thread 0xedb03500 tid=970 ready to run
01-13 20:45:43.622   558   558 I mm-camera: < INFO> 395: void enable_memleak_trace(int): start memleak tracking.
01-13 20:45:43.622   360   826 D audio_hw_primary: adev_open_input_stream: enter: sample_rate(48000) channel_mask(0x17000c) devices(0x80000004)        stream_handle(0xf45b7c40) io_handle(22) source(1) format 1
01-13 20:45:43.622   360   826 D audio_hw_primary: adev_open_input_stream: return error to retry with updated channel mask (0xc)
01-13 20:45:43.622   360   826 W DeviceHAL: Error from HAL Device in function open_input_stream: Invalid argument
01-13 20:45:43.622   360   826 D audio_hw_primary: adev_open_input_stream: enter: sample_rate(48000) channel_mask(0xc) devices(0x80000004)        stream_handle(0xf45b7c40) io_handle(22) source(1) format 1
01-13 20:45:43.622   360   826 W audio_hw_utils: audio_extn_utils_update_stream_input_app_type_cfg: App type could not be selected. Falling back to default
01-13 20:45:43.623   360   826 D audio_hw_primary: adev_close_input_stream: enter:stream_handle(0xf45b7a80)
01-13 20:45:43.623   360   826 D audio_hw_primary: in_standby: enter: stream (0xf45b7a80) usecase(18: audio-record)
01-13 20:45:43.623   926   926 E RTPServiceImpl: [IMS_AP_RTP]"[ION_RTP]Device open success"
01-13 20:45:43.624   391   974 I AudioFlinger: AudioFlinger's thread 0xed983800 tid=974 ready to run
01-13 20:45:43.625   360   360 D audio_hw_primary: adev_close_input_stream: enter:stream_handle(0xf45b7c40)
01-13 20:45:43.625   360   360 D audio_hw_primary: in_standby: enter: stream (0xf45b7c40) usecase(18: audio-record)
01-13 20:45:43.625   360   360 D audio_hw_primary: adev_open_input_stream: enter: sample_rate(192000) channel_mask(0x8000000f) devices(0x80000004)        stream_handle(0xf45b7a80) io_handle(30) source(1) format 5
01-13 20:45:43.625   360   360 W DeviceHAL: Error from HAL Device in function open_input_stream: Invalid argument
01-13 20:45:43.625   360   360 D audio_hw_primary: adev_open_input_stream: enter: sample_rate(48000) channel_mask(0x8000000f) devices(0x80000004)        stream_handle(0xf45b7a80) io_handle(30) source(1) format 1
01-13 20:45:43.625   360   360 W audio_hw_utils: audio_extn_utils_update_stream_input_app_type_cfg: App type could not be selected. Falling back to default
01-13 20:45:43.626   391   975 I AudioFlinger: AudioFlinger's thread 0xed983000 tid=975 ready to run
01-13 20:45:43.627   360   360 D audio_hw_primary: adev_close_input_stream: enter:stream_handle(0xf45b7a80)
01-13 20:45:43.627   360   360 D audio_hw_primary: in_standby: enter: stream (0xf45b7a80) usecase(18: audio-record)
01-13 20:45:43.627   360   360 D audio_hw_primary: adev_open_input_stream: enter: sample_rate(48000) channel_mask(0xc) devices(0x80000040)        stream_handle(0xf45b7a80) io_handle(38) source(1) format 1
01-13 20:45:43.627   360   360 W DeviceHAL: Error from HAL Device in function open_input_stream: Invalid argument
01-13 20:45:43.627   360   360 D audio_hw_primary: adev_open_input_stream: enter: sample_rate(48000) channel_mask(0xc) devices(0x80000040)        stream_handle(0xf45b7a80) io_handle(38) source(1) format 1
01-13 20:45:43.627   360   360 W DeviceHAL: Error from HAL Device in function open_input_stream: Invalid argument
01-13 20:45:43.628   391   391 W APM_AudioPolicyManager: Cannot open input stream for device 80000040 on hw module primary
01-13 20:45:43.628   752   752 I ActivityManager: Memory class: 192
01-13 20:45:43.633   558   558 I mm-camera: <MCT   >< INFO> 63: mct_controller_new: Creating new mct_controller with session-id 2
01-13 20:45:43.633   558   979 I mm-camera: <MCT   >< INFO> 4627: mct_pipeline_start_session_thread: E sensor
01-13 20:45:43.633   558   979 I mm-camera: <MCT   >< INFO> 4634: mct_pipeline_start_session_thread: Calling start_session on Module sensor
01-13 20:45:43.634   558   980 I mm-camera: <MCT   >< INFO> 4627: mct_pipeline_start_session_thread: E iface
01-13 20:45:43.634   558   980 I mm-camera: <MCT   >< INFO> 4634: mct_pipeline_start_session_thread: Calling start_session on Module iface
01-13 20:45:43.634   558   982 I mm-camera: <MCT   >< INFO> 4627: mct_pipeline_start_session_thread: E isp
01-13 20:45:43.634   558   982 I mm-camera: <MCT   >< INFO> 4634: mct_pipeline_start_session_thread: Calling start_session on Module isp
01-13 20:45:43.634   558   982 I mm-camera: <ISP   >< INFO> 205: isp_module_start_session: session id 2
01-13 20:45:43.635   558   984 I mm-camera: <MCT   >< INFO> 4627: mct_pipeline_start_session_thread: E stats
01-13 20:45:43.635   558   980 I mm-camera: <MCT   >< INFO> 4637: mct_pipeline_start_session_thread: Module iface start_session rc = 1
01-13 20:45:43.636   558   980 I mm-camera: <MCT   >< INFO> 4645: mct_pipeline_start_session_thread: started_num = 1, success = 1
01-13 20:45:43.636   558   984 I mm-camera: <MCT   >< INFO> 4634: mct_pipeline_start_session_thread: Calling start_session on Module stats
01-13 20:45:43.636   558   980 I mm-camera: <MCT   >< INFO> 4652: mct_pipeline_start_session_thread: X iface
01-13 20:45:43.636   558   985 I mm-camera: <MCT   >< INFO> 4627: mct_pipeline_start_session_thread: E pproc
01-13 20:45:43.637   558   985 I mm-camera: <MCT   >< INFO> 4634: mct_pipeline_start_session_thread: Calling start_session on Module pproc
01-13 20:45:43.639   558   986 I mm-camera: <MCT   >< INFO> 4627: mct_pipeline_start_session_thread: E imglib
01-13 20:45:43.639   558   986 I mm-camera: <MCT   >< INFO> 4634: mct_pipeline_start_session_thread: Calling start_session on Module imglib
01-13 20:45:43.640   558   986 I mm-camera: <MCT   >< INFO> 4637: mct_pipeline_start_session_thread: Module imglib start_session rc = 1
01-13 20:45:43.640   558   986 I mm-camera: <MCT   >< INFO> 4645: mct_pipeline_start_session_thread: started_num = 2, success = 2
01-13 20:45:43.640   558   986 I mm-camera: <MCT   >< INFO> 4652: mct_pipeline_start_session_thread: X imglib
01-13 20:45:43.641   558   979 I mm-camera: <MCT   >< INFO> 4637: mct_pipeline_start_session_thread: Module sensor start_session rc = 1
01-13 20:45:43.641   558   979 I mm-camera: <MCT   >< INFO> 4645: mct_pipeline_start_session_thread: started_num = 3, success = 3
01-13 20:45:43.641   558   979 I mm-camera: <MCT   >< INFO> 4652: mct_pipeline_start_session_thread: X sensor
01-13 20:45:43.643   558   985 I mm-camera: <MCT   >< INFO> 4637: mct_pipeline_start_session_thread: Module pproc start_session rc = 1
01-13 20:45:43.643   558   985 I mm-camera: <MCT   >< INFO> 4645: mct_pipeline_start_session_thread: started_num = 4, success = 4
01-13 20:45:43.643   558   985 I mm-camera: <MCT   >< INFO> 4652: mct_pipeline_start_session_thread: X pproc
01-13 20:45:43.643   558   982 I mm-camera: <MCT   >< INFO> 4637: mct_pipeline_start_session_thread: Module isp start_session rc = 1
01-13 20:45:43.643   558   982 I mm-camera: <MCT   >< INFO> 4645: mct_pipeline_start_session_thread: started_num = 5, success = 5
01-13 20:45:43.644   558   982 I mm-camera: <MCT   >< INFO> 4652: mct_pipeline_start_session_thread: X isp
01-13 20:45:43.645   558   994 I ServiceManager: Waiting for service 'sensorservice' on '/dev/binder'...
01-13 20:45:43.645   558   984 I mm-camera: <MCT   >< INFO> 4637: mct_pipeline_start_session_thread: Module stats start_session rc = 1
01-13 20:45:43.645   558   984 I mm-camera: <MCT   >< INFO> 4645: mct_pipeline_start_session_thread: started_num = 6, success = 6
01-13 20:45:43.645   558   984 I mm-camera: <MCT   >< INFO> 4652: mct_pipeline_start_session_thread: X stats
01-13 20:45:43.656   558   558 I mm-camera: <MCT   >< INFO> 4548: mct_pipeline_start_stream_internal: Adding session stream streamid= 0xf for session=2
01-13 20:45:43.656   558   558 I mm-camera: <MCT   >< INFO> 4596: mct_pipeline_start_stream_internal: Linking session stream for session 2
01-13 20:45:43.656   558   558 I mm-camera: <MCT   >< INFO> 510: mct_stream_start_link: Start linking Session-stream 0x2000f
01-13 20:45:43.656   558   558 I mm-camera: <IFACE >< INFO> 338: iface_util_find_primary_cid: iface_util_find_primary_cid:338 error cannot find primary sensor format cids 1
01-13 20:45:43.656   558   558 I mm-camera: <ISP   >< INFO> 801: isp_port_check_caps_reserve: port 0xe93e7cc0 ide 2000f type 10 dim 0 0
01-13 20:45:43.656   558   558 I mm-camera: <PPROC >< INFO> 446: pproc_port_add_modules_to_stream: in identity 2000f stream 10 int_link = 0xe9356440
01-13 20:45:43.656   558   558 I mm-camera: <PPROC >< INFO> 458: pproc_port_add_modules_to_stream: :LINK linking mods tmod and c2d for identity 2000f
01-13 20:45:43.656   558   558 I mm-camera: <C2D   >< INFO> 1490: c2d_module_notify_add_stream: width 0, height 0, stride 0, scanline 0, is_type 0
01-13 20:45:43.656   558   558 I mm-camera: <PPROC >< INFO> 458: pproc_port_add_modules_to_stream: :LINK linking mods c2d and cpp for identity 2000f
01-13 20:45:43.657   558   558 I mm-camera: <CPP   >< INFO> 2154: cpp_module_notify_add_stream: :width 0, height 0, stride 0, scanline 0, framelen 0
01-13 20:45:43.657   558   558 I mm-camera: <CPP   >< INFO> 2319: cpp_module_notify_add_stream: : stream 10, fmt 1, asf_mode 0, sharpness_level 0.000000,asf mask 0, denoise 0, denoise_mask 0, dsdn mask 0,dsdn enable 0, tnr mask 0, tnr enable 0, ds_mask 0
01-13 20:45:43.657   558   558 I mm-camera: <PPROC >< INFO> 458: pproc_port_add_modules_to_stream: :LINK linking mods cpp and paaf for identity 2000f
01-13 20:45:43.657   558   558 I mm-camera: <PPROC >< INFO> 458: pproc_port_add_modules_to_stream: :LINK linking mods paaf and ezt for identity 2000f
01-13 20:45:43.657   558   558 E mm-camera: <STATS ><ERROR> 2822: stats_port_check_caps_reserve: Invalid Port capability type!
01-13 20:45:43.657   558   558 I chatty  : uid=1006(camera) mm-qcamera-daem identical 3 lines
01-13 20:45:43.657   558   558 E mm-camera: <STATS ><ERROR> 2822: stats_port_check_caps_reserve: Invalid Port capability type!
01-13 20:45:43.658   558   558 I mm-camera: <MCT   >< INFO> 4605: mct_pipeline_start_stream_internal: Session stream linked successfully session 2
01-13 20:45:43.660   362   362 I Thermal-Lib: Thermal-Lib-Client: Registraion successful for camera with handle:1
01-13 20:45:43.660   362   362 I Thermal-Lib: Thermal-Lib-Client: Registraion successful for camcorder with handle:2
01-13 20:45:43.660   362   362 I QCamera : <HAL><INFO> openCamera: 1840: [KPI Perf]: X PROFILE_OPEN_CAMERA camera id 1, rc: 0
01-13 20:45:43.660   362   362 I QCamera : <HAL><INFO> close_camera_device: 1495: [KPI Perf]: E camera id 1
01-13 20:45:43.660   443   538 I ThermalEngine: Thermal-Server: Adding thermal event listener on fd 46
01-13 20:45:43.660   362  1005 I Thermal-Lib: Thermal-Lib-Client: Client received msg camera 0
01-13 20:45:43.660   362  1005 I Thermal-Lib: Thermal-Lib-Client: Client received msg camcorder 0
01-13 20:45:43.662   558  1000 E mm-camera: <MCT   ><ERROR> 1106: mct_pipeline_decide_hw_wakeup: Couldn't find meta stream
01-13 20:45:43.664   558  1000 I chatty  : uid=1006(camera) CAM_MctServ identical 1 line
01-13 20:45:43.666   558  1000 E mm-camera: <MCT   ><ERROR> 1106: mct_pipeline_decide_hw_wakeup: Couldn't find meta stream
01-13 20:45:43.668   362   362 E QCamera : <HAL><ERROR> lock_acq: 364: failed to acquire lock
01-13 20:45:43.668   362   362 I QCamera : <HAL><INFO> closeCamera: 2226: E
01-13 20:45:43.668   362   362 I QCamera : <HAL><INFO> closeCamera: 2231: [KPI Perf]: E PROFILE_CLOSE_CAMERA camera id 1
01-13 20:45:43.671   558  1000 I mm-camera: <ISP   >< INFO> 6629: isp_util_print_meta_stream_info: Deallocate resources
01-13 20:45:43.671   558   732 E mm-camera: <IMGLIB><ERROR> 303: static int32_t QCameraPAAF::AllocateBuffers(img_base_ops_t *, bool): Invalid dimensions 0x0
01-13 20:45:43.671   558   732 E mm-camera: <IMGLIB><ERROR> 203: int img_algo_preload(img_base_ops_t *): Preload: Failed to allocate buffer, rc -4
01-13 20:45:43.671   558   732 E mm-camera: <IMGLIB><ERROR> 119: module_imgbase_client_preload_exec: IMG_CORE_PRELOAD failed -4
01-13 20:45:43.672   558  1000 I mm-camera: <ISP   >< INFO> 2537: isp_resource_allocate: INFO: ISP resource acquired: session 2 num_isp 1
01-13 20:45:43.672   558  1000 I mm-camera: <ISP   >< INFO> 2539: isp_resource_allocate: INFO: ISP resource acquired: hw_id 1
01-13 20:45:43.672   558  1000 I mm-camera: <ISP   >< INFO> 6479: isp_util_decide_stream_mapping: stream_port_map num streams 0
01-13 20:45:43.673   558  1000 E mm-camera: <MCT   ><ERROR> 1106: mct_pipeline_decide_hw_wakeup: Couldn't find meta stream
01-13 20:45:43.675   362   362 I Thermal-Lib: Thermal-Lib-Client: Unregisteration is successfull for handle:1
01-13 20:45:43.675   443   538 I ThermalEngine: Thermal-Server: removing client on fd 46
01-13 20:45:43.675   362   362 I Thermal-Lib: Thermal-Lib-Client: Unregisteration is successfull for handle:2
01-13 20:45:43.676   558   558 I mm-camera: <MCT   >< INFO> 216: mct_controller_destroy: Initiating destroy sequence for session = 2
01-13 20:45:43.676   558   558 I mm-camera: <MCT   >< INFO> 234: mct_controller_destroy: serv_thread closed
01-13 20:45:43.676   558   558 I mm-camera: <MCT   >< INFO> 249: mct_controller_destroy: bus_handler thread closed
01-13 20:45:43.676   391   391 I bt_a2dp_hw: adev_open:  adev_open in A2dp_hw module
01-13 20:45:43.676   558   558 I mm-camera: <MCT   >< INFO> 4705: mct_pipeline_stop_session: Initiating stop_session on session 2
01-13 20:45:43.676   391   391 I AudioFlinger: loadHwModule() Loaded a2dp audio interface, handle 18
01-13 20:45:43.676   558   558 I mm-camera: <MCT   >< INFO> 3746: mct_pipeline_process_set: command=800000b
01-13 20:45:43.676   558   558 I mm-camera: <MCT   >< INFO> 3964: mct_pipeline_process_set: Issuing DEL_STREAM on stream 0x2000f and stream type=10
01-13 20:45:43.677   360   360 D vndksupport: Loading /vendor/lib/hw/audio.r_submix.default.so from current namespace instead of sphal namespace.
01-13 20:45:43.682   752   752 E PowerProfile: getPowerProfileResId: could not retrieve power profile "/vendor/etc/power_profile_riva.xml", using default instead
01-13 20:45:43.684   752   752 D BatteryStatsImpl: Reading daily items from /data/system/batterystats-daily.xml
01-13 20:45:43.686   360   360 I r_submix: adev_open(name=audio_hw_if)
01-13 20:45:43.686   360   360 I r_submix: adev_init_check()
01-13 20:45:43.687   360   360 W DeviceHAL: Error from HAL Device in function set_master_mute: Function not implemented
01-13 20:45:43.687   391   391 I AudioFlinger: loadHwModule() Loaded r_submix audio interface, handle 26
01-13 20:45:43.687   360   360 D r_submix: adev_open_input_stream(addr=0)
01-13 20:45:43.687   360   360 D r_submix: submix_audio_device_create_pipe_l(addr=0, idx=9)
01-13 20:45:43.687   360   360 D r_submix:   now using address 0 for route 9
01-13 20:45:43.689   391  1006 I AudioFlinger: AudioFlinger's thread 0xed983140 tid=1006 ready to run
