01-10 18:26:00.144   356   356 D vndksupport: Loading /vendor/lib64/egl/libGLESv1_CM_adreno.so from current namespace instead of sphal namespace.
01-10 18:26:00.146   356   356 D libEGL  : loaded /vendor/lib64/egl/libGLESv1_CM_adreno.so
01-10 18:26:00.166   356   356 D vndksupport: Loading /vendor/lib64/egl/libGLESv2_adreno.so from current namespace instead of sphal namespace.
01-10 18:26:00.168   356   356 D libEGL  : loaded /vendor/lib64/egl/libGLESv2_adreno.so
01-10 18:26:00.170   429   802 E         : fusion fusion_id_back read from file 
01-10 18:26:00.170   429   802 E         : hal_data->fuse_id_back =  buf_fusion_back = ,
01-10 18:26:00.173   388   388 I tftp_server: pid=388 tid=388 tftp-server : INF :[tftp_server.c, 524] rcvd request [1] [72] [2] [0] [17]
01-10 18:26:00.175   388   819 I tftp_server: pid=388 tid=819 tftp-server : INF :[tftp_server_utils.c, 113] file [readwrite/server_check.txt] : [/vendor/rfs/msm/mpss/readwrite/server_check.txt]
01-10 18:26:00.175   408   469 I ThermalEngine: MODEM thermal mitigation available.
01-10 18:26:00.175   388   819 I tftp_server: pid=388 tid=819 tftp-server : INF :[tftp_server.c, 1044] OACK options : [7680, 200, 10, 0, 0, 0, 0, 0]
01-10 18:26:00.175   388   819 I tftp_server: pid=388 tid=819 tftp-server : INF :[tftp_os_la.c, 184] unlink failed: [2] [/vendor/rfs/msm/mpss/readwrite/server_check.txt.rfs_tmp] [No such file or directo
01-10 18:26:00.175   388   819 I tftp_server: pid=388 tid=819 tftp-server : INF :[tftp_server.c, 722] Using temp file[/vendor/rfs/msm/mpss/readwrite/server_check.txt.rfs_tmp] for atomic put
01-10 18:26:00.175   388   819 I tftp_server: pid=388 tid=819 tftp-server : INF :[tftp_os_la.c, 59] open : [-1] [-1] [384] [577] [/vendor/rfs/msm/mpss/readwrite/server_check.txt.rfs_tmp]
01-10 18:26:00.175   408   469 I ThermalEngine: ACTION: MODEM - Pending request: pa mitigation succeeded for level 0.
01-10 18:26:00.175   408   469 I ThermalEngine: Mitigation:Modem:0
01-10 18:26:00.176   408   469 I ThermalEngine: ACTION: MODEM - Pending request: cpuv_restriction_cold mitigation succeeded for level 0.
01-10 18:26:00.176   408   469 I ThermalEngine: Mitigation:VDD[MODEM-cpuv_restriction_cold]:0
01-10 18:26:00.176   408   469 I ThermalEngine: ACTION: MODEM - Pending request: cx_vdd_limit mitigation succeeded for level 0.
01-10 18:26:00.176   408   469 I ThermalEngine: Mitigation:VDD[MODEM-cx_vdd_limit]:0
01-10 18:26:00.176   408   469 I ThermalEngine: ACTION: MODEM - Pending request: modem mitigation succeeded for level 0.
01-10 18:26:00.176   408   469 I ThermalEngine: Mitigation:VDD[MODEM-modem]:0
01-10 18:26:00.182   388   819 I tftp_server: pid=388 tid=819 tftp-server : INF :[tftp_server.c, 1315] WRQ stats : total-blocks = 1 : total-bytes = 5 : 5 timedout-pkts = 0, wrong-pkts = 0
01-10 18:26:00.182   388   819 I tftp_server: pid=388 tid=819 tftp-server : INF :[tftp_server.c, 1319] WRQ time stats : Total : [TX, RX] = [112, 507, 0]
01-10 18:26:00.182   388   819 I tftp_server: pid=388 tid=819 tftp-server : INF :[tftp_server.c, 1323] WRQ time stats : Tx [Min, Max] = [39, 73]
01-10 18:26:00.182   388   819 I tftp_server: pid=388 tid=819 tftp-server : INF :[tftp_server.c, 1327] WRQ time stats : Rx [Min, Max] = [507, 507]
01-10 18:26:00.187   356   356 I Zygote  : Preloading shared libraries...
01-10 18:26:00.194   406   461 E QC-time-services: Daemon:genoff_modem_qmi_service_request: qmi_client_get_service_list returned 0num_services 1
01-10 18:26:00.207   356   356 I Zygote  : Uninstalled ICU cache reference pinning...
01-10 18:26:00.208   356   356 I Zygote  : Installed AndroidKeyStoreProvider in 2ms.
01-10 18:26:00.223   356   356 I Zygote  : Warmed up JCA providers in 14ms.
01-10 18:26:00.223   356   356 D Zygote  : end preload
01-10 18:26:00.223   356   356 D Zygote64Timing: ZygotePreload took to complete: 1816ms
01-10 18:26:00.234   406   461 D QC-time-services: Daemon:genoff_modem_qmi_service_request: Initial transaction successfull
01-10 18:26:00.248   337   337 E SELinux : avc:  denied  { find } for interface=android.hardware.power::IPower sid=u:r:hal_camera_default:s0 pid=364 scontext=u:r:hal_camera_default:s0 tcontext=u:object_r:hal_power_hwservice:s0 tclass=hwservice_manager permissive=1
01-10 18:26:00.277   356   356 I zygote64: Explicit concurrent copying GC freed 59659(5MB) AllocSpace objects, 165(3MB) LOS objects, 71% free, 2MB/8MB, paused 149us total 53.803ms
01-10 18:26:00.312   429   429 I chatty  : uid=1006(camera) mm-qcamera-daem identical 3 lines
01-10 18:26:00.323   364   364 I Thermal-Lib: Thermal-Lib-Client: Registraion successful for camera with handle:1
01-10 18:26:00.323   364   364 I Thermal-Lib: Thermal-Lib-Client: Registraion successful for camcorder with handle:2
01-10 18:26:00.324   408   505 I ThermalEngine: Thermal-Server: Adding thermal event listener on fd 46
01-10 18:26:00.324   364   855 I Thermal-Lib: Thermal-Lib-Client: Client received msg camera 0
01-10 18:26:00.325   364   855 I Thermal-Lib: Thermal-Lib-Client: Client received msg camcorder 0
01-10 18:26:00.327   356   356 I zygote64: Explicit concurrent copying GC freed 6490(228KB) AllocSpace objects, 0(0B) LOS objects, 73% free, 2MB/8MB, paused 79us total 40.414ms
01-10 18:26:00.327   356   356 D Zygote64Timing: PostZygoteInitGC took to complete: 104ms
01-10 18:26:00.327   356   356 D Zygote64Timing: ZygoteInit took to complete: 1920ms
01-10 18:26:00.344   362   773 E audio_route: unknown enum value string Off for ctl TTY Mode
01-10 18:26:00.344   364   364 I Thermal-Lib: Thermal-Lib-Client: Unregisteration is successfull for handle:1
01-10 18:26:00.344   408   505 I ThermalEngine: Thermal-Server: removing client on fd 46
01-10 18:26:00.345   362   773 E audio_route: Control 'HPHL Volume' doesn't exist - skipping
01-10 18:26:00.345   364   364 I Thermal-Lib: Thermal-Lib-Client: Unregisteration is successfull for handle:2
01-10 18:26:00.345   362   773 E audio_route: Control 'HPHR Volume' doesn't exist - skipping
01-10 18:26:00.346   362   773 E audio_route: Control 'RX2 MIX2 INP2' doesn't exist - skipping
01-10 18:26:00.346   362   773 E audio_route: Control 'RX1 MIX2 INP2' doesn't exist - skipping
01-10 18:26:00.351   362   773 E audio_route: Control 'SpkrMono WSA_RDAC' doesn't exist - skipping
01-10 18:26:00.351   362   773 E audio_route: Control 'SpkrMono BOOST Switch' doesn't exist - skipping
01-10 18:26:00.352   362   773 E audio_route: Control 'SpkrMono VISENSE Switch' doesn't exist - skipping
01-10 18:26:00.356   362   773 E audio_route: Control 'MI2S_DL_HL Switch' doesn't exist - skipping
01-10 18:26:00.358   362   773 E audio_route: Control 'MI2S_DL_HL Switch' doesn't exist - skipping
01-10 18:26:00.358   362   773 E audio_route: unknown enum value string 16000 for ctl Internal BTSCO SampleRate
01-10 18:26:00.361   362   773 E audio_route: Control 'MultiMedia8 Mixer TERT_MI2S_TX' doesn't exist - skipping
01-10 18:26:00.361   362   773 E audio_route: unknown enum value string 16000 for ctl Internal BTSCO SampleRate
01-10 18:26:00.362   362   773 E audio_route: unknown enum value string 16000 for ctl Internal BTSCO SampleRate
01-10 18:26:00.363   362   773 E audio_route: Control 'MI2S_DL_HL Switch' doesn't exist - skipping
01-10 18:26:00.364   362   773 E audio_route: unknown enum value string 16000 for ctl Internal BTSCO SampleRate
01-10 18:26:00.366   362   773 E audio_route: unknown enum value string 16000 for ctl Internal BTSCO SampleRate
01-10 18:26:00.370   362   773 E audio_route: Control 'SpkrMono WSA_RDAC' doesn't exist - skipping
01-10 18:26:00.371   362   773 E audio_route: Control 'SpkrMono VISENSE Switch' doesn't exist - skipping
01-10 18:26:00.376   362   773 E audio_route: Control 'MI2S_DL_HL Switch' doesn't exist - skipping
01-10 18:26:00.400   362   773 D msm8916_platform: Opening /sys/class/thermal/thermal_zone0/type
01-10 18:26:00.400   362   773 D msm8916_platform: Opening /sys/class/thermal/thermal_zone1/type
01-10 18:26:00.400   362   773 D msm8916_platform: Opening /sys/class/thermal/thermal_zone2/type
01-10 18:26:00.400   362   773 D msm8916_platform: Opening /sys/class/thermal/thermal_zone3/type
01-10 18:26:00.400   362   773 D msm8916_platform: Opening /sys/class/thermal/thermal_zone4/type
01-10 18:26:00.401   362   773 D msm8916_platform: Opening /sys/class/thermal/thermal_zone5/type
01-10 18:26:00.401   362   773 D msm8916_platform: Opening /sys/class/thermal/thermal_zone6/type
01-10 18:26:00.401   362   773 D msm8916_platform: Opening /sys/class/thermal/thermal_zone7/type
01-10 18:26:00.401   362   773 D msm8916_platform: Opening /sys/class/thermal/thermal_zone8/type
01-10 18:26:00.401   362   773 D msm8916_platform: Opening /sys/class/thermal/thermal_zone9/type
01-10 18:26:00.401   362   773 D msm8916_platform: Opening /sys/class/thermal/thermal_zone10/type
01-10 18:26:00.401   362   773 D msm8916_platform: Opening /sys/class/thermal/thermal_zone11/type
01-10 18:26:00.401   362   773 D msm8916_platform: Opening /sys/class/thermal/thermal_zone12/type
01-10 18:26:00.402   362   773 D msm8916_platform: Opening /sys/class/thermal/thermal_zone13/type
01-10 18:26:00.402   362   773 D msm8916_platform: Opening /sys/class/thermal/thermal_zone14/type
01-10 18:26:00.402   362   773 D msm8916_platform: Opening /sys/class/thermal/thermal_zone15/type
01-10 18:26:00.402   362   773 D msm8916_platform: Opening /sys/class/thermal/thermal_zone16/type
01-10 18:26:00.402   362   773 D audio_hw_extn: audio_extn_can_use_vbat: vbat.enabled property is set to 0
01-10 18:26:00.402   362   773 D msm8916_platform: Alac software decoder is available...removing alac from DSP decoder list
01-10 18:26:00.402   362   773 D msm8916_platform: APE software decoder is available...removing ape from DSP decoder list
01-10 18:26:00.402   362   773 D msm8916_platform: platform_set_audio_device_interface: Enter, device name:AUDIO_DEVICE_IN_BUILTIN_MIC, intf name:SLIMBUS_0, codec_type:external
01-10 18:26:00.402   362   773 E msm8916_platform: Invalid codec_type specified. Ignoring this interface entry.
01-10 18:26:00.402   362   773 D msm8916_platform: platform_set_audio_device_interface: Enter, device name:AUDIO_DEVICE_IN_BACK_MIC, intf name:SLIMBUS_0, codec_type:external
01-10 18:26:00.403   362   773 E msm8916_platform: Invalid codec_type specified. Ignoring this interface entry.
01-10 18:26:00.403   362   773 D msm8916_platform: platform_set_audio_device_interface: Enter, device name:AUDIO_DEVICE_IN_BUILTIN_MIC, intf name:TERT_MI2S, codec_type:internal
01-10 18:26:00.403   362   773 D msm8916_platform: platform_set_audio_device_interface: Matched device name:AUDIO_DEVICE_IN_BUILTIN_MIC, overwrite intf name with TERT_MI2S
01-10 18:26:00.403   362   773 D msm8916_platform: platform_set_audio_device_interface: Enter, device name:AUDIO_DEVICE_IN_BACK_MIC, intf name:TERT_MI2S, codec_type:internal
01-10 18:26:00.403   362   773 D msm8916_platform: platform_set_audio_device_interface: Matched device name:AUDIO_DEVICE_IN_BACK_MIC, overwrite intf name with TERT_MI2S
01-10 18:26:00.403   362   773 D msm8916_platform: platform_set_snd_device_backend: backend_tag_table[headphones]: old = null new = (null)
01-10 18:26:00.403   362   773 D msm8916_platform: platform_set_snd_device_backend: hw_interface_table[9] = PRI_MI2S_RX
01-10 18:26:00.403   362   773 D msm8916_platform: platform_set_snd_device_backend: backend_tag_table[bt-sco-headset-wb]: old = bt-sco-wb new = (null)
01-10 18:26:00.403   362   773 D msm8916_platform: platform_set_snd_device_backend: hw_interface_table[31] = INTERNAL_BT_SCO_RX
01-10 18:26:00.403   362   773 D msm8916_platform: platform_set_snd_device_backend: backend_tag_table[bt-sco-headset]: old = bt-sco new = (null)
01-10 18:26:00.403   362   773 D msm8916_platform: platform_set_snd_device_backend: hw_interface_table[30] = INTERNAL_BT_SCO_RX
01-10 18:26:00.403   362   773 D msm8916_platform: platform_set_snd_device_backend: backend_tag_table[line]: old = null new = (null)
01-10 18:26:00.403   362   773 D msm8916_platform: platform_set_snd_device_backend: hw_interface_table[8] = PRI_MI2S_RX
01-10 18:26:00.403   362   773 D msm8916_platform: platform_set_snd_device_backend: backend_tag_table[anc-headphones]: old = null new = (null)
01-10 18:26:00.403   362   773 D msm8916_platform: platform_set_snd_device_backend: hw_interface_table[49] = PRI_MI2S_RX
01-10 18:26:00.403   362   773 D msm8916_platform: platform_set_snd_device_backend: backend_tag_table[speaker-and-headphones]: old = null new = (null)
01-10 18:26:00.403   362   773 D msm8916_platform: platform_set_snd_device_backend: hw_interface_table[12] = PRI_MI2S_RX
01-10 18:26:00.403   362   773 D msm8916_platform: platform_set_snd_device_backend: backend_tag_table[speaker-and-line]: old = null new = (null)
01-10 18:26:00.403   362   773 D msm8916_platform: platform_set_snd_device_backend: hw_interface_table[13] = PRI_MI2S_RX
01-10 18:26:00.403   362   773 D msm8916_platform: platform_set_snd_device_backend: backend_tag_table[speaker-and-anc-headphones]: old = null new = (null)
01-10 18:26:00.403   362   773 D msm8916_platform: platform_set_snd_device_backend: hw_interface_table[53] = PRI_MI2S_RX
01-10 18:26:00.403   362   773 D msm8916_platform: platform_set_snd_device_backend: backend_tag_table[voice-headphones]: old = null new = (null)
01-10 18:26:00.403   362   773 D msm8916_platform: platform_set_snd_device_backend: hw_interface_table[24] = PRI_MI2S_RX
01-10 18:26:00.403   362   773 D msm8916_platform: platform_set_snd_device_backend: backend_tag_table[voice-anc-headphones]: old = null new = (null)
01-10 18:26:00.403   362   773 D msm8916_platform: platform_set_snd_device_backend: hw_interface_table[51] = PRI_MI2S_RX
01-10 18:26:00.403   362   773 D msm8916_platform: platform_set_snd_device_backend: backend_tag_table[voice-line]: old = null new = (null)
01-10 18:26:00.404   362   773 D msm8916_platform: platform_set_snd_device_backend: hw_interface_table[25] = PRI_MI2S_RX
01-10 18:26:00.404   362   773 D msm8916_platform: platform_set_snd_device_backend: backend_tag_table[voice-tty-full-headphones]: old = null new = (null)
01-10 18:26:00.404   362   773 D msm8916_platform: platform_set_snd_device_backend: hw_interface_table[38] = PRI_MI2S_RX
01-10 18:26:00.404   362   773 D msm8916_platform: platform_set_snd_device_backend: backend_tag_table[voice-tty-vco-headphones]: old = null new = (null)
01-10 18:26:00.404   362   773 D msm8916_platform: platform_set_snd_device_backend: hw_interface_table[39] = PRI_MI2S_RX
01-10 18:26:00.404   362   773 D msm8916_platform: platform_set_snd_device_backend: backend_tag_table[handset]: old = null new = (null)
01-10 18:26:00.404   362   773 D msm8916_platform: platform_set_snd_device_backend: hw_interface_table[1] = PRI_MI2S_RX
01-10 18:26:00.404   362   773 D msm8916_platform: platform_set_snd_device_backend: backend_tag_table[speaker]: old = null new = (null)
01-10 18:26:00.404   362   773 D msm8916_platform: platform_set_snd_device_backend: hw_interface_table[2] = PRI_MI2S_RX
01-10 18:26:00.404   362   773 D msm8916_platform: platform_set_snd_device_backend: backend_tag_table[speaker-reverse]: old = null new = (null)
01-10 18:26:00.404   362   773 D msm8916_platform: platform_set_snd_device_backend: hw_interface_table[5] = PRI_MI2S_RX
01-10 18:26:00.404   362   773 D msm8916_platform: platform_set_snd_device_backend: backend_tag_table[vbat-speaker]: old = null new = (null)
01-10 18:26:00.404   362   773 D msm8916_platform: platform_set_snd_device_backend: hw_interface_table[7] = PRI_MI2S_RX
01-10 18:26:00.404   362   773 D msm8916_platform: platform_set_snd_device_backend: backend_tag_table[voice-handset]: old = null new = (null)
01-10 18:26:00.404   362   773 D msm8916_platform: platform_set_snd_device_backend: hw_interface_table[16] = PRI_MI2S_RX
01-10 18:26:00.404   362   773 D msm8916_platform: platform_set_snd_device_backend: backend_tag_table[voice-speaker]: old = null new = (null)
01-10 18:26:00.404   362   773 D msm8916_platform: platform_set_snd_device_backend: hw_interface_table[17] = PRI_MI2S_RX
01-10 18:26:00.404   362   773 D msm8916_platform: platform_set_snd_device_backend: backend_tag_table[vbat-voice-speaker]: old = vbat-voice-speaker new = (null)
01-10 18:26:00.404   362   773 D msm8916_platform: platform_set_snd_device_backend: hw_interface_table[20] = PRI_MI2S_RX
01-10 18:26:00.404   362   773 D msm8916_platform: platform_set_snd_device_backend: backend_tag_table[voice-speaker-2]: old = null new = (null)
01-10 18:26:00.404   362   773 D msm8916_platform: platform_set_snd_device_backend: hw_interface_table[21] = PRI_MI2S_RX
01-10 18:26:00.404   362   773 D msm8916_platform: platform_set_snd_device_backend: backend_tag_table[vbat-voice-speaker-2]: old = vbat-voice-speaker-2 new = (null)
01-10 18:26:00.404   362   773 D msm8916_platform: platform_set_snd_device_backend: hw_interface_table[23] = PRI_MI2S_RX
01-10 18:26:00.404   362   773 D msm8916_platform: platform_set_snd_device_backend: backend_tag_table[voice-tty-hco-handset]: old = null new = (null)
01-10 18:26:00.404   362   773 D msm8916_platform: platform_set_snd_device_backend: hw_interface_table[40] = PRI_MI2S_RX
01-10 18:26:00.404   362   773 D msm8916_platform: platform_set_snd_device_backend: backend_tag_table[anc-fb-headphones]: old = null new = (null)
01-10 18:26:00.404   362   773 D msm8916_platform: platform_set_snd_device_backend: hw_interface_table[50] = PRI_MI2S_RX
01-10 18:26:00.404   362   773 D msm8916_platform: platform_set_snd_device_backend: backend_tag_table[voice-anc-fb-headphones]: old = null new = (null)
01-10 18:26:00.404   362   773 D msm8916_platform: platform_set_snd_device_backend: hw_interface_table[52] = PRI_MI2S_RX
01-10 18:26:00.404   362   773 D msm8916_platform: platform_set_snd_device_backend: backend_tag_table[anc-handset]: old = null new = (null)
01-10 18:26:00.404   362   773 D msm8916_platform: platform_set_snd_device_backend: hw_interface_table[54] = PRI_MI2S_RX
01-10 18:26:00.404   362   773 D msm8916_platform: platform_set_snd_device_backend: backend_tag_table[speaker-protected]: old = null new = (null)
01-10 18:26:00.404   362   773 D msm8916_platform: platform_set_snd_device_backend: hw_interface_table[55] = PRI_MI2S_RX
01-10 18:26:00.404   362   773 D msm8916_platform: platform_set_snd_device_backend: backend_tag_table[voice-speaker-protected]: old = null new = (null)
01-10 18:26:00.404   362   773 D msm8916_platform: platform_set_snd_device_backend: hw_interface_table[56] = PRI_MI2S_RX
01-10 18:26:00.404   362   773 D msm8916_platform: platform_set_snd_device_backend: backend_tag_table[voice-speaker-2-protected]: old = null new = (null)
01-10 18:26:00.404   362   773 D msm8916_platform: platform_set_snd_device_backend: hw_interface_table[57] = PRI_MI2S_RX
01-10 18:26:00.404   362   773 D msm8916_platform: platform_set_snd_device_backend: backend_tag_table[speaker-protected-vbat]: old = null new = (null)
01-10 18:26:00.404   362   773 D msm8916_platform: platform_set_snd_device_backend: hw_interface_table[59] = PRI_MI2S_RX
01-10 18:26:00.404   362   773 D msm8916_platform: platform_set_snd_device_backend: backend_tag_table[voice-speaker-protected-vbat]: old = null new = (null)
01-10 18:26:00.404   362   773 D msm8916_platform: platform_set_snd_device_backend: hw_interface_table[60] = PRI_MI2S_RX
01-10 18:26:00.404   362   773 D msm8916_platform: platform_set_snd_device_backend: backend_tag_table[voice-speaker-2-protected-vbat]: old = null new = (null)
01-10 18:26:00.404   362   773 D msm8916_platform: platform_set_snd_device_backend: hw_interface_table[61] = PRI_MI2S_RX
01-10 18:26:00.404   362   773 D msm8916_platform: platform_set_snd_device_backend: backend_tag_table[wsa-speaker]: old = null new = (null)
01-10 18:26:00.404   362   773 D msm8916_platform: platform_set_snd_device_backend: hw_interface_table[6] = PRI_MI2S_RX
01-10 18:26:00.404   362   773 D msm8916_platform: platform_set_snd_device_backend: backend_tag_table[wsa-voice-speaker]: old = null new = (null)
01-10 18:26:00.404   362   773 D msm8916_platform: platform_set_snd_device_backend: hw_interface_table[19] = PRI_MI2S_RX
01-10 18:26:00.404   362   773 D msm8916_platform: platform_set_snd_device_backend: backend_tag_table[wsa-voice-speaker-2]: old = null new = (null)
01-10 18:26:00.404   362   773 D msm8916_platform: platform_set_snd_device_backend: hw_interface_table[22] = PRI_MI2S_RX
01-10 18:26:00.404   362   773 D msm8916_platform: platform_set_snd_device_backend: backend_tag_table[handset-mic]: old = null new = (null)
01-10 18:26:00.404   362   773 D msm8916_platform: platform_set_snd_device_backend: hw_interface_table[68] = TERT_MI2S_TX
01-10 18:26:00.404   362   773 D msm8916_platform: platform_set_snd_device_backend: backend_tag_table[handset-mic-ext]: old = null new = (null)
01-10 18:26:00.405   362   773 D msm8916_platform: platform_set_snd_device_backend: hw_interface_table[69] = TERT_MI2S_TX
01-10 18:26:00.405   362   773 D msm8916_platform: platform_set_snd_device_backend: backend_tag_table[handset-mic]: old = null new = (null)
01-10 18:26:00.405   362   773 D msm8916_platform: platform_set_snd_device_backend: hw_interface_table[70] = TERT_MI2S_TX
01-10 18:26:00.405   362   773 D msm8916_platform: platform_set_snd_device_backend: backend_tag_table[handset-mic]: old = null new = (null)
01-10 18:26:00.405   362   773 D msm8916_platform: platform_set_snd_device_backend: hw_interface_table[71] = TERT_MI2S_TX
01-10 18:26:00.405   362   773 D msm8916_platform: platform_set_snd_device_backend: backend_tag_table[handset-mic]: old = null new = (null)
01-10 18:26:00.405   362   773 D msm8916_platform: platform_set_snd_device_backend: hw_interface_table[72] = TERT_MI2S_TX
01-10 18:26:00.405   362   773 D msm8916_platform: platform_set_snd_device_backend: backend_tag_table[dmic-endfire]: old = null new = (null)
01-10 18:26:00.405   362   773 D msm8916_platform: platform_set_snd_device_backend: hw_interface_table[73] = TERT_MI2S_TX
01-10 18:26:00.405   362   773 D msm8916_platform: platform_set_snd_device_backend: backend_tag_table[dmic-endfire]: old = null new = (null)
01-10 18:26:00.405   362   773 D msm8916_platform: platform_set_snd_device_backend: hw_interface_table[74] = TERT_MI2S_TX
01-10 18:26:00.405   362   773 D msm8916_platform: platform_set_snd_device_backend: backend_tag_table[dmic-endfire]: old = null new = (null)
01-10 18:26:00.405   362   773 D msm8916_platform: platform_set_snd_device_backend: hw_interface_table[75] = TERT_MI2S_TX
01-10 18:26:00.405   362   773 D msm8916_platform: platform_set_snd_device_backend: backend_tag_table[dmic-endfire]: old = null new = (null)
01-10 18:26:00.405   362   773 D msm8916_platform: platform_set_snd_device_backend: hw_interface_table[76] = TERT_MI2S_TX
01-10 18:26:00.405   362   773 D msm8916_platform: platform_set_snd_device_backend: backend_tag_table[speaker-mic]: old = null new = (null)
01-10 18:26:00.405   362   773 D msm8916_platform: platform_set_snd_device_backend: hw_interface_table[77] = TERT_MI2S_TX
01-10 18:26:00.405   362   773 D msm8916_platform: platform_set_snd_device_backend: backend_tag_table[speaker-mic]: old = null new = (null)
01-10 18:26:00.405   362   773 D msm8916_platform: platform_set_snd_device_backend: hw_interface_table[78] = TERT_MI2S_TX
01-10 18:26:00.405   362   773 D msm8916_platform: platform_set_snd_device_backend: backend_tag_table[speaker-mic]: old = null new = (null)
01-10 18:26:00.405   362   773 D msm8916_platform: platform_set_snd_device_backend: hw_interface_table[79] = TERT_MI2S_TX
01-10 18:26:00.405   362   773 D msm8916_platform: platform_set_snd_device_backend: backend_tag_table[speaker-mic]: old = null new = (null)
01-10 18:26:00.405   362   773 D msm8916_platform: platform_set_snd_device_backend: hw_interface_table[80] = TERT_MI2S_TX
01-10 18:26:00.405   362   773 D msm8916_platform: platform_set_snd_device_backend: backend_tag_table[speaker-dmic-endfire]: old = null new = (null)
01-10 18:26:00.405   362   773 D msm8916_platform: platform_set_snd_device_backend: hw_interface_table[81] = TERT_MI2S_TX
01-10 18:26:00.405   362   773 D msm8916_platform: platform_set_snd_device_backend: backend_tag_table[speaker-dmic-endfire]: old = null new = (null)
01-10 18:26:00.405   362   773 D msm8916_platform: platform_set_snd_device_backend: hw_interface_table[82] = TERT_MI2S_TX
01-10 18:26:00.405   362   773 D msm8916_platform: platform_set_snd_device_backend: backend_tag_table[speaker-dmic-endfire]: old = null new = (null)
01-10 18:26:00.405   362   773 D msm8916_platform: platform_set_snd_device_backend: hw_interface_table[83] = TERT_MI2S_TX
01-10 18:26:00.405   362   773 D msm8916_platform: platform_set_snd_device_backend: backend_tag_table[speaker-dmic-endfire]: old = null new = (null)
01-10 18:26:00.405   362   773 D msm8916_platform: platform_set_snd_device_backend: hw_interface_table[84] = TERT_MI2S_TX
01-10 18:26:00.405   362   773 D msm8916_platform: platform_set_snd_device_backend: backend_tag_table[headset-mic]: old = null new = (null)
01-10 18:26:00.405   362   773 D msm8916_platform: platform_set_snd_device_backend: hw_interface_table[85] = TERT_MI2S_TX
01-10 18:26:00.405   362   773 D msm8916_platform: platform_set_snd_device_backend: backend_tag_table[headset-mic]: old = null new = (null)
01-10 18:26:00.405   362   773 D msm8916_platform: platform_set_snd_device_backend: hw_interface_table[86] = TERT_MI2S_TX
01-10 18:26:00.405   362   773 D msm8916_platform: platform_set_snd_device_backend: backend_tag_table[voice-speaker-mic]: old = null new = (null)
01-10 18:26:00.405   362   773 D msm8916_platform: platform_set_snd_device_backend: hw_interface_table[87] = TERT_MI2S_TX
01-10 18:26:00.405   362   773 D msm8916_platform: platform_set_snd_device_backend: backend_tag_table[voice-headset-mic]: old = null new = (null)
01-10 18:26:00.405   362   773 D msm8916_platform: platform_set_snd_device_backend: hw_interface_table[88] = TERT_MI2S_TX
01-10 18:26:00.405   362   773 D msm8916_platform: platform_set_snd_device_backend: backend_tag_table[camcorder-mic]: old = null new = (null)
01-10 18:26:00.405   362   773 D msm8916_platform: platform_set_snd_device_backend: hw_interface_table[94] = TERT_MI2S_TX
01-10 18:26:00.405   362   773 D msm8916_platform: platform_set_snd_device_backend: backend_tag_table[voice-dmic-ef]: old = null new = (null)
01-10 18:26:00.405   362   773 D msm8916_platform: platform_set_snd_device_backend: hw_interface_table[95] = TERT_MI2S_TX
01-10 18:26:00.405   362   773 D msm8916_platform: platform_set_snd_device_backend: backend_tag_table[voice-speaker-dmic-ef]: old = null new = (null)
01-10 18:26:00.405   362   773 D msm8916_platform: platform_set_snd_device_backend: hw_interface_table[96] = TERT_MI2S_TX
01-10 18:26:00.405   362   773 D msm8916_platform: platform_set_snd_device_backend: backend_tag_table[voice-speaker-qmic]: old = null new = (null)
01-10 18:26:00.406   362   773 D msm8916_platform: platform_set_snd_device_backend: hw_interface_table[98] = TERT_MI2S_TX
01-10 18:26:00.406   362   773 D msm8916_platform: platform_set_snd_device_backend: backend_tag_table[voice-tty-full-headset-mic]: old = null new = (null)
01-10 18:26:00.406   362   773 D msm8916_platform: platform_set_snd_device_backend: hw_interface_table[99] = TERT_MI2S_TX
01-10 18:26:00.406   362   773 D msm8916_platform: platform_set_snd_device_backend: backend_tag_table[voice-tty-vco-handset-mic]: old = null new = (null)
01-10 18:26:00.406   362   773 D msm8916_platform: platform_set_snd_device_backend: hw_interface_table[100] = TERT_MI2S_TX
01-10 18:26:00.406   362   773 D msm8916_platform: platform_set_snd_device_backend: backend_tag_table[voice-tty-hco-headset-mic]: old = null new = (null)
01-10 18:26:00.406   362   773 D msm8916_platform: platform_set_snd_device_backend: hw_interface_table[101] = TERT_MI2S_TX
01-10 18:26:00.406   362   773 D msm8916_platform: platform_set_snd_device_backend: backend_tag_table[voice-rec-mic]: old = null new = (null)
01-10 18:26:00.406   362   773 D msm8916_platform: platform_set_snd_device_backend: hw_interface_table[102] = TERT_MI2S_TX
01-10 18:26:00.406   362   773 D msm8916_platform: platform_set_snd_device_backend: backend_tag_table[voice-rec-mic]: old = null new = (null)
01-10 18:26:00.406   362   773 D msm8916_platform: platform_set_snd_device_backend: hw_interface_table[103] = TERT_MI2S_TX
01-10 18:26:00.406   362   773 D msm8916_platform: platform_set_snd_device_backend: backend_tag_table[voice-rec-dmic-ef]: old = null new = (null)
01-10 18:26:00.406   362   773 D msm8916_platform: platform_set_snd_device_backend: hw_interface_table[104] = TERT_MI2S_TX
01-10 18:26:00.406   362   773 D msm8916_platform: platform_set_snd_device_backend: backend_tag_table[voice-rec-dmic-ef-fluence]: old = null new = (null)
01-10 18:26:00.406   362   773 D msm8916_platform: platform_set_snd_device_backend: hw_interface_table[105] = TERT_MI2S_TX
01-10 18:26:00.406   362   773 D msm8916_platform: platform_set_snd_device_backend: backend_tag_table[aanc-handset-mic]: old = null new = (null)
01-10 18:26:00.406   362   773 D msm8916_platform: platform_set_snd_device_backend: hw_interface_table[113] = TERT_MI2S_TX
01-10 18:26:00.406   362   773 D msm8916_platform: platform_set_snd_device_backend: backend_tag_table[quad-mic]: old = null new = (null)
01-10 18:26:00.406   362   773 D msm8916_platform: platform_set_snd_device_backend: hw_interface_table[114] = TERT_MI2S_TX
01-10 18:26:00.406   362   773 D msm8916_platform: platform_set_snd_device_backend: backend_tag_table[handset-stereo-dmic-ef]: old = null new = (null)
01-10 18:26:00.406   362   773 D msm8916_platform: platform_set_snd_device_backend: hw_interface_table[115] = TERT_MI2S_TX
01-10 18:26:00.406   362   773 D msm8916_platform: platform_set_snd_device_backend: backend_tag_table[speaker-stereo-dmic-ef]: old = null new = (null)
01-10 18:26:00.406   362   773 D msm8916_platform: platform_set_snd_device_backend: hw_interface_table[116] = TERT_MI2S_TX
01-10 18:26:00.406   362   773 D msm8916_platform: platform_set_snd_device_backend: backend_tag_table[vi-feedback]: old = null new = (null)
01-10 18:26:00.406   362   773 D msm8916_platform: platform_set_snd_device_backend: hw_interface_table[117] = SENARY_MI2S_TX
01-10 18:26:00.406   362   773 D msm8916_platform: platform_set_snd_device_backend: backend_tag_table[vi-feedback-mono-1]: old = null new = (null)
01-10 18:26:00.406   362   773 D msm8916_platform: platform_set_snd_device_backend: hw_interface_table[118] = SENARY_MI2S_TX
01-10 18:26:00.406   362   773 D msm8916_platform: platform_set_snd_device_backend: backend_tag_table[vi-feedback-mono-2]: old = null new = (null)
01-10 18:26:00.406   362   773 D msm8916_platform: platform_set_snd_device_backend: hw_interface_table[119] = SENARY_MI2S_TX
01-10 18:26:00.406   362   773 D msm8916_platform: platform_set_snd_device_backend: backend_tag_table[voice-speaker-dmic-broadside]: old = null new = (null)
01-10 18:26:00.406   362   773 D msm8916_platform: platform_set_snd_device_backend: hw_interface_table[120] = TERT_MI2S_TX
01-10 18:26:00.406   362   773 D msm8916_platform: platform_set_snd_device_backend: backend_tag_table[speaker-dmic-broadside]: old = null new = (null)
01-10 18:26:00.406   362   773 D msm8916_platform: platform_set_snd_device_backend: hw_interface_table[121] = TERT_MI2S_TX
01-10 18:26:00.406   362   773 D msm8916_platform: platform_set_snd_device_backend: backend_tag_table[speaker-dmic-broadside]: old = null new = (null)
01-10 18:26:00.406   362   773 D msm8916_platform: platform_set_snd_device_backend: hw_interface_table[122] = TERT_MI2S_TX
01-10 18:26:00.406   362   773 D msm8916_platform: platform_set_snd_device_backend: backend_tag_table[speaker-dmic-broadside]: old = null new = (null)
01-10 18:26:00.406   362   773 D msm8916_platform: platform_set_snd_device_backend: hw_interface_table[123] = TERT_MI2S_TX
01-10 18:26:00.406   362   773 D msm8916_platform: platform_set_snd_device_backend: backend_tag_table[speaker-dmic-broadside]: old = null new = (null)
01-10 18:26:00.406   362   773 D msm8916_platform: platform_set_snd_device_backend: hw_interface_table[124] = TERT_MI2S_TX
01-10 18:26:00.407   362   773 D msm8916_platform: platform_set_snd_device_backend: backend_tag_table[aanc-fluence-dmic-handset]: old = null new = (null)
01-10 18:26:00.407   362   773 D msm8916_platform: platform_set_snd_device_backend: hw_interface_table[125] = TERT_MI2S_TX
01-10 18:26:00.407   362   773 D msm8916_platform: platform_set_snd_device_backend: backend_tag_table[quad-mic]: old = null new = (null)
01-10 18:26:00.407   362   773 D msm8916_platform: platform_set_snd_device_backend: hw_interface_table[126] = TERT_MI2S_TX
01-10 18:26:00.407   362   773 D msm8916_platform: platform_set_snd_device_backend: backend_tag_table[quad-mic]: old = null new = (null)
01-10 18:26:00.407   362   773 D msm8916_platform: platform_set_snd_device_backend: hw_interface_table[127] = TERT_MI2S_TX
01-10 18:26:00.407   362   773 D msm8916_platform: platform_set_snd_device_backend: backend_tag_table[quad-mic]: old = null new = (null)
01-10 18:26:00.407   362   773 D msm8916_platform: platform_set_snd_device_backend: hw_interface_table[128] = TERT_MI2S_TX
01-10 18:26:00.407   362   773 D msm8916_platform: platform_set_snd_device_backend: backend_tag_table[quad-mic]: old = null new = (null)
01-10 18:26:00.407   362   773 D msm8916_platform: platform_set_snd_device_backend: hw_interface_table[129] = TERT_MI2S_TX
01-10 18:26:00.407   362   773 D msm8916_platform: platform_set_snd_device_backend: backend_tag_table[three-mic]: old = null new = (null)
01-10 18:26:00.407   362   773 D msm8916_platform: platform_set_snd_device_backend: hw_interface_table[130] = TERT_MI2S_TX
01-10 18:26:00.407   362   773 D msm8916_platform: platform_set_snd_device_backend: backend_tag_table[three-mic]: old = null new = (null)
01-10 18:26:00.407   362   773 D msm8916_platform: platform_set_snd_device_backend: hw_interface_table[132] = TERT_MI2S_TX
01-10 18:26:00.407   362   773 D msm8916_platform: platform_set_snd_device_backend: backend_tag_table[three-mic]: old = null new = (null)
01-10 18:26:00.407   362   773 D msm8916_platform: platform_set_snd_device_backend: hw_interface_table[136] = TERT_MI2S_TX
01-10 18:26:00.407   362   773 D msm8916_platform: platform_set_snd_device_backend: backend_tag_table[unprocessed-mic]: old = null new = (null)
01-10 18:26:00.407   362   773 D msm8916_platform: platform_set_snd_device_backend: hw_interface_table[137] = TERT_MI2S_TX
01-10 18:26:00.407   362   773 D msm8916_platform: platform_set_snd_device_backend: backend_tag_table[voice-rec-dmic-ef]: old = null new = (null)
01-10 18:26:00.407   362   773 D msm8916_platform: platform_set_snd_device_backend: hw_interface_table[138] = TERT_MI2S_TX
01-10 18:26:00.407   362   773 D msm8916_platform: platform_set_snd_device_backend: backend_tag_table[three-mic]: old = null new = (null)
01-10 18:26:00.407   362   773 D msm8916_platform: platform_set_snd_device_backend: hw_interface_table[139] = TERT_MI2S_TX
01-10 18:26:00.407   362   773 D msm8916_platform: platform_set_snd_device_backend: backend_tag_table[quad-mic]: old = null new = (null)
01-10 18:26:00.407   362   773 D msm8916_platform: platform_set_snd_device_backend: hw_interface_table[140] = TERT_MI2S_TX
01-10 18:26:00.407   362   773 D msm8916_platform: platform_set_snd_device_backend: backend_tag_table[headset-mic]: old = null new = (null)
01-10 18:26:00.407   362   773 D msm8916_platform: platform_set_snd_device_backend: hw_interface_table[141] = TERT_MI2S_TX
01-10 18:26:00.407   362   773 E msm8916_platform: find_index: Could not find index for name = SND_DEVICE_OUT_VOICE_SPEAKER_AND_VOICE_HEADPHONES
01-10 18:26:00.407   362   773 E platform_info: process_backend_name: Device SND_DEVICE_OUT_VOICE_SPEAKER_AND_VOICE_HEADPHONES not found, no ACDB ID set!
01-10 18:26:00.407   362   773 E msm8916_platform: find_index: Could not find index for name = SND_DEVICE_OUT_VOICE_SPEAKER_AND_VOICE_ANC_HEADSET
01-10 18:26:00.407   362   773 E platform_info: process_backend_name: Device SND_DEVICE_OUT_VOICE_SPEAKER_AND_VOICE_ANC_HEADSET not found, no ACDB ID set!
01-10 18:26:00.408   362   773 E msm8916_platform: platform_init: dlsym error undefined symbol: acdb_loader_init_v4 for acdb_loader_init_v4
01-10 18:26:00.408   362   773 E platform_info: param tag only supported with CONFIG_PARAMS section
01-10 18:26:00.408   362   773 I chatty  : uid=1041(audioserver) HwBinder:362_1 identical 1 line
01-10 18:26:00.408   362   773 E platform_info: param tag only supported with CONFIG_PARAMS section
01-10 18:26:00.409   362   773 E audio_hw_acdb: acdb_init_v2: dlsym error undefined symbol: acdb_loader_init_v4 for acdb_loader_init_v4
01-10 18:26:00.409   362   773 D ACDB-LOADER: ACDB -> already initialized, exit
01-10 18:26:00.409   362   773 D audio_hw_acdb: acdb_init_v2: ACDB Instance ID support after ACDB init:0
01-10 18:26:00.409   362   773 D msm8916_platform: ACDB initialized
01-10 18:26:00.409   362   773 D msm8916_platform: hw_util_open Opening device /dev/snd/hwC0D1000
01-10 18:26:00.410   362   773 D msm8916_platform: hw_util_open success
01-10 18:26:00.410   362   773 D ACDB-LOADER: ACDB -> ACDB_CMD_GET_ANC_SETTING
01-10 18:26:00.410   362   773 D         : Failed to fetch the lookup information of the device 0000001A 
01-10 18:26:00.410   362   773 E ACDB-LOADER: Error: ACDB ANC returned = -19
01-10 18:26:00.410   362   773 D ACDB-LOADER: ACDB -> ACDB_CMD_GET_ANC_SETTING
01-10 18:26:00.410   362   773 D         : Failed to fetch the lookup information of the device 0000001A 
01-10 18:26:00.410   362   773 E ACDB-LOADER: Error: ACDB ANC returned = -19
01-10 18:26:00.410   362   773 D ACDB-LOADER: ACDB -> ACDB_CMD_GET_ANC_SETTING
01-10 18:26:00.410   362   773 D         : Failed to fetch the lookup information of the device 0000001A 
01-10 18:26:00.410   362   773 E ACDB-LOADER: Error: ACDB ANC returned = -19
01-10 18:26:00.410   362   773 D ACDB-LOADER: ACDB -> ACDB_CMD_GET_ANC_SETTING
01-10 18:26:00.410   362   773 D         : Failed to fetch the lookup information of the device 0000001B 
01-10 18:26:00.410   362   773 E ACDB-LOADER: Error: ACDB ANC returned = -19
01-10 18:26:00.410   362   773 D ACDB-LOADER: ACDB -> ACDB_CMD_GET_ANC_SETTING
01-10 18:26:00.410   362   773 D         : Failed to fetch the lookup information of the device 0000001B 
01-10 18:26:00.410   362   773 E ACDB-LOADER: Error: ACDB ANC returned = -19
01-10 18:26:00.410   362   773 D ACDB-LOADER: ACDB -> ACDB_CMD_GET_ANC_SETTING
01-10 18:26:00.410   362   773 D         : Failed to fetch the lookup information of the device 0000001B 
01-10 18:26:00.410   362   773 E ACDB-LOADER: Error: ACDB ANC returned = -19
01-10 18:26:00.410   362   773 D ACDB-LOADER: ACDB -> ACDB_CMD_GET_ANC_SETTING
01-10 18:26:00.410   362   773 D         : Failed to fetch the lookup information of the device 0000001C 
01-10 18:26:00.410   362   773 E ACDB-LOADER: Error: ACDB ANC returned = -19
01-10 18:26:00.410   362   773 D ACDB-LOADER: ACDB -> ACDB_CMD_GET_ANC_SETTING
01-10 18:26:00.410   362   773 D         : Failed to fetch the lookup information of the device 0000001C 
01-10 18:26:00.410   362   773 E ACDB-LOADER: Error: ACDB ANC returned = -19
01-10 18:26:00.410   362   773 D ACDB-LOADER: ACDB -> ACDB_CMD_GET_ANC_SETTING
01-10 18:26:00.410   362   773 D         : Failed to fetch the lookup information of the device 0000001C 
01-10 18:26:00.410   362   773 E ACDB-LOADER: Error: ACDB ANC returned = -19
01-10 18:26:00.410   362   773 D ACDB-LOADER: ACDB -> ACDB_CMD_GET_ANC_SETTING
01-10 18:26:00.410   362   773 D         : Failed to fetch the lookup information of the device 0000001D 
01-10 18:26:00.410   362   773 E ACDB-LOADER: Error: ACDB ANC returned = -19
01-10 18:26:00.410   362   773 D ACDB-LOADER: ACDB -> ACDB_CMD_GET_ANC_SETTING
01-10 18:26:00.410   362   773 D         : Failed to fetch the lookup information of the device 0000001D 
01-10 18:26:00.410   362   773 E ACDB-LOADER: Error: ACDB ANC returned = -19
01-10 18:26:00.410   362   773 D ACDB-LOADER: ACDB -> ACDB_CMD_GET_ANC_SETTING
01-10 18:26:00.410   362   773 D         : Failed to fetch the lookup information of the device 0000001D 
01-10 18:26:00.410   362   773 E ACDB-LOADER: Error: ACDB ANC returned = -19
01-10 18:26:00.410   362   773 D ACDB-LOADER: ACDB -> ACDB_CMD_GET_ANC_SETTING
01-10 18:26:00.410   362   773 D         : Failed to fetch the lookup information of the device 0000001E 
01-10 18:26:00.410   362   773 E ACDB-LOADER: Error: ACDB ANC returned = -19
01-10 18:26:00.410   362   773 D ACDB-LOADER: ACDB -> ACDB_CMD_GET_ANC_SETTING
01-10 18:26:00.410   362   773 D         : Failed to fetch the lookup information of the device 0000001E 
01-10 18:26:00.410   362   773 E ACDB-LOADER: Error: ACDB ANC returned = -19
01-10 18:26:00.410   362   773 D ACDB-LOADER: ACDB -> ACDB_CMD_GET_ANC_SETTING
01-10 18:26:00.410   362   773 D         : Failed to fetch the lookup information of the device 0000001E 
01-10 18:26:00.410   362   773 E ACDB-LOADER: Error: ACDB ANC returned = -19
01-10 18:26:00.410   362   773 D ACDB-LOADER: ACDB -> ACDB_CMD_GET_ANC_SETTING
01-10 18:26:00.410   362   773 D         : Failed to fetch the lookup information of the device 0000001F 
01-10 18:26:00.410   362   773 E ACDB-LOADER: Error: ACDB ANC returned = -19
01-10 18:26:00.410   362   773 D ACDB-LOADER: ACDB -> ACDB_CMD_GET_ANC_SETTING
01-10 18:26:00.410   362   773 D         : Failed to fetch the lookup information of the device 0000001F 
01-10 18:26:00.410   362   773 E ACDB-LOADER: Error: ACDB ANC returned = -19
01-10 18:26:00.410   362   773 D ACDB-LOADER: ACDB -> ACDB_CMD_GET_ANC_SETTING
01-10 18:26:00.410   362   773 D         : Failed to fetch the lookup information of the device 0000001F 
01-10 18:26:00.410   362   773 E ACDB-LOADER: Error: ACDB ANC returned = -19
01-10 18:26:00.410   362   773 D ACDB-LOADER: ACDB -> ACDB_CMD_GET_ANC_SETTING
01-10 18:26:00.410   362   773 D         : Failed to fetch the lookup information of the device 00000067 
01-10 18:26:00.410   362   773 E ACDB-LOADER: Error: ACDB ANC returned = -19
01-10 18:26:00.410   362   773 D ACDB-LOADER: ACDB -> ACDB_CMD_GET_ANC_SETTING
01-10 18:26:00.410   362   773 D         : Failed to fetch the lookup information of the device 00000067 
01-10 18:26:00.410   362   773 E ACDB-LOADER: Error: ACDB ANC returned = -19
01-10 18:26:00.410   362   773 D ACDB-LOADER: ACDB -> ACDB_CMD_GET_ANC_SETTING
01-10 18:26:00.410   362   773 D         : Failed to fetch the lookup information of the device 00000067 
01-10 18:26:00.410   362   773 E ACDB-LOADER: Error: ACDB ANC returned = -19
01-10 18:26:00.410   362   773 D ACDB-LOADER: ACDB -> ACDB_CMD_GET_ANC_SETTING
01-10 18:26:00.410   362   773 D         : Failed to fetch the lookup information of the device 00000056 
01-10 18:26:00.410   362   773 E ACDB-LOADER: Error: ACDB ANC returned = -19
01-10 18:26:00.410   362   773 D ACDB-LOADER: ACDB -> ACDB_CMD_GET_ANC_SETTING
01-10 18:26:00.410   362   773 D         : Failed to fetch the lookup information of the device 00000056 
01-10 18:26:00.410   362   773 E ACDB-LOADER: Error: ACDB ANC returned = -19
01-10 18:26:00.410   362   773 D ACDB-LOADER: ACDB -> ACDB_CMD_GET_ANC_SETTING
01-10 18:26:00.410   362   773 D         : Failed to fetch the lookup information of the device 00000056 
01-10 18:26:00.410   362   773 E ACDB-LOADER: Error: ACDB ANC returned = -19
01-10 18:26:00.410   362   773 D ACDB-LOADER: ACDB -> ACDB_CMD_GET_ANC_SETTING
01-10 18:26:00.410   362   773 D         : Failed to fetch the lookup information of the device 00000059 
01-10 18:26:00.410   362   773 E ACDB-LOADER: Error: ACDB ANC returned = -19
01-10 18:26:00.410   362   773 D ACDB-LOADER: ACDB -> ACDB_CMD_GET_ANC_SETTING
01-10 18:26:00.410   362   773 D         : Failed to fetch the lookup information of the device 00000059 
01-10 18:26:00.410   362   773 E ACDB-LOADER: Error: ACDB ANC returned = -19
01-10 18:26:00.411   362   773 D ACDB-LOADER: ACDB -> ACDB_CMD_GET_ANC_SETTING
01-10 18:26:00.411   362   773 D         : Failed to fetch the lookup information of the device 00000059 
01-10 18:26:00.411   362   773 E ACDB-LOADER: Error: ACDB ANC returned = -19
01-10 18:26:00.411   362   773 E msm8916_platform: Failed to call ioctl  for anc_cal err=14 calib.size=16
01-10 18:26:00.411   362   773 D msm8916_platform: send_codec_cal cal sent for anc_cal calib.size=16
01-10 18:26:00.411   362   773 D ACDB-LOADER: send mbhc data
01-10 18:26:00.411   362   773 D ACDB-LOADER: ACDB -> MBHC ACDB_PID_GENERAL_CONFIG
01-10 18:26:00.411   362   773 D ACDB-LOADER: ACDB -> MBHC ACDB_PID_PLUG_REMOVAL_DETECTION
01-10 18:26:00.411   362   773 D ACDB-LOADER: ACDB -> MBHC ACDB_PID_PLUG_TYPE_DETECTION
01-10 18:26:00.411   362   773 D ACDB-LOADER: ACDB -> MBHC ACDB_PID_BUTTON_PRESS_DETECTION
01-10 18:26:00.411   362   773 D ACDB-LOADER: ACDB -> MBHC ACDB_PID_IMPEDANCE_DETECTION
01-10 18:26:00.411   362   773 D msm8916_platform: send_codec_cal cal sent for mbhc_cal calib.size=154
01-10 18:26:00.411   362   773 D ACDB-LOADER: send vbat data
01-10 18:26:00.411   362   773 D ACDB-LOADER: ACDB -> VBAT ACDB_PID_ADC_CAL
01-10 18:26:00.411   362   773 D ACDB-LOADER: ACDB -> VBAT ACDB_PID_GAIN_PROC
01-10 18:26:00.411   362   773 D ACDB-LOADER: send vbat data, calling convert_vbat_data
01-10 18:26:00.411   362   773 D ACDB-LOADER: copied vbat cal size =72
01-10 18:26:00.411   362   773 E msm8916_platform: Failed to call ioctl  for vbat_cal err=14 calib.size=72
01-10 18:26:00.411   362   773 D msm8916_platform: send_codec_cal cal sent for vbat_cal calib.size=72
01-10 18:26:00.411   362   773 E msm8916_platform: Failed to call ioctl  for  err=14 calib.size=72
01-10 18:26:00.411   362   773 D msm8916_platform: send_codec_cal cal sent for  calib.size=72
01-10 18:26:00.411   362   773 E msm8916_platform: Failed to call ioctl  for  err=14 calib.size=72
01-10 18:26:00.411   362   773 D msm8916_platform: send_codec_cal cal sent for  calib.size=72
01-10 18:26:00.412   362   773 E msm8916_platform: init_be_dai_name_table: Could not get ctl for mixer name Backend DAI Name Table
01-10 18:26:00.412   362   773 D msm8916_platform: platform_init: Fluence_Type(1) max_mic_count(2) mic_type(0x3) fluence_in_voice_call(1) fluence_in_voice_rec(1) fluence_in_spkr_mode(1) fluence_in_hfp_call(0) 
01-10 18:26:00.412   362   773 D audio_hw_spkr_prot: audio_extn_spkr_prot_init: Initialize speaker protection module
01-10 18:26:00.412   362   773 D audio_hw_spkr_prot: audio_extn_spkr_prot_init: Speaker protection disabled
01-10 18:26:00.417   356   356 I Zygote  : System server process 856 has been created
01-10 18:26:00.418   362   773 D msm8916_platform: platform_get_mixer_control: mixer ctl not obtained
01-10 18:26:00.418   362   773 D msm8916_platform: platform_get_mixer_control: mixer ctl not obtained
01-10 18:26:00.418   856   856 I Zygote  : seccomp disabled by setenforce 0
01-10 18:26:00.418   362   773 D msm8916_platform: platform_get_mixer_control: mixer ctl not obtained
01-10 18:26:00.423   362   773 I chatty  : uid=1041(audioserver) HwBinder:362_1 identical 14 lines
01-10 18:26:00.423   362   773 D msm8916_platform: platform_get_mixer_control: mixer ctl not obtained
01-10 18:26:00.423   356   356 I Zygote  : Accepting command socket connections
01-10 18:26:00.426   362   773 E DAP_HAL : dap_hal_set_hw_info: dmid=0
01-10 18:26:00.426   362   773 E DAP_HAL :  key 00x
01-10 18:26:00.432   362   773 D audio_hw_dolby: audio_extn_ds2_enable:ds2_enabled 1
01-10 18:26:00.433   362   773 D audio_hw_utils: audio_extn_utils_update_streams_cfg_lists: failed to open io config file(/vendor/etc/audio_io_policy.conf), trying older config file
01-10 18:26:00.434   362   773 I audio_hw_utils: load_cfg_list: could not load input, node is NULL
01-10 18:26:00.435   362   773 I soundtrigger: audio_extn_sound_trigger_init: Enter
01-10 18:26:00.435   362   773 I soundtrigger: audio_extn_sound_trigger_init: DLOPEN successful for /vendor/lib/hw/sound_trigger.primary.msm8937.so
01-10 18:26:00.436   362   773 W soundtrigger: audio_extn_sound_trigger_init: sthal_prop_api_version not found. undefined symbol: sthal_prop_api_version
01-10 18:26:00.436   362   362 W DeviceHAL: Error from HAL Device in function get_master_volume: Function not implemented
01-10 18:26:00.436   362   362 W DeviceHAL: Error from HAL Device in function get_master_mute: Function not implemented
01-10 18:26:00.436   362   362 W DeviceHAL: Error from HAL Device in function set_master_volume: Function not implemented
01-10 18:26:00.437   362   362 W DeviceHAL: Error from HAL Device in function set_master_mute: Function not implemented
01-10 18:26:00.437   391   391 I AudioFlinger: loadHwModule() Loaded primary audio interface, handle 10
01-10 18:26:00.437   391   391 I AudioFlinger: openOutput() this 0xe9f3c000, module 10 Device 0x2, SamplingRate 48000, Format 0x000001, Channels 0x3, flags 0x6
01-10 18:26:00.437   362   362 D audio_hw_primary: adev_open_output_stream: enter: format(0x1) sample_rate(48000) channel_mask(0x3) devices(0x2) flags(0x6)        stream_handle(0xf075b000)
01-10 18:26:00.437   362   362 I audio_hw_primary: adev_open_output_stream: dynamic qos voting not enabled for platform
01-10 18:26:00.437   362   362 D audio_hw_primary: adev_open_output_stream: Stream (0xf075b000) picks up usecase (low-latency-playback)
01-10 18:26:00.438   391   391 I AudioFlinger: HAL output buffer size 192 frames, normal sink buffer size 960 frames
01-10 18:26:00.439   856   856 I Zygote  : Process: zygote socket RESERVED/zygote_secondary opened, supported ABIS: armeabi-v7a,armeabi
01-10 18:26:00.439   337   337 W hwservicemanager: getTransport: Cannot find entry android.hardware.audio.effect@4.0::IEffectsFactory/default in either framework or device manifest.
