01-13 20:45:39.450   369   369 I android.hardware.graphics.composer@2.1-service: Registration complete for android.hardware.graphics.composer@2.1::IComposer/default.
01-13 20:45:39.454   449   449 D /vendor/bin/adsprpcd: vendor/qcom/proprietary/adsprpc/src/fastrpc_apps_user.c:1124: Error 57: apps_dev_init failed. domain 0, errno Operation not permitted
01-13 20:45:39.454   449   449 D /vendor/bin/adsprpcd: vendor/qcom/proprietary/adsprpc/src/fastrpc_apps_user.c:1207: Error 57: open dev -1 for domain 0 failed
01-13 20:45:39.455   449   449 D /vendor/bin/adsprpcd: vendor/qcom/proprietary/adsprpc/src/fastrpc_apps_user.c:1124: Error 57: apps_dev_init failed. domain 0, errno Operation not permitted
01-13 20:45:39.455   449   449 D /vendor/bin/adsprpcd: vendor/qcom/proprietary/adsprpc/src/fastrpc_apps_user.c:1207: Error 57: open dev -1 for domain 0 failed
01-13 20:45:39.455   449   449 D /vendor/bin/adsprpcd: vendor/qcom/proprietary/adsprpc/src/fastrpc_apps_user.c:651: Error 3b: remote handle invoke failed. domain 0, handle ffffffff, sc 0, pra 0x0
01-13 20:45:39.457   449   449 E /vendor/bin/adsprpcd: vendor/qcom/proprietary/adsprpc/src/adsprpcd.c:43:adsp daemon will restart after 25ms...
01-13 20:45:39.477   360   360 I audiohalservice: Registration complete for android.hardware.audio.effect@2.0::IEffectsFactory/default.
01-13 20:45:39.479   332   332 W hwservicemanager: getTransport: Cannot find entry android.hardware.soundtrigger@2.1::ISoundTriggerHw/default in either framework or device manifest.
01-13 20:45:39.481   360   360 E audiohalservice: Could not get passthrough implementation for android.hardware.soundtrigger@2.1::ISoundTriggerHw/default.
01-13 20:45:39.484   449   449 D /vendor/bin/adsprpcd: vendor/qcom/proprietary/adsprpc/src/fastrpc_apps_user.c:1124: Error 57: apps_dev_init failed. domain 0, errno Operation not permitted
01-13 20:45:39.484   449   449 D /vendor/bin/adsprpcd: vendor/qcom/proprietary/adsprpc/src/fastrpc_apps_user.c:1207: Error 57: open dev -1 for domain 0 failed
01-13 20:45:39.484   449   449 D /vendor/bin/adsprpcd: vendor/qcom/proprietary/adsprpc/src/fastrpc_apps_user.c:1124: Error 57: apps_dev_init failed. domain 0, errno Operation not permitted
01-13 20:45:39.484   449   449 D /vendor/bin/adsprpcd: vendor/qcom/proprietary/adsprpc/src/fastrpc_apps_user.c:1207: Error 57: open dev -1 for domain 0 failed
01-13 20:45:39.484   449   449 D /vendor/bin/adsprpcd: vendor/qcom/proprietary/adsprpc/src/fastrpc_apps_user.c:651: Error 3b: remote handle invoke failed. domain 0, handle ffffffff, sc 0, pra 0x0
01-13 20:45:39.484   449   449 E /vendor/bin/adsprpcd: vendor/qcom/proprietary/adsprpc/src/adsprpcd.c:43:adsp daemon will restart after 25ms...
01-13 20:45:39.485   360   360 D vndksupport: Loading /vendor/lib/hw/android.hardware.soundtrigger@2.0-impl.so from current namespace instead of sphal namespace.
01-13 20:45:39.495   360   360 D vndksupport: Loading /vendor/lib/hw/sound_trigger.primary.msm8937.so from current namespace instead of sphal namespace.
01-13 20:45:39.500   360   360 D sound_trigger_hw: stdev_open: Enter
01-13 20:45:39.506   360   360 I sound_trigger_platform: platform_stdev_init: Enter
01-13 20:45:39.511   449   449 D /vendor/bin/adsprpcd: vendor/qcom/proprietary/adsprpc/src/fastrpc_apps_user.c:1124: Error 57: apps_dev_init failed. domain 0, errno Operation not permitted
01-13 20:45:39.511   449   449 D /vendor/bin/adsprpcd: vendor/qcom/proprietary/adsprpc/src/fastrpc_apps_user.c:1207: Error 57: open dev -1 for domain 0 failed
01-13 20:45:39.511   449   449 D /vendor/bin/adsprpcd: vendor/qcom/proprietary/adsprpc/src/fastrpc_apps_user.c:1124: Error 57: apps_dev_init failed. domain 0, errno Operation not permitted
01-13 20:45:39.511   449   449 D /vendor/bin/adsprpcd: vendor/qcom/proprietary/adsprpc/src/fastrpc_apps_user.c:1207: Error 57: open dev -1 for domain 0 failed
01-13 20:45:39.511   449   449 D /vendor/bin/adsprpcd: vendor/qcom/proprietary/adsprpc/src/fastrpc_apps_user.c:651: Error 3b: remote handle invoke failed. domain 0, handle ffffffff, sc 0, pra 0x0
01-13 20:45:39.511   449   449 E /vendor/bin/adsprpcd: vendor/qcom/proprietary/adsprpc/src/adsprpcd.c:43:adsp daemon will restart after 25ms...
01-13 20:45:39.538   449   449 D /vendor/bin/adsprpcd: vendor/qcom/proprietary/adsprpc/src/fastrpc_apps_user.c:1124: Error 57: apps_dev_init failed. domain 0, errno Operation not permitted
01-13 20:45:39.538   449   449 D /vendor/bin/adsprpcd: vendor/qcom/proprietary/adsprpc/src/fastrpc_apps_user.c:1207: Error 57: open dev -1 for domain 0 failed
01-13 20:45:39.538   449   449 D /vendor/bin/adsprpcd: vendor/qcom/proprietary/adsprpc/src/fastrpc_apps_user.c:1124: Error 57: apps_dev_init failed. domain 0, errno Operation not permitted
01-13 20:45:39.538   449   449 D /vendor/bin/adsprpcd: vendor/qcom/proprietary/adsprpc/src/fastrpc_apps_user.c:1207: Error 57: open dev -1 for domain 0 failed
01-13 20:45:39.538   449   449 D /vendor/bin/adsprpcd: vendor/qcom/proprietary/adsprpc/src/fastrpc_apps_user.c:651: Error 3b: remote handle invoke failed. domain 0, handle ffffffff, sc 0, pra 0x0
01-13 20:45:39.539   449   449 E /vendor/bin/adsprpcd: vendor/qcom/proprietary/adsprpc/src/adsprpcd.c:43:adsp daemon will restart after 25ms...
01-13 20:45:39.552   351   351 I Netd    : Initializing RouteController: 243.8ms
01-13 20:45:39.552   351   351 D XfrmController: Sending Netlink XFRM Message: XFRM_MSG_FLUSHSA
01-13 20:45:39.552   351   351 D XfrmController: Sending Netlink XFRM Message: XFRM_MSG_FLUSHPOLICY
01-13 20:45:39.566   449   449 D /vendor/bin/adsprpcd: vendor/qcom/proprietary/adsprpc/src/fastrpc_apps_user.c:1124: Error 57: apps_dev_init failed. domain 0, errno Operation not permitted
01-13 20:45:39.566   449   449 D /vendor/bin/adsprpcd: vendor/qcom/proprietary/adsprpc/src/fastrpc_apps_user.c:1207: Error 57: open dev -1 for domain 0 failed
01-13 20:45:39.566   449   449 D /vendor/bin/adsprpcd: vendor/qcom/proprietary/adsprpc/src/fastrpc_apps_user.c:1124: Error 57: apps_dev_init failed. domain 0, errno Operation not permitted
01-13 20:45:39.566   449   449 D /vendor/bin/adsprpcd: vendor/qcom/proprietary/adsprpc/src/fastrpc_apps_user.c:1207: Error 57: open dev -1 for domain 0 failed
01-13 20:45:39.566   449   449 D /vendor/bin/adsprpcd: vendor/qcom/proprietary/adsprpc/src/fastrpc_apps_user.c:651: Error 3b: remote handle invoke failed. domain 0, handle ffffffff, sc 0, pra 0x0
01-13 20:45:39.566   449   449 E /vendor/bin/adsprpcd: vendor/qcom/proprietary/adsprpc/src/adsprpcd.c:43:adsp daemon will restart after 25ms...
01-13 20:45:39.568   461   461 I lineage : Welcome to Android 9 / LineageOS-16.0-20190620-UNOFFICIAL-rolex
01-13 20:45:39.593   449   449 D /vendor/bin/adsprpcd: vendor/qcom/proprietary/adsprpc/src/fastrpc_apps_user.c:1124: Error 57: apps_dev_init failed. domain 0, errno Operation not permitted
01-13 20:45:39.593   449   449 D /vendor/bin/adsprpcd: vendor/qcom/proprietary/adsprpc/src/fastrpc_apps_user.c:1207: Error 57: open dev -1 for domain 0 failed
01-13 20:45:39.593   449   449 D /vendor/bin/adsprpcd: vendor/qcom/proprietary/adsprpc/src/fastrpc_apps_user.c:1124: Error 57: apps_dev_init failed. domain 0, errno Operation not permitted
01-13 20:45:39.593   449   449 D /vendor/bin/adsprpcd: vendor/qcom/proprietary/adsprpc/src/fastrpc_apps_user.c:1207: Error 57: open dev -1 for domain 0 failed
01-13 20:45:39.593   449   449 D /vendor/bin/adsprpcd: vendor/qcom/proprietary/adsprpc/src/fastrpc_apps_user.c:651: Error 3b: remote handle invoke failed. domain 0, handle ffffffff, sc 0, pra 0x0
01-13 20:45:39.593   449   449 E /vendor/bin/adsprpcd: vendor/qcom/proprietary/adsprpc/src/adsprpcd.c:43:adsp daemon will restart after 25ms...
01-13 20:45:39.598   352   352 D AndroidRuntime: >>>>>> START com.android.internal.os.ZygoteInit uid 0 <<<<<<
01-13 20:45:39.606   465   465 I sysinit : Running /system/etc/init.d/90userinit
01-13 20:45:39.620   449   449 D /vendor/bin/adsprpcd: vendor/qcom/proprietary/adsprpc/src/fastrpc_apps_user.c:1124: Error 57: apps_dev_init failed. domain 0, errno Operation not permitted
01-13 20:45:39.620   449   449 D /vendor/bin/adsprpcd: vendor/qcom/proprietary/adsprpc/src/fastrpc_apps_user.c:1207: Error 57: open dev -1 for domain 0 failed
01-13 20:45:39.620   449   449 D /vendor/bin/adsprpcd: vendor/qcom/proprietary/adsprpc/src/fastrpc_apps_user.c:1124: Error 57: apps_dev_init failed. domain 0, errno Operation not permitted
01-13 20:45:39.620   449   449 D /vendor/bin/adsprpcd: vendor/qcom/proprietary/adsprpc/src/fastrpc_apps_user.c:1207: Error 57: open dev -1 for domain 0 failed
01-13 20:45:39.620   449   449 D /vendor/bin/adsprpcd: vendor/qcom/proprietary/adsprpc/src/fastrpc_apps_user.c:651: Error 3b: remote handle invoke failed. domain 0, handle ffffffff, sc 0, pra 0x0
01-13 20:45:39.621   449   449 E /vendor/bin/adsprpcd: vendor/qcom/proprietary/adsprpc/src/adsprpcd.c:43:adsp daemon will restart after 25ms...
01-13 20:45:39.630   394   394 I ConfigStore: android::hardware::configstore::V1_0::ISurfaceFlingerConfigs::startGraphicsAllocatorService retrieved: 0
01-13 20:45:39.631   394   394 I SurfaceFlinger: Using HWComposer service: 'default'
01-13 20:45:39.631   394   394 I SurfaceFlinger: SurfaceFlinger is starting
01-13 20:45:39.633   394   394 I ConfigStore: android::hardware::configstore::V1_0::ISurfaceFlingerConfigs::vsyncEventPhaseOffsetNs retrieved: 1000000 (default)
01-13 20:45:39.633   394   394 I ConfigStore: android::hardware::configstore::V1_0::ISurfaceFlingerConfigs::vsyncSfEventPhaseOffsetNs retrieved: 1000000 (default)
01-13 20:45:39.634   394   394 I ConfigStore: android::hardware::configstore::V1_0::ISurfaceFlingerConfigs::hasSyncFramework retrieved: 1
01-13 20:45:39.634   394   394 I ConfigStore: android::hardware::configstore::V1_0::ISurfaceFlingerConfigs::presentTimeOffsetFromVSyncNs retrieved: 0
01-13 20:45:39.634   394   394 I ConfigStore: android::hardware::configstore::V1_0::ISurfaceFlingerConfigs::useHwcForRGBtoYUV retrieved: 0
01-13 20:45:39.634   394   394 I ConfigStore: android::hardware::configstore::V1_0::ISurfaceFlingerConfigs::maxVirtualDisplaySize retrieved: 0 (default)
01-13 20:45:39.634   394   394 I ConfigStore: android::hardware::configstore::V1_0::ISurfaceFlingerConfigs::useVrFlinger retrieved: 0 (default)
01-13 20:45:39.634   394   394 I ConfigStore: android::hardware::configstore::V1_0::ISurfaceFlingerConfigs::maxFrameBufferAcquiredBuffers retrieved: 2 (default)
01-13 20:45:39.635   394   394 I ConfigStore: android::hardware::configstore::V1_0::ISurfaceFlingerConfigs::hasWideColorDisplay retrieved: 0
01-13 20:45:39.637   394   394 I ConfigStore: android::hardware::configstore::V1_1::ISurfaceFlingerConfigs::primaryDisplayOrientation retrieved: ORIENTATION_0 (default)
01-13 20:45:39.637   394   394 I SurfaceFlinger: Enabling HWC virtual displays
01-13 20:45:39.637   394   394 I SurfaceFlinger: Disabling Triple Buffering
01-13 20:45:39.637   394   394 I SurfaceFlinger: Treble testing override: 'false'
01-13 20:45:39.637   394   394 I SurfaceFlinger: SurfaceFlinger's main thread ready to run. Initializing graphics H/W...
01-13 20:45:39.637   394   394 I SurfaceFlinger: Phase offest NS: 1000000
01-13 20:45:39.637   352   352 I zygote64: option[0]=-Xzygote
01-13 20:45:39.637   352   352 I zygote64: option[1]=-Xusetombstonedtraces
01-13 20:45:39.637   352   352 I zygote64: option[2]=exit
01-13 20:45:39.637   352   352 I zygote64: option[3]=vfprintf
01-13 20:45:39.638   352   352 I zygote64: option[4]=sensitiveThread
01-13 20:45:39.638   352   352 I zygote64: option[5]=-verbose:gc
01-13 20:45:39.638   352   352 I zygote64: option[6]=-Xms16m
01-13 20:45:39.638   352   352 I zygote64: option[7]=-Xmx512m
01-13 20:45:39.866   449   449 W adsprpcd: type=1400 audit(0.0:395): avc: granted { read } for name="ion" dev="tmpfs" ino=11684 scontext=u:r:init:s0 tcontext=u:object_r:ion_device:s0 tclass=chr_file
01-13 20:45:39.866   449   449 W adsprpcd: type=1400 audit(0.0:396): avc: granted { read open } for path="/dev/ion" dev="tmpfs" ino=11684 scontext=u:r:init:s0 tcontext=u:object_r:ion_device:s0 tclass=chr_file
01-13 20:45:39.638   352   352 I zygote64: option[8]=-XX:HeapGrowthLimit=192m
01-13 20:45:39.638   352   352 I zygote64: option[9]=-XX:HeapMinFree=2m
01-13 20:45:39.638   352   352 I zygote64: option[10]=-XX:HeapMaxFree=8m
01-13 20:45:39.638   352   352 I zygote64: option[11]=-XX:HeapTargetUtilization=0.75
01-13 20:45:39.638   352   352 I zygote64: option[12]=-Xusejit:true
01-13 20:45:39.638   352   352 I zygote64: option[13]=-Xjitsaveprofilinginfo
01-13 20:45:39.638   352   352 I zygote64: option[14]=-XjdwpOptions:suspend=n,server=y
01-13 20:45:39.638   352   352 I zygote64: option[15]=-XjdwpProvider:default
01-13 20:45:39.638   352   352 I zygote64: option[16]=-Xlockprofthreshold:500
01-13 20:45:39.638   352   352 I zygote64: option[17]=-Ximage-compiler-option
01-13 20:45:39.638   352   352 I zygote64: option[18]=--runtime-arg
01-13 20:45:39.638   352   352 I zygote64: option[19]=-Ximage-compiler-option
01-13 20:45:39.638   352   352 I zygote64: option[20]=-Xms64m
01-13 20:45:39.638   352   352 I zygote64: option[21]=-Ximage-compiler-option
01-13 20:45:39.638   352   352 I zygote64: option[22]=--runtime-arg
01-13 20:45:39.638   352   352 I zygote64: option[23]=-Ximage-compiler-option
01-13 20:45:39.638   352   352 I zygote64: option[24]=-Xmx64m
01-13 20:45:39.638   352   352 I zygote64: option[25]=-Ximage-compiler-option
01-13 20:45:39.638   352   352 I zygote64: option[26]=--profile-file=/system/etc/boot-image.prof
01-13 20:45:39.638   352   352 I zygote64: option[27]=-Ximage-compiler-option
01-13 20:45:39.638   352   352 I zygote64: option[28]=--compiler-filter=speed-profile
01-13 20:45:39.638   352   352 I zygote64: option[29]=-Xcompiler-option
01-13 20:45:39.638   352   352 I zygote64: option[30]=--runtime-arg
01-13 20:45:39.638   352   352 I zygote64: option[31]=-Xcompiler-option
01-13 20:45:39.638   352   352 I zygote64: option[32]=-Xms64m
01-13 20:45:39.639   352   352 I zygote64: option[33]=-Xcompiler-option
01-13 20:45:39.639   352   352 I zygote64: option[34]=--runtime-arg
01-13 20:45:39.639   352   352 I zygote64: option[35]=-Xcompiler-option
01-13 20:45:39.639   352   352 I zygote64: option[36]=-Xmx512m
01-13 20:45:39.639   352   352 I zygote64: option[37]=-Ximage-compiler-option
01-13 20:45:39.639   352   352 I zygote64: option[38]=--instruction-set-variant=cortex-a53
01-13 20:45:39.639   352   352 I zygote64: option[39]=-Xcompiler-option
01-13 20:45:39.639   352   352 I zygote64: option[40]=--instruction-set-variant=cortex-a53
01-13 20:45:39.639   352   352 I zygote64: option[41]=-Ximage-compiler-option
01-13 20:45:39.639   352   352 I zygote64: option[42]=--instruction-set-features=default
01-13 20:45:39.639   352   352 I zygote64: option[43]=-Xcompiler-option
01-13 20:45:39.639   352   352 I zygote64: option[44]=--instruction-set-features=default
01-13 20:45:39.639   352   352 I zygote64: option[45]=-Duser.locale=id-ID
01-13 20:45:39.639   352   352 I zygote64: option[46]=--cpu-abilist=arm64-v8a
01-13 20:45:39.639   352   352 I zygote64: option[47]=-Xfingerprint:Xiaomi/rolex/rolex:7.1.2/N2G47H/V9.2.6.0.NCCMIEK:user/release-keys
01-13 20:45:39.639   394   394 D vndksupport: Loading /vendor/lib64/egl/libEGL_adreno.so from current namespace instead of sphal namespace.
01-13 20:45:39.644   394   394 D libEGL  : loaded /vendor/lib64/egl/libEGL_adreno.so
01-13 20:45:39.645   351   351 I Netd    : Initializing XfrmController: 93.2ms
01-13 20:45:39.646   351   351 E Netd    : Unable to create netlink socket: Protocol not supported
01-13 20:45:39.646   351   351 W Netd    : Unable to open qlog quota socket, check if xt_quota2 can send via UeventHandler
01-13 20:45:39.647   440   440 D QC-time-services: Daemon:genoff_pre_init::Base = 0
01-13 20:45:39.647   440   440 D QC-time-services: Daemon:ats_rtc_init: Time read from RTC -- year = 70, month = 0,day = 13
01-13 20:45:39.647   449   449 D /vendor/bin/adsprpcd: vendor/qcom/proprietary/adsprpc/src/fastrpc_apps_user.c:1124: Error 57: apps_dev_init failed. domain 0, errno Operation not permitted
01-13 20:45:39.647   449   449 D /vendor/bin/adsprpcd: vendor/qcom/proprietary/adsprpc/src/fastrpc_apps_user.c:1207: Error 57: open dev -1 for domain 0 failed
01-13 20:45:39.647   449   449 D /vendor/bin/adsprpcd: vendor/qcom/proprietary/adsprpc/src/fastrpc_apps_user.c:1124: Error 57: apps_dev_init failed. domain 0, errno Operation not permitted
01-13 20:45:39.647   449   449 D /vendor/bin/adsprpcd: vendor/qcom/proprietary/adsprpc/src/fastrpc_apps_user.c:1207: Error 57: open dev -1 for domain 0 failed
01-13 20:45:39.648   449   449 D /vendor/bin/adsprpcd: vendor/qcom/proprietary/adsprpc/src/fastrpc_apps_user.c:651: Error 3b: remote handle invoke failed. domain 0, handle ffffffff, sc 0, pra 0x0
01-13 20:45:39.648   449   449 E /vendor/bin/adsprpcd: vendor/qcom/proprietary/adsprpc/src/adsprpcd.c:43:adsp daemon will restart after 25ms...
01-13 20:45:39.654   351   351 D MDnsDS  : MDnsSdListener::Hander starting up
01-13 20:45:39.655   351   485 D MDnsDS  : MDnsSdListener starting to monitor
01-13 20:45:39.655   351   485 D MDnsDS  : Going to poll with pollCount 1
01-13 20:45:39.656   440   440 D QC-time-services: Daemon ats_rtc_init: seconds = 1086339
01-13 20:45:39.656   440   440 D QC-time-services: Daemon:Value read from RTC seconds = 1086339000
01-13 20:45:39.656   440   440 D QC-time-services: Daemon:genoff_init_config: ATS_RTC initialized with rc: 0
01-13 20:45:39.656   440   440 D QC-time-services: Daemon:genoff_pre_init::Base = 1
01-13 20:45:39.656   440   440 D QC-time-services: Daemon: Storage Name: ats_1 
01-13 20:45:39.656   440   440 D QC-time-services: Daemon:Opening File: /persist/time/ats_1 /data/time/ats_1
01-13 20:45:39.656   440   440 D QC-time-services: Daemon:time_persistent_memory_opr:Genoff Read operation 
01-13 20:45:39.658   440   440 D QC-time-services: Daemon:Open File: /data/time/ats_1
01-13 20:45:39.658   440   440 D QC-time-services: Daemon:Unable to open filefor read
01-13 20:45:39.658   440   440 D QC-time-services: Daemon:genoff_post_init:Error in accessing storage
01-13 20:45:39.658   440   440 D QC-time-services: Daemon:genoff_pre_init::Base = 2
01-13 20:45:39.658   440   440 D QC-time-services: Daemon: Storage Name: ats_2 
01-13 20:45:39.658   440   440 D QC-time-services: Daemon:Opening File: /persist/time/ats_2 /data/time/ats_2
01-13 20:45:39.658   440   440 D QC-time-services: Daemon:time_persistent_memory_opr:Genoff Read operation 
01-13 20:45:39.659   440   440 D QC-time-services: Daemon:Open File: /data/time/ats_2
01-13 20:45:39.659   440   440 D QC-time-services: Daemon:Unable to open filefor read
01-13 20:45:39.659   440   440 D QC-time-services: Daemon:genoff_post_init:Error in accessing storage
01-13 20:45:39.659   440   440 D QC-time-services: Daemon:genoff_pre_init::Base = 3
01-13 20:45:39.659   440   440 D QC-time-services: Daemon: Storage Name: ats_3 
01-13 20:45:39.659   440   440 D QC-time-services: Daemon:Opening File: /persist/time/ats_3 /data/time/ats_3
01-13 20:45:39.659   440   440 D QC-time-services: Daemon:time_persistent_memory_opr:Genoff Read operation 
01-13 20:45:39.659   440   440 D QC-time-services: Daemon:Open File: /data/time/ats_3
01-13 20:45:39.659   440   440 D QC-time-services: Daemon:Unable to open filefor read
01-13 20:45:39.659   440   440 D QC-time-services: Daemon:genoff_post_init:Error in accessing storage
01-13 20:45:39.659   440   440 D QC-time-services: Daemon:genoff_pre_init::Base = 4
01-13 20:45:39.659   440   440 D QC-time-services: Daemon: Storage Name: ats_4 
01-13 20:45:39.659   440   440 D QC-time-services: Daemon:Opening File: /persist/time/ats_4 /data/time/ats_4
01-13 20:45:39.659   440   440 D QC-time-services: Daemon:time_persistent_memory_opr:Genoff Read operation 
01-13 20:45:39.659   440   440 D QC-time-services: Daemon:Open File: /data/time/ats_4
01-13 20:45:39.659   440   440 D QC-time-services: Daemon:Unable to open filefor read
01-13 20:45:39.659   440   440 D QC-time-services: Daemon:genoff_post_init:Error in accessing storage
01-13 20:45:39.659   440   440 D QC-time-services: Daemon:genoff_pre_init::Base = 5
01-13 20:45:39.659   440   440 D QC-time-services: Daemon: Storage Name: ats_5 
01-13 20:45:39.659   440   440 D QC-time-services: Daemon:Opening File: /persist/time/ats_5 /data/time/ats_5
01-13 20:45:39.659   440   440 D QC-time-services: Daemon:time_persistent_memory_opr:Genoff Read operation 
01-13 20:45:39.659   440   440 D QC-time-services: Daemon:Open File: /data/time/ats_5
01-13 20:45:39.659   440   440 D QC-time-services: Daemon:Unable to open filefor read
01-13 20:45:39.659   440   440 D QC-time-services: Daemon:genoff_post_init:Error in accessing storage
01-13 20:45:39.659   440   440 D QC-time-services: Daemon:genoff_pre_init::Base = 6
01-13 20:45:39.659   440   440 D QC-time-services: Daemon: Storage Name: ats_6 
01-13 20:45:39.659   440   440 D QC-time-services: Daemon:Opening File: /persist/time/ats_6 /data/time/ats_6
01-13 20:45:39.659   440   440 D QC-time-services: Daemon:time_persistent_memory_opr:Genoff Read operation 
01-13 20:45:39.659   351   351 I Netd    : Registering NetdNativeService: 4.7ms
01-13 20:45:39.659   351   351 I Netd    : Starting CommandListener: 0.1ms
01-13 20:45:39.659   440   440 D QC-time-services: Daemon:Open File: /data/time/ats_6
01-13 20:45:39.661   440   440 D QC-time-services: Daemon:Unable to open filefor read
01-13 20:45:39.661   440   440 D QC-time-services: Daemon:genoff_post_init:Error in accessing storage
01-13 20:45:39.661   440   440 D QC-time-services: Daemon:genoff_pre_init::Base = 7
01-13 20:45:39.662   440   440 D QC-time-services: Daemon: Storage Name: ats_7 
01-13 20:45:39.662   440   440 D QC-time-services: Daemon:Opening File: /persist/time/ats_7 /data/time/ats_7
01-13 20:45:39.662   440   440 D QC-time-services: Daemon:time_persistent_memory_opr:Genoff Read operation 
01-13 20:45:39.662   440   440 D QC-time-services: Daemon:Open File: /data/time/ats_7
01-13 20:45:39.662   440   440 D QC-time-services: Daemon:Unable to open filefor read
01-13 20:45:39.662   440   440 D QC-time-services: Daemon:genoff_post_init:Error in accessing storage
01-13 20:45:39.662   440   440 D QC-time-services: Daemon:genoff_pre_init::Base = 8
01-13 20:45:39.662   440   440 D QC-time-services: Daemon: Storage Name: ats_8 
01-13 20:45:39.662   440   440 D QC-time-services: Daemon:Opening File: /persist/time/ats_8 /data/time/ats_8
01-13 20:45:39.662   440   440 D QC-time-services: Daemon:time_persistent_memory_opr:Genoff Read operation 
01-13 20:45:39.662   440   440 D QC-time-services: Daemon:Open File: /data/time/ats_8
01-13 20:45:39.662   440   440 D QC-time-services: Daemon:Unable to open filefor read
01-13 20:45:39.663   440   440 D QC-time-services: Daemon:genoff_post_init:Error in accessing storage
01-13 20:45:39.663   440   440 D QC-time-services: Daemon:genoff_pre_init::Base = 9
01-13 20:45:39.663   440   440 D QC-time-services: Daemon: Storage Name: ats_9 
01-13 20:45:39.663   440   440 D QC-time-services: Daemon:Opening File: /persist/time/ats_9 /data/time/ats_9
01-13 20:45:39.663   440   440 D QC-time-services: Daemon:time_persistent_memory_opr:Genoff Read operation 
01-13 20:45:39.663   440   440 D QC-time-services: Daemon:Open File: /data/time/ats_9
01-13 20:45:39.663   440   440 D QC-time-services: Daemon:Unable to open filefor read
01-13 20:45:39.663   440   440 D QC-time-services: Daemon:genoff_post_init:Error in accessing storage
01-13 20:45:39.663   440   440 D QC-time-services: Daemon:genoff_pre_init::Base = 10
01-13 20:45:39.663   440   440 D QC-time-services: Daemon: Storage Name: ats_10 
01-13 20:45:39.663   440   440 D QC-time-services: Daemon:Opening File: /persist/time/ats_10 /data/time/ats_10
01-13 20:45:39.663   440   440 D QC-time-services: Daemon:time_persistent_memory_opr:Genoff Read operation 
01-13 20:45:39.663   440   440 D QC-time-services: Daemon:Open File: /data/time/ats_10
01-13 20:45:39.663   440   440 D QC-time-services: Daemon:Unable to open filefor read
01-13 20:45:39.663   440   440 D QC-time-services: Daemon:genoff_post_init:Error in accessing storage
01-13 20:45:39.663   440   440 D QC-time-services: Daemon:genoff_pre_init::Base = 11
01-13 20:45:39.663   440   440 D QC-time-services: Daemon: Storage Name: ats_11 
01-13 20:45:39.663   440   440 D QC-time-services: Daemon:Opening File: /persist/time/ats_11 /data/time/ats_11
01-13 20:45:39.663   440   440 D QC-time-services: Daemon:time_persistent_memory_opr:Genoff Read operation 
01-13 20:45:39.663   440   440 D QC-time-services: Daemon:Open File: /data/time/ats_11
01-13 20:45:39.663   440   440 D QC-time-services: Daemon:Unable to open filefor read
01-13 20:45:39.663   440   440 D QC-time-services: Daemon:genoff_post_init:Error in accessing storage
01-13 20:45:39.663   440   440 D QC-time-services: Daemon:genoff_pre_init::Base = 12
01-13 20:45:39.663   351   351 I Netd    : Registering NetdHwService: 4.0ms
01-13 20:45:39.663   351   351 I Netd    : Netd started in 865ms
01-13 20:45:39.664   440   440 D QC-time-services: Daemon: Storage Name: ats_12 
01-13 20:45:39.664   440   440 D QC-time-services: Daemon:Opening File: /persist/time/ats_12 /data/time/ats_12
01-13 20:45:39.664   440   440 D QC-time-services: Daemon:time_persistent_memory_opr:Genoff Read operation 
01-13 20:45:39.664   440   440 D QC-time-services: Daemon:Open File: /data/time/ats_12
01-13 20:45:39.666   440   440 D QC-time-services: Daemon:genoff_pre_init::Base = 13
01-13 20:45:39.666   440   440 D QC-time-services: Daemon: Storage Name: ats_13 
01-13 20:45:39.666   440   440 D QC-time-services: Daemon:Opening File: /persist/time/ats_13 /data/time/ats_13
01-13 20:45:39.666   440   440 D QC-time-services: Daemon:time_persistent_memory_opr:Genoff Read operation 
01-13 20:45:39.666   440   440 D QC-time-services: Daemon:Open File: /data/time/ats_13
01-13 20:45:39.669   440   440 D QC-time-services: Daemon:genoff_pre_init::Base = 14
01-13 20:45:39.669   440   440 D QC-time-services: Daemon: Storage Name: ats_14 
01-13 20:45:39.893   449   449 W adsprpcd: type=1400 audit(0.0:397): avc: granted { read } for name="ion" dev="tmpfs" ino=11684 scontext=u:r:init:s0 tcontext=u:object_r:ion_device:s0 tclass=chr_file
01-13 20:45:39.896   449   449 W adsprpcd: type=1400 audit(0.0:398): avc: granted { read open } for path="/dev/ion" dev="tmpfs" ino=11684 scontext=u:r:init:s0 tcontext=u:object_r:ion_device:s0 tclass=chr_file
01-13 20:45:39.669   440   440 D QC-time-services: Daemon:Opening File: /persist/time/ats_14 /data/time/ats_14
01-13 20:45:39.669   440   440 D QC-time-services: Daemon:time_persistent_memory_opr:Genoff Read operation 
01-13 20:45:39.669   440   440 D QC-time-services: Daemon:Open File: /data/time/ats_14
01-13 20:45:39.669   440   440 D QC-time-services: Daemon:Unable to open filefor read
01-13 20:45:39.669   440   440 D QC-time-services: Daemon:genoff_post_init:Error in accessing storage
01-13 20:45:39.669   440   440 D QC-time-services: Daemon:genoff_pre_init::Base = 15
01-13 20:45:39.670   440   440 D QC-time-services: Daemon: Storage Name: ats_15 
01-13 20:45:39.670   440   440 D QC-time-services: Daemon:Opening File: /persist/time/ats_15 /data/time/ats_15
01-13 20:45:39.670   440   440 D QC-time-services: Daemon:time_persistent_memory_opr:Genoff Read operation 
01-13 20:45:39.670   440   440 D QC-time-services: Daemon:Open File: /data/time/ats_15
01-13 20:45:39.672   440   440 D QC-time-services: Daemon:genoff_pre_init::Base = 16
01-13 20:45:39.673   440   440 D QC-time-services: Daemon: Storage Name: ats_16 
01-13 20:45:39.673   440   440 D QC-time-services: Daemon:Opening File: /persist/time/ats_16 /data/time/ats_16
01-13 20:45:39.673   440   440 D QC-time-services: Daemon:time_persistent_memory_opr:Genoff Read operation 
01-13 20:45:39.673   440   440 D QC-time-services: Daemon:Open File: /data/time/ats_16
01-13 20:45:39.673   352   352 I zygote64: VerifyImage: /system/bin/patchoat --input-image-location=/system/framework/boot.art --output-image-directory=/data/dalvik-cache/arm64 --instruction-set=arm64 --verify
01-13 20:45:39.676   440   440 D QC-time-services: Daemon:genoff_init_config: Other bases initilized, exiting genoff_init
01-13 20:45:39.676   440   440 D QC-time-services: Daemon:rtc_get: Time read from RTC -- MM/DD/YY HH:MM:SS0/13/70 13:45:39
01-13 20:45:39.676   440   440 D QC-time-services: Daemon rtc_get: seconds = 1086339
01-13 20:45:39.677   449   449 D /vendor/bin/adsprpcd: vendor/qcom/proprietary/adsprpc/src/fastrpc_apps_user.c:1124: Error 57: apps_dev_init failed. domain 0, errno Operation not permitted
01-13 20:45:39.677   440   440 D QC-time-services: Daemon:Value read from RTC mseconds = 1086339000
01-13 20:45:39.677   440   440 D QC-time-services: Daemon:Value read from QTimer mseconds = 9607
01-13 20:45:39.677   449   449 D /vendor/bin/adsprpcd: vendor/qcom/proprietary/adsprpc/src/fastrpc_apps_user.c:1207: Error 57: open dev -1 for domain 0 failed
01-13 20:45:39.677   440   440 D QC-time-services: Daemon:genoff_opr: Base = 1, val = 0, operation = 1
01-13 20:45:39.677   440   440 D QC-time-services: Daemon: genoff get for 1
01-13 20:45:39.677   449   449 D /vendor/bin/adsprpcd: vendor/qcom/proprietary/adsprpc/src/fastrpc_apps_user.c:1124: Error 57: apps_dev_init failed. domain 0, errno Operation not permitted
01-13 20:45:39.677   440   440 D QC-time-services: Daemon:Value read from QTimer mseconds = 9607
01-13 20:45:39.677   449   449 D /vendor/bin/adsprpcd: vendor/qcom/proprietary/adsprpc/src/fastrpc_apps_user.c:1207: Error 57: open dev -1 for domain 0 failed
01-13 20:45:39.677   440   440 D QC-time-services: Daemon:Value read from RTC mseconds on boot = 1086339000
01-13 20:45:39.677   440   440 D QC-time-services: Daemon:Value read from QTimer mseconds = 9607
01-13 20:45:39.677   449   449 D /vendor/bin/adsprpcd: vendor/qcom/proprietary/adsprpc/src/fastrpc_apps_user.c:651: Error 3b: remote handle invoke failed. domain 0, handle ffffffff, sc 0, pra 0x0
01-13 20:45:39.677   440   440 D QC-time-services: Daemon:Value read from generic offset = 0
01-13 20:45:39.677   440   440 D QC-time-services: Daemon:Delta read on boot mseconds = 1086329393
01-13 20:45:39.677   440   440 D QC-time-services: Daemon:Final Time = 1086339000
01-13 20:45:39.677   440   440 E QC-time-services: Daemon:genoff_boot_tod_init: Updating system time to sec=1086339, usec=0
01-13 20:45:39.000   449   449 E /vendor/bin/adsprpcd: vendor/qcom/proprietary/adsprpc/src/adsprpcd.c:43:adsp daemon will restart after 25ms...
01-13 20:45:39.008   440   495 D QC-time-services: Daemon:genoff_wlan_qmi_service_request: Initiallizing QMI 
01-13 20:45:39.009   440   495 E QC-time-services: Daemon:genoff_wlan_qmi_service_request: qmi_client_get_service_list returned -2num_services 0
01-13 20:45:39.009   440   496 D QC-time-services: Daemon:genoff_modem_qmi_service_request: Initiallizing QMI 
01-13 20:45:39.010   440   496 E QMI_FW  : QMUXD: WARNING qmi_qmux_if_pwr_up_init failed! rc=-6
01-13 20:45:39.010   440   496 E QC-time-services: Daemon:genoff_modem_qmi_service_request: qmi_client_get_service_list returned -2num_services 0
01-13 20:45:39.010   440   498 D QC-time-services: Daemon: Time-services: All initializations done
01-13 20:45:39.010   440   498 E QC-time-services: Daemon: Time-services: Waiting to acceptconnection
01-13 20:45:39.023   443   443 I ThermalEngine: Thermal daemon started
01-13 20:45:39.027   449   449 D /vendor/bin/adsprpcd: vendor/qcom/proprietary/adsprpc/src/fastrpc_apps_user.c:1124: Error 57: apps_dev_init failed. domain 0, errno Operation not permitted
01-13 20:45:39.027   449   449 D /vendor/bin/adsprpcd: vendor/qcom/proprietary/adsprpc/src/fastrpc_apps_user.c:1207: Error 57: open dev -1 for domain 0 failed
01-13 20:45:39.027   449   449 D /vendor/bin/adsprpcd: vendor/qcom/proprietary/adsprpc/src/fastrpc_apps_user.c:1124: Error 57: apps_dev_init failed. domain 0, errno Operation not permitted
01-13 20:45:39.027   449   449 D /vendor/bin/adsprpcd: vendor/qcom/proprietary/adsprpc/src/fastrpc_apps_user.c:1207: Error 57: open dev -1 for domain 0 failed
01-13 20:45:39.027   449   449 D /vendor/bin/adsprpcd: vendor/qcom/proprietary/adsprpc/src/fastrpc_apps_user.c:651: Error 3b: remote handle invoke failed. domain 0, handle ffffffff, sc 0, pra 0x0
01-13 20:45:39.027   449   449 E /vendor/bin/adsprpcd: vendor/qcom/proprietary/adsprpc/src/adsprpcd.c:43:adsp daemon will restart after 25ms...
01-13 20:45:39.028   353   353 D AndroidRuntime: >>>>>> START com.android.internal.os.ZygoteInit uid 0 <<<<<<
01-13 20:45:39.041   448   448 E Diag_Lib: qpLogDiagInit <== result : 1
01-13 20:45:39.041   448   448 E Diag_Lib: QMID : gIsQXDMDisabled 0, gIsADBDisabled 1, gIsDebugDisabled 0, gIsIMSLogsDisabled 0
01-13 20:45:39.041   448   448 E Diag_Lib: [IMS_QMID] |imsqmiserver.c | 541 | QMID#$$#0#QMI DAEMON STARTED
01-13 20:45:39.045   394   394 D vndksupport: Loading /vendor/lib64/egl/libGLESv1_CM_adreno.so from current namespace instead of sphal namespace.
01-13 20:45:39.047   443   443 I ThermalEngine: Using config file '/vendor/etc/thermal-engine.conf'
01-13 20:45:39.047   443   443 I ThermalEngine: devices_manager_init: Init
01-13 20:45:39.048   443   443 I ThermalEngine: Number of gpus :1
01-13 20:45:39.048   394   394 D libEGL  : loaded /vendor/lib64/egl/libGLESv1_CM_adreno.so
01-13 20:45:39.048   443   443 I Thermal-IOCTL: KTM IOCTL interface "/dev/msm_thermal_query" opened
01-13 20:45:39.048   443   443 E ThermalEngine: update_cpu_topology: Cluster Info[0]. Cluster Id: 1 cpu_bits:0xf sync:1
01-13 20:45:39.049   443   443 I ThermalEngine: vdd_rstr_init: Init KTM VDD RSTR enabled: 0
01-13 20:45:39.049   443   443 I ThermalEngine: cpr_band_init: Could not read /sys/module/msm_thermal/cpr_band/curr_cpr_band
01-13 20:45:39.050   443   443 I ThermalEngine: sensors_manager_init: Init
01-13 20:45:39.059   449   449 D /vendor/bin/adsprpcd: vendor/qcom/proprietary/adsprpc/src/fastrpc_apps_user.c:1124: Error 57: apps_dev_init failed. domain 0, errno Operation not permitted
01-13 20:45:39.059   449   449 D /vendor/bin/adsprpcd: vendor/qcom/proprietary/adsprpc/src/fastrpc_apps_user.c:1207: Error 57: open dev -1 for domain 0 failed
01-13 20:45:39.063   443   505 E QMI_FW  : QMUXD: WARNING qmi_qmux_if_pwr_up_init failed! rc=-6
01-13 20:45:39.063   443   506 I ThermalEngine: qmi: Instance id 157 for fusion TS
01-13 20:45:39.068   394   394 D vndksupport: Loading /vendor/lib64/egl/libGLESv2_adreno.so from current namespace instead of sphal namespace.
01-13 20:45:39.073   443   443 E ThermalEngine: Unable to change to /sys/devices/soc.0/
01-13 20:45:39.073   443   443 E ThermalEngine: bcl_setup: Unexpected node error
01-13 20:45:39.073   443   443 E ThermalEngine: add_tgt_sensor: bcl sensor setup failed failed.
01-13 20:45:39.073   443   443 E ThermalEngine: add_tgt_sensors_set: Error adding bcl
01-13 20:45:39.073   443   443 E ThermalEngine: sensors_init: Error adding BCL TS
01-13 20:45:39.073   449   449 D /vendor/bin/adsprpcd: vendor/qcom/proprietary/adsprpc/src/fastrpc_apps_user.c:1124: Error 57: apps_dev_init failed. domain 0, errno Operation not permitted
01-13 20:45:39.073   449   449 D /vendor/bin/adsprpcd: vendor/qcom/proprietary/adsprpc/src/fastrpc_apps_user.c:1207: Error 57: open dev -1 for domain 0 failed
01-13 20:45:39.073   449   449 D /vendor/bin/adsprpcd: vendor/qcom/proprietary/adsprpc/src/fastrpc_apps_user.c:651: Error 3b: remote handle invoke failed. domain 0, handle ffffffff, sc 0, pra 0x0
01-13 20:45:39.074   449   449 E /vendor/bin/adsprpcd: vendor/qcom/proprietary/adsprpc/src/adsprpcd.c:43:adsp daemon will restart after 25ms...
01-13 20:45:39.089   443   443 I ThermalEngine: Loading config file for virtual sensor
01-13 20:45:39.089   443   443 I ThermalEngine: Loading configuration file /vendor/etc/thermal-engine.conf
01-13 20:45:39.091   394   394 D libEGL  : loaded /vendor/lib64/egl/libGLESv2_adreno.so
01-13 20:45:39.093   443   443 I ThermalEngine: Parsing section global
01-13 20:45:39.093   443   443 I ThermalEngine: Found section 'VIRTUAL-CPUS'
01-13 20:45:39.093   443   443 I ThermalEngine: Algo Type 'virtual'
01-13 20:45:39.094   443   443 I ThermalEngine: Parsing section VIRTUAL-CPUS
01-13 20:45:39.094   443   443 I ThermalEngine: Found field 'trip_sensor'
01-13 20:45:39.094   443   443 I ThermalEngine: Found field 'set_point'
01-13 20:45:39.094   443   443 I ThermalEngine: Found field 'set_point_clr'
01-13 20:45:39.094   443   443 I ThermalEngine: Found field 'sensors'
01-13 20:45:39.094   443   443 I ThermalEngine: Found field 'weights'
01-13 20:45:39.094   443   443 I ThermalEngine: Found field 'sampling'
01-13 20:45:39.094   443   443 I ThermalEngine: Found field 'math'
01-13 20:45:39.095   443   443 I ThermalEngine: [VIRTUAL-CPUS]
01-13 20:45:39.095   443   443 I ThermalEngine: #algo_type virtual
01-13 20:45:39.095   443   443 I ThermalEngine: trip_sensor tsens_tz_sensor5
01-13 20:45:39.095   443   443 I ThermalEngine: set_point 75000
01-13 20:45:39.095   443   443 I ThermalEngine: set_point_clr 65000
01-13 20:45:39.095   443   443 I ThermalEngine: sensors tsens_tz_sensor5 tsens_tz_sensor6 tsens_tz_sensor7 tsens_tz_sensor8 tsens_tz_sensor9
01-13 20:45:39.095   443   443 I ThermalEngine: weights
01-13 20:45:39.095   443   443 I ThermalEngine: sampling 50
01-13 20:45:39.095   443   443 I ThermalEngine: math 2
01-13 20:45:39.095   443   443 I ThermalEngine: Loading configuration file /vendor/etc/thermal-engine.conf
01-13 20:45:39.096   443   443 I ThermalEngine: Parsing section global
01-13 20:45:39.096   443   443 I ThermalEngine: Created section 'CAMERA_CAMCORDER_MONITOR'
01-13 20:45:39.096   443   443 I ThermalEngine: Algo Type 'monitor'
01-13 20:45:39.096   443   443 I ThermalEngine: Parsing section CAMERA_CAMCORDER_MONITOR
01-13 20:45:39.096   443   443 I ThermalEngine: Found field 'sampling'
01-13 20:45:39.096   443   443 I ThermalEngine: Found field 'sensor'
01-13 20:45:39.096   443   443 E ThermalEngine: Error with field 'sensor'
01-13 20:45:39.096   443   443 I ThermalEngine: Created section 'BATTERY_CHARGING_CTL'
01-13 20:45:39.096   443   443 I ThermalEngine: Algo Type 'monitor'
01-13 20:45:39.096   443   443 I ThermalEngine: Parsing section BATTERY_CHARGING_CTL
01-13 20:45:39.096   443   443 I ThermalEngine: Found field 'sampling'
01-13 20:45:39.096   443   443 I ThermalEngine: Found field 'sensor'
01-13 20:45:39.096   443   443 E ThermalEngine: Error with field 'sensor'
01-13 20:45:39.096   443   443 I ThermalEngine: Created section 'LCD_SKIN_MANAGEMENT'
01-13 20:45:39.096   443   443 I ThermalEngine: Algo Type 'monitor'
01-13 20:45:39.096   443   443 I ThermalEngine: Parsing section LCD_SKIN_MANAGEMENT
01-13 20:45:39.096   443   443 I ThermalEngine: Found field 'sampling'
01-13 20:45:39.096   443   443 I ThermalEngine: Found field 'sensor'
01-13 20:45:39.096   443   443 E ThermalEngine: Error with field 'sensor'
01-13 20:45:39.096   443   443 I ThermalEngine: Created section 'CPU2_HOTPLUG_MONITOR'
01-13 20:45:39.096   443   443 I ThermalEngine: Algo Type 'monitor'
01-13 20:45:39.096   443   443 I ThermalEngine: Parsing section CPU2_HOTPLUG_MONITOR
01-13 20:45:39.096   443   443 I ThermalEngine: Found field 'sampling'
01-13 20:45:39.096   443   443 I ThermalEngine: Found field 'sensor'
01-13 20:45:39.096   443   443 E ThermalEngine: Error with field 'sensor'
01-13 20:45:39.096   443   443 I ThermalEngine: Created section 'CPU1_HOTPLUG_MONITOR'
01-13 20:45:39.096   443   443 I ThermalEngine: Algo Type 'monitor'
01-13 20:45:39.096   443   443 I ThermalEngine: Parsing section CPU1_HOTPLUG_MONITOR
01-13 20:45:39.096   443   443 I ThermalEngine: Found field 'sampling'
01-13 20:45:39.096   443   443 I ThermalEngine: Found field 'sensor'
01-13 20:45:39.096   443   443 E ThermalEngine: Error with field 'sensor'
01-13 20:45:39.096   443   443 I ThermalEngine: Created section 'CPU5_HOTPLUG_MONITOR'
01-13 20:45:39.096   443   443 I ThermalEngine: Algo Type 'monitor'
01-13 20:45:39.096   443   443 I ThermalEngine: Parsing section CPU5_HOTPLUG_MONITOR
01-13 20:45:39.096   443   443 I ThermalEngine: Found field 'sampling'
01-13 20:45:39.097   443   443 I ThermalEngine: Found field 'sensor'
01-13 20:45:39.097   443   443 E ThermalEngine: Error with field 'sensor'
01-13 20:45:39.933   449   449 W adsprpcd: type=1400 audit(0.0:399): avc: granted { read } for name="ion" dev="tmpfs" ino=11684 scontext=u:r:init:s0 tcontext=u:object_r:ion_device:s0 tclass=chr_file
01-13 20:45:39.097   353   353 I zygote  : option[0]=-Xzygote
01-13 20:45:39.097   353   353 I zygote  : option[1]=-Xusetombstonedtraces
01-13 20:45:39.097   443   443 I ThermalEngine: Created section 'SS-CASE-THERM-LOW'
01-13 20:45:39.097   443   443 I ThermalEngine: Algo Type 'ss'
01-13 20:45:39.097   353   353 I zygote  : option[2]=exit
01-13 20:45:39.097   443   443 I ThermalEngine: Parsing section SS-CASE-THERM-LOW
01-13 20:45:39.097   443   443 I ThermalEngine: Found field 'sampling'
01-13 20:45:39.097   353   353 I zygote  : option[3]=vfprintf
01-13 20:45:39.097   443   443 I ThermalEngine: Found field 'sensor'
01-13 20:45:39.097   443   443 E ThermalEngine: Error with field 'sensor'
01-13 20:45:39.097   353   353 I zygote  : option[4]=sensitiveThread
01-13 20:45:39.097   353   353 I zygote  : option[5]=-verbose:gc
01-13 20:45:39.097   353   353 I zygote  : option[6]=-Xms16m
01-13 20:45:39.097   353   353 I zygote  : option[7]=-Xmx512m
01-13 20:45:39.097   353   353 I zygote  : option[8]=-XX:HeapGrowthLimit=192m
01-13 20:45:39.097   353   353 I zygote  : option[9]=-XX:HeapMinFree=2m
01-13 20:45:39.097   443   443 I ThermalEngine: Found section 'SS-GPU'
01-13 20:45:39.097   353   353 I zygote  : option[10]=-XX:HeapMaxFree=8m
01-13 20:45:39.097   443   443 I ThermalEngine: Algo Type 'ss'
01-13 20:45:39.097   443   443 I ThermalEngine: Parsing section SS-GPU
01-13 20:45:39.097   443   443 I ThermalEngine: Found field 'sampling'
01-13 20:45:39.097   353   353 I zygote  : option[11]=-XX:HeapTargetUtilization=0.75
01-13 20:45:39.097   443   443 I ThermalEngine: Found field 'sensor'
01-13 20:45:39.097   353   353 I zygote  : option[12]=-Xusejit:true
01-13 20:45:39.097   443   443 I ThermalEngine: Found field 'device'
01-13 20:45:39.097   443   443 I ThermalEngine: Found field 'set_point'
01-13 20:45:39.097   353   353 I zygote  : option[13]=-Xjitsaveprofilinginfo
01-13 20:45:39.097   443   443 I ThermalEngine: Found field 'set_point_clr'
01-13 20:45:39.097   443   443 I ThermalEngine: Found field 'time_constant'
01-13 20:45:39.097   353   353 I zygote  : option[14]=-XjdwpOptions:suspend=n,server=y
01-13 20:45:39.097   353   353 I zygote  : option[15]=-XjdwpProvider:default
01-13 20:45:39.097   443   443 I ThermalEngine: Found section 'SS-POPMEM'
01-13 20:45:39.097   443   443 I ThermalEngine: Algo Type 'ss'
01-13 20:45:39.226   464   464 I mediaserver: ServiceManager: 0x70ce625480
01-13 20:45:39.246   434   434 E QCNEA   : Cne Version 4.9
01-13 20:45:39.260   449   449 D /vendor/bin/adsprpcd: vendor/qcom/proprietary/adsprpc/src/fastrpc_apps_user.c:1124: Error 57: apps_dev_init failed. domain 0, errno Operation not permitted
01-13 20:45:39.260   449   449 D /vendor/bin/adsprpcd: vendor/qcom/proprietary/adsprpc/src/fastrpc_apps_user.c:1207: Error 57: open dev -1 for domain 0 failed
01-13 20:45:39.260   449   449 D /vendor/bin/adsprpcd: vendor/qcom/proprietary/adsprpc/src/fastrpc_apps_user.c:1124: Error 57: apps_dev_init failed. domain 0, errno Operation not permitted
01-13 20:45:39.260   449   449 D /vendor/bin/adsprpcd: vendor/qcom/proprietary/adsprpc/src/fastrpc_apps_user.c:1207: Error 57: open dev -1 for domain 0 failed
01-13 20:45:39.260   449   449 D /vendor/bin/adsprpcd: vendor/qcom/proprietary/adsprpc/src/fastrpc_apps_user.c:651: Error 3b: remote handle invoke failed. domain 0, handle ffffffff, sc 0, pra 0x0
01-13 20:45:39.260   449   449 E /vendor/bin/adsprpcd: vendor/qcom/proprietary/adsprpc/src/adsprpcd.c:43:adsp daemon will restart after 25ms...
01-13 20:45:39.288   449   449 D /vendor/bin/adsprpcd: vendor/qcom/proprietary/adsprpc/src/fastrpc_apps_user.c:1124: Error 57: apps_dev_init failed. domain 0, errno Operation not permitted
01-13 20:45:39.288   449   449 D /vendor/bin/adsprpcd: vendor/qcom/proprietary/adsprpc/src/fastrpc_apps_user.c:1207: Error 57: open dev -1 for domain 0 failed
01-13 20:45:39.288   449   449 D /vendor/bin/adsprpcd: vendor/qcom/proprietary/adsprpc/src/fastrpc_apps_user.c:1124: Error 57: apps_dev_init failed. domain 0, errno Operation not permitted
01-13 20:45:39.288   449   449 D /vendor/bin/adsprpcd: vendor/qcom/proprietary/adsprpc/src/fastrpc_apps_user.c:1207: Error 57: open dev -1 for domain 0 failed
01-13 20:45:39.288   449   449 D /vendor/bin/adsprpcd: vendor/qcom/proprietary/adsprpc/src/fastrpc_apps_user.c:651: Error 3b: remote handle invoke failed. domain 0, handle ffffffff, sc 0, pra 0x0
01-13 20:45:39.288   449   449 E /vendor/bin/adsprpcd: vendor/qcom/proprietary/adsprpc/src/adsprpcd.c:43:adsp daemon will restart after 25ms...
01-13 20:45:39.316   449   449 D /vendor/bin/adsprpcd: vendor/qcom/proprietary/adsprpc/src/fastrpc_apps_user.c:1124: Error 57: apps_dev_init failed. domain 0, errno Operation not permitted
01-13 20:45:39.316   449   449 D /vendor/bin/adsprpcd: vendor/qcom/proprietary/adsprpc/src/fastrpc_apps_user.c:1207: Error 57: open dev -1 for domain 0 failed
01-13 20:45:39.316   449   449 D /vendor/bin/adsprpcd: vendor/qcom/proprietary/adsprpc/src/fastrpc_apps_user.c:1124: Error 57: apps_dev_init failed. domain 0, errno Operation not permitted
01-13 20:45:39.316   449   449 D /vendor/bin/adsprpcd: vendor/qcom/proprietary/adsprpc/src/fastrpc_apps_user.c:1207: Error 57: open dev -1 for domain 0 failed
01-13 20:45:39.316   449   449 D /vendor/bin/adsprpcd: vendor/qcom/proprietary/adsprpc/src/fastrpc_apps_user.c:651: Error 3b: remote handle invoke failed. domain 0, handle ffffffff, sc 0, pra 0x0
01-13 20:45:39.316   449   449 E /vendor/bin/adsprpcd: vendor/qcom/proprietary/adsprpc/src/adsprpcd.c:43:adsp daemon will restart after 25ms...
01-13 20:45:39.346   449   449 D /vendor/bin/adsprpcd: vendor/qcom/proprietary/adsprpc/src/fastrpc_apps_user.c:1124: Error 57: apps_dev_init failed. domain 0, errno Operation not permitted
01-13 20:45:39.346   449   449 D /vendor/bin/adsprpcd: vendor/qcom/proprietary/adsprpc/src/fastrpc_apps_user.c:1207: Error 57: open dev -1 for domain 0 failed
01-13 20:45:39.346   449   449 D /vendor/bin/adsprpcd: vendor/qcom/proprietary/adsprpc/src/fastrpc_apps_user.c:1124: Error 57: apps_dev_init failed. domain 0, errno Operation not permitted
01-13 20:45:39.346   449   449 D /vendor/bin/adsprpcd: vendor/qcom/proprietary/adsprpc/src/fastrpc_apps_user.c:1207: Error 57: open dev -1 for domain 0 failed
01-13 20:45:39.346   449   449 D /vendor/bin/adsprpcd: vendor/qcom/proprietary/adsprpc/src/fastrpc_apps_user.c:651: Error 3b: remote handle invoke failed. domain 0, handle ffffffff, sc 0, pra 0x0
01-13 20:45:39.346   449   449 E /vendor/bin/adsprpcd: vendor/qcom/proprietary/adsprpc/src/adsprpcd.c:43:adsp daemon will restart after 25ms...
01-13 20:45:39.373   449   449 D /vendor/bin/adsprpcd: vendor/qcom/proprietary/adsprpc/src/fastrpc_apps_user.c:1124: Error 57: apps_dev_init failed. domain 0, errno Operation not permitted
01-13 20:45:39.373   449   449 D /vendor/bin/adsprpcd: vendor/qcom/proprietary/adsprpc/src/fastrpc_apps_user.c:1207: Error 57: open dev -1 for domain 0 failed
01-13 20:45:39.373   449   449 D /vendor/bin/adsprpcd: vendor/qcom/proprietary/adsprpc/src/fastrpc_apps_user.c:1124: Error 57: apps_dev_init failed. domain 0, errno Operation not permitted
01-13 20:45:39.373   449   449 D /vendor/bin/adsprpcd: vendor/qcom/proprietary/adsprpc/src/fastrpc_apps_user.c:1207: Error 57: open dev -1 for domain 0 failed
01-13 20:45:39.373   449   449 D /vendor/bin/adsprpcd: vendor/qcom/proprietary/adsprpc/src/fastrpc_apps_user.c:651: Error 3b: remote handle invoke failed. domain 0, handle ffffffff, sc 0, pra 0x0
01-13 20:45:39.373   449   449 E /vendor/bin/adsprpcd: vendor/qcom/proprietary/adsprpc/src/adsprpcd.c:43:adsp daemon will restart after 25ms...
01-13 20:45:39.400   449   449 D /vendor/bin/adsprpcd: vendor/qcom/proprietary/adsprpc/src/fastrpc_apps_user.c:1124: Error 57: apps_dev_init failed. domain 0, errno Operation not permitted
01-13 20:45:39.400   449   449 D /vendor/bin/adsprpcd: vendor/qcom/proprietary/adsprpc/src/fastrpc_apps_user.c:1207: Error 57: open dev -1 for domain 0 failed
01-13 20:45:39.400   449   449 D /vendor/bin/adsprpcd: vendor/qcom/proprietary/adsprpc/src/fastrpc_apps_user.c:1124: Error 57: apps_dev_init failed. domain 0, errno Operation not permitted
01-13 20:45:39.400   449   449 D /vendor/bin/adsprpcd: vendor/qcom/proprietary/adsprpc/src/fastrpc_apps_user.c:1207: Error 57: open dev -1 for domain 0 failed
01-13 20:45:39.400   449   449 D /vendor/bin/adsprpcd: vendor/qcom/proprietary/adsprpc/src/fastrpc_apps_user.c:651: Error 3b: remote handle invoke failed. domain 0, handle ffffffff, sc 0, pra 0x0
01-13 20:45:39.400   449   449 E /vendor/bin/adsprpcd: vendor/qcom/proprietary/adsprpc/src/adsprpcd.c:43:adsp daemon will restart after 25ms...
01-13 20:45:39.413   332   332 W hwservicemanager: getTransport: Cannot find entry android.hardware.keymaster@4.0::IKeymasterDevice/default in either framework or device manifest.
01-13 20:45:39.428   551   571 D QCALOG  : [location-mq] SRV Socket-Opend
01-13 20:45:39.431   449   449 D /vendor/bin/adsprpcd: vendor/qcom/proprietary/adsprpc/src/fastrpc_apps_user.c:1124: Error 57: apps_dev_init failed. domain 0, errno Operation not permitted
01-13 20:45:39.431   449   449 D /vendor/bin/adsprpcd: vendor/qcom/proprietary/adsprpc/src/fastrpc_apps_user.c:1207: Error 57: open dev -1 for domain 0 failed
