--------- beginning of system
04-07 16:05:59.465   593   593 E vold    : Failed to read field SystemLocale: No such file or directory
04-07 16:05:59.465  1368  1476 I chatty  : uid=1000(system) android.bg expire 7 lines
04-07 16:05:59.466  1368  2227 I chatty  : uid=1000(system) StorageManagerS expire 1 line
04-07 16:05:59.470  1368  1368 I chatty  : uid=1000 system_server expire 6 lines
04-07 16:05:59.472  1368  2198 I chatty  : uid=1000 system_server expire 2 lines
04-07 16:06:00.073  1368  2189 I chatty  : uid=1000 system_server expire 193 lines
04-07 16:06:09.593  1368  1368 I chatty  : uid=1000 system_server expire 71 lines
04-07 16:06:09.617  1368  2395 I chatty  : uid=1000(system) NetdConnector expire 1 line
04-07 16:06:09.850  1368  2224 I chatty  : uid=1000(system) HwBinder:1368_3 expire 2 lines
04-07 16:06:09.854  1368  1368 I chatty  : uid=1000 system_server expire 161 lines
04-07 16:06:09.899  1368  2197 I chatty  : uid=1000 system_server expire 1 line
04-07 16:06:10.150  1368  1543 I chatty  : uid=1000(system) PowerManagerSer expire 2 lines
04-07 16:06:10.151   657   657 I android.hardware.wifi@1.0-service: Wifi HAL started
04-07 16:06:10.476  1368  1541 I chatty  : uid=1000(system) android.display expire 2 lines
04-07 16:06:10.504  1368  2227 I chatty  : uid=1000(system) StorageManagerS expire 3 lines
04-07 16:06:10.505   593   593 D vold    : e4crypt_unlock_user_key 0 serial=0 token_present=0
04-07 16:06:10.506  1368  1477 I chatty  : uid=1000(system) ActivityManager expire 3 lines
04-07 16:06:10.508  1368  2415 I chatty  : uid=1000(system) Binder:1368_3 expire 1 line
04-07 16:06:10.511  1368  2198 I chatty  : uid=1000 system_server expire 1 line
04-07 16:06:10.511   593   593 V vold    : Waiting for FUSE to spin up...
04-07 16:06:10.511  1368  1539 I chatty  : uid=1000(system) android.fg expire 1 line
04-07 16:06:10.514  1368  2412 I chatty  : uid=1000(system) AudioService expire 1 line
04-07 16:06:10.527  2440  2440 W sdcard  : Device explicitly enabled sdcardfs
04-07 16:06:10.552  1368  2398 I chatty  : uid=1000(system) NetworkPolicy expire 1 line
04-07 16:06:10.614   657   657 I android.hardware.wifi@1.0-service: Adding interface handle for wlan0
04-07 16:06:10.614   657   657 I android.hardware.wifi@1.0-service: Adding interface handle for p2p0
04-07 16:06:10.614   657   657 I android.hardware.wifi@1.0-service: Configured chip in mode 2
04-07 16:06:10.623  1368  1479 I chatty  : uid=1000(system) ActivityManager expire 21 lines
04-07 16:06:10.629   779   779 I wificond: create scanner for interface with index: 26
04-07 16:06:10.629   779   779 I wificond: subscribe scan result for interface with index: 26
04-07 16:06:10.631   779   779 E wificond: No Offload Service available
04-07 16:06:10.631   779   779 I wificond: Offload HAL not supported 
04-07 16:06:10.725  1368  1476 I chatty  : uid=1000(system) android.bg expire 4 lines
04-07 16:06:10.733  1368  1505 I chatty  : uid=1000(system) batterystats-wo expire 5 lines
04-07 16:06:10.754   779   779 I wificond: Unsubscribe scan result for interface with index: 26
04-07 16:06:10.887   657  2455 I android.hardware.wifi@1.0-service: Legacy HAL stop complete callback received
04-07 16:06:11.089  1368  1368 I chatty  : uid=1000 system_server expire 33 lines
04-07 16:06:11.090   657   657 I android.hardware.wifi@1.0-service: Wifi HAL stopped
04-07 16:06:11.092  1368  2585 I chatty  : uid=1000(system) BluetoothRouteM expire 1 line
04-07 16:06:11.096   657   657 I android.hardware.wifi@1.0-service: Wifi HAL started
04-07 16:06:11.107  1368  2593 I chatty  : uid=1000(system) uteStateMachine expire 2 lines
04-07 16:06:11.113  1368  2595 I chatty  : uid=1000(system) CallAudioModeSt expire 1 line
04-07 16:06:11.130  1368  1383 I chatty  : uid=1000(system) Binder:1368_2 expire 12 lines
04-07 16:06:11.138  1368  1479 I chatty  : uid=1000(system) ActivityManager expire 106 lines
04-07 16:06:11.218  1368  2438 I chatty  : uid=1000(system) Binder:1368_4 expire 7 lines
04-07 16:06:11.230   657   657 I android.hardware.wifi@1.0-service: Adding interface handle for wlan0
04-07 16:06:11.230   657   657 I android.hardware.wifi@1.0-service: Adding interface handle for p2p0
04-07 16:06:11.231   657   657 I android.hardware.wifi@1.0-service: Configured chip in mode 2
04-07 16:06:11.240  1368  2431 I chatty  : uid=1000(system) SyncManager expire 1 line
04-07 16:06:11.259   779   779 I wificond: create scanner for interface with index: 26
04-07 16:06:11.259   779   779 I wificond: subscribe scan result for interface with index: 26
04-07 16:06:11.260   779   779 E wificond: No Offload Service available
04-07 16:06:11.260   779   779 I wificond: Offload HAL not supported 
04-07 16:06:11.304  1368  2403 I chatty  : uid=1000(system) WifiP2pService expire 2 lines
04-07 16:06:11.356  1368  2415 I chatty  : uid=1000(system) Binder:1368_3 expire 3 lines
04-07 16:06:11.409   779   779 W wificond: No pno scan started
04-07 16:06:11.409   779   779 W wificond: Scheduled scan is not running!
04-07 16:06:12.249  1368  1477 I chatty  : uid=1000(system) ActivityManager expire 1 line
04-07 16:06:12.300  2707  2707 W SystemConfig: No directory /product/etc/sysconfig, skipping
04-07 16:06:12.300  2707  2707 W SystemConfig: No directory /product/etc/permissions, skipping
04-07 16:06:12.359  1368  2855 I chatty  : uid=1000(system) Binder:1368_8 expire 3 lines
04-07 16:06:12.379  2707  2707 I TelecomFramework: TtyManager: updateUiTtyMode -1 -> 0
04-07 16:06:12.384  2707  2707 I TelecomFramework: TtyManager: updateUiTtyMode -1 -> 0
04-07 16:06:12.666  2535  2535 W FingerprintManager: Invalid acquired message: 6, 1
04-07 16:06:13.009  1368  2400 I chatty  : uid=1000(system) WifiService expire 1 line
04-07 16:06:13.112  1368  2910 I chatty  : uid=1000(system) Binder:1368_9 expire 8 lines
04-07 16:06:13.120  2707  2707 I TelecomFramework: AccountEntry: Registered phoneAccount: [[ ] PhoneAccount: ComponentInfo{com.android.phone/com.android.services.telephony.TelephonyConnectionService}, ***, UserHandle{0} Capabilities: CallProvider EmergOnly MultiUser PlaceEmerg SimSub  Audio Routes: BESW Schemes: tel voicemail  Extras: Bundle[{android.telecom.extra.SUPPORTS_VIDEO_CALLING_FALLBACK=true}] GroupId: ***] with handle: ComponentInfo{com.android.phone/com.android.services.telephony.TelephonyConnectionService}, ***, UserHandle{0}
04-07 16:06:13.121  2707  2707 I TelecomFramework: PstnIncomingCallNotifier: Registering: Handler (com.android.internal.telephony.GsmCdmaPhone) {2c2be4}
04-07 16:06:13.124  2707  2707 I TelecomFramework: TelecomAccountRegistry: Unregistering phone account ComponentInfo{com.android.phone/com.android.services.telephony.TelephonyConnectionService}, ***, UserHandle{0}.
04-07 16:06:13.132  2707  2707 I TelecomFramework: PstnIncomingCallNotifier: Unregistering: Handler (com.android.internal.telephony.GsmCdmaPhone) {2c2be4}
04-07 16:06:13.148  2707  2707 I TelecomFramework: AccountEntry: Registered phoneAccount: [[ ] PhoneAccount: ComponentInfo{com.android.phone/com.android.services.telephony.TelephonyConnectionService}, ***, UserHandle{0} Capabilities: CallProvider EmergOnly MultiUser PlaceEmerg SimSub  Audio Routes: BESW Schemes: tel voicemail  Extras: Bundle[{android.telecom.extra.SUPPORTS_VIDEO_CALLING_FALLBACK=true}] GroupId: ***] with handle: ComponentInfo{com.android.phone/com.android.services.telephony.TelephonyConnectionService}, ***, UserHandle{0}
04-07 16:06:13.148  2707  2707 I TelecomFramework: PstnIncomingCallNotifier: Registering: Handler (com.android.internal.telephony.GsmCdmaPhone) {2c2be4}
04-07 16:06:13.160  2707  2707 I TelecomFramework: PstnPhoneCapabilitiesNotifier: handleVideoCapabilitesChanged. Video capability - false
04-07 16:06:13.172  2707  2707 I TelecomFramework: PstnPhoneCapabilitiesNotifier: handleVideoCapabilitesChanged. Video capability - false
04-07 16:06:13.155  2707  2707 D MccTable: updateMccMncConfiguration mccmnc='25001' fromServiceState=false
04-07 16:06:13.156  2707  2707 D MccTable: updateMccMncConfiguration defaultMccMnc=
04-07 16:06:13.156  2707  2707 D MccTable: updateMccMncConfiguration: mcc=250, mnc=1
04-07 16:06:13.156  2707  2707 D MccTable: updateMccMncConfiguration updateConfig config={0.0 250mcc1mnc ?localeList ?layoutDir ?swdp ?wdp ?hdp ?density ?lsize ?long ?ldr ?wideColorGamut ?orien ?uimode ?night ?touch ?keyb/?/? ?nav/? winConfig={ mBounds=Rect(0, 0 - 0, 0) mAppBounds=null mWindowingMode=undefined mActivityType=undefined}}
04-07 16:06:13.573  2707  2707 I TelecomFramework: PstnIncomingCallNotifier: Unregistering: Handler (com.android.internal.telephony.GsmCdmaPhone) {2c2be4}
04-07 16:06:13.586  2707  2707 I TelecomFramework: AccountEntry: Registered phoneAccount: [[ ] PhoneAccount: ComponentInfo{com.android.phone/com.android.services.telephony.TelephonyConnectionService}, ***, UserHandle{0} Capabilities: CallProvider EmergOnly MultiUser PlaceEmerg SimSub  Audio Routes: BESW Schemes: tel voicemail  Extras: Bundle[{android.telecom.extra.SUPPORTS_VIDEO_CALLING_FALLBACK=true}] GroupId: ***] with handle: ComponentInfo{com.android.phone/com.android.services.telephony.TelephonyConnectionService}, ***, UserHandle{0}
04-07 16:06:13.586  2707  2707 I TelecomFramework: PstnIncomingCallNotifier: Registering: Handler (com.android.internal.telephony.GsmCdmaPhone) {2c2be4}
04-07 16:06:13.593  2707  2707 I TelecomFramework: PstnPhoneCapabilitiesNotifier: handleVideoCapabilitesChanged. Video capability - false
04-07 16:06:13.602  1368  2602 I chatty  : uid=1000(system) Binder:1368_5 expire 5 lines
04-07 16:06:13.798  2707  2850 D MccTable: updateMccMncConfiguration mccmnc='25001' fromServiceState=false
04-07 16:06:13.799  2707  2850 D MccTable: updateMccMncConfiguration defaultMccMnc=25001
04-07 16:06:13.799  2707  2850 D MccTable: updateMccMncConfiguration: mcc=250, mnc=1
04-07 16:06:13.799  2707  2850 D MccTable: updateMccMncConfiguration updateConfig config={0.0 250mcc1mnc ?localeList ?layoutDir ?swdp ?wdp ?hdp ?density ?lsize ?long ?ldr ?wideColorGamut ?orien ?uimode ?night ?touch ?keyb/?/? ?nav/? winConfig={ mBounds=Rect(0, 0 - 0, 0) mAppBounds=null mWindowingMode=undefined mActivityType=undefined}}
04-07 16:06:13.872  2707  2707 I TelecomFramework: PstnIncomingCallNotifier: Unregistering: Handler (com.android.internal.telephony.GsmCdmaPhone) {2c2be4}
04-07 16:06:13.895  2707  2707 I TelecomFramework: AccountEntry: Registered phoneAccount: [[ ] PhoneAccount: ComponentInfo{com.android.phone/com.android.services.telephony.TelephonyConnectionService}, ***, UserHandle{0} Capabilities: CallProvider MultiUser PlaceEmerg SimSub  Audio Routes: BESW Schemes: tel voicemail  Extras: Bundle[{android.telecom.extra.SUPPORTS_VIDEO_CALLING_FALLBACK=true, android.telecom.extra.SORT_ORDER=0}] GroupId: ***] with handle: ComponentInfo{com.android.phone/com.android.services.telephony.TelephonyConnectionService}, ***, UserHandle{0}
04-07 16:06:13.895  2707  2707 I TelecomFramework: PstnIncomingCallNotifier: Registering: Handler (com.android.internal.telephony.GsmCdmaPhone) {2c2be4}
04-07 16:06:13.899  2707  2707 I TelecomFramework: TelecomAccountRegistry: Unregistering phone account ComponentInfo{com.android.phone/com.android.services.telephony.TelephonyConnectionService}, ***, UserHandle{0}.
04-07 16:06:13.911  2707  2707 I TelecomFramework: PstnIncomingCallNotifier: Unregistering: Handler (com.android.internal.telephony.GsmCdmaPhone) {2c2be4}
04-07 16:06:13.937  2707  2707 I TelecomFramework: AccountEntry: Registered phoneAccount: [[ ] PhoneAccount: ComponentInfo{com.android.phone/com.android.services.telephony.TelephonyConnectionService}, ***, UserHandle{0} Capabilities: CallProvider MultiUser PlaceEmerg SimSub  Audio Routes: BESW Schemes: tel voicemail  Extras: Bundle[{android.telecom.extra.SUPPORTS_VIDEO_CALLING_FALLBACK=true, android.telecom.extra.SORT_ORDER=0}] GroupId: ***] with handle: ComponentInfo{com.android.phone/com.android.services.telephony.TelephonyConnectionService}, ***, UserHandle{0}
04-07 16:06:13.937  2707  2707 I TelecomFramework: PstnIncomingCallNotifier: Registering: Handler (com.android.internal.telephony.GsmCdmaPhone) {2c2be4}
04-07 16:06:13.971  2707  2707 I TelecomFramework: PstnIncomingCallNotifier: Unregistering: Handler (com.android.internal.telephony.GsmCdmaPhone) {2c2be4}
04-07 16:06:13.991  2707  2707 I TelecomFramework: AccountEntry: Registered phoneAccount: [[ ] PhoneAccount: ComponentInfo{com.android.phone/com.android.services.telephony.TelephonyConnectionService}, ***, UserHandle{0} Capabilities: CallProvider MultiUser PlaceEmerg SimSub  Audio Routes: BESW Schemes: tel voicemail  Extras: Bundle[{android.telecom.extra.SUPPORTS_VIDEO_CALLING_FALLBACK=true, android.telecom.extra.SORT_ORDER=0}] GroupId: ***] with handle: ComponentInfo{com.android.phone/com.android.services.telephony.TelephonyConnectionService}, ***, UserHandle{0}
04-07 16:06:13.992  2707  2707 I TelecomFramework: PstnIncomingCallNotifier: Registering: Handler (com.android.internal.telephony.GsmCdmaPhone) {2c2be4}
04-07 16:06:13.996  2707  2707 I TelecomFramework: PstnIncomingCallNotifier: Unregistering: Handler (com.android.internal.telephony.GsmCdmaPhone) {2c2be4}
04-07 16:06:14.010  2707  2707 I TelecomFramework: AccountEntry: Registered phoneAccount: [[ ] PhoneAccount: ComponentInfo{com.android.phone/com.android.services.telephony.TelephonyConnectionService}, ***, UserHandle{0} Capabilities: CallProvider MultiUser PlaceEmerg SimSub  Audio Routes: BESW Schemes: tel voicemail  Extras: Bundle[{android.telecom.extra.SUPPORTS_VIDEO_CALLING_FALLBACK=true, android.telecom.extra.SORT_ORDER=0}] GroupId: ***] with handle: ComponentInfo{com.android.phone/com.android.services.telephony.TelephonyConnectionService}, ***, UserHandle{0}
04-07 16:06:14.010  2707  2707 I TelecomFramework: PstnIncomingCallNotifier: Registering: Handler (com.android.internal.telephony.GsmCdmaPhone) {2c2be4}
04-07 16:06:14.034  2707  2707 I TelecomFramework: PstnPhoneCapabilitiesNotifier: handleVideoCapabilitesChanged. Video capability - false
04-07 16:06:14.111  2707  2707 I TelecomFramework: PstnPhoneCapabilitiesNotifier: handleVideoCapabilitesChanged. Video capability - false
04-07 16:06:14.115  2707  2707 I chatty  : uid=1001(radio) com.android.phone identical 1 line
04-07 16:06:14.115  2707  2707 I TelecomFramework: PstnPhoneCapabilitiesNotifier: handleVideoCapabilitesChanged. Video capability - false
04-07 16:06:14.519  2707  2707 I TelecomFramework: : Carrier-config changed, checking for phone account updates.
04-07 16:06:14.532  2707  2707 I TelecomFramework: AccountEntry: reRegisterPstnPhoneAccount: subId: 1 - re-register due to account change.
04-07 16:06:14.534  1368  1382 I chatty  : uid=1000(system) Binder:1368_1 expire 1 line
04-07 16:06:15.081  2535  2535 W FingerprintManager: Invalid acquired message: 6, 1
04-07 16:06:17.818   779   779 I wificond: Regulatory domain changed to country: RU
04-07 16:06:17.819   779   779 I wificond: 2.4Ghz frequencies: 2412 2417 2422 2427 2432 2437 2442 2447 2452 2457 2462 2467 2472
04-07 16:06:17.819   779   779 I wificond: 5Ghz non-DFS frequencies:
04-07 16:06:17.819   779   779 I wificond: 5Ghz DFS frequencies:
04-07 16:06:17.864  2707  2707 I TelecomFramework: PstnIncomingCallNotifier: Unregistering: Handler (com.android.internal.telephony.GsmCdmaPhone) {2c2be4}
04-07 16:06:17.880  2707  2707 I TelecomFramework: AccountEntry: Registered phoneAccount: [[ ] PhoneAccount: ComponentInfo{com.android.phone/com.android.services.telephony.TelephonyConnectionService}, ***, UserHandle{0} Capabilities: SuppVideo CallProvider MultiUser PlaceEmerg SimSub  Audio Routes: BESW Schemes: tel voicemail  Extras: Bundle[{android.telecom.extra.SUPPORTS_VIDEO_CALLING_FALLBACK=true, android.telecom.extra.SORT_ORDER=0}] GroupId: ***] with handle: ComponentInfo{com.android.phone/com.android.services.telephony.TelephonyConnectionService}, ***, UserHandle{0}
04-07 16:06:17.881  2707  2707 I TelecomFramework: PstnIncomingCallNotifier: Registering: Handler (com.android.internal.telephony.GsmCdmaPhone) {2c2be4}
04-07 16:06:18.009  2707  2707 I TelecomFramework: PstnPhoneCapabilitiesNotifier: handleVideoCapabilitesChanged. Video capability - false
04-07 16:06:18.026  1368  1383 I chatty  : uid=1000(system) Binder:1368_2 expire 1 line
04-07 16:06:18.070   615   622 E NetlinkEvent: NetlinkEvent::FindParam(): Parameter 'INTERFACE' not found
04-07 16:06:18.070   615   622 E NetlinkEvent: NetlinkEvent::FindParam(): Parameter 'STATE' not found
04-07 16:06:18.070   615   622 E NetlinkEvent: NetlinkEvent::FindParam(): Parameter 'TIME_NS' not found
04-07 16:06:18.070   615   622 E NetlinkEvent: NetlinkEvent::FindParam(): Parameter 'UID' not found
04-07 16:06:18.162  1368  2404 I chatty  : uid=1000(system) ConnectivitySer expire 5 lines
04-07 16:06:18.218   615   622 E NetlinkEvent: NetlinkEvent::FindParam(): Parameter 'INTERFACE' not found
04-07 16:06:18.218   615   622 E NetlinkEvent: NetlinkEvent::FindParam(): Parameter 'STATE' not found
04-07 16:06:18.218   615   622 E NetlinkEvent: NetlinkEvent::FindParam(): Parameter 'TIME_NS' not found
04-07 16:06:18.218   615   622 E NetlinkEvent: NetlinkEvent::FindParam(): Parameter 'UID' not found
04-07 16:06:18.257  1368  1368 I chatty  : uid=1000 system_server expire 2 lines
04-07 16:06:18.607  1368  1477 I chatty  : uid=1000(system) ActivityManager expire 1 line
04-07 16:06:20.072  1368  1541 I chatty  : uid=1000(system) android.display expire 10 lines
04-07 16:06:20.093   593   593 D vold    : e4crypt_prepare_user_storage for volume null, user 0, serial 0, flags 2
04-07 16:06:20.093   593   593 D vold    : Preparing: /data/system_ce/0
04-07 16:06:20.093   593   593 D vold    : Preparing: /data/misc_ce/0
04-07 16:06:20.093   593   593 D vold    : Preparing: /data/vendor_ce/0
04-07 16:06:20.096   593   593 D vold    : Preparing: /data/media/0
04-07 16:06:20.096   593   593 D vold    : Preparing: /data/data
04-07 16:06:20.097   593   593 V vold    : Starting restorecon of /data/system_ce/0
04-07 16:06:20.134   593   593 V vold    : Finished restorecon of /data/system_ce/0
04-07 16:06:20.135   593   593 V vold    : Starting restorecon of /data/misc_ce/0
04-07 16:06:20.142   593   593 V vold    : Finished restorecon of /data/misc_ce/0
04-07 16:06:20.142   593   593 V vold    : /system/bin/vold_prepare_subdirs
04-07 16:06:20.142   593   593 V vold    :     prepare
04-07 16:06:20.142   593   593 V vold    :     
04-07 16:06:20.142   593   593 V vold    :     0
04-07 16:06:20.142   593   593 V vold    :     2
04-07 16:06:20.149  1368  2403 I chatty  : uid=1000(system) WifiP2pService expire 1 line
04-07 16:06:20.176  1368  1539 I chatty  : uid=1000(system) android.fg expire 155 lines
04-07 16:06:20.288  2535  2535 W FingerprintManager: Invalid acquired message: 6, 2
04-07 16:06:20.413  1368  1479 I chatty  : uid=1000(system) ActivityManager expire 6 lines
04-07 16:06:20.466   779   779 W wificond: Scan is not started. Ignore abort request
04-07 16:06:20.570  2656  2656 W ContextImpl: Calling a method in the system process without a qualified user: android.app.ContextImpl.startService:1531 android.content.ContextWrapper.startService:664 android.content.ContextWrapper.startService:664 com.qualcomm.qti.uceShimService.RCSReceiver.onReceive:41 android.app.ActivityThread.handleReceiver:3419 
04-07 16:06:20.636  2656  3288 W ContextImpl: Calling a method in the system process without a qualified user: android.app.ContextImpl.sendStickyBroadcast:1287 android.content.ContextWrapper.sendStickyBroadcast:571 com.qualcomm.qti.uceShimService.RCSService.startService:210 com.qualcomm.qti.uceShimService.RCSService.access$100:50 com.qualcomm.qti.uceShimService.RCSService$3.onReceive:287 
04-07 16:06:20.680  1368  1476 I chatty  : uid=1000(system) android.bg expire 2 lines
04-07 16:06:20.996  2535  2535 W FingerprintManager: Invalid acquired message: 6, 1
04-07 16:06:21.856  1368  1539 I chatty  : uid=1000(system) android.fg expire 135 lines
04-07 16:06:22.307  1368  2910 I chatty  : uid=1000(system) Binder:1368_9 expire 4 lines
04-07 16:06:22.357  1368  1477 I chatty  : uid=1000(system) ActivityManager expire 7 lines
04-07 16:06:22.358  1368  1540 I chatty  : uid=1000(system) android.io expire 1 line
04-07 16:06:22.359   593   593 D vold    : Linking /storage/emulated/0 to /mnt/user/0/primary
04-07 16:06:22.392  1368  1368 I chatty  : uid=1000 system_server expire 11 lines
04-07 16:06:22.400  1368  2227 I chatty  : uid=1000(system) StorageManagerS expire 1 line
04-07 16:06:22.579  2656  3288 W ContextImpl: Calling a method in the system process without a qualified user: android.app.ContextImpl.sendBroadcast:1005 android.content.ContextWrapper.sendBroadcast:444 com.qualcomm.qti.uceShimService.RCSService.postServiceDown:236 com.qualcomm.qti.uceShimService.RCSService.access$600:50 com.qualcomm.qti.uceShimService.RCSService$3.onReceive:289 
04-07 16:06:22.595  1368  3338 I chatty  : uid=1000(system) backup expire 10 lines
04-07 16:06:22.599  1368  3354 I chatty  : uid=1000(system) Binder:1368_A expire 1 line
04-07 16:06:22.682  1368  1479 I chatty  : uid=1000(system) ActivityManager expire 131 lines
04-07 16:06:22.882  1368  1368 I chatty  : uid=1000 system_server expire 7 lines
04-07 16:06:22.946  1368  1476 I chatty  : uid=1000(system) android.bg expire 6 lines
04-07 16:06:23.752  1368  2404 I chatty  : uid=1000(system) ConnectivitySer expire 6 lines
04-07 16:06:24.095  3549  3549 D ActivityThread: Loading provider ch.deletescape.lawnchair.ci.settings: com.android.launcher3.LauncherProvider
04-07 16:06:24.128   615   622 E NetlinkEvent: NetlinkEvent::FindParam(): Parameter 'INTERFACE' not found
04-07 16:06:24.128   615   622 E NetlinkEvent: NetlinkEvent::FindParam(): Parameter 'STATE' not found
04-07 16:06:24.128   615   622 E NetlinkEvent: NetlinkEvent::FindParam(): Parameter 'TIME_NS' not found
04-07 16:06:24.128   615   622 E NetlinkEvent: NetlinkEvent::FindParam(): Parameter 'UID' not found
04-07 16:06:24.581  1368  2910 I chatty  : uid=1000(system) Binder:1368_9 expire 2 lines
04-07 16:06:24.951   615   622 E NetlinkEvent: NetlinkEvent::FindParam(): Parameter 'INTERFACE' not found
04-07 16:06:24.951   615   622 E NetlinkEvent: NetlinkEvent::FindParam(): Parameter 'STATE' not found
04-07 16:06:24.951   615   622 E NetlinkEvent: NetlinkEvent::FindParam(): Parameter 'TIME_NS' not found
04-07 16:06:24.951   615   622 E NetlinkEvent: NetlinkEvent::FindParam(): Parameter 'UID' not found
04-07 16:06:25.335  1368  3338 I chatty  : uid=1000(system) backup expire 847 lines
--------- beginning of crash
04-07 16:06:25.463  3702  3702 E AndroidRuntime: FATAL EXCEPTION: main
04-07 16:06:25.463  3702  3702 E AndroidRuntime: Process: com.maxmpz.audioplayer, PID: 3702
04-07 16:06:25.463  3702  3702 E AndroidRuntime: java.lang.NoSuchMethodError: No direct method <init>()V in class Landroid/security/IKeyChainService$Stub; or its super classes (declaration of 'android.security.IKeyChainService$Stub' appears in /system/framework/framework.jar!classes2.dex)
04-07 16:06:25.463  3702  3702 E AndroidRuntime: 	at com.android.keychain.KeyChainService$1.<init>(KeyChainService.java:95)
04-07 16:06:25.463  3702  3702 E AndroidRuntime: 	at com.android.keychain.KeyChainService.<init>(KeyChainService.java:95)
04-07 16:06:25.463  3702  3702 E AndroidRuntime: 	at java.lang.Class.newInstance(Native Method)
04-07 16:06:25.463  3702  3702 E AndroidRuntime: 	at android.app.AppComponentFactory.instantiateService(AppComponentFactory.java:103)
04-07 16:06:25.463  3702  3702 E AndroidRuntime: 	at android.app.ActivityThread.handleCreateService(ActivityThread.java:3554)
04-07 16:06:25.463  3702  3702 E AndroidRuntime: 	at android.app.ActivityThread.access$1300(ActivityThread.java:202)
04-07 16:06:25.463  3702  3702 E AndroidRuntime: 	at android.app.ActivityThread$H.handleMessage(ActivityThread.java:1674)
04-07 16:06:25.463  3702  3702 E AndroidRuntime: 	at android.os.Handler.dispatchMessage(Handler.java:106)
04-07 16:06:25.463  3702  3702 E AndroidRuntime: 	at android.os.Looper.loop(Looper.java:193)
04-07 16:06:25.463  3702  3702 E AndroidRuntime: 	at android.app.ActivityThread.main(ActivityThread.java:6739)
04-07 16:06:25.463  3702  3702 E AndroidRuntime: 	at java.lang.reflect.Method.invoke(Native Method)
04-07 16:06:25.463  3702  3702 E AndroidRuntime: 	at com.android.internal.os.RuntimeInit$MethodAndArgsCaller.run(RuntimeInit.java:495)
04-07 16:06:25.463  3702  3702 E AndroidRuntime: 	at com.android.internal.os.ZygoteInit.main(ZygoteInit.java:859)
04-07 16:06:25.491  1368  1383 I chatty  : uid=1000(system) Binder:1368_2 expire 3 lines
04-07 16:06:25.491  1368  1477 I chatty  : uid=1000(system) ActivityManager expire 3 lines
04-07 16:06:25.555  1368  2804 I chatty  : uid=1000(system) Binder:1368_7 expire 4 lines
04-07 16:06:25.636  3367  3367 W KeyphraseEnrollmentInfo: No enrollment application supports the given keyphrase/locale: 'Ok Google'/ru_RU
04-07 16:06:25.636  3367  3367 W KeyphraseEnrollmentInfo: No enrollment application supports the given keyphrase/locale: 'Ok Google'/ru_RU
04-07 16:06:25.684  3367  3367 W KeyphraseEnrollmentInfo: No enrollment application supports the given keyphrase/locale: 'X Google'/ru_RU
04-07 16:06:25.684  3367  3367 W KeyphraseEnrollmentInfo: No enrollment application supports the given keyphrase/locale: 'X Google'/ru_RU
04-07 16:06:26.207  3845  3845 D ActivityThread: Loading provider com.whatsapp.provider.contact: com.whatsapp.contact.ContactProvider
04-07 16:06:26.376  1368  3819 I chatty  : uid=1000(system) Binder:1368_C expire 1 line
04-07 16:06:26.585  1368  1382 I chatty  : uid=1000(system) Binder:1368_1 expire 1 line
04-07 16:06:26.588   593   593 V vold    : /system/bin/sgdisk
04-07 16:06:26.588   593   593 V vold    :     --android-dump
04-07 16:06:26.588   593   593 V vold    :     /dev/block/vold/disk:179,64
04-07 16:06:26.741   593   593 V vold    : DISK mbr
04-07 16:06:26.741   593   593 V vold    : 
04-07 16:06:26.741   593   593 V vold    : PART 1 c
04-07 16:06:26.741   593   593 V vold    : 
04-07 16:06:26.743   593   593 V vold    : /system/bin/blkid
04-07 16:06:26.743   593   593 V vold    :     -c
04-07 16:06:26.743   593   593 V vold    :     /dev/null
04-07 16:06:26.743   593   593 V vold    :     -s
04-07 16:06:26.743   593   593 V vold    :     TYPE
04-07 16:06:26.743   593   593 V vold    :     -s
04-07 16:06:26.743   593   593 V vold    :     UUID
04-07 16:06:26.743   593   593 V vold    :     -s
04-07 16:06:26.743   593   593 V vold    :     LABEL
04-07 16:06:26.743   593   593 V vold    :     /dev/block/vold/public:179,65
04-07 16:06:26.788  2535  2535 W FingerprintManager: Invalid acquired message: 6, 1
04-07 16:06:26.895   593   593 V vold    : /dev/block/vold/public:179,65: UUID="4281-150E" TYPE="vfat" 
04-07 16:06:26.895   593   593 V vold    : 
04-07 16:06:26.896   593   593 V vold    : /system/bin/fsck_msdos
04-07 16:06:26.896   593   593 V vold    :     -p
04-07 16:06:26.897   593   593 V vold    :     -f
04-07 16:06:26.897   593   593 V vold    :     /dev/block/vold/public:179,65
04-07 16:06:27.318  1368  3355 I chatty  : uid=1000(system) Binder:1368_B expire 1 line
04-07 16:06:27.396  3549  3549 E SchedPolicy: set_timerslack_ns write failed: Operation not permitted
04-07 16:06:27.850   593   593 I vold    : Filesystem check completed OK
04-07 16:06:27.888   593   593 V vold    : Waiting for FUSE to spin up...
04-07 16:06:27.906  4108  4108 W sdcard  : Device explicitly enabled sdcardfs
04-07 16:06:27.940  1368  2227 I chatty  : uid=1000(system) StorageManagerS expire 2 lines
04-07 16:06:28.000  3549  3549 E SchedPolicy: set_timerslack_ns write failed: Operation not permitted
04-07 16:06:28.015  1368  1479 I chatty  : uid=1000(system) ActivityManager expire 88 lines
04-07 16:06:28.097  1368  1383 I chatty  : uid=1000(system) Binder:1368_2 expire 4 lines
04-07 16:06:28.304  3549  3549 E SchedPolicy: set_timerslack_ns write failed: Operation not permitted
04-07 16:06:28.304  3549  3549 E SchedPolicy: set_timerslack_ns write failed: Operation not permitted
04-07 16:06:28.401  2707  2707 I TelecomFramework: PstnPhoneCapabilitiesNotifier: handleVideoCapabilitesChanged. Video capability - true
04-07 16:06:28.435  1368  1382 I chatty  : uid=1000(system) Binder:1368_1 expire 2 lines
04-07 16:06:28.617  1368  2855 I chatty  : uid=1000(system) Binder:1368_8 expire 3 lines
04-07 16:06:28.915  1368  2438 I chatty  : uid=1000(system) Binder:1368_4 expire 2 lines
04-07 16:06:29.508  3549  3549 E SchedPolicy: set_timerslack_ns write failed: Operation not permitted
04-07 16:06:30.374  1368  2602 I chatty  : uid=1000(system) Binder:1368_5 expire 5 lines
04-07 16:06:30.395  1368  2804 I chatty  : uid=1000(system) Binder:1368_7 expire 3 lines
04-07 16:06:30.396  1368  1477 I chatty  : uid=1000(system) ActivityManager expire 7 lines
04-07 16:06:31.087  1368  1540 I chatty  : uid=1000(system) android.io expire 12 lines
04-07 16:06:31.585  1368  3354 I chatty  : uid=1000(system) Binder:1368_A expire 1 line
04-07 16:06:31.711  1368  1368 I chatty  : uid=1000 system_server expire 12 lines
04-07 16:06:32.278  1368  1541 I chatty  : uid=1000(system) android.display expire 2 lines
04-07 16:06:32.492  1368  2603 I chatty  : uid=1000(system) Binder:1368_6 expire 4 lines
04-07 16:06:33.079  1368  1505 I chatty  : uid=1000(system) batterystats-wo expire 5 lines
04-07 16:06:33.649  1368  3355 I chatty  : uid=1000(system) Binder:1368_B expire 1 line
04-07 16:06:34.926  1368  4610 I chatty  : uid=1000 system_server expire 6 lines
04-07 16:06:35.956  2656  2656 W ContextImpl: Calling a method in the system process without a qualified user: android.app.ContextImpl.startService:1531 android.content.ContextWrapper.startService:664 android.content.ContextWrapper.startService:664 com.qti.dpmserviceapp.DpmServiceAppReceiver.onReceive:33 android.app.ActivityThread.handleReceiver:3419 
04-07 16:06:35.970  2656  2656 W ContextImpl: Calling a method in the system process without a qualified user: android.app.ContextImpl.sendStickyBroadcast:1287 android.content.ContextWrapper.sendStickyBroadcast:571 com.qti.dpm.DpmService.<init>:938 com.qti.dpmserviceapp.DpmServiceApp.onCreate:32 android.app.ActivityThread.handleCreateService:3572 
04-07 16:06:36.571  1368  1476 I chatty  : uid=1000(system) android.bg expire 1 line
04-07 16:06:36.703  1368  4736 I chatty  : uid=1000(system) IzatProvider expire 3 lines
04-07 16:06:37.286  2707  2707 I TelecomFramework: : Carrier-config changed, checking for phone account updates.
04-07 16:06:37.301  2707  2707 I TelecomFramework: AccountEntry: reRegisterPstnPhoneAccount: subId: 1 - no change
04-07 16:06:37.391  1368  1479 I chatty  : uid=1000(system) ActivityManager expire 102 lines
04-07 16:06:37.534  1368  2804 I chatty  : uid=1000(system) Binder:1368_7 expire 11 lines
04-07 16:06:37.707  1368  2855 I chatty  : uid=1000(system) Binder:1368_8 expire 3 lines
04-07 16:06:37.728  1368  1368 I chatty  : uid=1000 system_server expire 5 lines
04-07 16:06:37.959  1368  2602 I chatty  : uid=1000(system) Binder:1368_5 expire 6 lines
04-07 16:06:40.015  1368  2438 I chatty  : uid=1000(system) Binder:1368_4 expire 1 line
04-07 16:06:40.307   615   622 E NetlinkEvent: NetlinkEvent::FindParam(): Parameter 'INTERFACE' not found
04-07 16:06:40.307   615   622 E NetlinkEvent: NetlinkEvent::FindParam(): Parameter 'STATE' not found
04-07 16:06:40.307   615   622 E NetlinkEvent: NetlinkEvent::FindParam(): Parameter 'TIME_NS' not found
04-07 16:06:40.307   615   622 E NetlinkEvent: NetlinkEvent::FindParam(): Parameter 'UID' not found
04-07 16:06:40.646  1368  1383 I chatty  : uid=1000(system) Binder:1368_2 expire 1 line
04-07 16:06:41.539  1368  1541 I chatty  : uid=1000(system) android.display expire 1 line
04-07 16:06:42.654  1368  1477 I chatty  : uid=1000(system) ActivityManager expire 1 line
04-07 16:06:42.809  1368  2910 I chatty  : uid=1000(system) Binder:1368_9 expire 1 line
04-07 16:06:43.301  1368  2221 I chatty  : uid=1000(system) InputDispatcher expire 1 line
04-07 16:06:43.846  1368  2603 I chatty  : uid=1000(system) Binder:1368_6 expire 2 lines
04-07 16:06:45.550  2656  2656 W ContextImpl: Calling a method in the system process without a qualified user: android.app.ContextImpl.startService:1531 android.content.ContextWrapper.startService:664 android.content.ContextWrapper.startService:664 com.qualcomm.qti.uceShimService.RCSReceiver.onReceive:41 android.app.ActivityThread.handleReceiver:3419 
04-07 16:06:45.660   615   622 E NetlinkEvent: NetlinkEvent::FindParam(): Parameter 'INTERFACE' not found
04-07 16:06:45.661   615   622 E NetlinkEvent: NetlinkEvent::FindParam(): Parameter 'STATE' not found
04-07 16:06:45.661   615   622 E NetlinkEvent: NetlinkEvent::FindParam(): Parameter 'TIME_NS' not found
04-07 16:06:45.661   615   622 E NetlinkEvent: NetlinkEvent::FindParam(): Parameter 'UID' not found
04-07 16:06:45.837  1368  5235 I chatty  : uid=1000(system) Binder:1368_D expire 1 line
04-07 16:06:46.425  1368  2415 I chatty  : uid=1000(system) Binder:1368_3 expire 1 line
04-07 16:06:46.819  1368  5626 I chatty  : uid=1000(system) Binder:1368_E expire 1 line
04-07 16:06:47.977  5870  5870 D ActivityThread: Loading provider com.google.android.gm.sapi: com.google.android.gm.sapi.SapiUiProvider
04-07 16:06:48.240  1368  3354 I chatty  : uid=1000(system) Binder:1368_A expire 17 lines
04-07 16:06:48.264  1368  2593 I chatty  : uid=1000(system) uteStateMachine expire 16 lines
04-07 16:06:48.264  1368  2595 I chatty  : uid=1000(system) CallAudioModeSt expire 5 lines
04-07 16:06:48.269  1368  1368 I chatty  : uid=1000 system_server expire 21 lines
04-07 16:06:48.304  1368  5235 I chatty  : uid=1000(system) Binder:1368_D expire 1 line
04-07 16:06:48.418  1368  5626 I chatty  : uid=1000(system) Binder:1368_E expire 4 lines
04-07 16:06:48.505  1368  2438 I chatty  : uid=1000(system) Binder:1368_4 expire 3 lines
04-07 16:06:48.562  1368  3355 I chatty  : uid=1000(system) Binder:1368_B expire 1 line
04-07 16:06:48.586  1368  2910 I chatty  : uid=1000(system) Binder:1368_9 expire 41 lines
04-07 16:06:48.588  2707  2707 I Telephony: TelephonyConnectionService: onCreateOutgoingConnection, request: ConnectionRequest xxxxxxxxxxxxxxx Bundle[touchPoint=Point(970, 772), org.codeaurora.extra.CALL_DOMAIN=0, android.telecom.extra.START_CALL_WITH_VIDEO_STATE=0, android.telecom.extra.CALL_TELECOM_ROUTING_END_TIME_MILLIS=65844, android.telecom.extra.CALL_CREATED_TIME_MILLIS=65811, android.telecom.extra.CALL_TELECOM_ROUTING_START_TIME_MILLIS=65844, com.android.dialer.callintent.CALL_SPECIFIC_APP_DATA=[B@b18f3b4, ]: (SBC.oSC)->CS.crCo->H.CS.crCo->H.CS.crCo.pICR@E-AM4
04-07 16:06:48.604  2707  2707 I Telephony: TelephonyConnectionService: updatePhoneAccount setPhoneAccountHandle, account = ComponentInfo{com.android.phone/com.android.services.telephony.TelephonyConnectionService}, ***, UserHandle{0}: (SBC.oSC)->CS.crCo->H.CS.crCo->H.CS.crCo.pICR@E-AM4
04-07 16:06:48.821  1368  2602 I chatty  : uid=1000(system) Binder:1368_5 expire 2 lines
04-07 16:06:48.849  2707  2707 I Telephony: GsmConnection: isAddParticipantCapable: isCapable = false: (SBC.oSC)->CS.crCo->H.CS.crCo->H.CS.crCo.pICR@E-AM4
04-07 16:06:48.901  2707  2707 I chatty  : uid=1001(radio) com.android.phone identical 3 lines
04-07 16:06:48.920  2707  2707 I Telephony: GsmConnection: isAddParticipantCapable: isCapable = false: (SBC.oSC)->CS.crCo->H.CS.crCo->H.CS.crCo.pICR@E-AM4
04-07 16:06:48.938  2707  2707 I Telephony: GsmConnection: isAddParticipantCapable: isCapable = false
04-07 16:06:48.940  2707  2707 I Telephony: GsmConnection: isAddParticipantCapable: isCapable = false
04-07 16:06:48.957  1368  1477 I chatty  : uid=1000(system) ActivityManager expire 4 lines
04-07 16:06:48.972  2707  2707 I Telephony: TelephonyConnectionService: notifyCreateConnectionComplete TC@1_1: (...->CSW.hCCC)->CS.crCoC->H.CS.crCoC@E-E-E-AM4
04-07 16:06:48.975  2707  2707 I Telephony: TelephonyConnectionService: updatePhoneAccount setPhoneAccountHandle, account = ComponentInfo{com.android.phone/com.android.services.telephony.TelephonyConnectionService}, ***, UserHandle{0}: (...->CSW.hCCC)->CS.crCoC->H.CS.crCoC@E-E-E-AM4
04-07 16:06:48.999  1368  1479 I chatty  : uid=1000(system) ActivityManager expire 24 lines
04-07 16:06:49.804  2707  2707 I Telephony: GsmConnection: isAddParticipantCapable: isCapable = false
04-07 16:06:49.808  2707  2707 I Telephony: GsmConnection: isAddParticipantCapable: isCapable = false
04-07 16:06:49.810  2707  2707 I Telephony: GsmConnection: isAddParticipantCapable: isCapable = false
04-07 16:06:49.821  1368  2415 I chatty  : uid=1000(system) Binder:1368_3 expire 3 lines
04-07 16:06:51.773  2707  2707 I Telephony: GsmConnection: isAddParticipantCapable: isCapable = false
04-07 16:06:51.774  1368  1382 I chatty  : uid=1000(system) Binder:1368_1 expire 5 lines
04-07 16:06:51.778  2707  2707 I Telephony: GsmConnection: isAddParticipantCapable: isCapable = false
04-07 16:06:51.779  1368  2603 I chatty  : uid=1000(system) Binder:1368_6 expire 20 lines
04-07 16:06:51.782  2707  2707 I Telephony: GsmConnection: isAddParticipantCapable: isCapable = true
04-07 16:06:51.786  2707  2707 I Telephony: GsmConnection: isAddParticipantCapable: isCapable = true
04-07 16:06:53.511  2707  2707 I Telephony: ImsVideoCallProviderWrapper: onSendSessionModifyRequest: fromVideoState=Audio Only, toVideoState=Audio Tx Rx; 
04-07 16:06:53.618  1368  2855 I chatty  : uid=1000(system) Binder:1368_8 expire 2 lines
04-07 16:06:53.656  3081  3081 W TelecomFramework: VideoCallImpl: setCamera: cameraId=1, calling=com.android.dialer
04-07 16:06:53.664  1368  2438 I chatty  : uid=1000(system) Binder:1368_4 expire 1 line
04-07 16:06:53.788  1368  1479 I chatty  : uid=1000(system) ActivityManager expire 48 lines
04-07 16:06:53.802  1368  1368 I chatty  : uid=1000 system_server expire 15 lines
04-07 16:06:53.820  1368  1382 I chatty  : uid=1000(system) Binder:1368_1 expire 1 line
04-07 16:06:53.994  1368  1476 I chatty  : uid=1000(system) android.bg expire 2 lines
04-07 16:06:54.144  1368  1383 I chatty  : uid=1000(system) Binder:1368_2 expire 1 line
04-07 16:06:54.161  1368  2415 I chatty  : uid=1000(system) Binder:1368_3 expire 3 lines
04-07 16:06:54.228  1368  2602 I chatty  : uid=1000(system) Binder:1368_5 expire 2 lines
04-07 16:06:54.657  1368  2603 I chatty  : uid=1000(system) Binder:1368_6 expire 2 lines
04-07 16:06:54.850  7185  7185 D ActivityThread: Loading provider com.whatsapp.provider.contact: com.whatsapp.contact.ContactProvider
04-07 16:06:55.498  1368  2804 I chatty  : uid=1000(system) Binder:1368_7 expire 4 lines
04-07 16:06:55.685  1368  7175 I chatty  : uid=1000(system) Binder:1368_F expire 30 lines
04-07 16:06:56.116  3081  3081 W TelecomFramework: VideoCallImpl: setCamera: cameraId=null, calling=com.android.dialer
04-07 16:06:56.123  1368  5235 I chatty  : uid=1000(system) Binder:1368_D expire 9 lines
04-07 16:06:56.216  1368  5626 I chatty  : uid=1000(system) Binder:1368_E expire 5 lines
04-07 16:06:56.217  2707  2707 I Telephony: GsmConnection: isAddParticipantCapable: isCapable = false
04-07 16:06:56.220  2707  2707 I Telephony: GsmConnection: isAddParticipantCapable: isCapable = false
04-07 16:06:56.470  2707  6147 I Telephony: : onDisconnect: callId=TC@1_1, cause=LOCAL
04-07 16:06:56.484  2707  2707 I Telephony: GsmConnection: isAddParticipantCapable: isCapable = false
04-07 16:06:56.489  2707  2707 I Telephony: GsmConnection: isAddParticipantCapable: isCapable = false
04-07 16:06:56.490  2707  2707 I Telephony: GsmConnection: isAddParticipantCapable: isCapable = false
04-07 16:06:56.501  1368  1477 I chatty  : uid=1000(system) ActivityManager expire 8 lines
04-07 16:06:56.524  1368  2593 I chatty  : uid=1000(system) uteStateMachine expire 13 lines
04-07 16:06:56.525  1368  2595 I chatty  : uid=1000(system) CallAudioModeSt expire 5 lines
04-07 16:06:56.534  1368  2585 I chatty  : uid=1000(system) BluetoothRouteM expire 1 line
04-07 16:06:58.011  1368  2910 I chatty  : uid=1000(system) Binder:1368_9 expire 6 lines
04-07 16:06:58.173  1368  1479 I chatty  : uid=1000(system) ActivityManager expire 27 lines
04-07 16:06:58.476  1368  2415 I chatty  : uid=1000(system) Binder:1368_3 expire 1 line
04-07 16:06:58.542  1368  1368 I chatty  : uid=1000 system_server expire 17 lines
04-07 16:06:59.041  1368  7175 I chatty  : uid=1000(system) Binder:1368_F expire 3 lines
04-07 16:06:59.406  1368  5235 I chatty  : uid=1000(system) Binder:1368_D expire 19 lines
04-07 16:06:59.424  1368  2595 I chatty  : uid=1000(system) CallAudioModeSt expire 4 lines
04-07 16:06:59.427  1368  2593 I chatty  : uid=1000(system) uteStateMachine expire 16 lines
04-07 16:06:59.468  1368  2804 I chatty  : uid=1000(system) Binder:1368_7 expire 10 lines
04-07 16:06:59.552  1368  1382 I chatty  : uid=1000(system) Binder:1368_1 expire 1 line
04-07 16:06:59.726  2707  2707 I Telephony: TelephonyConnectionService: onCreateOutgoingConnection, request: ConnectionRequest xxxxxxxxxxxxxxx Bundle[touchPoint=Point(994, 585), org.codeaurora.extra.CALL_DOMAIN=0, android.telecom.extra.START_CALL_WITH_VIDEO_STATE=0, android.telecom.extra.CALL_TELECOM_ROUTING_END_TIME_MILLIS=77007, android.telecom.extra.CALL_CREATED_TIME_MILLIS=76982, android.telecom.extra.CALL_TELECOM_ROUTING_START_TIME_MILLIS=77007, com.android.dialer.callintent.CALL_SPECIFIC_APP_DATA=[B@c5d63e0, ]: (SBC.oSC)->CS.crCo->H.CS.crCo->H.CS.crCo.pICR@E-Avo
04-07 16:06:59.745  2707  2707 I Telephony: TelephonyConnectionService: updatePhoneAccount setPhoneAccountHandle, account = ComponentInfo{com.android.phone/com.android.services.telephony.TelephonyConnectionService}, ***, UserHandle{0}: (SBC.oSC)->CS.crCo->H.CS.crCo->H.CS.crCo.pICR@E-Avo
04-07 16:06:59.902  2707  2707 I Telephony: GsmConnection: isAddParticipantCapable: isCapable = false: (SBC.oSC)->CS.crCo->H.CS.crCo->H.CS.crCo.pICR@E-Avo
04-07 16:06:59.943  2707  2707 I chatty  : uid=1001(radio) com.android.phone identical 3 lines
04-07 16:06:59.963  2707  2707 I Telephony: GsmConnection: isAddParticipantCapable: isCapable = false: (SBC.oSC)->CS.crCo->H.CS.crCo->H.CS.crCo.pICR@E-Avo
04-07 16:06:59.965  1368  3354 I chatty  : uid=1000(system) Binder:1368_A expire 31 lines
04-07 16:06:59.973  2707  2707 I Telephony: GsmConnection: isAddParticipantCapable: isCapable = false
04-07 16:06:59.983  2707  2707 I Telephony: GsmConnection: isAddParticipantCapable: isCapable = false
04-07 16:06:59.996  1368  1477 I chatty  : uid=1000(system) ActivityManager expire 5 lines
04-07 16:07:00.015  1368  2603 I chatty  : uid=1000(system) Binder:1368_6 expire 6 lines
04-07 16:07:00.015  2707  2707 I Telephony: TelephonyConnectionService: notifyCreateConnectionComplete TC@2_1: (...->CSW.hCCC)->CS.crCoC->H.CS.crCoC@E-E-E-Avo
04-07 16:07:00.019  2707  2707 I Telephony: TelephonyConnectionService: updatePhoneAccount setPhoneAccountHandle, account = ComponentInfo{com.android.phone/com.android.services.telephony.TelephonyConnectionService}, ***, UserHandle{0}: (...->CSW.hCCC)->CS.crCoC->H.CS.crCoC@E-E-E-Avo
04-07 16:07:00.712  1368  1383 I chatty  : uid=1000(system) Binder:1368_2 expire 29 lines
04-07 16:07:00.736  2707  2707 I Telephony: GsmConnection: isAddParticipantCapable: isCapable = false
04-07 16:07:00.741  2707  2707 I Telephony: GsmConnection: isAddParticipantCapable: isCapable = false
04-07 16:07:00.744  2707  2707 I Telephony: GsmConnection: isAddParticipantCapable: isCapable = false
04-07 16:07:02.184  2707  2707 I Telephony: GsmConnection: isAddParticipantCapable: isCapable = false
04-07 16:07:02.184  1368  5235 I chatty  : uid=1000(system) Binder:1368_D expire 19 lines
04-07 16:07:02.194  2707  2707 I Telephony: GsmConnection: isAddParticipantCapable: isCapable = false
04-07 16:07:02.200  1368  2595 I chatty  : uid=1000(system) CallAudioModeSt expire 8 lines
04-07 16:07:02.207  2707  2707 I Telephony: GsmConnection: isAddParticipantCapable: isCapable = true
04-07 16:07:02.209  1368  2910 I chatty  : uid=1000(system) Binder:1368_9 expire 15 lines
04-07 16:07:02.209  2707  2707 I Telephony: GsmConnection: isAddParticipantCapable: isCapable = true
04-07 16:07:02.223  1368  2804 I chatty  : uid=1000(system) Binder:1368_7 expire 9 lines
04-07 16:07:03.516  1368  7398 I chatty  : uid=1000(system) Binder:1368_10 expire 3 lines
04-07 16:07:04.756  2707  2707 I Telephony: GsmConnection: isAddParticipantCapable: isCapable = false
04-07 16:07:04.763  2707  2707 I Telephony: GsmConnection: isAddParticipantCapable: isCapable = false
04-07 16:07:04.772  1368  7175 I chatty  : uid=1000(system) Binder:1368_F expire 22 lines
04-07 16:07:04.968  2707  7558 I Telephony: : onDisconnect: callId=TC@2_1, cause=LOCAL
04-07 16:07:04.970  2707  2707 I Telephony: GsmConnection: isAddParticipantCapable: isCapable = false
04-07 16:07:04.976  2707  2707 I Telephony: GsmConnection: isAddParticipantCapable: isCapable = false
04-07 16:07:04.976  2707  2707 I Telephony: GsmConnection: isAddParticipantCapable: isCapable = false
04-07 16:07:04.984  1368  1477 I chatty  : uid=1000(system) ActivityManager expire 3 lines
04-07 16:07:05.000  1368  2593 I chatty  : uid=1000(system) uteStateMachine expire 13 lines
04-07 16:07:05.007  1368  2585 I chatty  : uid=1000(system) BluetoothRouteM expire 1 line
04-07 16:07:07.004  1368  1368 I chatty  : uid=1000 system_server expire 7 lines
04-07 16:07:07.116  1368  2855 I chatty  : uid=1000(system) Binder:1368_8 expire 2 lines
04-07 16:07:07.136  1368  2195 I chatty  : uid=1000(system) android.anim expire 1 line
04-07 16:07:07.264  1368  1505 I chatty  : uid=1000(system) batterystats-wo expire 4 lines
04-07 16:07:07.378  1368  1479 I chatty  : uid=1000(system) ActivityManager expire 6 lines
04-07 16:07:08.992  1368  1382 I chatty  : uid=1000(system) Binder:1368_1 expire 2 lines
04-07 16:07:09.911  1368  2415 I chatty  : uid=1000(system) Binder:1368_3 expire 2 lines
04-07 16:07:16.062  2707  2707 I Telephony: PstnPhoneCapabilitiesNotifier: handleVideoCapabilitesChanged. Video capability - false
04-07 16:07:16.226  2707  2707 I Telephony: PstnPhoneCapabilitiesNotifier: handleVideoCapabilitesChanged. Video capability - true
04-07 16:07:16.513  2707  2707 I Telephony: PstnPhoneCapabilitiesNotifier: handleVideoCapabilitesChanged. Video capability - false
04-07 16:07:16.531  1368  1383 I chatty  : uid=1000(system) Binder:1368_2 expire 1 line
04-07 16:07:22.155  1368  2221 I chatty  : uid=1000(system) InputDispatcher expire 1 line
04-07 16:07:24.156  1368  2593 I chatty  : uid=1000(system) uteStateMachine expire 26 lines
04-07 16:07:24.249  1368  1368 I chatty  : uid=1000 system_server expire 11 lines
04-07 16:07:24.280  1368  1383 I chatty  : uid=1000(system) Binder:1368_2 expire 33 lines
04-07 16:07:24.281  2707  2707 I Telephony: TelephonyConnectionService: onCreateOutgoingConnection, request: ConnectionRequest xxxxxxxxxxxxxxx Bundle[touchPoint=Point(969, 558), org.codeaurora.extra.CALL_DOMAIN=0, android.telecom.extra.START_CALL_WITH_VIDEO_STATE=0, android.telecom.extra.CALL_TELECOM_ROUTING_END_TIME_MILLIS=101739, android.telecom.extra.CALL_CREATED_TIME_MILLIS=101715, android.telecom.extra.CALL_TELECOM_ROUTING_START_TIME_MILLIS=101739, com.android.dialer.callintent.CALL_SPECIFIC_APP_DATA=[B@bd77b3, ]: (SBC.oSC)->CS.crCo->H.CS.crCo->H.CS.crCo.pICR@E-BTU
04-07 16:07:24.288  2707  2707 I Telephony: TelephonyConnectionService: updatePhoneAccount setPhoneAccountHandle, account = ComponentInfo{com.android.phone/com.android.services.telephony.TelephonyConnectionService}, ***, UserHandle{0}: (SBC.oSC)->CS.crCo->H.CS.crCo->H.CS.crCo.pICR@E-BTU
04-07 16:07:24.371  2707  2707 I Telephony: GsmConnection: isAddParticipantCapable: isCapable = false: (SBC.oSC)->CS.crCo->H.CS.crCo->H.CS.crCo.pICR@E-BTU
04-07 16:07:24.376  2707  2707 I chatty  : uid=1001(radio) com.android.phone identical 3 lines
04-07 16:07:24.382  2707  2707 I Telephony: GsmConnection: isAddParticipantCapable: isCapable = false: (SBC.oSC)->CS.crCo->H.CS.crCo->H.CS.crCo.pICR@E-BTU
04-07 16:07:24.387  1368  2595 I chatty  : uid=1000(system) CallAudioModeSt expire 8 lines
04-07 16:07:24.405  1368  1477 I chatty  : uid=1000(system) ActivityManager expire 10 lines
04-07 16:07:24.412  2707  2707 I Telephony: TelephonyConnectionService: notifyCreateConnectionComplete TC@3_1: (...->CSW.hCCC)->CS.crCoC->H.CS.crCoC@E-E-E-BTU
04-07 16:07:24.415  2707  2707 I Telephony: TelephonyConnectionService: updatePhoneAccount setPhoneAccountHandle, account = ComponentInfo{com.android.phone/com.android.services.telephony.TelephonyConnectionService}, ***, UserHandle{0}: (...->CSW.hCCC)->CS.crCoC->H.CS.crCoC@E-E-E-BTU
04-07 16:07:24.418  1368  2603 I chatty  : uid=1000(system) Binder:1368_6 expire 5 lines
04-07 16:07:24.597  2707  2707 I Telephony: GsmConnection: isAddParticipantCapable: isCapable = false
04-07 16:07:24.597  2707  2707 I Telephony: GsmConnection: isAddParticipantCapable: isCapable = false
04-07 16:07:24.597  1368  7175 I chatty  : uid=1000(system) Binder:1368_F expire 15 lines
04-07 16:07:25.858  2707  2707 I Telephony: PstnIncomingCallNotifier: Unregistering: Handler (com.android.internal.telephony.GsmCdmaPhone) {2c2be4}
04-07 16:07:25.875  1368  2804 I chatty  : uid=1000(system) Binder:1368_7 expire 41 lines
04-07 16:07:25.879  2707  2707 I Telephony: AccountEntry: Registered phoneAccount: [[ ] PhoneAccount: ComponentInfo{com.android.phone/com.android.services.telephony.TelephonyConnectionService}, ***, UserHandle{0} Capabilities: SuppVideo CallProvider MultiUser PlaceEmerg SimSub  Audio Routes: BESW Schemes: tel voicemail  Extras: Bundle[{android.telecom.extra.SUPPORTS_VIDEO_CALLING_FALLBACK=true, android.telecom.extra.SORT_ORDER=0}] GroupId: ***] with handle: ComponentInfo{com.android.phone/com.android.services.telephony.TelephonyConnectionService}, ***, UserHandle{0}
04-07 16:07:25.879  2707  2707 I Telephony: PstnIncomingCallNotifier: Registering: Handler (com.android.internal.telephony.GsmCdmaPhone) {2c2be4}
