04-07 16:26:43.220   780   780 I OMXMaster: makeComponentInstance(OMX.google.raw.decoder) in omx@1.0-service process
04-07 16:26:43.239   636   636 W AshmemAllocator: ashmem_create_region(65536) returning hidl_memory(0x749202c100, 65536)
04-07 16:26:43.257   636   636 I chatty  : uid=1000(system) allocator@1.0-s identical 6 lines
04-07 16:26:43.257   636   636 W AshmemAllocator: ashmem_create_region(65536) returning hidl_memory(0x749202c100, 65536)
04-07 16:26:43.259   770   975 D MediaBufferGroup: creating MemoryDealer
04-07 16:26:43.280 10866 10935 W AudioTrack: AUDIO_OUTPUT_FLAG_FAST denied by server; frameCount 0 -> 4354
04-07 16:26:43.282   638   733 D audio_hw_primary: out_set_parameters: enter: usecase(1: low-latency-playback) kvpairs: routing=2
04-07 16:26:43.282   638   733 D audio_hw_extn: audio_extn_set_anc_parameters: anc_enabled:0
04-07 16:26:43.282   638   733 D audio_hw_spkr_prot: audio_extn_fbsp_set_parameters: Speaker protection disabled
04-07 16:26:43.287   638  7337 D audio_hw_primary: start_output_stream: enter: stream(0xe8608000)usecase(1: low-latency-playback) devices(0x2)
04-07 16:26:43.287   662   698 I chatty  : uid=0(root) perf@1.0-servic expire 1 line
04-07 16:26:43.287   638  7337 D audio_hw_primary: select_devices for use case (low-latency-playback)
04-07 16:26:43.287   638  7337 D audio_hw_primary: select_devices: out_snd_device(2: speaker) in_snd_device(0: )
04-07 16:26:43.287   638  7337 I msm8916_platform: platform_check_and_set_codec_backend_cfg:becf: afe: bitwidth 16, samplerate 48000 channels 2, backend_idx 0 usecase = 1 device (speaker)
04-07 16:26:43.287   638  7337 D msm8916_platform: platform_split_snd_device: snd_device(2) num devices(1) new_snd_devices(0)
04-07 16:26:43.287   638  7337 I msm8916_platform: platform_check_and_set_codec_backend_cfg: becf: new_snd_devices[0] is speaker
04-07 16:26:43.287   638  7337 I msm8916_platform: platform_check_codec_backend_cfg:becf: afe: Codec selected backend: 0 current bit width: 16 sample rate: 48000 channels: 2 usecase 1 device (speaker)
04-07 16:26:43.287   638  7337 D msm8916_platform: platform_check_codec_backend_cfg:becf: afe: playback on codec device not supporting native playback set default Sample Rate(48k)
04-07 16:26:43.287   638  7337 I msm8916_platform: platform_check_codec_backend_cfg:becf: afe: Codec selected backend: 0 updated bit width: 16 sample rate: 48000 channels: 2
04-07 16:26:43.287   638  7337 D audio_hw_primary: check_usecases_codec_backend:becf: force routing 0
04-07 16:26:43.287   638  7337 E msm8916_platform: platform_check_backends_match: Invalid snd_device = 
04-07 16:26:43.287   638  7337 D audio_hw_primary: check_usecases_codec_backend:becf: (63) check_usecases curr device: speaker, usecase device: backends match 0
04-07 16:26:43.287   638  7337 D audio_hw_primary: check_usecases_codec_backend:becf: check_usecases num.of Usecases to switch 0
04-07 16:26:43.287   638  7337 D hardware_info: hw_info_append_hw_type : device_name = speaker
04-07 16:26:43.288   638  7337 D msm8916_platform: platform_split_snd_device: snd_device(2) num devices(0) new_snd_devices(0)
04-07 16:26:43.288   638  7337 D audio_hw_primary: enable_snd_device: snd_device(2: speaker)
04-07 16:26:43.288   638  7337 I soundtrigger: audio_extn_sound_trigger_update_device_status: device 0x2 of type 0 for Event 1, with Raise=0
04-07 16:26:43.288   638  7337 D audio_route: Apply path: speaker
04-07 16:26:43.288   638  7337 D hardware_info: hw_info_append_hw_type : device_name = vi-feedback
04-07 16:26:43.288   638  7337 D msm8916_platform: platform_split_snd_device: snd_device(117) num devices(0) new_snd_devices(-358480707)
04-07 16:26:43.288   638  7337 D audio_hw_primary: enable_snd_device: snd_device(117: vi-feedback)
04-07 16:26:43.288   638  7337 I soundtrigger: audio_extn_sound_trigger_update_device_status: device 0x75 of type 1 for Event 1, with Raise=0
04-07 16:26:43.288   638  7337 D audio_route: Apply path: vi-feedback
04-07 16:26:43.288   638  7337 D soundtrigger: audio_extn_sound_trigger_update_stream_status: uc_info->id 48 of type 1 for Event 3, with Raise=1
04-07 16:26:43.288   638  7337 D soundtrigger: audio_extn_sound_trigger_update_stream_status: send event 13: usecase id 48, type 1
04-07 16:26:43.288   638  7337 I sound_trigger_platform: platform_stdev_check_and_update_concurrency: Received STREAM event, event type 13, usecase type 1
04-07 16:26:43.288   638  7337 D sound_trigger_platform: platform_stdev_check_and_update_concurrency: dedicated path 0, reset backend 1, tx 0, rx 0,concurrency session not allowed
04-07 16:26:43.288   638  7337 D audio_hw_utils: audio_extn_utils_send_app_type_cfg: usecase->in_snd_device vi-feedback
04-07 16:26:43.288   638  7337 E voice   : voice_is_in_call_rec_stream: input stream is NULL
04-07 16:26:43.288   638  7337 D msm8916_platform: platform_split_snd_device: snd_device(117) num devices(0) new_snd_devices(0)
04-07 16:26:43.288   638  7337 E audio_hw_utils: send_app_type_cfg_for_device: Could not get ctl for mixer cmd - Audio Stream Capture 40 App Type Cfg
04-07 16:26:43.288   638  7337 E voice   : voice_is_in_call_rec_stream: input stream is NULL
04-07 16:26:43.288   638  7337 D msm8916_platform: platform_split_snd_device: snd_device(117) num devices(1) new_snd_devices(0)
04-07 16:26:43.288   638  7337 D ACDB-LOADER: ACDB -> send_audio_cal, acdb_id = 102, path = 1, app id = 0x11132, sample rate = 48000
04-07 16:26:43.288   638  7337 D ACDB-LOADER: ACDB -> send_asm_topology
04-07 16:26:43.288   638  7337 D ACDB-LOADER: ACDB -> ACDB_CMD_GET_AUDPROC_STREAM_TOPOLOGY_ID
04-07 16:26:43.289   638  7337 D ACDB-LOADER: ACDB -> send_adm_topology
04-07 16:26:43.289   638  7337 D ACDB-LOADER: ACDB -> ACDB_CMD_GET_AUDPROC_COMMON_TOPOLOGY_ID
04-07 16:26:43.289   638  7337 D ACDB-LOADER: ACDB -> send_audtable
04-07 16:26:43.289   638  7337 D ACDB-LOADER: ACDB -> ACDB_CMD_GET_AUDPROC_COMMON_TABLE_SIZE
04-07 16:26:43.289   638  7337 D ACDB-LOADER: ACDB -> ACDB_CMD_GET_AUDPROC_COMMON_TABLE
04-07 16:26:43.289   638  7337 D ACDB-LOADER: ACDB -> AUDIO_SET_AUDPROC_CAL
04-07 16:26:43.289   638  7337 D ACDB-LOADER: ACDB -> send_audvoltable
04-07 16:26:43.289   638  7337 D ACDB-LOADER: ACDB -> ACDB_CMD_GET_AUDPROC_VOL_STEP_TABLE_SIZE
04-07 16:26:43.289   638  7337 D ACDB-LOADER: ACDB -> ACDB_CMD_GET_AUDPROC_GAIN_DEP_STEP_TABLE, vol index 0
04-07 16:26:43.289   638  7337 D         : Failed to fetch the lookup information of the device 00000066 
04-07 16:26:43.289   638  7337 E ACDB-LOADER: Error: ACDB AudProc vol returned = -19
04-07 16:26:43.289   638  7337 D ACDB-LOADER: ACDB -> AUDIO_SET_VOL_CAL cal type = 12
04-07 16:26:43.289   638  7337 D ACDB-LOADER: ACDB -> ACDB_CMD_GET_AUDPROC_STREAM_TABLE_SIZE
04-07 16:26:43.289   638  7337 D ACDB-LOADER: ACDB -> send_audstrmtable
04-07 16:26:43.289   638  7337 D ACDB-LOADER: ACDB -> ACDB_CMD_GET_AUDPROC_STREAM_TABLE_V2
04-07 16:26:43.289   638  7337 D ACDB-LOADER: ACDB -> audstrm_cal->cal_type.cal_data.cal_size = 16
04-07 16:26:43.289   638  7337 D ACDB-LOADER: ACDB -> send_afe_topology
04-07 16:26:43.289   638  7337 D ACDB-LOADER: ACDB -> ACDB_CMD_GET_AFE_TOPOLOGY_ID
04-07 16:26:43.289   638  7337 D ACDB-LOADER: ACDB -> GET_AFE_TOPOLOGY_ID for adcd_id 102, Topology Id 1000b909
04-07 16:26:43.289   638  7337 D ACDB-LOADER: ACDB -> send_afe_cal
04-07 16:26:43.289   638  7337 D ACDB-LOADER: ACDB -> ACDB_CMD_GET_AFE_COMMON_TABLE_SIZE
04-07 16:26:43.289   638  7337 D ACDB-LOADER: ACDB -> ACDB_CMD_GET_AFE_COMMON_TABLE
04-07 16:26:43.289   638  7337 D ACDB-LOADER: ACDB -> AUDIO_SET_AFE_CAL
04-07 16:26:43.289   638  7337 D ACDB-LOADER: ACDB -> send_hw_delay : acdb_id = 102 path = 1
04-07 16:26:43.289   638  7337 D ACDB-LOADER: ACDB -> ACDB_AVSYNC_INFO: ACDB_CMD_GET_DEVICE_PROPERTY
04-07 16:26:43.289   638  7337 D audio_hw_primary: enable_audio_route: apply mixer and update path: spkr-vi-record
04-07 16:26:43.289   638  7337 D audio_route: Apply path: spkr-vi-record
04-07 16:26:43.308   638  7337 D audio_hw_primary: audio_is_true_native_stream_active:napb: (0) (low-latency-playback)id (1) sr 48000 bw (16) device speaker
04-07 16:26:43.308   638  7337 D soundtrigger: audio_extn_sound_trigger_update_stream_status: uc_info->id 1 of type 0 for Event 3, with Raise=0
04-07 16:26:43.308   638  7337 D audio_hw_utils: audio_extn_utils_send_app_type_cfg: usecase->out_snd_device speaker
04-07 16:26:43.308   638  7337 D msm8916_platform: platform_split_snd_device: snd_device(2) num devices(0) new_snd_devices(0)
04-07 16:26:43.308   638  7337 D audio_hw_utils: audio_extn_btsco_get_sample_rate:Not a BT SCO device, need not update sampling rate
04-07 16:26:43.308   638  7337 I audio_hw_utils: send_app_type_cfg_for_device PLAYBACK app_type 69937, acdb_dev_id 15, sample_rate 48000, snd_device_be_idx 45
04-07 16:26:43.309   638  7337 D msm8916_platform: platform_split_snd_device: snd_device(2) num devices(1) new_snd_devices(0)
04-07 16:26:43.309   638  7337 D ACDB-LOADER: ACDB -> send_audio_cal, acdb_id = 15, path = 0, app id = 0x11131, sample rate = 48000
04-07 16:26:43.309   638  7337 D ACDB-LOADER: ACDB -> send_asm_topology
04-07 16:26:43.309   638  7337 D ACDB-LOADER: ACDB -> ACDB_CMD_GET_AUDPROC_STREAM_TOPOLOGY_ID
04-07 16:26:43.309   638  7337 D ACDB-LOADER: ACDB -> send_adm_topology
04-07 16:26:43.309   638  7337 D ACDB-LOADER: ACDB -> ACDB_CMD_GET_AUDPROC_COMMON_TOPOLOGY_ID
04-07 16:26:43.309   638  7337 D ACDB-LOADER: ACDB -> send_audtable
04-07 16:26:43.309   638  7337 D ACDB-LOADER: ACDB -> ACDB_CMD_GET_AUDPROC_COMMON_TABLE_SIZE
04-07 16:26:43.309   638  7337 D ACDB-LOADER: ACDB -> ACDB_CMD_GET_AUDPROC_COMMON_TABLE
04-07 16:26:43.309   638  7337 D ACDB-LOADER: ACDB -> AUDIO_SET_AUDPROC_CAL
04-07 16:26:43.309   638  7337 D ACDB-LOADER: ACDB -> send_audvoltable
04-07 16:26:43.309   638  7337 D ACDB-LOADER: ACDB -> ACDB_CMD_GET_AUDPROC_VOL_STEP_TABLE_SIZE
04-07 16:26:43.309   638  7337 D ACDB-LOADER: ACDB -> ACDB_CMD_GET_AUDPROC_GAIN_DEP_STEP_TABLE, vol index 0
04-07 16:26:43.309   638  7337 D ACDB-LOADER: ACDB -> AUDIO_SET_VOL_CAL cal type = 12
04-07 16:26:43.309   638  7337 D ACDB-LOADER: ACDB -> ACDB_CMD_GET_AUDPROC_STREAM_TABLE_SIZE
04-07 16:26:43.309   638  7337 D ACDB-LOADER: ACDB -> send_audstrmtable
04-07 16:26:43.309   638  7337 D ACDB-LOADER: ACDB -> ACDB_CMD_GET_AUDPROC_STREAM_TABLE_V2
04-07 16:26:43.309   638  7337 D ACDB-LOADER: ACDB -> audstrm_cal->cal_type.cal_data.cal_size = 16
04-07 16:26:43.309   638  7337 D ACDB-LOADER: ACDB -> send_afe_topology
04-07 16:26:43.309   638  7337 D ACDB-LOADER: ACDB -> ACDB_CMD_GET_AFE_TOPOLOGY_ID
04-07 16:26:43.309   638  7337 D ACDB-LOADER: ACDB -> GET_AFE_TOPOLOGY_ID for adcd_id 15, Topology Id 1000b910
04-07 16:26:43.309   638  7337 D ACDB-LOADER: ACDB -> send_afe_cal
04-07 16:26:43.309   638  7337 D ACDB-LOADER: ACDB -> ACDB_CMD_GET_AFE_COMMON_TABLE_SIZE
04-07 16:26:43.309   638  7337 D ACDB-LOADER: ACDB -> ACDB_CMD_GET_AFE_COMMON_TABLE
04-07 16:26:43.309   638  7337 D ACDB-LOADER: ACDB -> AUDIO_SET_AFE_CAL
04-07 16:26:43.309   638  7337 D ACDB-LOADER: ACDB -> send_hw_delay : acdb_id = 15 path = 0
04-07 16:26:43.309   638  7337 D ACDB-LOADER: ACDB -> ACDB_AVSYNC_INFO: ACDB_CMD_GET_DEVICE_PROPERTY
04-07 16:26:43.309   638  7337 D audio_hw_primary: enable_audio_route: apply mixer and update path: low-latency-playback speaker
04-07 16:26:43.309   638  7337 D audio_route: Apply path: low-latency-playback speaker
04-07 16:26:43.310   638  7337 D audio_hw_primary: select_devices: done
04-07 16:26:43.336   638  7337 D msm8916_platform: platform_set_channel_map mixer_ctl_name:Playback Channel Map13
04-07 16:26:43.336   638  7337 D msm8916_platform: platform_set_channel_map: set mapping(1 2 0 0 0 0 0 0) for channel:2
04-07 16:26:43.337   638  7337 D audio_hw_primary: start_output_stream: exit
04-07 16:26:43.379   754   871 I chatty  : uid=0(root) /vendor/bin/thermal-engine expire 5 lines
04-07 16:26:43.696   754   873 I chatty  : uid=0(root) /vendor/bin/thermal-engine expire 6 lines
04-07 16:26:44.379   754   871 I chatty  : uid=0(root) /vendor/bin/thermal-engine expire 84 lines
04-07 16:26:44.897 13733 13733 I rild    : type=1400 audit(0.0:12913): avc: denied { noatsecure } for scontext=u:r:init:s0 tcontext=u:r:rild:s0 tclass=process permissive=1
04-07 16:26:46.441   638   733 D audio_hw_primary: out_standby: enter: stream (0xe8608000) usecase(1: low-latency-playback)
04-07 16:26:46.482   638   733 D audio_hw_primary: disable_audio_route: reset and update mixer path: low-latency-playback speaker
04-07 16:26:46.483   638   733 D soundtrigger: audio_extn_sound_trigger_update_stream_status: uc_info->id 1 of type 0 for Event 2, with Raise=0
04-07 16:26:46.484   638   733 D hardware_info: hw_info_append_hw_type : device_name = speaker
04-07 16:26:46.484   638   733 D audio_hw_primary: disable_snd_device: snd_device(2: speaker)
04-07 16:26:46.484   638   733 D msm8916_platform: platform_split_snd_device: snd_device(2) num devices(0) new_snd_devices(0)
04-07 16:26:46.505   638   733 D hardware_info: hw_info_append_hw_type : device_name = vi-feedback
04-07 16:26:46.505   638   733 D audio_hw_primary: disable_snd_device: snd_device(117: vi-feedback)
04-07 16:26:46.505   638   733 D msm8916_platform: platform_split_snd_device: snd_device(117) num devices(0) new_snd_devices(0)
04-07 16:26:46.505   638   733 I soundtrigger: audio_extn_sound_trigger_update_device_status: device 0x75 of type 1 for Event 0, with Raise=0
04-07 16:26:46.505   638   733 D audio_hw_primary: disable_audio_route: reset and update mixer path: spkr-vi-record
04-07 16:26:46.506   638   733 D soundtrigger: audio_extn_sound_trigger_update_stream_status: uc_info->id 48 of type 1 for Event 2, with Raise=1
04-07 16:26:46.506   638   733 D soundtrigger: audio_extn_sound_trigger_update_stream_status: send event 12: usecase id 48, type 1
04-07 16:26:46.506   638   733 I sound_trigger_platform: platform_stdev_check_and_update_concurrency: Received STREAM event, event type 12, usecase type 1
04-07 16:26:46.506   638   733 D sound_trigger_platform: platform_stdev_check_and_update_concurrency: dedicated path 0, reset backend 1, tx 0, rx 0,concurrency session not allowed
04-07 16:26:46.506   638   733 I soundtrigger: audio_extn_sound_trigger_update_device_status: device 0x2 of type 0 for Event 0, with Raise=0
04-07 16:26:46.506   638   733 D audio_hw_primary: out_standby: exit
04-07 16:26:47.722  1368  2603 I WifiService: acquireWifiLock uid=10006 lockMode=2
04-07 16:26:48.427  1368  1368 V SettingsProvider: Notifying for 0: content://settings/system/screen_brightness
04-07 16:26:48.437  1368  1368 I PhotonicModulat: type=1400 audit(0.0:12914): avc: denied { call } for scontext=u:r:system_server:s0 tcontext=u:r:init:s0 tclass=binder permissive=1
04-07 16:26:48.437   649   649 I light@2.0-servi: type=1400 audit(0.0:12915): avc: denied { write } for path="/sys/devices/soc/c900000.qcom,mdss_mdp/c900000.qcom,mdss_mdp:qcom,mdss_fb_primary/leds/lcd-backlight/brightness" dev="sysfs" ino=28611 scontext=u:r:init:s0 tcontext=u:object_r:sysfs_graphics:s0 tclass=file permissive=1
04-07 16:26:48.706   877  2456 I LOWI-8.6.0.32: [LOWI-Scan] lowi_close_record:Scan done in 1211398ms, 1 APs in scan results
04-07 16:26:48.706  1368  2602 D WificondControl: Scan result ready event
04-07 16:26:48.706   877   948 I LOWI-8.6.0.32: [LOWIUtils] responseToOutPostcard - TO: FreeWifiScanObserver, FROM:   LOWI-SERVER, RESP:  LOWI_ASYNC_DISCOVERY_SCAN_RESULTS
04-07 16:26:48.707   877   948 I LOWI-8.6.0.32: [LOWIUtils] responseToOutPostcard - TO: GTP-FDAL, FROM:   LOWI-SERVER, RESP:  LOWI_ASYNC_DISCOVERY_SCAN_RESULTS
04-07 16:26:48.707   660  2481 W IzatSvc_Wiper: Num of elements returned by LOWI 1
04-07 16:26:48.708   879  1016 W XTCC-6.2.0.6: [WifiScanner] WiFi scan result : [1] AP's, async result: 1
04-07 16:26:48.755  2950  2950 I GeofencerStateMachine: sendNewTransitions called.
04-07 16:26:48.756  1368  2603 W AlarmManager: Alarm expire time must be less than maximum unix epoch time
04-07 16:26:48.759  1368  1382 I WifiService: releaseWifiLock uid=10006
04-07 16:26:48.785  2950  2950 I GeofencerStateMachine: sendNewTransitions called.
04-07 16:26:48.788  2950  2950 I GeofencerStateMachine: sendNewLocationAvailability: availability=LocationAvailability[isLocationAvailable: true]
04-07 16:26:48.800  2950  2950 I GeofencerStateMachine: sendNewLocationAvailability: availability=LocationAvailability[isLocationAvailable: true]
04-07 16:26:49.907 13740 13740 I rild    : type=1400 audit(0.0:12916): avc: denied { noatsecure } for scontext=u:r:init:s0 tcontext=u:r:rild:s0 tclass=process permissive=1
04-07 16:26:53.697   754   873 I chatty  : uid=0(root) /vendor/bin/thermal-engine expire 6 lines
04-07 16:26:57.901  1368  4736 V LocSvc_HIDL_Subscription_jni: battery_level_update
04-07 16:26:57.903  1368  4736 V LocSvc_HIDL_Subscription_jni: [battery_level_update][931] [HC] =>> [HS]
04-07 16:26:57.903   660   660 V LocSvc_HIDL_IzatSubscription: [batteryLevelUpdate][777] [HS] <<<<= [HC]
04-07 16:26:57.903  1368  4736 V LocSvc_HIDL_Subscription_jni: Exit Result 0
04-07 16:26:58.421   754   871 I chatty  : uid=0(root) /vendor/bin/thermal-engine expire 36 lines
04-07 16:27:00.918   675   675 E HWComposer: presentAndGetReleaseFences: present failed for display 0: NotValidated (7)
04-07 16:27:01.063  2707  2707 D ServiceStateProvider: subId=1
04-07 16:27:03.699   754   873 I chatty  : uid=0(root) /vendor/bin/thermal-engine expire 6 lines
04-07 16:27:04.440   754   871 I chatty  : uid=0(root) /vendor/bin/thermal-engine expire 60 lines
04-07 16:27:13.567 10939 10939 I .android.chrome: type=1400 audit(0.0:12917): avc: denied { read } for name="vmstat" dev="proc" ino=4026532140 scontext=u:r:untrusted_app:s0:c220,c256,c512,c768 tcontext=u:object_r:proc_vmstat:s0 tclass=file permissive=1
04-07 16:27:13.567 10939 10939 I .android.chrome: type=1400 audit(0.0:12918): avc: denied { open } for path="/proc/vmstat" dev="proc" ino=4026532140 scontext=u:r:untrusted_app:s0:c220,c256,c512,c768 tcontext=u:object_r:proc_vmstat:s0 tclass=file permissive=1
04-07 16:27:13.567 10939 10939 I .android.chrome: type=1400 audit(0.0:12919): avc: denied { getattr } for path="/proc/vmstat" dev="proc" ino=4026532140 scontext=u:r:untrusted_app:s0:c220,c256,c512,c768 tcontext=u:object_r:proc_vmstat:s0 tclass=file permissive=1
04-07 16:27:13.701   754   873 I chatty  : uid=0(root) /vendor/bin/thermal-engine expire 6 lines
04-07 16:27:14.469   754   871 I chatty  : uid=0(root) /vendor/bin/thermal-engine expire 44 lines
04-07 16:26:52.747  1368  2603 W AlarmManager: Alarm expire time must be less than maximum unix epoch time
04-07 16:27:20.675  1368  1479 I ActivityManager: Start proc 13759:com.whatsapp/u0a219 for service com.whatsapp/.contact.sync.ContactsSyncAdapterService
04-07 16:27:20.675 13759 13759 I chatty  : uid=0(root) com.whatsapp expire 1 line
04-07 16:27:20.667 13759 13759 I main    : type=1400 audit(0.0:12920): avc: denied { read } for name="u:object_r:bg_boot_complete_prop:s0" dev="tmpfs" ino=17796 scontext=u:r:untrusted_app:s0:c219,c256,c512,c768 tcontext=u:object_r:bg_boot_complete_prop:s0 tclass=file permissive=1
04-07 16:27:20.667 13759 13759 I main    : type=1400 audit(0.0:12921): avc: denied { read } for name="u:object_r:bg_daemon_prop:s0" dev="tmpfs" ino=17797 scontext=u:r:untrusted_app:s0:c219,c256,c512,c768 tcontext=u:object_r:bg_daemon_prop:s0 tclass=file permissive=1
04-07 16:27:20.667 13759 13759 I main    : type=1400 audit(0.0:12922): avc: denied { read } for name="u:object_r:bluetooth_prop:s0" dev="tmpfs" ino=17798 scontext=u:r:untrusted_app:s0:c219,c256,c512,c768 tcontext=u:object_r:bluetooth_prop:s0 tclass=file permissive=1
04-07 16:27:20.667 13759 13759 I main    : type=1400 audit(0.0:12923): avc: denied { read } for name="u:object_r:bootloader_boot_reason_prop:s0" dev="tmpfs" ino=17799 scontext=u:r:untrusted_app:s0:c219,c256,c512,c768 tcontext=u:object_r:bootloader_boot_reason_prop:s0 tclass=file permissive=1
04-07 16:27:20.667 13759 13759 I main    : type=1400 audit(0.0:12924): avc: denied { read } for name="u:object_r:boottime_prop:s0" dev="tmpfs" ino=17800 scontext=u:r:untrusted_app:s0:c219,c256,c512,c768 tcontext=u:object_r:boottime_prop:s0 tclass=file permissive=1
04-07 16:27:20.667 13759 13759 I main    : type=1400 audit(0.0:12925): avc: denied { read } for name="u:object_r:cdfinger_prop:s0" dev="tmpfs" ino=17802 scontext=u:r:untrusted_app:s0:c219,c256,c512,c768 tcontext=u:object_r:cdfinger_prop:s0 tclass=file permissive=1
04-07 16:27:20.667 13759 13759 I main    : type=1400 audit(0.0:12926): avc: denied { read } for name="u:object_r:cnd_vendor_prop:s0" dev="tmpfs" ino=17803 scontext=u:r:untrusted_app:s0:c219,c256,c512,c768 tcontext=u:object_r:cnd_vendor_prop:s0 tclass=file permissive=1
04-07 16:27:20.701 13759 13759 E com.whatsapp: Not starting debugger since process cannot load the jdwp agent.
04-07 16:27:20.755 13759 13759 I com.whatsapp: The ClassLoaderContext is a special shared library.
04-07 16:27:20.756 13759 13759 W com.whatsapp: Insufficient pre-allocated space to mmap vdex.
04-07 16:27:20.792 13759 13759 I MultiDex: VM with version 2.1.0 has multidex support
04-07 16:27:20.792 13759 13759 I MultiDex: Installing application
04-07 16:27:20.792 13759 13759 I MultiDex: VM has multidex support, MultiDex support library is disabled.
04-07 16:27:20.814 13759 13759 D SigquitBasedANRDetector: Registered
04-07 16:27:20.877 13759 13759 D ActivityThread: Loading provider com.whatsapp.provider.contact: com.whatsapp.contact.ContactProvider
04-07 16:27:20.954 13759 13759 D FirebaseApp: com.google.firebase.auth.FirebaseAuth is not linked. Skipping initialization.
04-07 16:27:20.960 13759 13759 D FirebaseApp: com.google.firebase.crash.FirebaseCrash is not linked. Skipping initialization.
04-07 16:27:20.981 13759 13759 I FirebaseInitProvider: FirebaseApp initialization successful
04-07 16:27:20.999 13759 13791 I FA      : Collection disabled with firebase_analytics_collection_deactivated=1
04-07 16:27:20.999 13759 13791 I FA      : App measurement is starting up, version: 11910
04-07 16:27:21.000 13759 13791 I FA      : To enable debug logging run: adb shell setprop log.tag.FA VERBOSE
04-07 16:27:21.000 13759 13791 I FA      : To enable faster debug mode event logging run:
04-07 16:27:21.000 13759 13791 I FA      :   adb shell setprop debug.firebase.analytics.app com.whatsapp
04-07 16:27:21.032 13759 13796 D NetworkSecurityConfig: Using Network Security Config from resource network_security_config debugBuild: false
04-07 16:27:21.061 13759 13759 D Event   : No subscribers registered for event class com.whatsapp.o.c
04-07 16:27:21.061 13759 13759 D Event   : No subscribers registered for event class b.a.a.g
04-07 16:27:21.255 13759 13759 D Event   : No subscribers registered for event class com.whatsapp.o.c
04-07 16:27:21.255 13759 13759 D Event   : No subscribers registered for event class b.a.a.g
04-07 16:27:21.492   754   871 I chatty  : uid=0(root) /vendor/bin/thermal-engine expire 16 lines
04-07 16:27:21.749  1368  2602 W ActivityManager: Background start not allowed: service Intent { act=com.whatsapp.messaging.MessageService.START cmp=com.whatsapp/.messaging.MessageService } to com.whatsapp/.messaging.MessageService from pid=13759 uid=10219 pkg=com.whatsapp startFg?=false
04-07 16:27:23.703   754   873 I chatty  : uid=0(root) /vendor/bin/thermal-engine expire 6 lines
04-07 16:27:24.501   754   871 I chatty  : uid=0(root) /vendor/bin/thermal-engine expire 12 lines
04-07 16:27:26.505   754   871 D ThermalEngine: sensor_wait: msm_therm Wait done.
04-07 16:27:26.507   754   871 D ThermalEngine: sensor_monitor: msm_therm Reading 35000 .
04-07 16:27:26.507   754   871 I ThermalEngine: Sensor:msm_therm:35000 mC
04-07 16:27:26.507   754   871 D ThermalEngine: update_active_thresh: msm_therm Active(1), Hi(1) 40000, Lo(0) -2147483648, desc(0) Interval(1) 1000
04-07 16:27:26.507   754   871 D ThermalEngine: sensor_monitor: msm_therm Sensor wait.
04-07 16:27:26.508   754   871 D ThermalEngine: sensor_wait: msm_therm Wait start. 1000ms
04-07 16:27:27.508   754   871 D ThermalEngine: sensor_wait: msm_therm Wait done.
04-07 16:27:27.510   754   871 D ThermalEngine: sensor_monitor: msm_therm Reading 34000 .
04-07 16:27:27.510   754   871 I ThermalEngine: Sensor:msm_therm:34000 mC
04-07 16:27:27.510   754   871 D ThermalEngine: update_active_thresh: msm_therm Active(1), Hi(1) 40000, Lo(0) -2147483648, desc(0) Interval(1) 1000
04-07 16:27:27.510   754   871 D ThermalEngine: sensor_monitor: msm_therm Sensor wait.
04-07 16:27:27.510   754   871 D ThermalEngine: sensor_wait: msm_therm Wait start. 1000ms
04-07 16:27:28.511   754   871 D ThermalEngine: sensor_wait: msm_therm Wait done.
04-07 16:27:28.513   754   871 D ThermalEngine: sensor_monitor: msm_therm Reading 34000 .
04-07 16:27:28.513   754   871 I ThermalEngine: Sensor:msm_therm:34000 mC
04-07 16:27:28.513   754   871 D ThermalEngine: update_active_thresh: msm_therm Active(1), Hi(1) 40000, Lo(0) -2147483648, desc(0) Interval(1) 1000
04-07 16:27:28.513   754   871 D ThermalEngine: sensor_monitor: msm_therm Sensor wait.
04-07 16:27:28.513   754   871 D ThermalEngine: sensor_wait: msm_therm Wait start. 1000ms
04-07 16:27:29.515   754   871 D ThermalEngine: sensor_wait: msm_therm Wait done.
04-07 16:27:29.516   754   871 D ThermalEngine: sensor_monitor: msm_therm Reading 34000 .
04-07 16:27:29.516   754   871 I ThermalEngine: Sensor:msm_therm:34000 mC
04-07 16:27:29.516   754   871 D ThermalEngine: update_active_thresh: msm_therm Active(1), Hi(1) 40000, Lo(0) -2147483648, desc(0) Interval(1) 1000
04-07 16:27:29.516   754   871 D ThermalEngine: sensor_monitor: msm_therm Sensor wait.
04-07 16:27:29.516   754   871 D ThermalEngine: sensor_wait: msm_therm Wait start. 1000ms
04-07 16:27:29.957 13843 13843 I rild    : type=1400 audit(0.0:13039): avc: denied { noatsecure } for scontext=u:r:init:s0 tcontext=u:r:rild:s0 tclass=process permissive=1
04-07 16:27:30.349  1368  2603 W ActivityManager: Background start not allowed: service Intent { cmp=com.android.chrome/com.google.ipc.invalidation.ticl.android2.TiclService (has extras) } to com.android.chrome/com.google.ipc.invalidation.ticl.android2.TiclService from pid=10939 uid=10220 pkg=com.android.chrome startFg?=false
04-07 16:27:30.350 10939 13845 W AndroidGcmController: Unable to handle inbound message: java.lang.IllegalStateException: Not allowed to start service Intent { cmp=com.android.chrome/com.google.ipc.invalidation.ticl.android2.TiclService (has extras) }: app is in background uid UidRecord{29233dc u0a220 RCVR idle change:uncached procs:2 seq(0,0,0)}
04-07 16:27:30.350 10939 13845 W AndroidGcmController: java.lang.IllegalStateException: Not allowed to start service Intent { cmp=com.android.chrome/com.google.ipc.invalidation.ticl.android2.TiclService (has extras) }: app is in background uid UidRecord{29233dc u0a220 RCVR idle change:uncached procs:2 seq(0,0,0)}
04-07 16:27:30.350 10939 13845 W AndroidGcmController: 	at android.app.ContextImpl.startServiceCommon(ContextImpl.java:1577)
04-07 16:27:30.350 10939 13845 W AndroidGcmController: 	at android.app.ContextImpl.startService(ContextImpl.java:1532)
04-07 16:27:30.350 10939 13845 W AndroidGcmController: 	at android.content.ContextWrapper.startService(ContextWrapper.java:664)
04-07 16:27:30.350 10939 13845 W AndroidGcmController: 	at org.chromium.chrome.browser.services.gcm.ChromeGcmListenerService.a(PG:59)
04-07 16:27:30.350 10939 13845 W AndroidGcmController: 	at Mc.handleIntent(PG:185)
04-07 16:27:30.350 10939 13845 W AndroidGcmController: 	at Ny.run(PG:4)
04-07 16:27:30.350 10939 13845 W AndroidGcmController: 	at java.util.concurrent.ThreadPoolExecutor.runWorker(ThreadPoolExecutor.java:1167)
04-07 16:27:30.350 10939 13845 W AndroidGcmController: 	at java.util.concurrent.ThreadPoolExecutor$Worker.run(ThreadPoolExecutor.java:641)
04-07 16:27:30.350 10939 13845 W AndroidGcmController: 	at java.lang.Thread.run(Thread.java:764)
04-07 16:27:30.518   754   871 D ThermalEngine: sensor_wait: msm_therm Wait done.
04-07 16:27:30.520   754   871 D ThermalEngine: sensor_monitor: msm_therm Reading 34000 .
04-07 16:27:30.520   754   871 I ThermalEngine: Sensor:msm_therm:34000 mC
04-07 16:27:30.520   754   871 D ThermalEngine: update_active_thresh: msm_therm Active(1), Hi(1) 40000, Lo(0) -2147483648, desc(0) Interval(1) 1000
04-07 16:27:30.520   754   871 D ThermalEngine: sensor_monitor: msm_therm Sensor wait.
04-07 16:27:30.520   754   871 D ThermalEngine: sensor_wait: msm_therm Wait start. 1000ms
04-07 16:27:31.034   667   667 I vendor.rmt_storage: rmt_storage_connect_cb: clnt_h=0x10 conn_h=0x796882c010
04-07 16:27:31.034   667   667 I vendor.rmt_storage: rmt_storage_rw_iovec_cb: /boot/modem_fs2: req_h=0x10 msg_id=3: R/W request received
04-07 16:27:31.034   667   667 I vendor.rmt_storage: wakelock acquired: 1, error no: 42
04-07 16:27:31.034   667  1218 I vendor.rmt_storage: rmt_storage_client_thread: /boot/modem_fs2: Unblock worker thread (th_id: 521441121520)
04-07 16:27:31.119   667  1218 I vendor.rmt_storage: rmt_storage_client_thread: /boot/modem_fs2: req_h=0x10 msg_id=3: Bytes written = 2097152
04-07 16:27:31.119   667  1218 I vendor.rmt_storage: rmt_storage_client_thread: /boot/modem_fs2: req_h=0x10 msg_id=3: Send response: res=0 err=0
04-07 16:27:31.120   667  1218 I vendor.rmt_storage: rmt_storage_client_thread: /boot/modem_fs2: About to block rmt_storage client thread (th_id: 521441121520) wakelock released: 1, error no: 0
04-07 16:27:31.120   667  1218 I vendor.rmt_storage: 
04-07 16:27:31.121   667   667 I vendor.rmt_storage: rmt_storage_disconnect_cb: clnt_h=0x10 conn_h=0x796882c010
04-07 16:27:31.520   754   871 D ThermalEngine: sensor_wait: msm_therm Wait done.
04-07 16:27:31.522   754   871 D ThermalEngine: sensor_monitor: msm_therm Reading 34000 .
04-07 16:27:31.522   754   871 I ThermalEngine: Sensor:msm_therm:34000 mC
04-07 16:27:31.522   754   871 D ThermalEngine: update_active_thresh: msm_therm Active(1), Hi(1) 40000, Lo(0) -2147483648, desc(0) Interval(1) 1000
04-07 16:27:31.522   754   871 D ThermalEngine: sensor_monitor: msm_therm Sensor wait.
04-07 16:27:31.522   754   871 D ThermalEngine: sensor_wait: msm_therm Wait start. 1000ms
04-07 16:27:32.525   754   871 D ThermalEngine: sensor_wait: msm_therm Wait done.
04-07 16:27:32.526   754   871 D ThermalEngine: sensor_monitor: msm_therm Reading 34000 .
04-07 16:27:32.526   754   871 I ThermalEngine: Sensor:msm_therm:34000 mC
04-07 16:27:32.526   754   871 D ThermalEngine: update_active_thresh: msm_therm Active(1), Hi(1) 40000, Lo(0) -2147483648, desc(0) Interval(1) 1000
04-07 16:27:32.526   754   871 D ThermalEngine: sensor_monitor: msm_therm Sensor wait.
04-07 16:27:32.526   754   871 D ThermalEngine: sensor_wait: msm_therm Wait start. 1000ms
04-07 16:27:33.528   754   871 D ThermalEngine: sensor_wait: msm_therm Wait done.
04-07 16:27:33.529   754   871 D ThermalEngine: sensor_monitor: msm_therm Reading 34000 .
04-07 16:27:33.529   754   871 I ThermalEngine: Sensor:msm_therm:34000 mC
04-07 16:27:33.529   754   871 D ThermalEngine: update_active_thresh: msm_therm Active(1), Hi(1) 40000, Lo(0) -2147483648, desc(0) Interval(1) 1000
04-07 16:27:33.529   754   871 D ThermalEngine: sensor_monitor: msm_therm Sensor wait.
04-07 16:27:33.529   754   871 D ThermalEngine: sensor_wait: msm_therm Wait start. 1000ms
04-07 16:27:33.705   754   873 D ThermalEngine: sensor_wait: quiet_therm Wait done.
04-07 16:27:33.706   754   873 D ThermalEngine: sensor_monitor: quiet_therm Reading 33000 .
04-07 16:27:33.707   754   873 I ThermalEngine: Sensor:quiet_therm:33000 mC
04-07 16:27:33.707   754   873 D ThermalEngine: update_active_thresh: quiet_therm Active(1), Hi(1) 38000, Lo(0) -2147483648, desc(0) Interval(1) 10000
04-07 16:27:33.707   754   873 D ThermalEngine: sensor_monitor: quiet_therm Sensor wait.
04-07 16:27:33.707   754   873 D ThermalEngine: sensor_wait: quiet_therm Wait start. 10000ms
04-07 16:27:34.217  1368  1368 I PhotonicModulat: type=1400 audit(0.0:13040): avc: denied { call } for scontext=u:r:system_server:s0 tcontext=u:r:init:s0 tclass=binder permissive=1
04-07 16:27:34.217   649   649 I light@2.0-servi: type=1400 audit(0.0:13041): avc: denied { write } for path="/sys/devices/soc/c900000.qcom,mdss_mdp/c900000.qcom,mdss_mdp:qcom,mdss_fb_primary/leds/lcd-backlight/brightness" dev="sysfs" ino=28611 scontext=u:r:init:s0 tcontext=u:object_r:sysfs_graphics:s0 tclass=file permissive=1
04-07 16:27:34.530   754   871 D ThermalEngine: sensor_wait: msm_therm Wait done.
04-07 16:27:34.531   754   871 D ThermalEngine: sensor_monitor: msm_therm Reading 34000 .
04-07 16:27:34.531   754   871 I ThermalEngine: Sensor:msm_therm:34000 mC
04-07 16:27:34.532   754   871 D ThermalEngine: update_active_thresh: msm_therm Active(1), Hi(1) 40000, Lo(0) -2147483648, desc(0) Interval(1) 1000
04-07 16:27:34.532   754   871 D ThermalEngine: sensor_monitor: msm_therm Sensor wait.
04-07 16:27:34.532   754   871 D ThermalEngine: sensor_wait: msm_therm Wait start. 1000ms
04-07 16:27:35.534   754   871 D ThermalEngine: sensor_wait: msm_therm Wait done.
04-07 16:27:35.536   754   871 D ThermalEngine: sensor_monitor: msm_therm Reading 34000 .
04-07 16:27:35.536   754   871 I ThermalEngine: Sensor:msm_therm:34000 mC
04-07 16:27:35.536   754   871 D ThermalEngine: update_active_thresh: msm_therm Active(1), Hi(1) 40000, Lo(0) -2147483648, desc(0) Interval(1) 1000
04-07 16:27:35.536   754   871 D ThermalEngine: sensor_monitor: msm_therm Sensor wait.
04-07 16:27:35.536   754   871 D ThermalEngine: sensor_wait: msm_therm Wait start. 1000ms
04-07 16:27:36.536   754   871 D ThermalEngine: sensor_wait: msm_therm Wait done.
04-07 16:27:36.537   754   871 D ThermalEngine: sensor_monitor: msm_therm Reading 34000 .
04-07 16:27:36.537   754   871 I ThermalEngine: Sensor:msm_therm:34000 mC
04-07 16:27:36.538   754   871 D ThermalEngine: update_active_thresh: msm_therm Active(1), Hi(1) 40000, Lo(0) -2147483648, desc(0) Interval(1) 1000
04-07 16:27:36.538   754   871 D ThermalEngine: sensor_monitor: msm_therm Sensor wait.
04-07 16:27:36.538   754   871 D ThermalEngine: sensor_wait: msm_therm Wait start. 1000ms
04-07 16:27:37.539   754   871 D ThermalEngine: sensor_wait: msm_therm Wait done.
04-07 16:27:37.541   754   871 D ThermalEngine: sensor_monitor: msm_therm Reading 34000 .
04-07 16:27:37.541   754   871 I ThermalEngine: Sensor:msm_therm:34000 mC
04-07 16:27:37.541   754   871 D ThermalEngine: update_active_thresh: msm_therm Active(1), Hi(1) 40000, Lo(0) -2147483648, desc(0) Interval(1) 1000
04-07 16:27:37.541   754   871 D ThermalEngine: sensor_monitor: msm_therm Sensor wait.
04-07 16:27:37.541   754   871 D ThermalEngine: sensor_wait: msm_therm Wait start. 1000ms
04-07 16:27:38.543   754   871 D ThermalEngine: sensor_wait: msm_therm Wait done.
04-07 16:27:38.545   754   871 D ThermalEngine: sensor_monitor: msm_therm Reading 34000 .
04-07 16:27:38.545   754   871 I ThermalEngine: Sensor:msm_therm:34000 mC
04-07 16:27:38.545   754   871 D ThermalEngine: update_active_thresh: msm_therm Active(1), Hi(1) 40000, Lo(0) -2147483648, desc(0) Interval(1) 1000
04-07 16:27:38.545   754   871 D ThermalEngine: sensor_monitor: msm_therm Sensor wait.
04-07 16:27:38.545   754   871 D ThermalEngine: sensor_wait: msm_therm Wait start. 1000ms
04-07 16:27:39.545   754   871 D ThermalEngine: sensor_wait: msm_therm Wait done.
04-07 16:27:39.547   754   871 D ThermalEngine: sensor_monitor: msm_therm Reading 34000 .
04-07 16:27:39.547   754   871 I ThermalEngine: Sensor:msm_therm:34000 mC
04-07 16:27:39.547   754   871 D ThermalEngine: update_active_thresh: msm_therm Active(1), Hi(1) 40000, Lo(0) -2147483648, desc(0) Interval(1) 1000
04-07 16:27:39.547   754   871 D ThermalEngine: sensor_monitor: msm_therm Sensor wait.
04-07 16:27:39.547   754   871 D ThermalEngine: sensor_wait: msm_therm Wait start. 1000ms
04-07 16:27:40.549   754   871 D ThermalEngine: sensor_wait: msm_therm Wait done.
04-07 16:27:40.551   754   871 D ThermalEngine: sensor_monitor: msm_therm Reading 34000 .
04-07 16:27:40.551   754   871 I ThermalEngine: Sensor:msm_therm:34000 mC
04-07 16:27:40.551   754   871 D ThermalEngine: update_active_thresh: msm_therm Active(1), Hi(1) 40000, Lo(0) -2147483648, desc(0) Interval(1) 1000
04-07 16:27:40.551   754   871 D ThermalEngine: sensor_monitor: msm_therm Sensor wait.
04-07 16:27:40.551   754   871 D ThermalEngine: sensor_wait: msm_therm Wait start. 1000ms
04-07 16:27:41.223  1368  1543 I PowerManagerService: Going to sleep due to screen timeout (uid 1000)...
04-07 16:27:41.223  1368  1368 W UsageStatsService: Event reported without a package name
04-07 16:27:41.265   825  1105 I chatty  : uid=1000(system) HwBinder:825_1 expire 6 lines
04-07 16:27:41.277   825   825 I chatty  : uid=1000(system) fingerprint@2.1 expire 11 lines
04-07 16:27:41.307  2535  2535 W FingerprintManager: Invalid acquired message: 6, 1
04-07 16:27:41.551   754   871 D ThermalEngine: sensor_wait: msm_therm Wait done.
04-07 16:27:41.553   754   871 D ThermalEngine: sensor_monitor: msm_therm Reading 34000 .
04-07 16:27:41.553   754   871 I ThermalEngine: Sensor:msm_therm:34000 mC
04-07 16:27:41.553   754   871 D ThermalEngine: update_active_thresh: msm_therm Active(1), Hi(1) 40000, Lo(0) -2147483648, desc(0) Interval(1) 1000
04-07 16:27:41.553   754   871 D ThermalEngine: sensor_monitor: msm_therm Sensor wait.
04-07 16:27:41.553   754   871 D ThermalEngine: sensor_wait: msm_therm Wait start. 1000ms
04-07 16:27:41.724  1368  1543 I DisplayPowerController: Blocking screen off
04-07 16:27:41.725  1368  1543 I DisplayPowerController: Unblocked screen off after 1 ms
04-07 16:27:41.758  1368  4736 V LocSvc_HIDL_Subscription_jni: battery_level_update
04-07 16:27:41.759  1368  4736 V LocSvc_HIDL_Subscription_jni: [battery_level_update][931] [HC] =>> [HS]
04-07 16:27:41.760   660   660 V LocSvc_HIDL_IzatSubscription: [batteryLevelUpdate][777] [HS] <<<<= [HC]
04-07 16:27:41.760  1368  4736 V LocSvc_HIDL_Subscription_jni: Exit Result 0
04-07 16:27:41.767  1368  4494 I OpenGLRenderer: Initialized EGL, version 1.4
04-07 16:27:41.767  1368  4494 D OpenGLRenderer: Swap behavior 1
04-07 16:27:41.821  1368  1543 I ActivityManager: Killing 4123:com.google.process.gapps/u0a6 (adj 904): empty #31
04-07 16:27:41.826   653  1169 D Sensors : activate called handle:2 enable:0
04-07 16:27:41.826  1368  1480 W libprocessgroup: kill(-4123, 9) failed: No such process
04-07 16:27:41.826   653  1169 D Sensors : stk3x1x-light calling driver disable
04-07 16:27:41.826   653  1169 D Sensors : LightSensor: set EVIOCSCLOCKID = 1
04-07 16:27:41.829  1368  1541 I DisplayManagerService: Display device changed state: " ", OFF
04-07 16:27:41.830   675   675 D SurfaceFlinger: Set power mode=0, type=0 flinger=0x747f655000
04-07 16:27:41.843   647   737 I SDM     : DisplayBase::SetDisplayState: Set state = 0, display 0
04-07 16:27:41.847  1368  2222 I InputReader: Reconfiguring input devices.  changes=0x00000004
04-07 16:27:41.857   653   653 D Sensors : activate called handle:1 enable:0
04-07 16:27:41.857   653   653 D Sensors : stk3x1x-proximity calling driver disable
04-07 16:27:41.857   653   653 D Sensors : ProximitySensor: set EVIOCSCLOCKID = 1
04-07 16:27:41.858   825  1085 I chatty  : uid=1000(system) fingerprint@2.1 expire 1 line
04-07 16:27:41.858   825  1084 I chatty  : uid=1000(system) fingerprint@2.1 expire 49 lines
04-07 16:27:41.867  1368  1480 I chatty  : uid=1000(system) ActivityManager expire 7 lines
04-07 16:27:41.893   616   616 I Zygote  : Process 4123 exited due to signal (9)
04-07 16:27:41.915  1368  2602 I ActivityManager: Killing 6172:com.google.android.youtube/u0a230 (adj 906): empty #31
04-07 16:27:41.957  1368  2602 D ConnectivityService: ConnectivityService NetworkRequestInfo binderDied(NetworkRequest [ TRACK_DEFAULT id=21, [ Capabilities: INTERNET&NOT_RESTRICTED&TRUSTED Unwanted:  Uid: 10230] ], android.os.BinderProxy@dc4ee16)
04-07 16:27:41.957  1368  3355 D ConnectivityService: ConnectivityService NetworkRequestInfo binderDied(NetworkRequest [ LISTEN id=22, [ Capabilities: INTERNET&NOT_RESTRICTED&TRUSTED&FOREGROUND Unwanted:  Uid: 10230] ], android.os.BinderProxy@8684397)
04-07 16:27:41.961   616   616 I Zygote  : Process 6172 exited due to signal (9)
04-07 16:27:41.989  1368  1378 I chatty  : uid=1000(system) HeapTaskDaemon expire 1 line
04-07 16:27:42.120   675   675 D SurfaceFlinger: Finished set power mode=0, type=0
04-07 16:27:42.125  1368  2429 I chatty  : uid=1000(system) PhotonicModulat expire 2 lines
04-07 16:27:42.128   662   698 E ANDR-PERF-MPCTL: Invalid profile no. 0, total profiles 0 only
04-07 16:27:42.132  1368  1543 I DreamManagerService: Entering dreamland.
04-07 16:27:42.133  1368  1543 I PowerManagerService: Dozing...
04-07 16:27:42.138  1368  1539 I DreamController: Starting dream: name=ComponentInfo{com.android.systemui/com.android.systemui.doze.DozeService}, isTest=false, canDoze=true, userId=0
04-07 16:27:42.494   638   733 D audio_hw_primary: adev_set_parameters: enter: screen_state=off
04-07 16:27:42.494   638   733 D msm8916_platform: platform_set_parameters:google_ret: -2
04-07 16:27:42.494   638   733 D audio_hw_extn: audio_extn_set_anc_parameters: anc_enabled:0
04-07 16:27:42.495   638   733 D audio_hw_spkr_prot: audio_extn_fbsp_set_parameters: Speaker protection disabled
04-07 16:27:42.512  2464  2464 I DeviceStatusMonitor: onReceive() : Action = android.intent.action.SCREEN_OFF
04-07 16:27:42.543  3418  3418 I libnfc_nci: [INFO:NativeNfcManager.cpp(1754)] nfcManager_doSetScreenState: state = 1 prevScreenState= 2, discovry_param = 1
04-07 16:27:42.546  3418 13849 I libnfc_nci: [INFO:NativeNfcManager.cpp(1242)] nfcManager_disableDiscovery: enter;
04-07 16:27:42.546  3418 13849 I libnfc_nci: [INFO:Pn544Interop.cpp(145)] pn544InteropAbortNow
04-07 16:27:42.546  3418 13849 I libnfc_nci: [INFO:NativeNfcManager.cpp(2029)] startRfDiscovery: is start=0
04-07 16:27:42.546  3418 13849 I libnfc_nci: [INFO:NativeNfcTag.cpp(1753)] nativeNfcTag_acquireRfInterfaceMutexLock: try to acquire lock
04-07 16:27:42.546  3418 13849 I libnfc_nci: [INFO:NativeNfcTag.cpp(1756)] nativeNfcTag_acquireRfInterfaceMutexLock: sRfInterfaceMutex lock
04-07 16:27:42.546  3418 13849 I libnfc_nci: [INFO:nfa_dm_api.cc(721)] NFA_StopRfDiscovery
04-07 16:27:42.547  3418  3479 I libnfc_nci: [INFO:nfa_sys_main.cc(77)] NFA got event 0x010F
04-07 16:27:42.547  3418  3479 I libnfc_nci: [INFO:nfa_dm_main.cc(121)] event: NFA_DM_API_STOP_RF_DISCOVERY_EVT (0x0f)
04-07 16:27:42.547  3418  3479 I libnfc_nci: [INFO:nfa_dm_act.cc(1257)] nfa_dm_act_stop_rf_discovery
04-07 16:27:42.547  3418  3479 I libnfc_nci: [INFO:nfa_dm_discover.cc(2763)] deactivate_type:0x0
04-07 16:27:42.547  3418  3479 I libnfc_nci: [INFO:nfa_dm_discover.cc(2529)] state: DISCOVERY (1), event: DEACTIVATE_CMD(6) disc_flags: 0x2
04-07 16:27:42.547  3418  3479 I libnfc_nci: [INFO:nfc_main.cc(1127)] NFC_Deactivate 4 (IDLE) deactivate_type:0
04-07 16:27:42.547  3418  3479 I libnfc_nci: [INFO:NfcAdaptation.cc(583)] NfcAdaptation::HalWrite
04-07 16:27:42.547   651   651 D NxpExtns: find found MIFARE_READER_ENABLE=(0x1)
04-07 16:27:42.548   651  3488 D NxpTml  : PN54X - Write requested.....
04-07 16:27:42.548   651  3488 D NxpTml  : PN54X - Invoking I2C Write.....
04-07 16:27:42.549   651  3488 E NxpTml  : _i2c_write() errno : 5
04-07 16:27:42.549   651  3488 E NxpTml  : PN54X - Error in I2C Write.....
04-07 16:27:42.549   651  3488 D NxpTml  : PN54X - Posting Fresh Write message.....
04-07 16:27:42.549   651  3488 D NxpTml  : PN54X - Tml Writer Thread Running................
04-07 16:27:42.549   651  3490 E NxpHal  : write error status = 0x1ff
04-07 16:27:42.549   651   651 E NxpHal  : write_unlocked failed - PN54X Maybe in Standby Mode - Retry
04-07 16:27:42.553   754   871 D ThermalEngine: sensor_wait: msm_therm Wait done.
04-07 16:27:42.555   754   871 D ThermalEngine: sensor_monitor: msm_therm Reading 34000 .
04-07 16:27:42.555   754   871 I ThermalEngine: Sensor:msm_therm:34000 mC
04-07 16:27:42.555   754   871 D ThermalEngine: update_active_thresh: msm_therm Active(1), Hi(1) 40000, Lo(0) -2147483648, desc(0) Interval(1) 1000
04-07 16:27:42.555   754   871 D ThermalEngine: sensor_monitor: msm_therm Sensor wait.
04-07 16:27:42.555   754   871 D ThermalEngine: sensor_wait: msm_therm Wait start. 1000ms
04-07 16:27:42.559   651  3488 D NxpTml  : PN54X - Write requested.....
04-07 16:27:42.560   651  3488 D NxpTml  : PN54X - Invoking I2C Write.....
04-07 16:27:42.561   651  3488 D NxpNciX : len =   4 > 21060100
04-07 16:27:42.561   651  3488 D NxpTml  : PN54X - I2C Write successful.....
04-07 16:27:42.561   651  3488 D NxpTml  : PN54X - Posting Fresh Write message.....
04-07 16:27:42.561   651  3488 D NxpTml  : PN54X - Tml Writer Thread Running................
04-07 16:27:42.561   651  3490 D NxpHal  : write successful status = 0x0
04-07 16:27:42.562  3418  3479 I libnfc_nci: [INFO:nfa_dm_discover.cc(2582)] new state: DISCOVERY (1), disc_flags: 0x22
04-07 16:27:42.562  3418  3479 I libnfc_nci: [INFO:nfa_sys_ptim.cc(156)] nfa_sys_ptim_stop_timer 0x71b1575d90
04-07 16:27:42.562  3418  3479 I libnfc_nci: [INFO:nfa_sys_ptim.cc(163)] ptim timer stop
04-07 16:27:42.562  3418  3479 I libnfc_nci: [INFO:nfa_rw_act.cc(183)] Stopped presence check timer (if started)
04-07 16:27:42.565  2656  2656 I chatty  : uid=1000(system) .dataservices expire 16 lines
04-07 16:27:42.565   651  3487 D NxpTml  : PN54X - I2C Read successful.....
04-07 16:27:42.565   651  3487 D NxpNciR : len =   4 > 41060100
04-07 16:27:42.565   651  3487 D NxpTml  : PN54X - Posting read message.....
04-07 16:27:42.566   651  3490 D NxpHal  : read successful status = 0x0
04-07 16:27:42.566  3418  3479 I libnfc_nci: [INFO:nfc_ncif.cc(383)] NFC received rsp gid:1
04-07 16:27:42.566  3418  3479 I libnfc_nci: [INFO:nfa_dm_discover.cc(2937)] P2P_Prio_Logic
04-07 16:27:42.567  3418  3479 I libnfc_nci: [INFO:nfa_dm_discover.cc(2945)] nfa_dm_p2p_prio_logic event_type = 0x1
04-07 16:27:42.567  3418  3479 I libnfc_nci: [INFO:nfa_dm_discover.cc(3038)] returning TRUE
04-07 16:27:42.567  3418  3479 I libnfc_nci: [INFO:nfc_main.cc(326)] nfc_set_state 4 (IDLE)->4 (IDLE)
04-07 16:27:42.567  3418  3479 I libnfc_nci: [INFO:nfa_dm_discover.cc(1688)] nfa_dm_disc_data_cback
04-07 16:27:42.567  3418  3479 I libnfc_nci: [INFO:nfa_dm_discover.cc(720)] event:0x4005
04-07 16:27:42.567  3418  3479 I libnfc_nci: [INFO:nfa_dm_discover.cc(2529)] state: DISCOVERY (1), event: DEACTIVATE_RSP(7) disc_flags: 0x22
04-07 16:27:42.567  3418  3479 I libnfc_nci: [INFO:nfa_dm_discover.cc(1711)] old_state: DISCOVERY (1), new_state: IDLE (0) disc_flags: 0x2
04-07 16:27:42.567  3418  3479 I libnfc_nci: [INFO:NativeNfcManager.cpp(249)] nfaConnectionCallback: event= 31
04-07 16:27:42.567  3418  3479 I libnfc_nci: [INFO:NativeNfcManager.cpp(284)] nfaConnectionCallback: NFA_RF_DISCOVERY_STOPPED_EVT: status = 0
04-07 16:27:42.567  3418  3479 I libnfc_nci: [INFO:nfa_dm_discover.cc(910)] nfa_dm_start_rf_discover
04-07 16:27:42.567  3418  3479 I libnfc_nci: [INFO:nfa_dm_discover.cc(2582)] new state: IDLE (0), disc_flags: 0x0
04-07 16:27:42.567  1368  4736 I chatty  : uid=1000(system) IzatProvider expire 9 lines
04-07 16:27:42.567   651  3487 D NxpTml  : PN54X - Read requested.....
04-07 16:27:42.567   651  3487 D NxpTml  : PN54X - Invoking I2C Read.....
04-07 16:27:42.567  3418 13849 I libnfc_nci: [INFO:NativeNfcTag.cpp(1771)] nativeNfcTag_releaseRfInterfaceMutexLock: sRfInterfaceMutex unlock
04-07 16:27:42.567  3418 13849 I libnfc_nci: [INFO:NativeNfcTag.cpp(1753)] nativeNfcTag_acquireRfInterfaceMutexLock: try to acquire lock
04-07 16:27:42.567  3418 13849 I libnfc_nci: [INFO:NativeNfcTag.cpp(1756)] nativeNfcTag_acquireRfInterfaceMutexLock: sRfInterfaceMutex lock
04-07 16:27:42.567  3418 13849 I libnfc_nci: [INFO:NativeNfcManager.cpp(2169)] stopPolling_rfDiscoveryDisabled: disable polling
04-07 16:27:42.567  3418 13849 I libnfc_nci: [INFO:nfa_dm_api.cc(477)] NFA_DisablePolling
04-07 16:27:42.567  3418  3479 I libnfc_nci: [INFO:nfa_sys_main.cc(77)] NFA got event 0x0107
04-07 16:27:42.567  3418  3479 I libnfc_nci: [INFO:nfa_dm_main.cc(121)] event: NFA_DM_API_DISABLE_POLLING_EVT (0x07)
04-07 16:27:42.567   660   660 V LocSvc_HIDL_IzatSubscription: [screenStatusUpdate][571] [HS] <<<<= [HC]
04-07 16:27:42.567  3418  3479 I libnfc_nci: [INFO:nfa_dm_act.cc(1040)] nfa_dm_act_disable_polling
04-07 16:27:42.567  3418  3479 I libnfc_nci: [INFO:nfa_dm_act.cc(1009)] nfa_dm_deactivate_polling
04-07 16:27:42.567  3418  3479 I libnfc_nci: [INFO:nfa_dm_discover.cc(2709)] handle=0x1
04-07 16:27:42.567  3418  3479 I libnfc_nci: [INFO:NativeNfcManager.cpp(249)] nfaConnectionCallback: event= 1
04-07 16:27:42.567  3418  3479 I libnfc_nci: [INFO:NativeNfcManager.cpp(264)] nfaConnectionCallback: NFA_POLL_DISABLED_EVT: status = 0
04-07 16:27:42.568  3418 13849 I libnfc_nci: [INFO:NativeNfcTag.cpp(1771)] nativeNfcTag_releaseRfInterfaceMutexLock: sRfInterfaceMutex unlock
04-07 16:27:42.568  3418 13849 I libnfc_nci: [INFO:PeerToPeer.cpp(1119)] PeerToPeer::enableP2pListening: enter isEnable: 0  mIsP2pListening: 1
04-07 16:27:42.568  3418 13849 I libnfc_nci: [INFO:nfa_dm_api.cc(658)] tech_mask:0x0
04-07 16:27:42.568  3418  3479 I libnfc_nci: [INFO:nfa_sys_main.cc(77)] NFA got event 0x010D
04-07 16:27:42.568  3418  3479 I libnfc_nci: [INFO:nfa_dm_main.cc(121)] event: NFA_DM_API_SET_P2P_LISTEN_TECH_EVT (0x0d)
04-07 16:27:42.568  3418  3479 I libnfc_nci: [INFO:nfa_dm_act.cc(1206)] tech_mask = 0
04-07 16:27:42.568  3418  3479 I libnfc_nci: [INFO:nfa_p2p_main.cc(695)] tech_mask = 0x0
04-07 16:27:42.568  3418  3479 I libnfc_nci: [INFO:nfa_dm_discover.cc(2709)] handle=0x2
04-07 16:27:42.568  3418  3479 I libnfc_nci: [INFO:nfa_p2p_main.cc(587)] sys_id = 3, update_wks = 0
04-07 16:27:42.568  3418  3479 I libnfc_nci: [INFO:NativeNfcManager.cpp(249)] nfaConnectionCallback: event= 33
