04-07 16:20:01.530  2707  2707 I Telephony: GsmConnection: isAddParticipantCapable: isCapable = false
04-07 16:20:01.530  2707  2707 I Telephony: GsmConnection: isAddParticipantCapable: isCapable = false
04-07 16:20:01.530  1368  2910 I Telecom : InCallController: Sending updateCall [TC@10, DIALING, com.android.phone/com.android.services.telephony.TelephonyConnectionService, tel:***********, A, childs(0), has_parent(false), [Capabilities: CAPABILITY_SUPPORT_HOLD CAPABILITY_MUTE CAPABILITY_CANNOT_DOWNGRADE_VIDEO_TO_AUDIO], [Properties:]]: CSW.sSH@EN8
04-07 16:20:01.531  1368  2910 I Telecom : InCallController: Components updated: [ComponentInfo{com.android.dialer/com.android.incallui.InCallServiceImpl}]: CSW.sSH@EN8
04-07 16:20:01.531  1368  2910 I Telecom : InCallController: Sending updateCall [TC@10, DIALING, com.android.phone/com.android.services.telephony.TelephonyConnectionService, tel:***********, A, childs(0), has_parent(false), [Capabilities: CAPABILITY_SUPPORT_HOLD CAPABILITY_MUTE CAPABILITY_CANNOT_DOWNGRADE_VIDEO_TO_AUDIO], [Properties:]]: CSW.sCDN@EOA
04-07 16:20:01.531  1368  2910 I Telecom : InCallController: Components updated: [ComponentInfo{com.android.dialer/com.android.incallui.InCallServiceImpl}]: CSW.sCDN@EOA
04-07 16:20:01.532  1368  2910 I Telecom : InCallController: Sending updateCall [TC@10, DIALING, com.android.phone/com.android.services.telephony.TelephonyConnectionService, tel:***********, A, childs(0), has_parent(false), [Capabilities: CAPABILITY_SUPPORT_HOLD CAPABILITY_MUTE CAPABILITY_CANNOT_DOWNGRADE_VIDEO_TO_AUDIO], [Properties:]]: CSW.rE@EOE
04-07 16:20:01.532  1368  2910 I Telecom : InCallController: Components updated: [ComponentInfo{com.android.dialer/com.android.incallui.InCallServiceImpl}]: CSW.rE@EOE
04-07 16:20:02.884  2707  2707 I Telephony: GsmConnection: handleSuppServiceNotification: type=0, code=1
04-07 16:20:02.890  1368  2910 I Telecom : Event: RecordEntry TC@10: CONNECTION_EVENT, android.telephony.event.EVENT_SUPPLEMENTARY_SERVICE_NOTIFICATION: CSW.oCE@ETc
04-07 16:20:02.890  1368  2910 I Telecom : InCallController: notifyConnectionEvent {Call: [TC@10, DIALING, com.android.phone/com.android.services.telephony.TelephonyConnectionService, tel:***********, A, childs(0), has_parent(false), [Capabilities: CAPABILITY_SUPPORT_HOLD CAPABILITY_MUTE CAPABILITY_CANNOT_DOWNGRADE_VIDEO_TO_AUDIO], [Properties:]], Event: android.telephony.event.EVENT_SUPPLEMENTARY_SERVICE_NOTIFICATION, Extras:[Bundle[mParcelledData.dataSize=360]]}: CSW.oCE@ETc
04-07 16:20:04.474  2707  2707 I Telephony: GsmConnection: isAddParticipantCapable: isCapable = false
04-07 16:20:04.474  2707  2707 I Telephony: GsmConnection: isAddParticipantCapable: isCapable = false
04-07 16:20:04.476  1368  2910 I Telecom : InCallController: Sending updateCall [TC@10, DIALING, com.android.phone/com.android.services.telephony.TelephonyConnectionService, tel:***********, A, childs(0), has_parent(false), [Capabilities: CAPABILITY_SUPPORT_HOLD CAPABILITY_MUTE CAPABILITY_CANNOT_DOWNGRADE_VIDEO_TO_AUDIO], [Properties:]]: CSW.sSH@ETg
04-07 16:20:04.481  1368  2910 I Telecom : InCallController: Components updated: [ComponentInfo{com.android.dialer/com.android.incallui.InCallServiceImpl}]: CSW.sSH@ETg
04-07 16:20:04.483  1368  2910 I Telecom : InCallController: Sending updateCall [TC@10, DIALING, com.android.phone/com.android.services.telephony.TelephonyConnectionService, tel:***********, A, childs(0), has_parent(false), [Capabilities: CAPABILITY_SUPPORT_HOLD CAPABILITY_MUTE CAPABILITY_CANNOT_DOWNGRADE_VIDEO_TO_AUDIO], [Properties:]]: CSW.rE@ETk
04-07 16:20:04.485  1368  2910 I Telecom : InCallController: Components updated: [ComponentInfo{com.android.dialer/com.android.incallui.InCallServiceImpl}]: CSW.rE@ETk
04-07 16:20:04.766  1368  3819 I Telecom : InCallController: Sending updateCall [TC@10, DIALING, com.android.phone/com.android.services.telephony.TelephonyConnectionService, tel:***********, A, childs(0), has_parent(false), [Capabilities: CAPABILITY_SUPPORT_HOLD CAPABILITY_MUTE CAPABILITY_CANNOT_DOWNGRADE_VIDEO_TO_AUDIO], [Properties:]]: CSW.sSH@EUs
04-07 16:20:04.774  1368  3819 I Telecom : InCallController: Components updated: [ComponentInfo{com.android.dialer/com.android.incallui.InCallServiceImpl}]: CSW.sSH@EUs
04-07 16:20:04.774  2707  2707 I Telephony: GsmConnection: isAddParticipantCapable: isCapable = false
04-07 16:20:04.775  2707  2707 I Telephony: GsmConnection: isAddParticipantCapable: isCapable = false
04-07 16:20:04.776  1368  2910 I Telecom : CallsManager: setCallState DIALING -> ACTIVE, call: [TC@10, DIALING, com.android.phone/com.android.services.telephony.TelephonyConnectionService, tel:***********, A, childs(0), has_parent(false), [Capabilities: CAPABILITY_SUPPORT_HOLD CAPABILITY_MUTE CAPABILITY_CANNOT_DOWNGRADE_VIDEO_TO_AUDIO], [Properties:]]: CSW.sA@EUw
04-07 16:20:04.778  1368  2910 I Telecom : Event: RecordEntry TC@10: SET_ACTIVE, active set explicitly: CSW.sA@EUw
04-07 16:20:04.778  1368  2910 I Telecom : InCallController: onCanAddCallChanged : true: CSW.sA@EUw
04-07 16:20:04.780  1368  2910 I Telecom : InCallController: Sending updateCall [TC@10, ACTIVE, com.android.phone/com.android.services.telephony.TelephonyConnectionService, tel:***********, A, childs(0), has_parent(false), [Capabilities: CAPABILITY_SUPPORT_HOLD CAPABILITY_MUTE CAPABILITY_CANNOT_DOWNGRADE_VIDEO_TO_AUDIO], [Properties:]]: CSW.sA@EUw
04-07 16:20:04.781  1368  2910 I Telecom : InCallController: Components updated: [ComponentInfo{com.android.dialer/com.android.incallui.InCallServiceImpl}]: CSW.sA@EUw
04-07 16:20:04.781  1368  2910 I Telecom : IncomingCallNotifier: updateIncomingCall: foundIncomingcall = null: CSW.sA@EUw
04-07 16:20:04.782  1368  2910 I Telecom : TelecomWakeLock: WakeLock already released with id: 26: CSW.sA@EUw
04-07 16:20:04.782  1368  2910 I Telecom : InCallWakeLockController: Releasing full wake lock: CSW.sA@EUw
04-07 16:20:04.783  1368  2595 I Telecom : CallAudioModeStateMachine: Message received: NEW_ACTIVE_OR_DIALING_CALL.: CSW.sA->CAMSM.pM_2001@EUw
04-07 16:20:04.784  1368  2910 I Telecom : InCallController: Sending updateCall [TC@10, ACTIVE, com.android.phone/com.android.services.telephony.TelephonyConnectionService, tel:***********, A, childs(0), has_parent(false), [Capabilities: CAPABILITY_SUPPORT_HOLD CAPABILITY_MUTE CAPABILITY_CANNOT_DOWNGRADE_VIDEO_TO_AUDIO], [Properties:]]: CSW.sCC@EU4
04-07 16:20:04.784  1368  2910 I Telecom : InCallController: Components updated: [ComponentInfo{com.android.dialer/com.android.incallui.InCallServiceImpl}]: CSW.sCC@EU4
04-07 16:20:04.785  1368  2910 I Telecom : InCallController: Sending updateCall [TC@10, ACTIVE, com.android.phone/com.android.services.telephony.TelephonyConnectionService, tel:***********, A, childs(0), has_parent(false), [Capabilities: CAPABILITY_SUPPORT_HOLD CAPABILITY_MUTE CAPABILITY_CANNOT_DOWNGRADE_VIDEO_TO_AUDIO], [Properties:]]: CSW.sSH@EU8
04-07 16:20:04.785  1368  2910 I Telecom : InCallController: Components updated: [ComponentInfo{com.android.dialer/com.android.incallui.InCallServiceImpl}]: CSW.sSH@EU8
04-07 16:20:04.786  1368  2910 I Telecom : InCallController: Sending updateCall [TC@10, ACTIVE, com.android.phone/com.android.services.telephony.TelephonyConnectionService, tel:***********, A, childs(0), has_parent(false), [Capabilities: CAPABILITY_HOLD CAPABILITY_SUPPORT_HOLD CAPABILITY_MUTE CAPABILITY_CANNOT_DOWNGRADE_VIDEO_TO_AUDIO], [Properties:]]: CSW.sCC@EVA
04-07 16:20:04.786  1368  2910 I Telecom : InCallController: Components updated: [ComponentInfo{com.android.dialer/com.android.incallui.InCallServiceImpl}]: CSW.sCC@EVA
04-07 16:20:04.787  1368  2910 I Telecom : Event: RecordEntry TC@10: CAPABILITY_CHANGE, Current: [[ hld sup_hld mut !v2a]], Removed [[]], Added [[ hld]]: CSW.sCC@EVA
04-07 16:20:04.787  1368  2910 I Telecom : InCallController: Sending updateCall [TC@10, ACTIVE, com.android.phone/com.android.services.telephony.TelephonyConnectionService, tel:***********, A, childs(0), has_parent(false), [Capabilities: CAPABILITY_HOLD CAPABILITY_SUPPORT_HOLD CAPABILITY_MUTE CAPABILITY_CANNOT_DOWNGRADE_VIDEO_TO_AUDIO], [Properties:]]: CSW.rE@EVE
04-07 16:20:04.788  1368  2910 I Telecom : InCallController: Components updated: [ComponentInfo{com.android.dialer/com.android.incallui.InCallServiceImpl}]: CSW.rE@EVE
04-07 16:20:04.879  1368  1368 V SettingsProvider: Notifying for 0: content://settings/system/screen_brightness
04-07 16:20:04.994  1368  1479 I ActivityManager: Start proc 11519:com.android.incallui/u0a42 for service com.android.dialer/.callrecord.impl.CallRecorderService
04-07 16:20:07.108  1368 10548 I Telecom : Event: RecordEntry TC@10: REQUEST_DISCONNECT, internal: ICA.dC(InCall package: com.android.dialer)@EYw
04-07 16:20:07.108  1368 10548 I Telecom : Call: Send disconnect to connection service for call: [TC@10, ACTIVE, com.android.phone/com.android.services.telephony.TelephonyConnectionService, tel:***********, A, childs(0), has_parent(false), [Capabilities: CAPABILITY_HOLD CAPABILITY_SUPPORT_HOLD CAPABILITY_MUTE CAPABILITY_CANNOT_DOWNGRADE_VIDEO_TO_AUDIO], [Properties:]]: ICA.dC(InCall package: com.android.dialer)@EYw
04-07 16:20:07.470  2707  2707 I Telephony: : onDisconnect: callId=TC@10_1, cause=LOCAL
04-07 16:20:07.477  1368 10862 W ContextImpl: Calling a method in the system process without a qualified user: android.app.ContextImpl.sendBroadcastAsUserMultiplePermissions:1053 com.android.server.TelephonyRegistry.broadcastCallStateChanged:1602 com.android.server.TelephonyRegistry.notifyCallStateForPhoneId:793 com.android.internal.telephony.ITelephonyRegistry$Stub.onTransact:122 android.os.Binder.execTransact:731 
04-07 16:20:07.482  1368 10862 I Telecom : InCallController: Sending updateCall [TC@10, ACTIVE, com.android.phone/com.android.services.telephony.TelephonyConnectionService, tel:***********, A, childs(0), has_parent(false), [Capabilities: CAPABILITY_HOLD CAPABILITY_SUPPORT_HOLD CAPABILITY_MUTE CAPABILITY_CANNOT_DOWNGRADE_VIDEO_TO_AUDIO], [Properties:]]: CSW.sSH@EY0
04-07 16:20:07.482  1368 10862 I Telecom : InCallController: Components updated: [ComponentInfo{com.android.dialer/com.android.incallui.InCallServiceImpl}]: CSW.sSH@EY0
04-07 16:20:07.483  1368 10862 I Telecom : InCallController: Sending updateCall [TC@10, ACTIVE, com.android.phone/com.android.services.telephony.TelephonyConnectionService, tel:***********, A, childs(0), has_parent(false), [Capabilities: CAPABILITY_HOLD CAPABILITY_SUPPORT_HOLD CAPABILITY_MUTE CAPABILITY_CANNOT_DOWNGRADE_VIDEO_TO_AUDIO], [Properties:]]: CSW.sCC@EY4
04-07 16:20:07.484  1368 10862 I Telecom : InCallController: Components updated: [ComponentInfo{com.android.dialer/com.android.incallui.InCallServiceImpl}]: CSW.sCC@EY4
04-07 16:20:07.484  1368 10862 I Telecom : CallsManager: setCallState ACTIVE -> DISCONNECTED, call: [TC@10, ACTIVE, com.android.phone/com.android.services.telephony.TelephonyConnectionService, tel:***********, A, childs(0), has_parent(false), [Capabilities: CAPABILITY_HOLD CAPABILITY_SUPPORT_HOLD CAPABILITY_MUTE CAPABILITY_CANNOT_DOWNGRADE_VIDEO_TO_AUDIO], [Properties:]]: CSW.sDc@EY8
04-07 16:20:07.485  1368 10862 I Telecom : Event: RecordEntry TC@10: SET_DISCONNECTED, disconnected set explicitly> DisconnectCause [ Code: (LOCAL) Label: () Description: () Reason: (LOCAL) Tone: (27) ]: CSW.sDc@EY8
04-07 16:20:07.489  2707  2707 I Telephony: GsmConnection: isAddParticipantCapable: isCapable = false
04-07 16:20:07.489  2707  2707 I Telephony: GsmConnection: isAddParticipantCapable: isCapable = false
04-07 16:20:07.495  1368  1477 W BroadcastQueue: Permission Denial: receiving Intent { act=android.intent.action.PHONE_STATE flg=0x1000010 (has extras) } to org.telegram.messenger/.CallReceiver requires android.permission.READ_PRIVILEGED_PHONE_STATE due to sender android (uid 1000)
04-07 16:20:07.498  1368  1477 W BroadcastQueue: Permission Denial: receiving Intent { act=android.intent.action.PHONE_STATE flg=0x1000010 (has extras) } to ProcessRecord{cdded80 2535:com.android.systemui/u0a20} (pid=2535, uid=10020) requires android.permission.READ_PHONE_STATE due to sender android (uid 1000)
04-07 16:20:07.498  1368 10862 W ContextImpl: Calling a method in the system process without a qualified user: android.app.ContextImpl.sendBroadcastAsUserMultiplePermissions:1053 com.android.server.TelephonyRegistry.broadcastCallStateChanged:1602 com.android.server.TelephonyRegistry.notifyCallState:760 com.android.server.telecom.PhoneStateBroadcaster.sendPhoneStateChangedBroadcast:117 com.android.server.telecom.PhoneStateBroadcaster.updateStates:94 
04-07 16:20:07.498  1368  1477 W BroadcastQueue: Permission Denial: receiving Intent { act=android.intent.action.PHONE_STATE flg=0x1000010 (has extras) } to ProcessRecord{cdded80 2535:com.android.systemui/u0a20} (pid=2535, uid=10020) requires android.permission.READ_PHONE_STATE due to sender android (uid 1000)
04-07 16:20:07.501  1368 10862 I Telecom : PhoneStateBroadcaster: Broadcasted state change: 0: CSW.sDc@EY8
04-07 16:20:07.502  1368 10862 I Telecom : InCallController: Sending updateCall [TC@10, DISCONNECTED, com.android.phone/com.android.services.telephony.TelephonyConnectionService, tel:***********, A, childs(0), has_parent(false), [Capabilities: CAPABILITY_HOLD CAPABILITY_SUPPORT_HOLD CAPABILITY_MUTE CAPABILITY_CANNOT_DOWNGRADE_VIDEO_TO_AUDIO], [Properties:]]: CSW.sDc@EY8
04-07 16:20:07.502  1368 10862 I Telecom : InCallController: Components updated: [ComponentInfo{com.android.dialer/com.android.incallui.InCallServiceImpl}]: CSW.sDc@EY8
04-07 16:20:07.502  1368 10862 I Telecom : IncomingCallNotifier: updateIncomingCall: foundIncomingcall = null: CSW.sDc@EY8
04-07 16:20:07.502  1368  2910 W BroadcastQueue: Permission Denial: receiving Intent { act=android.intent.action.PHONE_STATE flg=0x1000010 (has extras) } to ProcessRecord{cdded80 2535:com.android.systemui/u0a20} (pid=2535, uid=10020) requires android.permission.READ_PHONE_STATE due to sender android (uid 1000)
04-07 16:20:07.503  1368  2910 W BroadcastQueue: Permission Denial: receiving Intent { act=android.intent.action.PHONE_STATE flg=0x1000010 (has extras) } to ProcessRecord{cdded80 2535:com.android.systemui/u0a20} (pid=2535, uid=10020) requires android.permission.READ_PHONE_STATE due to sender android (uid 1000)
04-07 16:20:07.503  1368  2910 W BroadcastQueue: Permission Denial: receiving Intent { act=android.intent.action.PHONE_STATE flg=0x1000010 (has extras) } to org.telegram.messenger/.CallReceiver requires android.permission.READ_CALL_LOG due to sender android (uid 1000)
04-07 16:20:07.518  1368 10862 W ContextImpl: Calling a method in the system process without a qualified user: android.app.ContextImpl.sendBroadcast:1020 android.content.ContextWrapper.sendBroadcast:449 com.android.server.telecom.CallLogManager.sendAddCallBroadcast:505 com.android.server.telecom.CallLogManager.logCall:303 com.android.server.telecom.CallLogManager.logCall:245 
04-07 16:20:07.520  1368 10862 I Telecom : TelecomWakeLock: WakeLock already released with id: 26: CSW.sDc@EY8
04-07 16:20:07.520  1368 10862 I Telecom : InCallWakeLockController: Releasing full wake lock: CSW.sDc@EY8
04-07 16:20:07.520  1368  2593 I Telecom : CallAudioRouteStateMachine: Message received: UPDATE_SYSTEM_AUDIO_ROUTE=1201, arg1=0: CSW.sDc->CARSM.pM_UPDATE_SYSTEM_AUDIO_ROUTE@EY8
04-07 16:20:07.520  1368  2593 I Telecom : ActiveEarpieceRoute: Processing message UPDATE_SYSTEM_AUDIO_ROUTE: CSW.sDc->CARSM.pM_UPDATE_SYSTEM_AUDIO_ROUTE@EY8
04-07 16:20:07.521  1368  2595 I Telecom : CallAudioModeStateMachine: Message received: TONE_STARTED_PLAYING.: CSW.sDc->CAMSM.pM_3001@EY8
04-07 16:20:07.522  1368 10862 I Telecom : CallAudioManager: is ConfURI call disconnected = false call = [TC@10, DISCONNECTED, com.android.phone/com.android.services.telephony.TelephonyConnectionService, tel:***********, A, childs(0), has_parent(false), [Capabilities: CAPABILITY_HOLD CAPABILITY_SUPPORT_HOLD CAPABILITY_MUTE CAPABILITY_CANNOT_DOWNGRADE_VIDEO_TO_AUDIO], [Properties:]]: CSW.sDc@EY8
04-07 16:20:07.522  1368  2595 I Telecom : CallAudioModeStateMachine: Message received: NO_MORE_ACTIVE_OR_DIALING_CALLS.: CSW.sDc->CAMSM.pM_1001@EY8
04-07 16:20:07.524  1368  2595 I Telecom : CallAudioModeStateMachine: Audio focus entering TONE/HOLDING state: CSW.sDc->CAMSM.pM_1001@EY8
04-07 16:20:07.524  1368  2593 I Telecom : CallAudioRouteStateMachine: setSystemAudioState: changing from [AudioState isMuted: false, route: EARPIECE, supportedRouteMask: EARPIECE, SPEAKER, activeBluetoothDevice: [null], supportedBluetoothDevices: []] to [AudioState isMuted: false, route: EARPIECE, supportedRouteMask: EARPIECE, SPEAKER, activeBluetoothDevice: [null], supportedBluetoothDevices: []]: CSW.sDc->CARSM.pM_UPDATE_SYSTEM_AUDIO_ROUTE@EY8
04-07 16:20:07.525  1368  2593 I Telecom : InCallController: Calling onAudioStateChanged, audioState: [AudioState isMuted: false, route: EARPIECE, supportedRouteMask: EARPIECE, SPEAKER, activeBluetoothDevice: [null], supportedBluetoothDevices: []] -> [AudioState isMuted: false, route: EARPIECE, supportedRouteMask: EARPIECE, SPEAKER, activeBluetoothDevice: [null], supportedBluetoothDevices: []]: CSW.sDc->CARSM.pM_UPDATE_SYSTEM_AUDIO_ROUTE@EY8
04-07 16:20:07.526  1368  2585 I Telecom : BluetoothRouteManager: Message received: GET_CURRENT_STATE.: CSW.sDc->ICTP.r->BRM.pM_400@EY8
04-07 16:20:07.526  1368 10862 I Telecom : InCallController: Sending updateCall [TC@10, DISCONNECTED, com.android.phone/com.android.services.telephony.TelephonyConnectionService, tel:***********, A, childs(0), has_parent(false), [Capabilities: CAPABILITY_HOLD CAPABILITY_SUPPORT_HOLD CAPABILITY_MUTE CAPABILITY_CANNOT_DOWNGRADE_VIDEO_TO_AUDIO], [Properties:]]: CSW.sCC@EZI
04-07 16:20:07.527  1368 10862 I Telecom : InCallController: Components updated: [ComponentInfo{com.android.dialer/com.android.incallui.InCallServiceImpl}]: CSW.sCC@EZI
04-07 16:20:07.527  1368 10860 I Telecom : ConnectionServiceWrapper: Service unbound ComponentInfo{com.android.phone/com.android.services.telephony.TelephonyConnectionService}, from unbind.: CSW.rC@EZM
04-07 16:20:07.529  1368 10860 I Telecom : CallsManager: handleConnectionServiceDeath: service com.android.server.telecom.ConnectionServiceWrapper@44bb0ac died: CSW.rC@EZM
04-07 16:20:07.529  1368 10860 I Telecom : Event: RecordEntry TC@10: DESTROYED, null: CSW.rC@EZM
04-07 16:20:07.530  1368 10860 I Telecom : InCallController: onCallRemoved: [TC@10, DISCONNECTED, null, tel:***********, A, childs(0), has_parent(false), [Capabilities: CAPABILITY_HOLD CAPABILITY_SUPPORT_HOLD CAPABILITY_MUTE CAPABILITY_CANNOT_DOWNGRADE_VIDEO_TO_AUDIO], [Properties:]]: CSW.rC@EZM
04-07 16:20:07.530  1368 10860 I Telecom : IncomingCallNotifier: updateIncomingCall: foundIncomingcall = null: CSW.rC@EZM
04-07 16:20:07.530  1368 10860 I Telecom : TelecomWakeLock: WakeLock already released with id: 26: CSW.rC@EZM
04-07 16:20:07.530  1368 10860 I Telecom : InCallWakeLockController: Releasing full wake lock: CSW.rC@EZM
04-07 16:20:07.530  1368 10860 I Telecom : ProximitySensorManager: All calls removed, resetting proximity sensor to default state: CSW.rC@EZM
04-07 16:20:07.530  1368 10860 I Telecom : TelecomWakeLock: WakeLock already released with id: 32: CSW.rC@EZM
04-07 16:20:07.559  1368  2593 I Telecom : CallAudioRouteStateMachine: Message received: SWITCH_FOCUS=4001, arg1=2: CSW.sDc->CAMSM.pM_1001->CARSM.pM_SWITCH_FOCUS@EY8
04-07 16:20:07.559  1368  2593 I Telecom : ActiveEarpieceRoute: Processing message SWITCH_FOCUS: CSW.sDc->CAMSM.pM_1001->CARSM.pM_SWITCH_FOCUS@EY8
04-07 16:20:07.803  1368  2595 I Telecom : CallAudioModeStateMachine: Message received: TONE_STOPPED_PLAYING.: CSW.sDc->ICTP.r->ICTP.cUTP->CAMSM.pM_3002@EY8
04-07 16:20:07.803  1368  2595 I Telecom : CallAudioModeStateMachine: Abandoning audio focus: now UNFOCUSED: CSW.sDc->ICTP.r->ICTP.cUTP->CAMSM.pM_3002@EY8
04-07 16:20:08.060  1368  2593 I Telecom : CallAudioRouteStateMachine: Message received: SWITCH_FOCUS=4001, arg1=1: CSW.sDc->ICTP.r->ICTP.cUTP->CAMSM.pM_3002->CARSM.pM_SWITCH_FOCUS@EY8
04-07 16:20:08.060  1368  2593 I Telecom : ActiveEarpieceRoute: Processing message SWITCH_FOCUS: CSW.sDc->ICTP.r->ICTP.cUTP->CAMSM.pM_3002->CARSM.pM_SWITCH_FOCUS@EY8
04-07 16:20:08.060  1368  2593 I Telecom : CallAudioRouteStateMachine: turning speaker phone false: CSW.sDc->ICTP.r->ICTP.cUTP->CAMSM.pM_3002->CARSM.pM_SWITCH_FOCUS@EY8
04-07 16:20:08.060  1368  2593 I Telecom : Logging.Events: Non-call EVENT: UNMUTE, null: CSW.sDc->ICTP.r->ICTP.cUTP->CAMSM.pM_3002->CARSM.pM_SWITCH_FOCUS@EY8
04-07 16:20:08.061  1368  2593 I Telecom : Logging.Events: Non-call EVENT: AUDIO_ROUTE, Leaving state ActiveEarpieceRoute: CSW.sDc->ICTP.r->ICTP.cUTP->CAMSM.pM_3002->CARSM.pM_SWITCH_FOCUS@EY8
04-07 16:20:08.061  1368  2593 I Telecom : Logging.Events: Non-call EVENT: AUDIO_ROUTE, Entering state QuiescentEarpieceRoute: CSW.sDc->ICTP.r->ICTP.cUTP->CAMSM.pM_3002->CARSM.pM_SWITCH_FOCUS@EY8
04-07 16:20:08.061  1368  2593 I Telecom : BluetoothRouteManager: getBluetoothAudioConnectedDevice: no headset service available.: CSW.sDc->ICTP.r->ICTP.cUTP->CAMSM.pM_3002->CARSM.pM_SWITCH_FOCUS@EY8
04-07 16:20:09.529  1368  1368 I Telecom : EmergencyInCallServiceConnection: Disconnect forced!: CSW.rC->ICC.oCR@EZM
04-07 16:20:09.902  1368 10860 I ActivityManager: START u0 {act=android.intent.action.MAIN cat=[android.intent.category.HOME] flg=0x10000000 cmp=ch.deletescape.lawnchair.ci/ch.deletescape.lawnchair.LawnchairLauncher (has extras)} from uid 10016
04-07 16:20:10.310 11446 11446 W ViewRootImpl[DialtactsActivity]: Dropping event due to no window focus: MotionEvent { action=ACTION_MOVE, actionButton=0, id[0]=0, x[0]=621.0, y[0]=1662.0, toolType[0]=TOOL_TYPE_FINGER, buttonState=0, metaState=0, flags=0x0, edgeFlags=0x0, pointerCount=1, historySize=0, eventTime=754903, downTime=753953, deviceId=9, source=0x1002 }
04-07 16:20:10.313 11446 11446 W ViewRootImpl[DialtactsActivity]: Cancelling event due to no window focus: MotionEvent { action=ACTION_CANCEL, actionButton=0, id[0]=0, x[0]=621.0, y[0]=1662.0, toolType[0]=TOOL_TYPE_FINGER, buttonState=0, metaState=0, flags=0x0, edgeFlags=0x0, pointerCount=1, historySize=0, eventTime=754911, downTime=753953, deviceId=9, source=0x1002 }
04-07 16:20:10.313 11446 11446 I chatty  : uid=10042(com.android.dialer) identical 1 line
04-07 16:20:10.313 11446 11446 W ViewRootImpl[DialtactsActivity]: Cancelling event due to no window focus: MotionEvent { action=ACTION_CANCEL, actionButton=0, id[0]=0, x[0]=621.0, y[0]=1662.0, toolType[0]=TOOL_TYPE_FINGER, buttonState=0, metaState=0, flags=0x0, edgeFlags=0x0, pointerCount=1, historySize=0, eventTime=754911, downTime=753953, deviceId=9, source=0x1002 }
04-07 16:20:14.510  1368  5235 W ActivityManager: Background start not allowed: service Intent { cmp=ru.sberbankmobile/com.kavsdk.SdkService } to ru.sberbankmobile/com.kavsdk.SdkService from pid=3391 uid=10225 pkg=ru.sberbankmobile startFg?=false
04-07 16:20:18.608  1368  1368 V SettingsProvider: Notifying for 0: content://settings/system/screen_brightness
04-07 16:20:20.976 11157 11157 W ContextImpl: Calling a method in the system process without a qualified user: android.app.ContextImpl.startActivity:887 android.content.ContextWrapper.startActivity:379 android.content.ContextWrapper.startActivity:379 com.android.settings.TestingSettingsBroadcastReceiver.onReceive:23 android.app.ActivityThread.handleReceiver:3419 
04-07 16:20:20.977 11157 11157 W ContextImpl: Calling a method in the system process without a qualified user: android.app.ContextImpl.startActivity:899 android.app.ContextImpl.startActivity:888 android.content.ContextWrapper.startActivity:379 android.content.ContextWrapper.startActivity:379 com.android.settings.TestingSettingsBroadcastReceiver.onReceive:23 
04-07 16:20:20.979  1368  7999 I ActivityManager: START u0 {act=android.intent.action.MAIN flg=0x10000000 cmp=com.android.settings/.Settings$TestingSettingsActivity} from uid 1000
04-07 16:20:21.734  1368 10862 W Telecom : MissedCallNotifierImpl: Showing missed calls through default dialer.: TSI.cMCN@EjI
04-07 16:20:21.877  1368 10862 I ActivityManager: START u0 {act=android.intent.action.MAIN cmp=com.android.settings/.RadioInfo} from uid 1000
04-07 16:20:21.902  1368  7175 W AppOps  : Bad call: specified package com.android.settings under uid 1001 but it is really 1000
04-07 16:20:21.902  1368  7175 W AppOps  : java.lang.RuntimeException: here
04-07 16:20:21.902  1368  7175 W AppOps  : 	at com.android.server.AppOpsService.getOpsRawLocked(AppOpsService.java:2244)
04-07 16:20:21.902  1368  7175 W AppOps  : 	at com.android.server.AppOpsService.handlePackageResumed(AppOpsService.java:843)
04-07 16:20:21.902  1368  7175 W AppOps  : 	at com.android.server.am.ActivityRecord.completeResumeLocked(ActivityRecord.java:1935)
04-07 16:20:21.902  1368  7175 W AppOps  : 	at com.android.server.am.ActivityStack.minimalResumeActivityLocked(ActivityStack.java:1259)
04-07 16:20:21.902  1368  7175 W AppOps  : 	at com.android.server.am.ActivityStackSupervisor.realStartActivityLocked(ActivityStackSupervisor.java:1608)
04-07 16:20:21.902  1368  7175 W AppOps  : 	at com.android.server.am.ActivityStackSupervisor.startSpecificActivityLocked(ActivityStackSupervisor.java:1708)
04-07 16:20:21.902  1368  7175 W AppOps  : 	at com.android.server.am.ActivityStack.resumeTopActivityInnerLocked(ActivityStack.java:2781)
04-07 16:20:21.902  1368  7175 W AppOps  : 	at com.android.server.am.ActivityStack.resumeTopActivityUncheckedLocked(ActivityStack.java:2302)
04-07 16:20:21.902  1368  7175 W AppOps  : 	at com.android.server.am.ActivityStackSupervisor.resumeFocusedStackTopActivityLocked(ActivityStackSupervisor.java:2233)
04-07 16:20:21.902  1368  7175 W AppOps  : 	at com.android.server.am.ActivityStack.completePauseLocked(ActivityStack.java:1606)
04-07 16:20:21.902  1368  7175 W AppOps  : 	at com.android.server.am.ActivityStack.activityPausedLocked(ActivityStack.java:1530)
04-07 16:20:21.902  1368  7175 W AppOps  : 	at com.android.server.am.ActivityManagerService.activityPaused(ActivityManagerService.java:8372)
04-07 16:20:21.902  1368  7175 W AppOps  : 	at android.app.IActivityManager$Stub.onTransact(IActivityManager.java:224)
04-07 16:20:21.902  1368  7175 W AppOps  : 	at com.android.server.am.ActivityManagerService.onTransact(ActivityManagerService.java:3411)
04-07 16:20:21.902  1368  7175 W AppOps  : 	at android.os.Binder.execTransact(Binder.java:731)
04-07 16:20:26.769  1368  1368 V SettingsProvider: Notifying for 0: content://settings/system/screen_brightness
04-07 16:20:30.806  1368  1505 V BatteryExternalStatsWorker: WiFi energy data was reset, new WiFi energy data is WifiActivityEnergyInfo{ timestamp=888376 mStackState=3 mControllerTxTimeMs=0 mControllerTxTimePerLevelMs=[0, 0, 0, 0, 0, 0, 0, 0, 0, 0, 0, 0, 0, 0, 0, 0, 0, 0, 0, 0, 0, 0, 0, 0, 228, 0, 0, 0, 0, 0, 0, 0, 0, 0, 43, 0, 0, 0, 0, 0, 0, 0, 0, 0, 0, 0, 0, 0, 0, 0, 0, 0, 0, 0, 0, 0, 0, 0, 0, 0, 0, 0, 0, 0, 0, 0, 0, 0, 0, 0, 0, 0, 0, 0, 0, 0, 0, 0, 0, 0, 0, 0, 0, 0, 0, 0, 0, 0, 0, 0, 0, 0, 0, 0, 0, 0, 0, 0, 0, 0, 0, 0, 0, 0, 0, 0, 0, 0, 0, 0, 0, 0, 0, 0, 0, 0, 0, 0, 0, 0, 0, 0, 0, 0, 0, 0, 0, 0, 0, 0, 0, 0, 0, 0, 0, 0, 0, 0, 0, 0, 0, 0, 0, 0, 0, 0, 0, 0, 0, 0, 0, 0, 0, 0, 0, 0, 0, 0, 0, 0, 0, 0, 0, 0, 0, 0, 0, 0, 0, 0, 0, 0, 0, 0, 0, 0, 0, 0, 0, 0] mControllerRxTimeMs=0 mControllerScanTimeMs=0 mControllerIdleTimeMs=0 mControllerEnergyUsed=0 }
04-07 16:20:36.180  1368 10862 I ActivityManager: Killing 4165:com.android.vending/u0a7 (adj 904): empty #31
04-07 16:20:36.210  1368  7175 D ConnectivityService: ConnectivityService NetworkRequestInfo binderDied(NetworkRequest [ LISTEN id=14, [ Capabilities: INTERNET&NOT_RESTRICTED&TRUSTED Unwanted:  Uid: 10007] ], android.os.BinderProxy@9f8adb4)
04-07 16:20:36.210  1368 10860 D ConnectivityService: ConnectivityService NetworkRequestInfo binderDied(NetworkRequest [ TRACK_DEFAULT id=13, [ Capabilities: INTERNET&NOT_RESTRICTED&TRUSTED Unwanted:  Uid: 10007] ], android.os.BinderProxy@106fddd)
04-07 16:20:39.297  1368  1368 V SettingsProvider: Notifying for 0: content://settings/system/screen_brightness
04-07 16:20:45.912  1368  1368 I chatty  : uid=1000 system_server identical 1 line
04-07 16:20:47.879  1368  1368 V SettingsProvider: Notifying for 0: content://settings/system/screen_brightness
04-07 16:20:55.340  1368  1477 W BroadcastQueue: Background execution not allowed: receiving Intent { act=android.intent.action.DROPBOX_ENTRY_ADDED flg=0x10 (has extras) } to com.google.android.gms/.stats.service.DropBoxEntryAddedReceiver
04-07 16:20:55.340  1368  1477 W BroadcastQueue: Background execution not allowed: receiving Intent { act=android.intent.action.DROPBOX_ENTRY_ADDED flg=0x10 (has extras) } to com.google.android.gms/.chimera.GmsIntentOperationService$PersistentTrustedReceiver
04-07 16:20:55.354  1368  1477 W BroadcastQueue: Background execution not allowed: receiving Intent { act=android.intent.action.DROPBOX_ENTRY_ADDED flg=0x10 (has extras) } to com.google.android.gms/.stats.service.DropBoxEntryAddedReceiver
04-07 16:20:55.355  1368  1477 W BroadcastQueue: Background execution not allowed: receiving Intent { act=android.intent.action.DROPBOX_ENTRY_ADDED flg=0x10 (has extras) } to com.google.android.gms/.chimera.GmsIntentOperationService$PersistentTrustedReceiver
04-07 16:21:06.131  1368  1368 V SettingsProvider: Notifying for 0: content://settings/system/screen_brightness
04-07 16:21:07.241  1368  1368 V SettingsProvider: Notifying for 0: content://settings/global/preferred_network_mode1
04-07 16:21:14.357  1368  1368 V SettingsProvider: Notifying for 0: content://settings/system/screen_brightness
04-07 16:21:15.891  1368  1368 V SettingsProvider: Notifying for 0: content://settings/global/preferred_network_mode1
04-07 16:21:21.134  1368  1368 V SettingsProvider: Notifying for 0: content://settings/system/screen_brightness
04-07 16:21:23.966  1368  1368 V SettingsProvider: Notifying for 0: content://settings/system/screen_brightness
04-07 16:21:27.299  1368 10858 I ActivityManager: START u0 {act=android.settings.SETTINGS flg=0x14000000 cmp=com.android.settings/.Settings} from uid 10020
04-07 16:21:27.333  1368 10858 E ActivityManager: applyOptionsLocked: Unknown animationType=0
04-07 16:21:27.450  1368  1505 E BatteryExternalStatsWorker: no controller energy info supplied for bluetooth
04-07 16:21:27.484  1368  1505 E BatteryExternalStatsWorker: no controller energy info supplied for bluetooth
04-07 16:21:28.659  1368  1382 I ActivityManager: START u0 {flg=0x8000 cmp=com.android.settings/.Settings$NetworkDashboardActivity (has extras)} from uid 1000
04-07 16:21:29.794  1368  1382 I ActivityManager: START u0 {act=android.intent.action.MAIN cmp=com.android.phone/.MobileNetworkSettings} from uid 1000
04-07 16:21:29.888  1368  5235 I Telecom : PhoneAccountRegistrar: SimCallManager queried, returning: null: TSI.gSCM@EjQ
04-07 16:21:29.924  1368  2603 I Telecom : PhoneAccountRegistrar: SimCallManager queried, returning: null: TSI.gSCM@EjU
04-07 16:21:29.955  1368  5235 I Telecom : PhoneAccountRegistrar: SimCallManager queried, returning: null: TSI.gSCM@EjY
04-07 16:21:30.030  1368  2603 I Telecom : PhoneAccountRegistrar: SimCallManager queried, returning: null: TSI.gSCM@Ejc
04-07 16:21:30.872  1368  2603 I Telecom : PhoneAccountRegistrar: SimCallManager queried, returning: null: TSI.gSCM@Ejg
04-07 16:21:31.946  1368  2603 I Telecom : PhoneAccountRegistrar: SimCallManager queried, returning: null: TSI.gSCM@Ejk
04-07 16:21:32.211   615   622 E NetlinkEvent: NetlinkEvent::FindParam(): Parameter 'INTERFACE' not found
04-07 16:21:32.211   615   622 E NetlinkEvent: NetlinkEvent::FindParam(): Parameter 'STATE' not found
04-07 16:21:32.211   615   622 E NetlinkEvent: NetlinkEvent::FindParam(): Parameter 'TIME_NS' not found
04-07 16:21:32.211   615   622 E NetlinkEvent: NetlinkEvent::FindParam(): Parameter 'UID' not found
04-07 16:21:34.134  1368  1368 V SettingsProvider: Notifying for 0: content://settings/system/screen_brightness
04-07 16:21:35.579  2707  2707 I Telephony: PstnPhoneCapabilitiesNotifier: handleVideoCapabilitesChanged. Video capability - true
04-07 16:21:35.603  1368  5235 I Telecom : PhoneAccountRegistrar: Modify account: [ComponentInfo{com.android.phone/com.android.services.telephony.TelephonyConnectionService}, ***, UserHandle{0}(cap: 1086 -> 1078)]: TSI.rPA@Ejo
04-07 16:21:37.740  1368  1368 V SettingsProvider: Notifying for 0: content://settings/system/screen_brightness
04-07 16:21:43.299  1368  1368 V SettingsProvider: Notifying for 0: content://settings/global/preferred_network_mode1
04-07 16:21:43.345  1368  5235 I Telecom : PhoneAccountRegistrar: SimCallManager queried, returning: null: TSI.gSCM@Ejs
04-07 16:21:45.897  1368  5235 I ActivityManager: START u0 {act=android.intent.action.MAIN cat=[android.intent.category.HOME] flg=0x10000000 cmp=ch.deletescape.lawnchair.ci/ch.deletescape.lawnchair.LawnchairLauncher (has extras)} from uid 10016
04-07 16:21:46.279  2707  2707 W ViewRootImpl[MobileNetworkSettings]: Cancelling event due to no window focus: MotionEvent { action=ACTION_CANCEL, actionButton=0, id[0]=0, x[0]=593.0, y[0]=1693.0, toolType[0]=TOOL_TYPE_FINGER, buttonState=0, metaState=0, flags=0x0, edgeFlags=0x0, pointerCount=1, historySize=0, eventTime=850400, downTime=849434, deviceId=9, source=0x1002 }
04-07 16:21:46.281  2707  2707 I chatty  : uid=1001(radio) com.android.phone identical 1 line
04-07 16:21:46.281  2707  2707 W ViewRootImpl[MobileNetworkSettings]: Cancelling event due to no window focus: MotionEvent { action=ACTION_CANCEL, actionButton=0, id[0]=0, x[0]=593.0, y[0]=1693.0, toolType[0]=TOOL_TYPE_FINGER, buttonState=0, metaState=0, flags=0x0, edgeFlags=0x0, pointerCount=1, historySize=0, eventTime=850400, downTime=849434, deviceId=9, source=0x1002 }
04-07 16:21:46.542  1368  1368 V SettingsProvider: Notifying for 0: content://settings/system/screen_brightness
04-07 16:21:47.832  1368  5235 W AppOps  : Bad call: specified package com.android.settings under uid 1001 but it is really 1000
04-07 16:21:47.832  1368  5235 W AppOps  : java.lang.RuntimeException: here
04-07 16:21:47.832  1368  5235 W AppOps  : 	at com.android.server.AppOpsService.getOpsRawLocked(AppOpsService.java:2244)
04-07 16:21:47.832  1368  5235 W AppOps  : 	at com.android.server.AppOpsService.handlePackageResumed(AppOpsService.java:843)
04-07 16:21:47.832  1368  5235 W AppOps  : 	at com.android.server.am.ActivityRecord.completeResumeLocked(ActivityRecord.java:1935)
04-07 16:21:47.832  1368  5235 W AppOps  : 	at com.android.server.am.ActivityStack.resumeTopActivityInnerLocked(ActivityStack.java:2759)
04-07 16:21:47.832  1368  5235 W AppOps  : 	at com.android.server.am.ActivityStack.resumeTopActivityUncheckedLocked(ActivityStack.java:2302)
04-07 16:21:47.832  1368  5235 W AppOps  : 	at com.android.server.am.ActivityStackSupervisor.resumeFocusedStackTopActivityLocked(ActivityStackSupervisor.java:2233)
04-07 16:21:47.832  1368  5235 W AppOps  : 	at com.android.server.am.ActivityStack.completePauseLocked(ActivityStack.java:1606)
04-07 16:21:47.832  1368  5235 W AppOps  : 	at com.android.server.am.ActivityStack.activityPausedLocked(ActivityStack.java:1530)
04-07 16:21:47.832  1368  5235 W AppOps  : 	at com.android.server.am.ActivityManagerService.activityPaused(ActivityManagerService.java:8372)
04-07 16:21:47.832  1368  5235 W AppOps  : 	at android.app.IActivityManager$Stub.onTransact(IActivityManager.java:224)
04-07 16:21:47.832  1368  5235 W AppOps  : 	at com.android.server.am.ActivityManagerService.onTransact(ActivityManagerService.java:3411)
04-07 16:21:47.832  1368  5235 W AppOps  : 	at android.os.Binder.execTransact(Binder.java:731)
04-07 16:21:51.370  1368  1505 V BatteryExternalStatsWorker: WiFi energy data was reset, new WiFi energy data is WifiActivityEnergyInfo{ timestamp=968453 mStackState=3 mControllerTxTimeMs=0 mControllerTxTimePerLevelMs=[0, 0, 0, 0, 0, 0, 0, 0, 0, 0, 0, 0, 0, 0, 0, 0, 0, 0, 0, 0, 0, 0, 0, 0, 251, 0, 0, 0, 0, 0, 0, 0, 0, 0, 45, 0, 0, 0, 0, 0, 0, 0, 0, 0, 0, 0, 0, 0, 0, 0, 0, 0, 0, 0, 0, 0, 0, 0, 0, 0, 0, 0, 0, 0, 0, 0, 0, 0, 0, 0, 0, 0, 0, 0, 0, 0, 0, 0, 0, 0, 0, 0, 0, 0, 0, 0, 0, 0, 0, 0, 0, 0, 0, 0, 0, 0, 0, 0, 0, 0, 0, 0, 0, 0, 0, 0, 0, 0, 0, 0, 0, 0, 0, 0, 0, 0, 0, 0, 0, 0, 0, 0, 0, 0, 0, 0, 0, 0, 0, 0, 0, 0, 0, 0, 0, 0, 0, 0, 0, 0, 0, 0, 0, 0, 0, 0, 0, 0, 0, 0, 0, 0, 0, 0, 0, 0, 0, 0, 0, 0, 0, 0, 0, 0, 0, 0, 0, 0, 0, 0, 0, 0, 0, 0, 0, 0, 0, 0, 0, 0] mControllerRxTimeMs=0 mControllerScanTimeMs=0 mControllerIdleTimeMs=0 mControllerEnergyUsed=0 }
04-07 16:21:51.942  1368 10860 I ActivityManager: START u0 {act=android.intent.action.MAIN cmp=com.android.settings/.RadioInfo} from uid 1000
04-07 16:21:51.961  1368 10860 W AppOps  : Bad call: specified package com.android.settings under uid 1001 but it is really 1000
04-07 16:21:51.961  1368 10860 W AppOps  : java.lang.RuntimeException: here
04-07 16:21:51.961  1368 10860 W AppOps  : 	at com.android.server.AppOpsService.getOpsRawLocked(AppOpsService.java:2244)
04-07 16:21:51.961  1368 10860 W AppOps  : 	at com.android.server.AppOpsService.handlePackageResumed(AppOpsService.java:843)
04-07 16:21:51.961  1368 10860 W AppOps  : 	at com.android.server.am.ActivityRecord.completeResumeLocked(ActivityRecord.java:1935)
04-07 16:21:51.961  1368 10860 W AppOps  : 	at com.android.server.am.ActivityStack.minimalResumeActivityLocked(ActivityStack.java:1259)
04-07 16:21:51.961  1368 10860 W AppOps  : 	at com.android.server.am.ActivityStackSupervisor.realStartActivityLocked(ActivityStackSupervisor.java:1608)
04-07 16:21:51.961  1368 10860 W AppOps  : 	at com.android.server.am.ActivityStackSupervisor.startSpecificActivityLocked(ActivityStackSupervisor.java:1708)
04-07 16:21:51.961  1368 10860 W AppOps  : 	at com.android.server.am.ActivityStack.resumeTopActivityInnerLocked(ActivityStack.java:2781)
04-07 16:21:51.961  1368 10860 W AppOps  : 	at com.android.server.am.ActivityStack.resumeTopActivityUncheckedLocked(ActivityStack.java:2302)
04-07 16:21:51.961  1368 10860 W AppOps  : 	at com.android.server.am.ActivityStackSupervisor.resumeFocusedStackTopActivityLocked(ActivityStackSupervisor.java:2233)
04-07 16:21:51.961  1368 10860 W AppOps  : 	at com.android.server.am.ActivityStack.completePauseLocked(ActivityStack.java:1606)
04-07 16:21:51.961  1368 10860 W AppOps  : 	at com.android.server.am.ActivityStack.activityPausedLocked(ActivityStack.java:1530)
04-07 16:21:51.961  1368 10860 W AppOps  : 	at com.android.server.am.ActivityManagerService.activityPaused(ActivityManagerService.java:8372)
04-07 16:21:51.961  1368 10860 W AppOps  : 	at android.app.IActivityManager$Stub.onTransact(IActivityManager.java:224)
04-07 16:21:51.961  1368 10860 W AppOps  : 	at com.android.server.am.ActivityManagerService.onTransact(ActivityManagerService.java:3411)
04-07 16:21:51.961  1368 10860 W AppOps  : 	at android.os.Binder.execTransact(Binder.java:731)
04-07 16:21:53.279   615   622 E NetlinkEvent: NetlinkEvent::FindParam(): Parameter 'INTERFACE' not found
04-07 16:21:53.279   615   622 E NetlinkEvent: NetlinkEvent::FindParam(): Parameter 'STATE' not found
04-07 16:21:53.279   615   622 E NetlinkEvent: NetlinkEvent::FindParam(): Parameter 'TIME_NS' not found
04-07 16:21:53.279   615   622 E NetlinkEvent: NetlinkEvent::FindParam(): Parameter 'UID' not found
04-07 16:21:58.531   615   622 E NetlinkEvent: NetlinkEvent::FindParam(): Parameter 'INTERFACE' not found
04-07 16:21:58.531   615   622 E NetlinkEvent: NetlinkEvent::FindParam(): Parameter 'STATE' not found
04-07 16:21:58.531   615   622 E NetlinkEvent: NetlinkEvent::FindParam(): Parameter 'TIME_NS' not found
04-07 16:21:58.531   615   622 E NetlinkEvent: NetlinkEvent::FindParam(): Parameter 'UID' not found
04-07 16:22:01.078  1368  1368 V SettingsProvider: Notifying for 0: content://settings/system/screen_brightness
04-07 16:22:03.765   615   622 E NetlinkEvent: NetlinkEvent::FindParam(): Parameter 'INTERFACE' not found
04-07 16:22:03.765   615   622 E NetlinkEvent: NetlinkEvent::FindParam(): Parameter 'STATE' not found
04-07 16:22:03.765   615   622 E NetlinkEvent: NetlinkEvent::FindParam(): Parameter 'TIME_NS' not found
04-07 16:22:03.765   615   622 E NetlinkEvent: NetlinkEvent::FindParam(): Parameter 'UID' not found
04-07 16:22:09.005   615   622 E NetlinkEvent: NetlinkEvent::FindParam(): Parameter 'INTERFACE' not found
04-07 16:22:09.005   615   622 E NetlinkEvent: NetlinkEvent::FindParam(): Parameter 'STATE' not found
04-07 16:22:09.005   615   622 E NetlinkEvent: NetlinkEvent::FindParam(): Parameter 'TIME_NS' not found
04-07 16:22:09.005   615   622 E NetlinkEvent: NetlinkEvent::FindParam(): Parameter 'UID' not found
04-07 16:22:11.950  1368  1368 V SettingsProvider: Notifying for 0: content://settings/system/screen_brightness
04-07 16:22:14.233   615   622 E NetlinkEvent: NetlinkEvent::FindParam(): Parameter 'INTERFACE' not found
04-07 16:22:14.233   615   622 E NetlinkEvent: NetlinkEvent::FindParam(): Parameter 'STATE' not found
04-07 16:22:14.233   615   622 E NetlinkEvent: NetlinkEvent::FindParam(): Parameter 'TIME_NS' not found
04-07 16:22:14.233   615   622 E NetlinkEvent: NetlinkEvent::FindParam(): Parameter 'UID' not found
04-07 16:22:16.154  1368  1368 V SettingsProvider: Notifying for 0: content://settings/system/screen_brightness
04-07 16:22:23.752  1368  1368 V SettingsProvider: Notifying for 0: content://settings/system/screen_brightness
04-07 16:22:30.952  1368 10860 I ActivityManager: START u0 {act=android.settings.SETTINGS flg=0x14000000 cmp=com.android.settings/.Settings} from uid 10020
04-07 16:22:30.980  1368  2195 W WindowManager: Attempted to add application window with unknown token Token{603ab33 ActivityRecord{bed02a2 u0 com.android.phone/.MobileNetworkSettings t-1 f}}.  Aborting.
04-07 16:22:30.982  1368  2603 E ActivityManager: applyOptionsLocked: Unknown animationType=0
04-07 16:22:31.034  1368  1505 E BatteryExternalStatsWorker: no controller energy info supplied for bluetooth
04-07 16:22:31.054  1368  1505 D KernelUidCpuTimeReader: Removing uids 99000-99000
04-07 16:22:33.081  1368 10860 I ActivityManager: START u0 {flg=0x8000 cmp=com.android.settings/.Settings$HavocSettingsActivity (has extras)} from uid 1000
04-07 16:22:35.030  1368  2602 I ActivityManager: START u0 {act=android.intent.action.MAIN cmp=com.android.settings/.SubSettings (has extras)} from uid 1000
04-07 16:22:36.213  1368  2602 I ActivityManager: START u0 {act=android.intent.action.MAIN cmp=com.android.settings/.SubSettings (has extras)} from uid 1000
04-07 16:22:37.214  1368  1368 V SettingsProvider: Notifying for 0: content://settings/system/status_bar_clock_seconds
04-07 16:22:45.662  1368  1382 I ActivityManager: START u0 {act=android.intent.action.MAIN cat=[android.intent.category.HOME] flg=0x10000000 cmp=ch.deletescape.lawnchair.ci/ch.deletescape.lawnchair.LawnchairLauncher (has extras)} from uid 10016
04-07 16:22:46.256 11157 11157 W ViewRootImpl[SubSettings]: Dropping event due to no window focus: MotionEvent { action=ACTION_MOVE, actionButton=0, id[0]=0, x[0]=661.0, y[0]=1675.0, toolType[0]=TOOL_TYPE_FINGER, buttonState=0, metaState=0, flags=0x0, edgeFlags=0x0, pointerCount=1, historySize=0, eventTime=910362, downTime=909239, deviceId=9, source=0x1002 }
04-07 16:22:46.256 11157 11157 W ViewRootImpl[SubSettings]: Cancelling event due to no window focus: MotionEvent { action=ACTION_CANCEL, actionButton=0, id[0]=0, x[0]=661.0, y[0]=1675.0, toolType[0]=TOOL_TYPE_FINGER, buttonState=0, metaState=0, flags=0x0, edgeFlags=0x0, pointerCount=1, historySize=0, eventTime=910378, downTime=909239, deviceId=9, source=0x1002 }
04-07 16:22:46.256 11157 11157 I chatty  : uid=1000(system) com.android.settings identical 1 line
04-07 16:22:46.256 11157 11157 W ViewRootImpl[SubSettings]: Cancelling event due to no window focus: MotionEvent { action=ACTION_CANCEL, actionButton=0, id[0]=0, x[0]=661.0, y[0]=1675.0, toolType[0]=TOOL_TYPE_FINGER, buttonState=0, metaState=0, flags=0x0, edgeFlags=0x0, pointerCount=1, historySize=0, eventTime=910378, downTime=909239, deviceId=9, source=0x1002 }
04-07 16:22:47.878  1368  1368 V SettingsProvider: Notifying for 0: content://settings/system/status_bar_quick_qs_pulldown
04-07 16:22:53.193  1368  1368 V SettingsProvider: Notifying for 0: content://settings/system/status_bar_quick_qs_pulldown
04-07 16:22:55.184  1368  5235 I ActivityManager: START u0 {act=android.intent.action.MAIN cat=[android.intent.category.HOME] flg=0x10000000 cmp=ch.deletescape.lawnchair.ci/ch.deletescape.lawnchair.LawnchairLauncher (has extras)} from uid 10016
04-07 16:22:55.277 11157 11157 W ViewRootImpl[SubSettings]: Dropping event due to no window focus: MotionEvent { action=ACTION_MOVE, actionButton=0, id[0]=0, x[0]=599.0, y[0]=1606.0, toolType[0]=TOOL_TYPE_FINGER, buttonState=0, metaState=0, flags=0x0, edgeFlags=0x0, pointerCount=1, historySize=0, eventTime=919380, downTime=918730, deviceId=9, source=0x1002 }
04-07 16:22:55.882 11157 11157 W ViewRootImpl[SubSettings]: Dropping event due to no window focus: MotionEvent { action=ACTION_MOVE, actionButton=0, id[0]=0, x[0]=601.0, y[0]=1606.0, toolType[0]=TOOL_TYPE_FINGER, buttonState=0, metaState=0, flags=0x0, edgeFlags=0x0, pointerCount=1, historySize=0, eventTime=919997, downTime=918730, deviceId=9, source=0x1002 }
04-07 16:22:55.882 11157 11157 W ViewRootImpl[SubSettings]: Cancelling event due to no window focus: MotionEvent { action=ACTION_CANCEL, actionButton=0, id[0]=0, x[0]=601.0, y[0]=1606.0, toolType[0]=TOOL_TYPE_FINGER, buttonState=0, metaState=0, flags=0x0, edgeFlags=0x0, pointerCount=1, historySize=0, eventTime=920004, downTime=918730, deviceId=9, source=0x1002 }
04-07 16:22:55.882 11157 11157 I chatty  : uid=1000(system) com.android.settings identical 1 line
04-07 16:22:55.882 11157 11157 W ViewRootImpl[SubSettings]: Cancelling event due to no window focus: MotionEvent { action=ACTION_CANCEL, actionButton=0, id[0]=0, x[0]=601.0, y[0]=1606.0, toolType[0]=TOOL_TYPE_FINGER, buttonState=0, metaState=0, flags=0x0, edgeFlags=0x0, pointerCount=1, historySize=0, eventTime=920004, downTime=918730, deviceId=9, source=0x1002 }
04-07 16:23:02.629  1368  2603 W AppOps  : Bad call: specified package com.android.settings under uid 1001 but it is really 1000
04-07 16:23:02.629  1368  2603 W AppOps  : java.lang.RuntimeException: here
04-07 16:23:02.629  1368  2603 W AppOps  : 	at com.android.server.AppOpsService.getOpsRawLocked(AppOpsService.java:2244)
04-07 16:23:02.629  1368  2603 W AppOps  : 	at com.android.server.AppOpsService.handlePackageResumed(AppOpsService.java:843)
04-07 16:23:02.629  1368  2603 W AppOps  : 	at com.android.server.am.ActivityRecord.completeResumeLocked(ActivityRecord.java:1935)
04-07 16:23:02.629  1368  2603 W AppOps  : 	at com.android.server.am.ActivityStack.resumeTopActivityInnerLocked(ActivityStack.java:2759)
04-07 16:23:02.629  1368  2603 W AppOps  : 	at com.android.server.am.ActivityStack.resumeTopActivityUncheckedLocked(ActivityStack.java:2302)
04-07 16:23:02.629  1368  2603 W AppOps  : 	at com.android.server.am.ActivityStackSupervisor.resumeFocusedStackTopActivityLocked(ActivityStackSupervisor.java:2233)
04-07 16:23:02.629  1368  2603 W AppOps  : 	at com.android.server.am.ActivityStack.completePauseLocked(ActivityStack.java:1606)
04-07 16:23:02.629  1368  2603 W AppOps  : 	at com.android.server.am.ActivityStack.activityPausedLocked(ActivityStack.java:1530)
04-07 16:23:02.629  1368  2603 W AppOps  : 	at com.android.server.am.ActivityManagerService.activityPaused(ActivityManagerService.java:8372)
04-07 16:23:02.629  1368  2603 W AppOps  : 	at android.app.IActivityManager$Stub.onTransact(IActivityManager.java:224)
04-07 16:23:02.629  1368  2603 W AppOps  : 	at com.android.server.am.ActivityManagerService.onTransact(ActivityManagerService.java:3411)
04-07 16:23:02.629  1368  2603 W AppOps  : 	at android.os.Binder.execTransact(Binder.java:731)
04-07 16:23:11.342  1368  1505 V BatteryExternalStatsWorker: WiFi energy data was reset, new WiFi energy data is WifiActivityEnergyInfo{ timestamp=1048428 mStackState=3 mControllerTxTimeMs=0 mControllerTxTimePerLevelMs=[0, 0, 0, 0, 0, 0, 0, 0, 0, 0, 0, 0, 0, 0, 0, 0, 0, 0, 0, 0, 0, 0, 0, 0, 256, 0, 0, 0, 0, 0, 0, 0, 0, 0, 47, 0, 0, 0, 0, 0, 0, 0, 0, 0, 0, 0, 0, 0, 0, 0, 0, 0, 0, 0, 0, 0, 0, 0, 0, 0, 0, 0, 0, 0, 0, 0, 0, 0, 0, 0, 0, 0, 0, 0, 0, 0, 0, 0, 0, 0, 0, 0, 0, 0, 0, 0, 0, 0, 0, 0, 0, 0, 0, 0, 0, 0, 0, 0, 0, 0, 0, 0, 0, 0, 0, 0, 0, 0, 0, 0, 0, 0, 0, 0, 0, 0, 0, 0, 0, 0, 0, 0, 0, 0, 0, 0, 0, 0, 0, 0, 0, 0, 0, 0, 0, 0, 0, 0, 0, 0, 0, 0, 0, 0, 0, 0, 0, 0, 0, 0, 0, 0, 0, 0, 0, 0, 0, 0, 0, 0, 0, 0, 0, 0, 0, 0, 0, 0, 0, 0, 0, 0, 0, 0, 0, 0, 0, 0, 0, 0] mControllerRxTimeMs=0 mControllerScanTimeMs=0 mControllerIdleTimeMs=0 mControllerEnergyUsed=0 }
04-07 16:24:06.637  2707  2707 W ViewRootImpl[RadioInfo]: Dropping event due to root view being removed: MotionEvent { action=ACTION_UP, actionButton=0, id[0]=0, x[0]=612.0, y[0]=790.0, toolType[0]=TOOL_TYPE_FINGER, buttonState=0, metaState=0, flags=0x0, edgeFlags=0x0, pointerCount=1, historySize=0, eventTime=990743, downTime=990738, deviceId=9, source=0x1002 }
04-07 16:24:07.433  1368  2221 I ActivityManager: START u0 {act=android.intent.action.MAIN cat=[android.intent.category.HOME] flg=0x10200000 cmp=ch.deletescape.lawnchair.ci/ch.deletescape.lawnchair.LawnchairLauncher (has extras)} from uid 1000
04-07 16:24:08.249  1368  2603 I ActivityManager: START u0 {act=android.intent.action.MAIN cat=[android.intent.category.LAUNCHER] flg=0x10200000 pkg=com.android.dialer cmp=com.android.dialer/.app.DialtactsActivity bnds=[38,1695][239,1888]} from uid 10016
04-07 16:24:09.778  1368  2602 W Telecom : MissedCallNotifierImpl: Showing missed calls through default dialer.: TSI.cMCN@El0
04-07 16:24:10.571  1368 10858 I Telecom : UserCallIntentProcessor: sendIntentToDestination: send intent to Telecom directly.: TSI.pC@EmI
