04-07 16:24:35.397  1368  2593 I Telecom : CallAudioRouteStateMachine: Message received: SWITCH_FOCUS=4001, arg1=2: CSW.sDc->CAMSM.pM_1001->CARSM.pM_SWITCH_FOCUS@FWE
04-07 16:24:35.397  1368  2593 I Telecom : ActiveEarpieceRoute: Processing message SWITCH_FOCUS: CSW.sDc->CAMSM.pM_1001->CARSM.pM_SWITCH_FOCUS@FWE
04-07 16:24:35.646  1368  2595 I Telecom : CallAudioModeStateMachine: Message received: TONE_STOPPED_PLAYING.: CSW.sDc->ICTP.r->ICTP.cUTP->CAMSM.pM_3002@FWE
04-07 16:24:35.646  1368  2595 I Telecom : CallAudioModeStateMachine: Abandoning audio focus: now UNFOCUSED: CSW.sDc->ICTP.r->ICTP.cUTP->CAMSM.pM_3002@FWE
04-07 16:24:35.911  1368  2593 I Telecom : CallAudioRouteStateMachine: Message received: SWITCH_FOCUS=4001, arg1=1: CSW.sDc->ICTP.r->ICTP.cUTP->CAMSM.pM_3002->CARSM.pM_SWITCH_FOCUS@FWE
04-07 16:24:35.911  1368  2593 I Telecom : ActiveEarpieceRoute: Processing message SWITCH_FOCUS: CSW.sDc->ICTP.r->ICTP.cUTP->CAMSM.pM_3002->CARSM.pM_SWITCH_FOCUS@FWE
04-07 16:24:35.911  1368  2593 I Telecom : CallAudioRouteStateMachine: turning speaker phone false: CSW.sDc->ICTP.r->ICTP.cUTP->CAMSM.pM_3002->CARSM.pM_SWITCH_FOCUS@FWE
04-07 16:24:35.911  1368  2593 I Telecom : Logging.Events: Non-call EVENT: UNMUTE, null: CSW.sDc->ICTP.r->ICTP.cUTP->CAMSM.pM_3002->CARSM.pM_SWITCH_FOCUS@FWE
04-07 16:24:35.917  1368  2593 I Telecom : Logging.Events: Non-call EVENT: AUDIO_ROUTE, Leaving state ActiveEarpieceRoute: CSW.sDc->ICTP.r->ICTP.cUTP->CAMSM.pM_3002->CARSM.pM_SWITCH_FOCUS@FWE
04-07 16:24:35.917  1368  2593 I Telecom : Logging.Events: Non-call EVENT: AUDIO_ROUTE, Entering state QuiescentEarpieceRoute: CSW.sDc->ICTP.r->ICTP.cUTP->CAMSM.pM_3002->CARSM.pM_SWITCH_FOCUS@FWE
04-07 16:24:35.917  1368  2593 I Telecom : BluetoothRouteManager: getBluetoothAudioConnectedDevice: no headset service available.: CSW.sDc->ICTP.r->ICTP.cUTP->CAMSM.pM_3002->CARSM.pM_SWITCH_FOCUS@FWE
04-07 16:24:37.322  1368  1382 I ActivityManager: START u0 {act=android.intent.action.MAIN cat=[android.intent.category.HOME] flg=0x10000000 cmp=ch.deletescape.lawnchair.ci/ch.deletescape.lawnchair.LawnchairLauncher (has extras)} from uid 10016
04-07 16:24:37.377  1368  1368 I Telecom : EmergencyInCallServiceConnection: Disconnect forced!: CSW.rC->ICC.oCR@FWY
04-07 16:24:37.700 11446 11446 W ViewRootImpl[DialtactsActivity]: Dropping event due to no window focus: MotionEvent { action=ACTION_MOVE, actionButton=0, id[0]=0, x[0]=711.91565, y[0]=1505.0, toolType[0]=TOOL_TYPE_FINGER, buttonState=0, metaState=0, flags=0x0, edgeFlags=0x0, pointerCount=1, historySize=1, eventTime=1021817, downTime=1020852, deviceId=9, source=0x1002 }
04-07 16:24:37.712 11446 11446 W ViewRootImpl[DialtactsActivity]: Dropping event due to no window focus: MotionEvent { action=ACTION_MOVE, actionButton=0, id[0]=0, x[0]=712.0, y[0]=1506.0, toolType[0]=TOOL_TYPE_FINGER, buttonState=0, metaState=0, flags=0x0, edgeFlags=0x0, pointerCount=1, historySize=1, eventTime=1021826, downTime=1020852, deviceId=9, source=0x1002 }
04-07 16:24:37.713 11446 11446 W ViewRootImpl[DialtactsActivity]: Cancelling event due to no window focus: MotionEvent { action=ACTION_CANCEL, actionButton=0, id[0]=0, x[0]=712.0, y[0]=1506.0, toolType[0]=TOOL_TYPE_FINGER, buttonState=0, metaState=0, flags=0x0, edgeFlags=0x0, pointerCount=1, historySize=0, eventTime=1021834, downTime=1020852, deviceId=9, source=0x1002 }
04-07 16:24:37.713 11446 11446 I chatty  : uid=10042(com.android.dialer) identical 1 line
04-07 16:24:37.713 11446 11446 W ViewRootImpl[DialtactsActivity]: Cancelling event due to no window focus: MotionEvent { action=ACTION_CANCEL, actionButton=0, id[0]=0, x[0]=712.0, y[0]=1506.0, toolType[0]=TOOL_TYPE_FINGER, buttonState=0, metaState=0, flags=0x0, edgeFlags=0x0, pointerCount=1, historySize=0, eventTime=1021834, downTime=1020852, deviceId=9, source=0x1002 }
04-07 16:24:38.757  1368  1382 W AppOps  : Bad call: specified package com.android.settings under uid 1001 but it is really 1000
04-07 16:24:38.757  1368  1382 W AppOps  : java.lang.RuntimeException: here
04-07 16:24:38.757  1368  1382 W AppOps  : 	at com.android.server.AppOpsService.getOpsRawLocked(AppOpsService.java:2244)
04-07 16:24:38.757  1368  1382 W AppOps  : 	at com.android.server.AppOpsService.handlePackageResumed(AppOpsService.java:843)
04-07 16:24:38.757  1368  1382 W AppOps  : 	at com.android.server.am.ActivityRecord.completeResumeLocked(ActivityRecord.java:1935)
04-07 16:24:38.757  1368  1382 W AppOps  : 	at com.android.server.am.ActivityStack.resumeTopActivityInnerLocked(ActivityStack.java:2759)
04-07 16:24:38.757  1368  1382 W AppOps  : 	at com.android.server.am.ActivityStack.resumeTopActivityUncheckedLocked(ActivityStack.java:2302)
04-07 16:24:38.757  1368  1382 W AppOps  : 	at com.android.server.am.ActivityStackSupervisor.resumeFocusedStackTopActivityLocked(ActivityStackSupervisor.java:2233)
04-07 16:24:38.757  1368  1382 W AppOps  : 	at com.android.server.am.ActivityStack.completePauseLocked(ActivityStack.java:1606)
04-07 16:24:38.757  1368  1382 W AppOps  : 	at com.android.server.am.ActivityStack.activityPausedLocked(ActivityStack.java:1530)
04-07 16:24:38.757  1368  1382 W AppOps  : 	at com.android.server.am.ActivityManagerService.activityPaused(ActivityManagerService.java:8372)
04-07 16:24:38.757  1368  1382 W AppOps  : 	at android.app.IActivityManager$Stub.onTransact(IActivityManager.java:224)
04-07 16:24:38.757  1368  1382 W AppOps  : 	at com.android.server.am.ActivityManagerService.onTransact(ActivityManagerService.java:3411)
04-07 16:24:38.757  1368  1382 W AppOps  : 	at android.os.Binder.execTransact(Binder.java:731)
04-07 16:24:45.098   615   622 E NetlinkEvent: NetlinkEvent::FindParam(): Parameter 'INTERFACE' not found
04-07 16:24:45.098   615   622 E NetlinkEvent: NetlinkEvent::FindParam(): Parameter 'STATE' not found
04-07 16:24:45.098   615   622 E NetlinkEvent: NetlinkEvent::FindParam(): Parameter 'TIME_NS' not found
04-07 16:24:45.098   615   622 E NetlinkEvent: NetlinkEvent::FindParam(): Parameter 'UID' not found
04-07 16:24:48.570  2707  2707 I Telephony: PstnPhoneCapabilitiesNotifier: handleVideoCapabilitesChanged. Video capability - true
04-07 16:24:48.595  1368  5235 I Telecom : PhoneAccountRegistrar: Modify account: [ComponentInfo{com.android.phone/com.android.services.telephony.TelephonyConnectionService}, ***, UserHandle{0}(cap: 1086 -> 1078)]: TSI.rPA@FdM
04-07 16:24:59.728  1368 10860 I ActivityManager: START u0 {act=android.settings.SETTINGS flg=0x14000000 cmp=com.android.settings/.Settings} from uid 10020
04-07 16:24:59.744  1368  3819 E ActivityManager: applyOptionsLocked: Unknown animationType=0
04-07 16:24:59.831  1368  1505 E BatteryExternalStatsWorker: no controller energy info supplied for bluetooth
04-07 16:25:00.907  1368  2603 I ActivityManager: START u0 {flg=0x8000 cmp=com.android.settings/.Settings$NetworkDashboardActivity (has extras)} from uid 1000
04-07 16:25:01.788  1368  2602 I ActivityManager: START u0 {act=android.intent.action.MAIN cmp=com.android.phone/.MobileNetworkSettings} from uid 1000
04-07 16:25:01.879  1368  3819 I Telecom : PhoneAccountRegistrar: SimCallManager queried, returning: null: TSI.gSCM@FdQ
04-07 16:25:01.921  1368  2602 I Telecom : PhoneAccountRegistrar: SimCallManager queried, returning: null: TSI.gSCM@FdU
04-07 16:25:01.955  1368  2602 I Telecom : PhoneAccountRegistrar: SimCallManager queried, returning: null: TSI.gSCM@FdY
04-07 16:25:02.044  1368  3819 I Telecom : PhoneAccountRegistrar: SimCallManager queried, returning: null: TSI.gSCM@Fdc
04-07 16:25:03.069  1368  3819 I Telecom : PhoneAccountRegistrar: SimCallManager queried, returning: null: TSI.gSCM@Fdg
04-07 16:25:05.422  1368  1368 V SettingsProvider: Notifying for 0: content://settings/global/preferred_network_mode1
04-07 16:25:05.466  1368  2602 I Telecom : PhoneAccountRegistrar: SimCallManager queried, returning: null: TSI.gSCM@Fdk
04-07 16:25:05.518  2707  2707 I Telephony: PstnPhoneCapabilitiesNotifier: handleVideoCapabilitesChanged. Video capability - false
04-07 16:25:05.536  1368  3819 I Telecom : PhoneAccountRegistrar: Modify account: [ComponentInfo{com.android.phone/com.android.services.telephony.TelephonyConnectionService}, ***, UserHandle{0}(cap: 1078 -> 1086)]: TSI.rPA@Fdo
04-07 16:25:05.644  2707  2707 I Telephony: PstnPhoneCapabilitiesNotifier: handleVideoCapabilitesChanged. Video capability - true
04-07 16:25:05.660  1368  3819 I Telecom : PhoneAccountRegistrar: Modify account: [ComponentInfo{com.android.phone/com.android.services.telephony.TelephonyConnectionService}, ***, UserHandle{0}(cap: 1086 -> 1078)]: TSI.rPA@Fds
04-07 16:25:05.881  2707  2707 I Telephony: PstnPhoneCapabilitiesNotifier: handleVideoCapabilitesChanged. Video capability - false
04-07 16:25:05.910  1368  2602 I Telecom : PhoneAccountRegistrar: Modify account: [ComponentInfo{com.android.phone/com.android.services.telephony.TelephonyConnectionService}, ***, UserHandle{0}(cap: 1078 -> 1086)]: TSI.rPA@Fdw
--------- beginning of main
04-07 16:25:06.030  2656  2656 D DPMJ    : |SERVICE| DPM received action android.intent.action.ANY_DATA_STATE
04-07 16:25:06.030  2656  2656 W DPMJ    : |SERVICE| DPM received ACTION_ANY_DATA_CONNECTION_STATE_CHANGEDfota
04-07 16:25:06.030  2656  2656 D DPMJ    : |SERVICE| DPM currently does not support this apnType=fota
04-07 16:25:06.034  2656  2656 D DPMJ    : |SERVICE| DPM received action android.intent.action.ANY_DATA_STATE
04-07 16:25:06.034  2656  2656 W DPMJ    : |SERVICE| DPM received ACTION_ANY_DATA_CONNECTION_STATE_CHANGEDsupl
04-07 16:25:06.034  2656  2656 D DPMJ    : |SERVICE| DPM currently does not support this apnType=supl
04-07 16:25:06.037  2656  2656 D DPMJ    : |SERVICE| DPM received action android.intent.action.ANY_DATA_STATE
04-07 16:25:06.038  2656  2656 W DPMJ    : |SERVICE| DPM received ACTION_ANY_DATA_CONNECTION_STATE_CHANGEDemergency
04-07 16:25:06.038  2656  2656 D DPMJ    : |SERVICE| DPM currently does not support this apnType=emergency
04-07 16:25:06.040  2707  2743 I chatty  : uid=1001(radio) HwBinder:2707_1 expire 1 line
04-07 16:25:06.041  2656  2656 D DPMJ    : |SERVICE| DPM received action android.intent.action.ANY_DATA_STATE
04-07 16:25:06.041  2656  2656 W DPMJ    : |SERVICE| DPM received ACTION_ANY_DATA_CONNECTION_STATE_CHANGEDdun
04-07 16:25:06.041  2656  2656 D DPMJ    : |SERVICE| DPM currently does not support this apnType=dun
04-07 16:25:06.044  2656  2656 D DPMJ    : |SERVICE| DPM received action android.intent.action.ANY_DATA_STATE
04-07 16:25:06.045  2656  2656 W DPMJ    : |SERVICE| DPM received ACTION_ANY_DATA_CONNECTION_STATE_CHANGEDhipri
04-07 16:25:06.045  2656  2656 D DPMJ    : |SERVICE| DPM currently does not support this apnType=hipri
04-07 16:25:06.050  2656  2656 D DPMJ    : |SERVICE| DPM received action android.intent.action.ANY_DATA_STATE
04-07 16:25:06.050  2656  2656 W DPMJ    : |SERVICE| DPM received ACTION_ANY_DATA_CONNECTION_STATE_CHANGEDims
04-07 16:25:06.050  2656  2656 D DPMJ    : |SERVICE| DPM currently does not support this apnType=ims
04-07 16:25:06.052  2707  2707 I chatty  : uid=1001(radio) com.android.phone expire 4 lines
04-07 16:25:06.053  2707  2899 I chatty  : uid=1001(radio) org.codeaurora. expire 1 line
04-07 16:25:06.054  2535  2949 I MmTelFeatureConnection: onDeregistered ::
04-07 16:25:06.054  2535  2949 D NetworkController.MobileSignalController(1): onDeregistered imsReasonInfo=ImsReasonInfo :: {1000, 0, }
04-07 16:25:06.054  3262  3280 I chatty  : uid=1001(radio) HwBinder:3262_1 expire 2 lines
04-07 16:25:06.117  2707  2707 I chatty  : uid=1001(radio) com.android.phone expire 3 lines
04-07 16:25:07.247  1368  1368 I PowerManagerSer: type=1400 audit(0.0:12657): avc: denied { call } for scontext=u:r:system_server:s0 tcontext=u:r:init:s0 tclass=binder permissive=1
04-07 16:25:09.396  1368  2603 I ActivityManager: START u0 {act=android.intent.action.MAIN cat=[android.intent.category.HOME] flg=0x10000000 cmp=ch.deletescape.lawnchair.ci/ch.deletescape.lawnchair.LawnchairLauncher (has extras)} from uid 10016
04-07 16:25:09.421  3549  3549 D Launcher.Utilities: onLauncherStart: 0
04-07 16:25:09.464  3665  3665 W ThreadPoolDumper: Queue length for executor EventBus is now 11. Perhaps some tasks are too long, or the pool is too small.
04-07 16:25:09.488  3665  3797 W SessionLifecycleManager: Handover failed. Creating new session controller.
04-07 16:25:09.545  3549  3567 W System  : A resource failed to call release. 
04-07 16:25:09.545  3549  3567 W System  : A resource failed to call release. 
04-07 16:25:09.565  3665  3797 I StreamController: registerScope: nowcards-15-b7fc-32e1
04-07 16:25:09.576  2535  2548 I ndroid.systemu: NativeAlloc concurrent copying GC freed 13709(562KB) AllocSpace objects, 0(0B) LOS objects, 49% free, 6MB/13MB, paused 5.395ms total 72.145ms
04-07 16:25:09.616  1368  1378 I system_server: NativeAlloc concurrent copying GC freed 72851(4MB) AllocSpace objects, 25(2MB) LOS objects, 42% free, 18MB/32MB, paused 146us total 165.392ms
04-07 16:25:09.683  3665  4249 W LocationOracle: No location history returned by ContextManager
04-07 16:25:09.701  3665  3797 I MicroDetectionWorker: #startMicroDetector [speakerMode: 0]
04-07 16:25:09.705  3665  3797 I AudioController: Created new AudioSource
04-07 16:25:09.708  3665  3797 I MicroDetectionWorker: onReady
04-07 16:25:09.711  3665  4249 I MicroRecognitionRunner: Starting detection.
04-07 16:25:09.712  3665  4249 I MultipleReaderAudioSrc: Using micInputStream
04-07 16:25:09.712  3665  9786 I MicrophoneInputStream: mic_starting  SR : 16000 CC : 16 SO : 1999
04-07 16:25:09.714  2950 12787 I Places  : ?: Couldn't find platform key file.
04-07 16:25:09.718   673 12988 I chatty  : uid=1041(audioserver) /system/bin/audioserver expire 1 line
04-07 16:25:09.728   638  2414 I chatty  : uid=1041(audioserver) HwBinder:638_3 expire 13 lines
04-07 16:25:09.729  3665  9786 I MicrophoneInputStream: mic_started  SR : 16000 CC : 16 SO : 1999
04-07 16:25:09.730   638 12989 I chatty  : uid=1041(audioserver) audio@2.0-servi expire 63 lines
04-07 16:25:09.739  2950 12788 W SQLiteLog: (28) double-quoted string literal: "d22a15be-85b7-4fb1-b079-bd0605cfc1f9"
04-07 16:25:09.741  2950 12788 W SQLiteLog: (28) double-quoted string literal: "e3c8fe72-5cae-4f72-ad4a-6d8bae7c5c0f"
04-07 16:25:09.743  2950 12788 W SQLiteLog: (28) double-quoted string literal: "520047fc-6565-4d97-84be-cb65fda126da"
04-07 16:25:09.760   675   739 I chatty  : uid=1000(system) Binder:675_1 expire 13 lines
04-07 16:25:09.757 12990 12990 I chatty  : uid=1001(radio) /vendor/bin/hw/rild expire 1 line
04-07 16:25:09.779  2950 12563 I Places  : ?: Couldn't find platform key file.
04-07 16:25:09.809  2950 12788 E ctxmgr  : [ProducerStatusImpl]updateStateForNewContextData: inactive, contextName=7 [CONTEXT service_id=47 ]
04-07 16:25:09.837  2707  2707 W ViewRootImpl[MobileNetworkSettings]: Cancelling event due to no window focus: MotionEvent { action=ACTION_CANCEL, actionButton=0, id[0]=0, x[0]=703.0, y[0]=1368.0, toolType[0]=TOOL_TYPE_FINGER, buttonState=0, metaState=0, flags=0x0, edgeFlags=0x0, pointerCount=1, historySize=0, eventTime=1053958, downTime=1052906, deviceId=9, source=0x1002 }
04-07 16:25:09.853  2950 12994 I Places  : ?: Couldn't find platform key file.
04-07 16:25:09.874  2950 12457 I Places  : ?: Couldn't find platform key file.
04-07 16:25:09.876  2950  4334 I PlaceInferenceEngine: [anon] Changed inference mode: 0
04-07 16:25:09.880  2950  4334 I PlaceInferenceEngine: [account#-144710476] Changed inference mode: 0
04-07 16:25:09.880  2950 12457 I Places  : ?: Couldn't find platform key file.
04-07 16:25:09.881  2950 12991 I Places  : ?: Couldn't find platform key file.
04-07 16:25:09.890  3665  3797 I MicroDetectionWorker: onReady
04-07 16:25:09.899  2950 12996 I Places  : ?: Couldn't find platform key file.
04-07 16:25:09.909  3665  4249 W SpeechLevelGenerator: Really low audio levels detected. The audio input may have issues.
04-07 16:25:09.935  2950  4334 I Places  : ?: PlacesBleScanner start() with priority 2
04-07 16:25:09.936  2950  4334 I PlaceInferenceEngine: [anon] Changed inference mode: 1
04-07 16:25:09.936  2950  4334 I PlaceInferenceEngine: [account#-144710476] Changed inference mode: 1
04-07 16:25:09.953  2950  2950 I BeaconBle: Client requested scan, settings=BleSettings [scanMode=ZERO_POWER, callbackType=ALL_MATCHES, reportDelayMillis=0, 1 filters, 0 clients, callingClientName=Places]
04-07 16:25:09.962  2950  4334 I Places  : Converted 0 out of 2 WiFi scans
04-07 16:25:09.968  2950 12996 I Places  : ?: Couldn't find platform key file.
04-07 16:25:09.969  2950 12787 I Places  : ?: Couldn't find platform key file.
04-07 16:25:09.970  2950  4334 I PlaceInferenceEngine: [account#-144710476] Changed inference mode: 1
04-07 16:25:09.970  2950  4334 I PlaceInferenceEngine: [anon] Changed inference mode: 1
04-07 16:25:09.970  2950 12787 I Places  : ?: Couldn't find platform key file.
04-07 16:25:09.984  2950 12788 I Places  : ?: Couldn't find platform key file.
04-07 16:25:09.996  2950 12788 I Places  : ?: Couldn't find platform key file.
04-07 16:25:10.000  2950 12997 I Places  : ?: Couldn't find platform key file.
04-07 16:25:10.000  2950 12995 I Places  : ?: Couldn't find platform key file.
04-07 16:25:10.009  2950 12995 I chatty  : uid=10006 com.google.android.gms.persistent identical 1 line
04-07 16:25:10.021  2950 12995 I Places  : ?: Couldn't find platform key file.
04-07 16:25:10.026  3665  4336 E PlaceStateUpdater: Received no places
04-07 16:25:10.222  3262  3280 I chatty  : uid=1001(radio) HwBinder:3262_1 expire 1 line
04-07 16:25:10.315  2707  2707 I chatty  : uid=1001(radio) com.android.phone expire 9 lines
04-07 16:25:09.837  2707  2707 I chatty  : uid=1001(radio) com.android.phone identical 1 line
04-07 16:25:09.837  2707  2707 W ViewRootImpl[MobileNetworkSettings]: Cancelling event due to no window focus: MotionEvent { action=ACTION_CANCEL, actionButton=0, id[0]=0, x[0]=703.0, y[0]=1368.0, toolType[0]=TOOL_TYPE_FINGER, buttonState=0, metaState=0, flags=0x0, edgeFlags=0x0, pointerCount=1, historySize=0, eventTime=1053958, downTime=1052906, deviceId=9, source=0x1002 }
04-07 16:25:12.247  1368  1382 W AppOps  : Bad call: specified package com.android.settings under uid 1001 but it is really 1000
04-07 16:25:12.247  1368  1382 W AppOps  : java.lang.RuntimeException: here
04-07 16:25:12.247  1368  1382 W AppOps  : 	at com.android.server.AppOpsService.getOpsRawLocked(AppOpsService.java:2244)
04-07 16:25:12.247  1368  1382 W AppOps  : 	at com.android.server.AppOpsService.handlePackageResumed(AppOpsService.java:843)
04-07 16:25:12.247  1368  1382 W AppOps  : 	at com.android.server.am.ActivityRecord.completeResumeLocked(ActivityRecord.java:1935)
04-07 16:25:12.247  1368  1382 W AppOps  : 	at com.android.server.am.ActivityStack.resumeTopActivityInnerLocked(ActivityStack.java:2759)
04-07 16:25:12.247  1368  1382 W AppOps  : 	at com.android.server.am.ActivityStack.resumeTopActivityUncheckedLocked(ActivityStack.java:2302)
04-07 16:25:12.247  1368  1382 W AppOps  : 	at com.android.server.am.ActivityStackSupervisor.resumeFocusedStackTopActivityLocked(ActivityStackSupervisor.java:2233)
04-07 16:25:12.247  1368  1382 W AppOps  : 	at com.android.server.am.ActivityStack.completePauseLocked(ActivityStack.java:1606)
04-07 16:25:12.247  1368  1382 W AppOps  : 	at com.android.server.am.ActivityStack.activityPausedLocked(ActivityStack.java:1530)
04-07 16:25:12.247  1368  1382 W AppOps  : 	at com.android.server.am.ActivityManagerService.activityPaused(ActivityManagerService.java:8372)
04-07 16:25:12.247  1368  1382 W AppOps  : 	at android.app.IActivityManager$Stub.onTransact(IActivityManager.java:224)
04-07 16:25:12.247  1368  1382 W AppOps  : 	at com.android.server.am.ActivityManagerService.onTransact(ActivityManagerService.java:3411)
04-07 16:25:12.247  1368  1382 W AppOps  : 	at android.os.Binder.execTransact(Binder.java:731)
04-07 16:25:12.298  3549  3567 W System  : A resource failed to call release. 
04-07 16:25:12.298  3549  3567 W System  : A resource failed to call release. 
04-07 16:25:12.336  3665  4163 I DeviceStateChecker: DeviceStateChecker cancelled
04-07 16:25:12.338  3665  3797 I MicroDetector: Keeping mic open: false
04-07 16:25:12.339  3665  4071 I AudioController: internalShutdown
04-07 16:25:12.339  3665  3800 I MicroRecognitionRunner: Stopping hotword detection.
04-07 16:25:12.430   638   733 I chatty  : uid=1041(audioserver) HwBinder:638_2 expire 8 lines
04-07 16:25:12.432  3665  4071 I MicrophoneInputStream: mic_close  SR : 16000 CC : 16 SO : 1999
04-07 16:25:12.432  3665  4071 E AudioSource: Stop listening is called on already closed AudioSource
04-07 16:25:12.434  3665  4249 I MicroRecognitionRunner: Detection finished
04-07 16:25:12.444  1368  4736 V LocSvc_HIDL_Subscription_jni: battery_level_update
04-07 16:25:12.445  1368  4736 V LocSvc_HIDL_Subscription_jni: [battery_level_update][931] [HC] =>> [HS]
04-07 16:25:12.445   660   660 V LocSvc_HIDL_IzatSubscription: [batteryLevelUpdate][777] [HS] <<<<= [HC]
04-07 16:25:12.446  1368  4736 V LocSvc_HIDL_Subscription_jni: Exit Result 0
04-07 16:25:12.473  3262  3280 I chatty  : uid=1001(radio) HwBinder:3262_1 expire 1 line
04-07 16:25:12.473  3262  3262 I chatty  : uid=1001(radio) com.qualcomm.qcrilmsgtunnel expire 1 line
04-07 16:25:12.536  2707  2707 I chatty  : uid=1001(radio) com.android.phone expire 19 lines
04-07 16:25:12.550  2656  2656 D DPMJ    : |SERVICE| DPM received action android.intent.action.ANY_DATA_STATE
04-07 16:25:12.550  2656  2656 W DPMJ    : |SERVICE| DPM received ACTION_ANY_DATA_CONNECTION_STATE_CHANGEDdefault
04-07 16:25:12.550  2656  2656 W DPMJ    : |SERVICE| If apn type is default ->default
04-07 16:25:12.556  2656  2656 I DPMJ    : |SERVICE| sendWwanStatus type=0 state=4 subType=2 roaming=0 apn=0 ipV4Addr=10.77.252.140 ifNameV4=rmnet_data1 ipV6Addr= ifNameV6= mccMnc=25001
04-07 16:25:12.557  2656  2656 D DPMJ    : |SERVICE| DPM received action android.intent.action.ANY_DATA_STATE
04-07 16:25:12.557  2656  2656 W DPMJ    : |SERVICE| DPM received ACTION_ANY_DATA_CONNECTION_STATE_CHANGEDmms
04-07 16:25:12.557  2656  2656 D DPMJ    : |SERVICE| DPM currently does not support this apnType=mms
04-07 16:25:12.557  2656  2656 D DPMJ    : |SERVICE| DPM received action android.intent.action.ANY_DATA_STATE
04-07 16:25:12.557  2656  2656 W DPMJ    : |SERVICE| DPM received ACTION_ANY_DATA_CONNECTION_STATE_CHANGEDcbs
04-07 16:25:12.557  2656  2656 D DPMJ    : |SERVICE| DPM currently does not support this apnType=cbs
04-07 16:25:12.560  2656  2656 D DPMJ    : |SERVICE| DPM received action android.intent.action.ANY_DATA_STATE
04-07 16:25:12.561  2656  2656 W DPMJ    : |SERVICE| DPM received ACTION_ANY_DATA_CONNECTION_STATE_CHANGEDfota
04-07 16:25:12.561  2656  2656 D DPMJ    : |SERVICE| DPM currently does not support this apnType=fota
04-07 16:25:12.562  2656  2656 D DPMJ    : |SERVICE| DPM received action android.intent.action.ANY_DATA_STATE
04-07 16:25:12.562  2656  2656 W DPMJ    : |SERVICE| DPM received ACTION_ANY_DATA_CONNECTION_STATE_CHANGEDsupl
04-07 16:25:12.562  2656  2656 D DPMJ    : |SERVICE| DPM currently does not support this apnType=supl
04-07 16:25:12.565  2656  2656 D DPMJ    : |SERVICE| DPM received action android.intent.action.ANY_DATA_STATE
04-07 16:25:12.565  2656  2656 W DPMJ    : |SERVICE| DPM received ACTION_ANY_DATA_CONNECTION_STATE_CHANGEDemergency
04-07 16:25:12.565  2656  2656 D DPMJ    : |SERVICE| DPM currently does not support this apnType=emergency
04-07 16:25:12.567  2656  2656 D DPMJ    : |SERVICE| DPM received action android.intent.action.ANY_DATA_STATE
04-07 16:25:12.567  2656  2656 W DPMJ    : |SERVICE| DPM received ACTION_ANY_DATA_CONNECTION_STATE_CHANGEDdun
04-07 16:25:12.567  2656  2656 D DPMJ    : |SERVICE| DPM currently does not support this apnType=dun
04-07 16:25:12.569  2656  2656 D DPMJ    : |SERVICE| DPM received action android.intent.action.ANY_DATA_STATE
04-07 16:25:12.569  2656  2656 W DPMJ    : |SERVICE| DPM received ACTION_ANY_DATA_CONNECTION_STATE_CHANGEDhipri
04-07 16:25:12.569  2656  2656 D DPMJ    : |SERVICE| DPM currently does not support this apnType=hipri
04-07 16:25:12.573  2656  2656 D DPMJ    : |SERVICE| DPM received action android.intent.action.ANY_DATA_STATE
04-07 16:25:12.573  2656  2656 W DPMJ    : |SERVICE| DPM received ACTION_ANY_DATA_CONNECTION_STATE_CHANGEDims
04-07 16:25:12.573  2656  2656 D DPMJ    : |SERVICE| DPM currently does not support this apnType=ims
04-07 16:25:12.652  3665  3800 I PBSessionCacheImpl: Deleted sessionId[3451520271895] from persistence.
04-07 16:25:12.667  3665  3797 W SearchServiceCore: Abort, client detached.
04-07 16:25:12.668  3665  3797 I StreamController: cleanUpControllerScope(nowcards-15-b7fc-32e1)
04-07 16:25:13.157   754   871 I chatty  : uid=0(root) /vendor/bin/thermal-engine expire 132 lines
04-07 16:25:13.567 10939 10939 I .android.chrome: type=1400 audit(0.0:12659): avc: denied { read } for name="vmstat" dev="proc" ino=4026532140 scontext=u:r:untrusted_app:s0:c220,c256,c512,c768 tcontext=u:object_r:proc_vmstat:s0 tclass=file permissive=1
04-07 16:25:13.567 10939 10939 I .android.chrome: type=1400 audit(0.0:12660): avc: denied { open } for path="/proc/vmstat" dev="proc" ino=4026532140 scontext=u:r:untrusted_app:s0:c220,c256,c512,c768 tcontext=u:object_r:proc_vmstat:s0 tclass=file permissive=1
04-07 16:25:13.567 10939 10939 I .android.chrome: type=1400 audit(0.0:12661): avc: denied { getattr } for path="/proc/vmstat" dev="proc" ino=4026532140 scontext=u:r:untrusted_app:s0:c220,c256,c512,c768 tcontext=u:object_r:proc_vmstat:s0 tclass=file permissive=1
04-07 16:25:13.720   662   698 I chatty  : uid=0(root) perf@1.0-servic expire 11 lines
04-07 16:25:14.696  3665  4249 I EventLogSendingHelper: Sending log events.
04-07 16:25:17.227  1368  1368 I InputDispatcher: type=1400 audit(0.0:12662): avc: denied { call } for scontext=u:r:system_server:s0 tcontext=u:r:init:s0 tclass=binder permissive=1
04-07 16:25:17.733  2950 12996 I Places  : ?: Couldn't find platform key file.
04-07 16:25:17.741  2950 12788 I Places  : ?: Couldn't find platform key file.
04-07 16:25:17.784  2950  4334 I Places  : ?: PlacesBleScanner stop()
04-07 16:25:17.788  2950  2950 I BeaconBle: Places requested to stop scan
04-07 16:25:17.789  2950  2950 I BeaconBle: Scan canceled successfully.
04-07 16:25:17.798  2950  4334 I PlaceInferenceEngine: [anon] Changed inference mode: 0
04-07 16:25:17.798  2950  4334 I PlaceInferenceEngine: [account#-144710476] Changed inference mode: 0
04-07 16:25:17.816  2950 12997 I Places  : ?: Couldn't find platform key file.
04-07 16:25:17.817  2950 12788 I Places  : ?: Couldn't find platform key file.
04-07 16:25:17.817  2950 12787 I Places  : ?: Couldn't find platform key file.
04-07 16:25:19.702  3665  4336 I EventLogSendingHelper: Sending log events.
04-07 16:25:20.830  2707  2707 W ViewRootImpl[RadioInfo]: Dropping event due to root view being removed: MotionEvent { action=ACTION_UP, actionButton=0, id[0]=0, x[0]=852.0, y[0]=770.0, toolType[0]=TOOL_TYPE_FINGER, buttonState=0, metaState=0, flags=0x0, edgeFlags=0x0, pointerCount=1, historySize=0, eventTime=1064946, downTime=1064934, deviceId=9, source=0x1002 }
04-07 16:25:20.942   675  3337 I chatty  : uid=1000(system) Binder:675_5 expire 5 lines
04-07 16:25:22.161  1368 10860 I ActivityManager: START u0 {act=android.intent.action.MAIN cat=[android.intent.category.HOME] flg=0x10000000 cmp=ch.deletescape.lawnchair.ci/ch.deletescape.lawnchair.LawnchairLauncher (has extras)} from uid 10016
04-07 16:25:22.196  3549  3549 D Launcher.Utilities: onLauncherStart: 0
04-07 16:25:22.217  3665  3665 W ThreadPoolDumper: Queue length for executor EventBus is now 11. Perhaps some tasks are too long, or the pool is too small.
04-07 16:25:22.218  3665  3797 W SessionLifecycleManager: Handover failed. Creating new session controller.
04-07 16:25:22.260  3665  4200 W LocationOracle: No location history returned by ContextManager
04-07 16:25:22.292  3665  3797 I StreamController: registerScope: nowcards-15-b7fc-32e1
04-07 16:25:22.310  2950 12787 I Places  : ?: Couldn't find platform key file.
04-07 16:25:22.346  3549  3567 W System  : A resource failed to call release. 
04-07 16:25:22.346  3549  3567 W System  : A resource failed to call release. 
04-07 16:25:22.350  2950 12787 W SQLiteLog: (28) double-quoted string literal: "9a9ab6b2-75b6-4f37-b5b4-14f3aebc207e"
04-07 16:25:22.353  2950 12787 W SQLiteLog: (28) double-quoted string literal: "e64b3af9-f313-433a-ade5-6548bd93bf13"
04-07 16:25:22.359  2950 12787 W SQLiteLog: (28) double-quoted string literal: "9dff8e48-6e15-4b51-bcf0-af807edc9a33"
04-07 16:25:22.394  2950 12996 I Places  : ?: Couldn't find platform key file.
04-07 16:25:22.414  3665  3796 E PlaceStateUpdater: Received no places
04-07 16:25:22.428  3665  3797 I MicroDetectionWorker: #startMicroDetector [speakerMode: 0]
04-07 16:25:22.433  3665  3797 I AudioController: Created new AudioSource
04-07 16:25:22.436  3665  3797 I MicroDetectionWorker: onReady
04-07 16:25:22.439  2950 12788 I Places  : ?: Couldn't find platform key file.
04-07 16:25:22.439  2950  4334 I PlaceInferenceEngine: [anon] Changed inference mode: 0
04-07 16:25:22.442  2950  4334 I PlaceInferenceEngine: [account#-144710476] Changed inference mode: 0
04-07 16:25:22.444  3665 11082 I MicroRecognitionRunner: Starting detection.
04-07 16:25:22.445  2950 13066 I Places  : ?: Couldn't find platform key file.
04-07 16:25:22.445  3665 11082 I MultipleReaderAudioSrc: Using micInputStream
04-07 16:25:22.446  3665  9786 I MicrophoneInputStream: mic_starting  SR : 16000 CC : 16 SO : 1999
04-07 16:25:22.446  2950 13067 I Places  : ?: Couldn't find platform key file.
04-07 16:25:22.456   673 13069 I chatty  : uid=1041(audioserver) /system/bin/audioserver expire 1 line
04-07 16:25:22.473  2950 12787 E ctxmgr  : [ProducerStatusImpl]updateStateForNewContextData: inactive, contextName=7 [CONTEXT service_id=47 ]
04-07 16:25:22.479  3665  9786 I MicrophoneInputStream: mic_started  SR : 16000 CC : 16 SO : 1999
04-07 16:25:22.479   638 13071 I chatty  : uid=1041(audioserver) audio@2.0-servi expire 35 lines
04-07 16:25:22.483  2950 13070 I Places  : ?: Couldn't find platform key file.
04-07 16:25:22.493   638 13071 D ACDB-LOADER: ACDB -> AUDIO_SET_AUDPROC_CAL
04-07 16:25:22.493   638 13071 D ACDB-LOADER: ACDB -> send_audvoltable
04-07 16:25:22.493   638 13071 D ACDB-LOADER: ACDB -> ACDB_CMD_GET_AUDPROC_VOL_STEP_TABLE_SIZE
04-07 16:25:22.493   638 13071 D ACDB-LOADER: ACDB -> ACDB_CMD_GET_AUDPROC_GAIN_DEP_STEP_TABLE, vol index 0
04-07 16:25:22.493   638 13071 D         : Failed to fetch the lookup information of the device 00000029 
04-07 16:25:22.493   638 13071 E ACDB-LOADER: Error: ACDB AudProc vol returned = -19
04-07 16:25:22.493   638 13071 D ACDB-LOADER: ACDB -> AUDIO_SET_VOL_CAL cal type = 12
04-07 16:25:22.493   638 13071 D ACDB-LOADER: ACDB -> ACDB_CMD_GET_AUDPROC_STREAM_TABLE_SIZE
04-07 16:25:22.493   638 13071 D ACDB-LOADER: ACDB -> send_audstrmtable
04-07 16:25:22.493   638 13071 D ACDB-LOADER: ACDB -> ACDB_CMD_GET_AUDPROC_STREAM_TABLE_V2
04-07 16:25:22.494   638 13071 D ACDB-LOADER: ACDB -> audstrm_cal->cal_type.cal_data.cal_size = 16
04-07 16:25:22.494   638 13071 D ACDB-LOADER: ACDB -> send_afe_topology
04-07 16:25:22.494   638 13071 D ACDB-LOADER: ACDB -> ACDB_CMD_GET_AFE_TOPOLOGY_ID
04-07 16:25:22.494   638 13071 D ACDB-LOADER: ACDB -> GET_AFE_TOPOLOGY_ID for adcd_id 41, Topology Id 112fb
04-07 16:25:22.494   638 13071 D ACDB-LOADER: ACDB -> send_afe_cal
04-07 16:25:22.494   638 13071 D ACDB-LOADER: ACDB -> ACDB_CMD_GET_AFE_COMMON_TABLE_SIZE
04-07 16:25:22.494   638 13071 D         : Failed to fetch the lookup information of the device 00000029 
04-07 16:25:22.494   638 13071 E ACDB-LOADER: Error: ACDB_CMD_GET_AFE_COMMON_TABLE_SIZE Returned = -19
04-07 16:25:22.494   638 13071 D ACDB-LOADER: ACDB -> ACDB_CMD_GET_AFE_COMMON_TABLE
04-07 16:25:22.494   638 13071 D         : Failed to fetch the lookup information of the device 00000029 
04-07 16:25:22.494   638 13071 E ACDB-LOADER: Error: ACDB AFE returned = -19
04-07 16:25:22.494   638 13071 D ACDB-LOADER: ACDB -> AUDIO_SET_AFE_CAL
04-07 16:25:22.494   638 13071 D ACDB-LOADER: ACDB -> send_hw_delay : acdb_id = 41 path = 1
04-07 16:25:22.494   638 13071 D ACDB-LOADER: ACDB -> ACDB_AVSYNC_INFO: ACDB_CMD_GET_DEVICE_PROPERTY
04-07 16:25:22.494   638 13071 D audio_hw_primary: enable_audio_route: apply mixer and update path: audio-record
04-07 16:25:22.494   638 13071 D audio_route: Apply path: audio-record
04-07 16:25:22.496   638 13071 D audio_hw_primary: select_devices: done
04-07 16:25:22.509  3665  4163 E PlaceStateUpdater: Received no places
04-07 16:25:22.539  2950 12787 I Places  : ?: Couldn't find platform key file.
04-07 16:25:22.537  2707  2707 W ViewRootImpl[RadioInfo]: Dropping event due to no window focus: MotionEvent { action=ACTION_MOVE, actionButton=0, id[0]=0, x[0]=749.0, y[0]=1509.9355, toolType[0]=TOOL_TYPE_FINGER, buttonState=0, metaState=0, flags=0x0, edgeFlags=0x0, pointerCount=1, historySize=1, eventTime=1066653, downTime=1065767, deviceId=9, source=0x1002 }
04-07 16:25:22.540  2707  2707 W ViewRootImpl[RadioInfo]: Dropping event due to no window focus: MotionEvent { action=ACTION_MOVE, actionButton=0, id[0]=0, x[0]=749.0, y[0]=1510.0, toolType[0]=TOOL_TYPE_FINGER, buttonState=0, metaState=0, flags=0x0, edgeFlags=0x0, pointerCount=1, historySize=0, eventTime=1066653, downTime=1065767, deviceId=9, source=0x1002 }
04-07 16:25:22.541  2707  2707 W ViewRootImpl[RadioInfo]: Cancelling event due to no window focus: MotionEvent { action=ACTION_CANCEL, actionButton=0, id[0]=0, x[0]=749.0, y[0]=1510.0, toolType[0]=TOOL_TYPE_FINGER, buttonState=0, metaState=0, flags=0x0, edgeFlags=0x0, pointerCount=1, historySize=0, eventTime=1066662, downTime=1065767, deviceId=9, source=0x1002 }
04-07 16:25:22.548  2950 12997 I Places  : ?: Couldn't find platform key file.
04-07 16:25:22.568  2950 12787 I Places  : ?: Couldn't find platform key file.
04-07 16:25:22.601  2950  4334 I Places  : ?: PlacesBleScanner start() with priority 2
04-07 16:25:22.602  2950  4334 I PlaceInferenceEngine: [anon] Changed inference mode: 1
04-07 16:25:22.602  2950  4334 I PlaceInferenceEngine: [account#-144710476] Changed inference mode: 1
04-07 16:25:22.610   638 13071 D audio_hw_primary: start_input_stream: exit
04-07 16:25:22.620  2950 12995 I Places  : ?: Couldn't find platform key file.
04-07 16:25:22.630  2950  2950 I BeaconBle: Client requested scan, settings=BleSettings [scanMode=ZERO_POWER, callbackType=ALL_MATCHES, reportDelayMillis=0, 1 filters, 0 clients, callingClientName=Places]
04-07 16:25:22.643  3665  3797 I MicroDetectionWorker: onReady
04-07 16:25:22.644  2950  4334 I Places  : Converted 0 out of 2 WiFi scans
04-07 16:25:22.650  2950 12787 I Places  : ?: Couldn't find platform key file.
04-07 16:25:22.651  2950 12996 I Places  : ?: Couldn't find platform key file.
04-07 16:25:22.652  2950  4334 I PlaceInferenceEngine: [account#-144710476] Changed inference mode: 1
04-07 16:25:22.653  2950 12996 I Places  : ?: Couldn't find platform key file.
04-07 16:25:22.653  2950  4334 I PlaceInferenceEngine: [anon] Changed inference mode: 1
04-07 16:25:22.680  2950 12997 I Places  : ?: Couldn't find platform key file.
04-07 16:25:22.681  2950 12995 I Places  : ?: Couldn't find platform key file.
04-07 16:25:22.681  2950 12997 I PlaceInferenceEngine: No beacon scan available - ignoring candidates.
04-07 16:25:22.698  2950 12997 I Places  : ?: Couldn't find platform key file.
04-07 16:25:22.715  1368  1378 I system_server: NativeAlloc concurrent copying GC freed 34944(2MB) AllocSpace objects, 7(204KB) LOS objects, 42% free, 18MB/32MB, paused 356us total 162.279ms
04-07 16:25:23.680   754   873 I chatty  : uid=0(root) /vendor/bin/thermal-engine expire 12 lines
04-07 16:25:24.166  2707  2707 I chatty  : uid=1001(radio) com.android.phone expire 62 lines
04-07 16:25:22.541  2707  2707 I chatty  : uid=1001(radio) com.android.phone identical 1 line
04-07 16:25:22.541  2707  2707 W ViewRootImpl[RadioInfo]: Cancelling event due to no window focus: MotionEvent { action=ACTION_CANCEL, actionButton=0, id[0]=0, x[0]=749.0, y[0]=1510.0, toolType[0]=TOOL_TYPE_FINGER, buttonState=0, metaState=0, flags=0x0, edgeFlags=0x0, pointerCount=1, historySize=0, eventTime=1066662, downTime=1065767, deviceId=9, source=0x1002 }
04-07 16:25:24.191  1368 10860 I Telecom : PhoneAccountRegistrar: SimCallManager queried, returning: null: TSI.gSCM@Fd0
04-07 16:25:24.215  3549  3567 W System  : A resource failed to call release. 
04-07 16:25:24.215  3549  3567 W System  : A resource failed to call release. 
04-07 16:25:24.241  3665  3797 I MicroDetector: Keeping mic open: false
04-07 16:25:24.242  3665  4200 I DeviceStateChecker: DeviceStateChecker cancelled
04-07 16:25:24.242  1368 10860 I Telecom : PhoneAccountRegistrar: SimCallManager queried, returning: null: TSI.gSCM@Fd4
04-07 16:25:24.242  3665  3800 I AudioController: internalShutdown
04-07 16:25:24.242  3665  4071 I MicroRecognitionRunner: Stopping hotword detection.
04-07 16:25:24.262   638   733 D audio_hw_primary: in_standby: enter: stream (0xe9e5c500) usecase(18: audio-record)
04-07 16:25:24.298  1368 10860 I Telecom : PhoneAccountRegistrar: SimCallManager queried, returning: null: TSI.gSCM@Fd8
04-07 16:25:24.331   638   733 D audio_hw_primary: disable_audio_route: reset and update mixer path: audio-record
04-07 16:25:24.332   638   733 D soundtrigger: audio_extn_sound_trigger_update_stream_status: uc_info->id 18 of type 1 for Event 2, with Raise=1
04-07 16:25:24.332   638   733 D soundtrigger: audio_extn_sound_trigger_update_stream_status: send event 12: usecase id 18, type 1
04-07 16:25:24.332   638   733 I sound_trigger_platform: platform_stdev_check_and_update_concurrency: Received STREAM event, event type 12, usecase type 1
04-07 16:25:24.332   638   733 D sound_trigger_platform: platform_stdev_check_and_update_concurrency: dedicated path 0, reset backend 1, tx 1, rx 0,concurrency session not allowed
04-07 16:25:24.332   638   733 D hardware_info: hw_info_append_hw_type : device_name = voice-rec-dmic-ef-fluence
04-07 16:25:24.332   638   733 D audio_hw_primary: disable_snd_device: snd_device(105: voice-rec-dmic-ef-fluence)
04-07 16:25:24.332   638   733 D msm8916_platform: platform_split_snd_device: snd_device(105) num devices(0) new_snd_devices(0)
04-07 16:25:24.334   638   733 I soundtrigger: audio_extn_sound_trigger_update_device_status: device 0x69 of type 1 for Event 0, with Raise=1
04-07 16:25:24.334   638   733 I sound_trigger_platform: platform_stdev_check_and_update_concurrency: Received DEVICE event, event type 0
04-07 16:25:24.334   638   733 D sound_trigger_platform: platform_stdev_check_and_update_concurrency: dedicated path 0, reset backend 1, tx 0, rx 0,concurrency session allowed
04-07 16:25:24.336   638  2414 D audio_hw_primary: in_set_parameters: enter: kvpairs=routing=0
04-07 16:25:24.337   673  2194 I SoundTriggerHwService::Module: onCallbackEvent no clients
04-07 16:25:24.340  3665  3800 I MicrophoneInputStream: mic_close  SR : 16000 CC : 16 SO : 1999
04-07 16:25:24.340  3665  3800 E AudioSource: Stop listening is called on already closed AudioSource
04-07 16:25:24.341   638  2414 D audio_hw_primary: adev_close_input_stream: enter:stream_handle(0xe9e5c500)
04-07 16:25:24.342  3665 11082 I MicroRecognitionRunner: Detection finished
04-07 16:25:24.343   638  2414 D audio_hw_primary: in_standby: enter: stream (0xe9e5c500) usecase(18: audio-record)
04-07 16:25:24.359  1368 10860 I Telecom : PhoneAccountRegistrar: SimCallManager queried, returning: null: TSI.gSCM@FeA
04-07 16:25:24.561  3665  4071 I PBSessionCacheImpl: Deleted sessionId[3451520271896] from persistence.
04-07 16:25:24.580  3665  3797 W SearchServiceCore: Abort, client detached.
04-07 16:25:24.581  3665  3797 I StreamController: cleanUpControllerScope(nowcards-15-b7fc-32e1)
04-07 16:25:24.822  1368  2602 I ActivityManager: START u0 {act=android.intent.action.MAIN cmp=com.android.settings/.Settings$WifiCallingSettingsActivity (has extras)} from uid 1001
04-07 16:25:24.882 11157 12986 I chatty  : uid=1000(system) Binder:11157_9 expire 2 lines
04-07 16:25:24.883 11157 11157 I chatty  : uid=1000(system) com.android.settings expire 34 lines
04-07 16:25:24.900 11157 11177 I chatty  : uid=1000(system) pool-1-thread-1 expire 1 line
04-07 16:25:24.903 11157 12900 I chatty  : uid=1000(system) com.android.settings expire 3 lines
04-07 16:25:24.962 11157 12899 I chatty  : uid=1000(system) com.android.settings expire 1 line
04-07 16:25:24.962 11157 12898 I chatty  : uid=1000(system) com.android.settings expire 1 line
04-07 16:25:25.033  1368  1476 I ActivityManager: Displayed com.android.settings/.Settings$WifiCallingSettingsActivity: +198ms
04-07 16:25:25.643  2707  3188 I chatty  : uid=1001(radio) Binder:2707_A expire 5 lines
04-07 16:25:25.654  2707  2743 I chatty  : uid=1001(radio) HwBinder:2707_1 expire 20 lines
04-07 16:25:25.654  2707  2900 I chatty  : uid=1001(radio) ImsConfigImplHa expire 4 lines
04-07 16:25:29.658  2950 12996 I Places  : ?: Couldn't find platform key file.
04-07 16:25:29.662  2950 13066 I Places  : ?: Couldn't find platform key file.
04-07 16:25:29.695  2950  4334 I Places  : ?: PlacesBleScanner stop()
04-07 16:25:29.703  2950  2950 I BeaconBle: Places requested to stop scan
04-07 16:25:29.703  2950  2950 I BeaconBle: Scan canceled successfully.
04-07 16:25:29.712  2950  4334 I PlaceInferenceEngine: [anon] Changed inference mode: 0
04-07 16:25:29.712  2950  4334 I PlaceInferenceEngine: [account#-144710476] Changed inference mode: 0
04-07 16:25:29.730  2950 12996 I Places  : ?: Couldn't find platform key file.
04-07 16:25:29.731  2950 12995 I Places  : ?: Couldn't find platform key file.
04-07 16:25:29.733  2950 12996 I Places  : ?: Couldn't find platform key file.
04-07 16:25:29.750  2950  2962 I .gms.persisten: Background concurrent copying GC freed 235784(10MB) AllocSpace objects, 93(6MB) LOS objects, 50% free, 11MB/23MB, paused 344us total 128.851ms
04-07 16:25:29.777 13102 13102 I chatty  : uid=1001(radio) expire 1 line
04-07 16:25:31.288  2707  2716 I chatty  : uid=1001(radio) FinalizerDaemon expire 1 line
04-07 16:25:31.609   662   698 I chatty  : uid=0(root) perf@1.0-servic expire 14 lines
04-07 16:25:31.874  1368 10858 I Telecom : PhoneAccountRegistrar: SimCallManager queried, returning: null: TSI.gSCM@FeE
04-07 16:25:31.923  1368 10858 I Telecom : PhoneAccountRegistrar: SimCallManager queried, returning: null: TSI.gSCM@FeI
04-07 16:25:31.966  1368  2603 I Telecom : PhoneAccountRegistrar: SimCallManager queried, returning: null: TSI.gSCM@FeM
04-07 16:25:32.014  1368 10858 I Telecom : PhoneAccountRegistrar: SimCallManager queried, returning: null: TSI.gSCM@FeQ
04-07 16:25:33.257  2707  2743 I chatty  : uid=1001(radio) HwBinder:2707_1 expire 2 lines
04-07 16:25:33.257  2707  2707 I chatty  : uid=1001(radio) com.android.phone expire 4 lines
04-07 16:25:33.258  2707  2900 I chatty  : uid=1001(radio) ImsConfigImplHa expire 1 line
04-07 16:25:33.276  1368  2603 I Telecom : PhoneAccountRegistrar: SimCallManager queried, returning: null: TSI.gSCM@FeU
04-07 16:25:33.307  2707  2707 I chatty  : uid=1001(radio) com.android.phone expire 59 lines
04-07 16:25:34.374  1368  3819 I ActivityManager: START u0 {act=android.intent.action.MAIN cmp=com.android.settings/.Settings$WifiCallingSettingsActivity (has extras)} from uid 1001
04-07 16:25:34.442 11157 11177 I chatty  : uid=1000(system) pool-1-thread-1 expire 1 line
04-07 16:25:34.444 11157 13121 I chatty  : uid=1000(system) com.android.settings expire 3 lines
04-07 16:25:34.454 11157 11157 I chatty  : uid=1000(system) com.android.settings expire 11 lines
04-07 16:25:34.488 11157 12899 I chatty  : uid=1000(system) com.android.settings expire 1 line
04-07 16:25:34.488 11157 12898 I chatty  : uid=1000(system) com.android.settings expire 1 line
04-07 16:25:34.545  1368  1476 I ActivityManager: Displayed com.android.settings/.Settings$WifiCallingSettingsActivity: +162ms
04-07 16:25:34.560  3665  3797 I WorkerManager: dispose()
04-07 16:25:34.561  3665  3797 W ThreadPoolDumper: Queue length for executor EventBus is now 11. Perhaps some tasks are too long, or the pool is too small.
04-07 16:25:35.205   754   871 I chatty  : uid=0(root) /vendor/bin/thermal-engine expire 85 lines
04-07 16:25:39.961  1368  3819 I Telecom : PhoneAccountRegistrar: SimCallManager queried, returning: null: TSI.gSCM@FeY
04-07 16:25:40.005  1368  3819 I Telecom : PhoneAccountRegistrar: SimCallManager queried, returning: null: TSI.gSCM@Fec
04-07 16:25:40.051  1368 10858 I Telecom : PhoneAccountRegistrar: SimCallManager queried, returning: null: TSI.gSCM@Feg
04-07 16:25:40.107  1368  3819 I Telecom : PhoneAccountRegistrar: SimCallManager queried, returning: null: TSI.gSCM@Fek
04-07 16:25:41.127  1368  1368 I PowerManagerSer: type=1400 audit(0.0:12664): avc: denied { call } for scontext=u:r:system_server:s0 tcontext=u:r:init:s0 tclass=binder permissive=1
04-07 16:25:43.686   754   873 I chatty  : uid=0(root) /vendor/bin/thermal-engine expire 18 lines
04-07 16:25:45.530   667   667 I vendor.rmt_storage: rmt_storage_connect_cb: clnt_h=0xf conn_h=0x796882c010
04-07 16:25:45.530   667   667 I vendor.rmt_storage: rmt_storage_rw_iovec_cb: /boot/modem_fs1: req_h=0xf msg_id=3: R/W request received
04-07 16:25:45.530   667   667 I vendor.rmt_storage: wakelock acquired: 1, error no: 42
04-07 16:25:45.531   667  1216 I vendor.rmt_storage: rmt_storage_client_thread: /boot/modem_fs1: Unblock worker thread (th_id: 521442161904)
04-07 16:25:45.620   667  1216 I vendor.rmt_storage: rmt_storage_client_thread: /boot/modem_fs1: req_h=0xf msg_id=3: Bytes written = 2097152
04-07 16:25:45.620   667  1216 I vendor.rmt_storage: rmt_storage_client_thread: /boot/modem_fs1: req_h=0xf msg_id=3: Send response: res=0 err=0
04-07 16:25:45.620   667  1216 I vendor.rmt_storage: rmt_storage_client_thread: /boot/modem_fs1: About to block rmt_storage client thread (th_id: 521442161904) wakelock released: 1, error no: 0
04-07 16:25:45.620   667  1216 I vendor.rmt_storage: 
04-07 16:25:45.622   667   667 I vendor.rmt_storage: rmt_storage_disconnect_cb: clnt_h=0xf conn_h=0x796882c010
04-07 16:25:49.054  2535  2668 V WifiManager: registerSoftApCallback: callback=com.android.systemui.statusbar.policy.HotspotControllerImpl@ef3b5a9, handler=Handler (android.os.Handler) {8d4072e}
04-07 16:25:49.057  2535  2949 V WifiManager: SoftApCallbackProxy: onStateChanged: state=11, failureReason=0
04-07 16:25:49.057  2535  2949 V WifiManager: SoftApCallbackProxy: onNumClientsChanged: numClients=0
04-07 16:25:49.251   754   871 I chatty  : uid=0(root) /vendor/bin/thermal-engine expire 125 lines
04-07 16:25:53.691  2535  2668 V WifiManager: registerSoftApCallback: callback=com.android.systemui.statusbar.policy.HotspotControllerImpl@ef3b5a9, handler=Handler (android.os.Handler) {8d4072e}
04-07 16:25:53.692  2535  9261 V WifiManager: SoftApCallbackProxy: onStateChanged: state=11, failureReason=0
04-07 16:25:53.692  2535  9261 V WifiManager: SoftApCallbackProxy: onNumClientsChanged: numClients=0
04-07 16:25:56.008  1368  3819 I ActivityManager: START u0 {act=android.intent.action.MAIN cmp=com.android.settings/.Settings$WifiCallingSettingsActivity (has extras)} from uid 1001
04-07 16:25:56.016  2707  2707 I chatty  : uid=1001(radio) com.android.phone expire 2 lines
04-07 16:25:56.066 11157 11157 D SettingsActivity: Executed frag manager pendingTransactions
04-07 16:25:56.069 11157 11157 D WifiCallingSettings: Adapter getCount 1
04-07 16:25:56.075 11157 11177 I DeviceIndex: Skipping: device index is not enabled
04-07 16:25:56.076 11157 11157 I ViewRootImpl: CPU Rendering VSync enable = true
04-07 16:25:56.078 11157 13160 W TileUtils: Found com.android.settings.Settings$NotificationAppListActivity for intent Intent { act=com.android.settings.action.SETTINGS pkg=com.android.settings } missing metadata com.android.settings.category
04-07 16:25:56.079 11157 13160 W TileUtils: Found com.android.systemui.tuner.TunerActivity for intent Intent { act=com.android.settings.action.EXTRA_SETTINGS } missing metadata 
04-07 16:25:56.086 11157 13160 D SettingsActivity: No enabled state changed, skipping updateCategory call
04-07 16:25:56.089 11157 11157 D WifiCallingSettings: Adapter getCount 1
04-07 16:25:56.089 11157 11157 D WifiCallingSettings: Adapter instantiateItem 0
04-07 16:25:56.090 11157 11157 D WifiCallingSettings: Adapter getItem 0
04-07 16:25:56.090 11157 11157 D WifiCallingSettings: Adapter getCount 1
04-07 16:25:56.123 11157 12899 D SharedPreferencesLogger: Tried to log string preference wifi.calling.WifiCallingSettings/wifi_calling_mode = 2
04-07 16:25:56.123 11157 12898 D SharedPreferencesLogger: Tried to log string preference wifi.calling.WifiCallingSettings/wifi_calling_roaming_mode = 2
04-07 16:25:56.145 11157 11157 D WifiCallingSettings: Adapter getCount 1
04-07 16:25:56.181 11157 11157 I chatty  : uid=1000(system) com.android.settings identical 5 lines
04-07 16:25:56.183 11157 11157 D WifiCallingSettings: Adapter getCount 1
04-07 16:25:56.184  1368  1476 I ActivityManager: Displayed com.android.settings/.Settings$WifiCallingSettingsActivity: +167ms
04-07 16:25:59.827 13163 13163 I chatty  : uid=1001(radio) /vendor/bin/hw/rild expire 1 line
04-07 16:26:00.608 11157 11157 D WifiCallingForSub: onSwitchChanged(true)
04-07 16:26:00.611 11157 11157 I WifiCallingForSub: updateWfcMode(true)
04-07 16:26:00.629  2707  3188 I chatty  : uid=1001(radio) Binder:2707_A expire 3 lines
04-07 16:26:00.630  2707 12106 I chatty  : uid=1001(radio) Binder:2707_C expire 1 line
04-07 16:26:00.631  2707 12106 I QImsService: ImsSenderRxr : [0056]> REQUEST_IMS_REG_STATE_CHANGE [SUB0]
04-07 16:26:00.631  2707 12106 I QImsService: ImsSenderRxr : REQUEST_IMS_REG_STATE_CHANGE request to ImsRadio - token:56 RegState1
